******************************************************************************
                  TI ARM Linker PC v15.12.3                    
******************************************************************************
>> Linked Sun Apr 09 10:09:06 2017

OUTPUT FILE NAME:   <Velapulsar.out>
ENTRY POINT SYMBOL: "_c_int00"  address: 00004f95


MEMORY CONFIGURATION

         name            origin    length      used     unused   attr    fill
----------------------  --------  ---------  --------  --------  ----  --------
  MAIN                  00000000   00040000  000058fa  0003a706  R  X
  INFO                  00200000   00004000  00000000  00004000  R  X
  SRAM_CODE             01000000   00010000  000010ef  0000ef11  RW X
  SRAM_DATA             20000000   00010000  000010ef  0000ef11  RW  


SEGMENT ALLOCATION MAP

run origin  load origin   length   init length attrs members
----------  ----------- ---------- ----------- ----- -------
00000000    00000000    000058fc   000058fc    r-x
  00000000    00000000    00000140   00000140    r-- .intvecs
  00000140    00000140    0000555a   0000555a    r-x .text
  0000569c    0000569c    00000184   00000184    r-- .const
  00005820    00005820    000000dc   000000dc    r-- .cinit
20000000    20000000    00000eef   00000000    rw-
  20000000    20000000    00000800   00000000    rw- .sysmem
  20000800    20000800    000004a8   00000000    rw- .bss
  20000ca8    20000ca8    00000247   00000000    rw- .data
2000fe00    2000fe00    00000200   00000000    rw-
  2000fe00    2000fe00    00000200   00000000    rw- .stack


SECTION ALLOCATION MAP

 output                                  attributes/
section   page    origin      length       input sections
--------  ----  ----------  ----------   ----------------
.intvecs   0    00000000    00000140     
                  00000000    00000140     startup_msp432p401r_ccs.obj (.intvecs:retain)

.binit     0    00000000    00000000     

.text      0    00000140    0000555a     
                  00000140    00001110     rtsv7M4_T_le_v4SPD16_eabi.lib : _printfi.obj (.text)
                  00001250    00000998     rf95.obj (.text)
                  00001be8    00000448     velapulsar_mac.obj (.text)
                  00002030    000003dc     rtsv7M4_T_le_v4SPD16_eabi.lib : memory.obj (.text)
                  0000240c    00000324                                   : trgdrv.obj (.text)
                  00002730    0000031c     velapulsar.obj (.text)
                  00002a4c    0000030c     rtsv7M4_T_le_v4SPD16_eabi.lib : lowlev.obj (.text)
                  00002d58    000001f4                                   : ull_div_t2.obj (.text)
                  00002f4c    000001e4     system_msp432p401r.obj (.text)
                  00003130    000001dc     comms_interface.obj (.text)
                  0000330c    000001c4     rtsv7M4_T_le_v4SPD16_eabi.lib : fopen.obj (.text)
                  000034d0    000001c0     sensor_interface.obj (.text)
                  00003690    000001b6     rtsv7M4_T_le_v4SPD16_eabi.lib : fd_add_t2.obj (.text)
                  00003846    00000002                                   : mpu_init.obj (.text)
                  00003848    000001a8     UART_interface.obj (.text)
                  000039f0    00000138     velapulsar_nwk.obj (.text)
                  00003b28    00000136     rtsv7M4_T_le_v4SPD16_eabi.lib : fd_div_t2.obj (.text)
                  00003c5e    00000002                                   : startup.obj (.text)
                  00003c60    00000134                                   : fputs.obj (.text)
                  00003d94    000000fc                                   : fd_mul_t2.obj (.text)
                  00003e90    000000fc                                   : s_scalbn.obj (.text)
                  00003f8c    000000f8                                   : s_ceil.obj (.text)
                  00004084    000000f8                                   : s_floor.obj (.text)
                  0000417c    000000dc                                   : setvbuf.obj (.text)
                  00004258    000000c8                                   : fflush.obj (.text)
                  00004320    000000ac     delay.obj (.text)
                  000043cc    000000ac     rtsv7M4_T_le_v4SPD16_eabi.lib : _io_perm.obj (.text)
                  00004478    000000a0     Coordinator_main.obj (.text)
                  00004518    000000a0     spi_interface.obj (.text)
                  000045b8    0000009c     msp432p4xx_driverlib.lib : cs.o (.text:CS_startHFXTWithTimeout)
                  00004654    0000009c                              : cs.o (.text:CS_startLFXTWithTimeout)
                  000046f0    0000009c     rtsv7M4_T_le_v4SPD16_eabi.lib : memcpy_t2.obj (.text)
                  0000478c    00000098                                   : fclose.obj (.text)
                  00004824    00000098                                   : fputc.obj (.text)
                  000048bc    00000088     msp432p4xx_driverlib.lib : spi.o (.text:SPI_initMaster)
                  00004944    00000086     rtsv7M4_T_le_v4SPD16_eabi.lib : fd_cmp_t2.obj (.text:__aeabi_cdcmple)
                  000049ca    00000086                                   : fd_cmp_t2.obj (.text:__aeabi_cdrcmple)
                  00004a50    0000007a                                   : memset_t2.obj (.text)
                  00004aca    00000002     --HOLE-- [fill = 0]
                  00004acc    00000070     msp432p4xx_driverlib.lib : cs.o (.text:_CSGetHFXTFrequency)
                  00004b3c    00000070     rtsv7M4_T_le_v4SPD16_eabi.lib : autoinit.obj (.text)
                  00004bac    00000070                                   : printf.obj (.text)
                  00004c1c    0000006a                                   : copy_decompress_rle.obj (.text)
                  00004c86    00000002     --HOLE-- [fill = 0]
                  00004c88    00000068                                   : trgmsg.obj (.text)
                  00004cf0    00000064     msp432p4xx_driverlib.lib : interrupt.o (.text:Interrupt_enableInterrupt)
                  00004d54    00000064                              : rtc_c.o (.text:RTC_C_getCalendarTime)
                  00004db8    00000064     rtsv7M4_T_le_v4SPD16_eabi.lib : fseek.obj (.text)
                  00004e1c    00000064                                   : s_frexp.obj (.text)
                  00004e80    00000060                                   : sprintf.obj (.text)
                  00004ee0    0000005c     msp432p4xx_driverlib.lib : rtc_c.o (.text:RTC_C_initCalendar)
                  00004f3c    00000056     rtsv7M4_T_le_v4SPD16_eabi.lib : ltoa.obj (.text)
                  00004f92    00000002     --HOLE-- [fill = 0]
                  00004f94    00000054                                   : boot.obj (.text)
                  00004fe8    00000054                                   : exit.obj (.text)
                  0000503c    00000050     msp432p4xx_driverlib.lib : rtc_c.o (.text:RTC_C_clearInterruptFlag)
                  0000508c    0000004c     rtsv7M4_T_le_v4SPD16_eabi.lib : atoi.obj (.text)
                  000050d8    0000004c                                   : cpy_tbl.obj (.text)
                  00005124    00000048     msp432p4xx_driverlib.lib : gpio.o (.text:GPIO_setAsPeripheralModuleFunctionInputPin)
                  0000516c    00000048                              : rtc_c.o (.text:RTC_C_getEnabledInterruptStatus)
                  000051b4    00000048     rtsv7M4_T_le_v4SPD16_eabi.lib : fd_toi_t2.obj (.text)
                  000051fc    00000044                                   : fd_tou_t2.obj (.text)
                  00005240    00000040     msp432p4xx_driverlib.lib : rtc_c.o (.text:RTC_C_enableInterrupt)
                  00005280    00000034     startup_msp432p401r_ccs.obj (.text)
                  000052b4    00000030     msp432p4xx_driverlib.lib : gpio.o (.text:GPIO_setAsInputPinWithPullDownResistor)
                  000052e4    00000030                              : spi.o (.text:is_A_Module)
                  00005314    00000030     rtsv7M4_T_le_v4SPD16_eabi.lib : strncpy.obj (.text)
                  00005344    0000002e                                   : i_tofd_t2.obj (.text)
                  00005372    00000002     --HOLE-- [fill = 0]
                  00005374    0000002c     msp432p4xx_driverlib.lib : rtc_c.o (.text:RTC_C_getInterruptStatus)
                  000053a0    00000024                              : cs.o (.text:CS_setDCOCenteredFrequency)
                  000053c4    00000024                              : gpio.o (.text:GPIO_setAsOutputPin)
                  000053e8    00000024                              : rtc_c.o (.text:RTC_C_setCalendarAlarm)
                  0000540c    00000024                              : rtc_c.o (.text:RTC_C_startClock)
                  00005430    00000020                              : gpio.o (.text:GPIO_interruptEdgeSelect)
                  00005450    00000020                              : spi.o (.text:SPI_transmitData)
                  00005470    00000020     rtsv7M4_T_le_v4SPD16_eabi.lib : memchr.obj (.text)
                  00005490    00000020                                   : u_tofd_t2.obj (.text)
                  000054b0    0000001c                                   : memccpy.obj (.text)
                  000054cc    0000001a     msp432p4xx_driverlib.lib : spi.o (.text:SPI_enableModule)
                  000054e6    0000001a                              : spi.o (.text:SPI_receiveData)
                  00005500    00000018                              : gpio.o (.text:GPIO_getInputPinValue)
                  00005518    00000018                              : gpio.o (.text:GPIO_setOutputLowOnPin)
                  00005530    00000018     rtsv7M4_T_le_v4SPD16_eabi.lib : args_main.obj (.text)
                  00005548    00000018                                   : strcmp.obj (.text)
                  00005560    00000016                                   : strchr.obj (.text)
                  00005576    00000002     --HOLE-- [fill = 0]
                  00005578    00000014     msp432p4xx_driverlib.lib : cs.o (.text:CS_setExternalClockSourceFrequency)
                  0000558c    00000014                              : gpio.o (.text:GPIO_setOutputHighOnPin)
                  000055a0    00000014                              : gpio.o (.text:GPIO_toggleOutputOnPin)
                  000055b4    00000014     rtsv7M4_T_le_v4SPD16_eabi.lib : _lock.obj (.text)
                  000055c8    00000014                                   : s_copysign.obj (.text)
                  000055dc    00000014                                   : strcpy.obj (.text)
                  000055f0    00000014                                   : strlen.obj (.text)
                  00005604    00000010     msp432p4xx_driverlib.lib : interrupt.o (.text:Interrupt_enableMaster)
                  00005614    00000010                              : sysctl.o (.text:SysCtl_disableNMISource)
                  00005624    00000010                              : sysctl.o (.text:SysCtl_enableNMISource)
                  00005634    0000000e     rtsv7M4_T_le_v4SPD16_eabi.lib : copy_decompress_none.obj (.text:decompress:none)
                  00005642    0000000c     msp432p4xx_driverlib.lib : cpu.o (.text:CPU_cpsie)
                  0000564e    0000000c                              : spi.o (.text:EUSCI_A_SPI_enable)
                  0000565a    0000000c                              : spi.o (.text:EUSCI_B_SPI_enable)
                  00005666    00000002     --HOLE-- [fill = 0]
                  00005668    0000000c                              : sysctl.o (.text:SysCtl_getNMISourceStatus)
                  00005674    00000006                              : cs.o (.text:CS_startHFXT)
                  0000567a    00000006                              : cs.o (.text:CS_startLFXT)
                  00005680    00000006                              : spi.o (.text:EUSCI_A_SPI_receiveData)
                  00005686    00000006                              : spi.o (.text:EUSCI_B_SPI_receiveData)
                  0000568c    00000006     rtsv7M4_T_le_v4SPD16_eabi.lib : copy_decompress_rle.obj (.text:decompress:rle24)
                  00005692    00000004     msp432p4xx_driverlib.lib : spi.o (.text:EUSCI_A_SPI_transmitData)
                  00005696    00000004                              : spi.o (.text:EUSCI_B_SPI_transmitData)

.const     0    0000569c    00000184     
                  0000569c    00000101     rtsv7M4_T_le_v4SPD16_eabi.lib : ctype.obj (.const:.string:_ctypes_)
                  0000579d    00000003     --HOLE-- [fill = 0]
                  000057a0    00000040     msp432p4xx_driverlib.lib : interrupt.o (.const)
                  000057e0    00000024     UART_interface.obj (.const:uartConfig)
                  00005804    0000001c     spi_interface.obj (.const:spiMasterConfig)

.cinit     0    00005820    000000dc     
                  00005820    000000b4     (.cinit..data.load) [load image, compression = rle]
                  000058d4    00000004     --HOLE-- [fill = 0]
                  000058d8    0000000b     (.cinit..bss.load) [load image, compression = rle]
                  000058e3    00000001     --HOLE-- [fill = 0]
                  000058e4    00000008     (__TI_handler_table)
                  000058ec    00000010     (__TI_cinit_table)

.init_array 
*          0    00000000    00000000     UNINITIALIZED

.sysmem    0    20000000    00000800     UNINITIALIZED
                  20000000    00000008     rtsv7M4_T_le_v4SPD16_eabi.lib : memory.obj (.sysmem)
                  20000008    000007f8     --HOLE--

.bss       0    20000800    000004a8     UNINITIALIZED
                  20000800    00000120     rtsv7M4_T_le_v4SPD16_eabi.lib : trgmsg.obj (.bss:_CIOBUF_)
                  20000920    00000100     rf95.obj (.bss:RxTxBuffer)
                  20000a20    00000100     (.common:UARTBuffer)
                  20000b20    000000a0     (.common:__TI_tmpnams)
                  20000bc0    0000002c     rf95.obj (.bss:settings)
                  20000bec    0000001c     velapulsar.obj (.bss:calendarTime)
                  20000c08    0000001c     velapulsar_mac.obj (.bss:radioEvents)
                  20000c24    00000015     (.common:rxPkt)
                  20000c39    00000015     (.common:txPkt)
                  20000c4e    00000014     velapulsar_nwk.obj (.bss:macEvents)
                  20000c62    00000014     comms_interface.obj (.bss:nwkEvents)
                  20000c76    00000008     rtsv7M4_T_le_v4SPD16_eabi.lib : trgdrv.obj (.bss:parmbuf)
                  20000c7e    00000002     (.common:lastLight)
                  20000c80    00000005     velapulsar_mac.obj (.bss)
                  20000c85    00000001     (.common:rxSnr)
                  20000c86    00000002     (.common:lastMagnetic)
                  20000c88    00000004     rf95.obj (.bss)
                  20000c8c    00000004     velapulsar_nwk.obj (.bss)
                  20000c90    00000004     (.common:PktReceived)
                  20000c94    00000004     (.common:UARTrx)
                  20000c98    00000004     (.common:hfxtFreq)
                  20000c9c    00000004     (.common:lfxtFreq)
                  20000ca0    00000002     (.common:pktID)
                  20000ca2    00000002     (.common:rxRssi)
                  20000ca4    00000002     (.common:rxSize)
                  20000ca6    00000002     (.common:txSize)

.data      0    20000ca8    00000247     UNINITIALIZED
                  20000ca8    000000f0     rtsv7M4_T_le_v4SPD16_eabi.lib : defs.obj (.data:_ftable)
                  20000d98    000000d0                                   : lowlev.obj (.data:$O1$$)
                  20000e68    00000030     msp432p4xx_driverlib.lib : gpio.o (.data:GPIO_PORT_TO_BASE)
                  20000e98    00000010     rtsv7M4_T_le_v4SPD16_eabi.lib : defs.obj (.data)
                  20000ea8    0000000c                                   : exit.obj (.data:$O1$$)
                  20000eb4    0000000c                                   : memory.obj (.data:$O1$$)
                  20000ec0    0000000c     delay.obj (.data)
                  20000ecc    00000008     rtsv7M4_T_le_v4SPD16_eabi.lib : _lock.obj (.data:$O1$$)
                  20000ed4    00000004     UART_interface.obj (.data)
                  20000ed8    00000004     rtsv7M4_T_le_v4SPD16_eabi.lib : errno.obj (.data)
                  20000edc    00000004                                   : fopen.obj (.data)
                  20000ee0    00000004                                   : stkdepth_vars.obj (.data)
                  20000ee4    00000004     system_msp432p401r.obj (.data)
                  20000ee8    00000003     velapulsar_mac.obj (.data)
                  20000eeb    00000002     comms_interface.obj (.data)
                  20000eed    00000001     Coordinator_main.obj (.data)
                  20000eee    00000001     velapulsar.obj (.data)

.stack     0    2000fe00    00000200     UNINITIALIZED
                  2000fe00    00000200     --HOLE--

MODULE SUMMARY

       Module                        code    ro data   rw data
       ------                        ----    -------   -------
    .\
       system_msp432p401r.obj        484     0         8      
       startup_msp432p401r_ccs.obj   52      320       0      
       Coordinator_main.obj          160     0         26     
    +--+-----------------------------+-------+---------+---------+
       Total:                        696     320       34     
                                                              
    .\Libraries\Mac\
       velapulsar_mac.obj            1096    0         174    
    +--+-----------------------------+-------+---------+---------+
       Total:                        1096    0         174    
                                                              
    .\Libraries\Nwk\
       velapulsar_nwk.obj            312     0         48     
    +--+-----------------------------+-------+---------+---------+
       Total:                        312     0         48     
                                                              
    .\Libraries\RF95\
       rf95.obj                      2456    0         608    
       delay.obj                     172     0         24     
       spi_interface.obj             160     28        0      
    +--+-----------------------------+-------+---------+---------+
       Total:                        2788    28        632    
                                                              
    .\Libraries\UART\
       UART_interface.obj            424     36        520    
    +--+-----------------------------+-------+---------+---------+
       Total:                        424     36        520    
                                                              
    .\Libraries\Velapulsar\
       velapulsar.obj                796     0         58     
       comms_interface.obj           476     0         44     
       sensor_interface.obj          448     0         0      
    +--+-----------------------------+-------+---------+---------+
       Total:                        1720    0         102    
                                                              
    C:/ti/msp/msp432ware__3.50.00.02/driverlib/driverlib/MSP432P4xx/ccs/msp432p4xx_driverlib.lib
       rtc_c.o                       524     0         0      
       cs.o                          492     0         16     
       gpio.o                        276     0         96     
       spi.o                         312     0         0      
       interrupt.o                   116     64        0      
       sysctl.o                      44      0         0      
       cpu.o                         12      0         0      
    +--+-----------------------------+-------+---------+---------+
       Total:                        1776    64        112    
                                                              
    C:\ti\ccsv6\tools\compiler\arm_15.12.3.LTS\lib\rtsv7M4_T_le_v4SPD16_eabi.lib
       _printfi.obj                  4368    0         0      
       lowlev.obj                    780     0         416    
       memory.obj                    988     0         24     
       defs.obj                      0       0         832    
       trgdrv.obj                    804     0         16     
       trgmsg.obj                    104     0         576    
       ull_div_t2.obj                500     0         0      
       fopen.obj                     452     0         8      
       fd_add_t2.obj                 438     0         0      
       fd_div_t2.obj                 310     0         0      
       fputs.obj                     308     0         0      
       fd_cmp_t2.obj                 268     0         0      
       ctype.obj                     0       257       0      
       fd_mul_t2.obj                 252     0         0      
       s_scalbn.obj                  252     0         0      
       s_ceil.obj                    248     0         0      
       s_floor.obj                   248     0         0      
       setvbuf.obj                   220     0         0      
       fflush.obj                    200     0         0      
       _io_perm.obj                  172     0         0      
       memcpy_t2.obj                 156     0         0      
       fclose.obj                    152     0         0      
       fputc.obj                     152     0         0      
       memset_t2.obj                 122     0         0      
       autoinit.obj                  112     0         0      
       copy_decompress_rle.obj       112     0         0      
       printf.obj                    112     0         0      
       exit.obj                      84      0         24     
       fseek.obj                     100     0         0      
       s_frexp.obj                   100     0         0      
       sprintf.obj                   96      0         0      
       ltoa.obj                      86      0         0      
       boot.obj                      84      0         0      
       atoi.obj                      76      0         0      
       cpy_tbl.obj                   76      0         0      
       fd_toi_t2.obj                 72      0         0      
       fd_tou_t2.obj                 68      0         0      
       strncpy.obj                   48      0         0      
       i_tofd_t2.obj                 46      0         0      
       _lock.obj                     20      0         16     
       memchr.obj                    32      0         0      
       u_tofd_t2.obj                 32      0         0      
       memccpy.obj                   28      0         0      
       args_main.obj                 24      0         0      
       strcmp.obj                    24      0         0      
       strchr.obj                    22      0         0      
       s_copysign.obj                20      0         0      
       strcpy.obj                    20      0         0      
       strlen.obj                    20      0         0      
       copy_decompress_none.obj      14      0         0      
       errno.obj                     0       0         8      
       stkdepth_vars.obj             0       0         8      
       mpu_init.obj                  2       0         0      
       startup.obj                   2       0         0      
    +--+-----------------------------+-------+---------+---------+
       Total:                        13026   257       1928   
                                                              
       Heap:                         0       0         4096   
       Stack:                        0       0         1024   
       Linker Generated:             0       215       0      
    +--+-----------------------------+-------+---------+---------+
       Grand Total:                  21838   920       8670   


LINKER GENERATED COPY TABLES

__TI_cinit_table @ 000058ec records: 2, size/record: 8, table size: 16
	.data: load addr=00005820, load size=000000b4 bytes, run addr=20000ca8, run size=00000247 bytes, compression=rle
	.bss: load addr=000058d8, load size=0000000b bytes, run addr=20000800, run size=000004a8 bytes, compression=rle


LINKER GENERATED HANDLER TABLE

__TI_handler_table @ 000058e4 records: 2, size/record: 4, table size: 8
	index: 0, handler: __TI_decompress_rle24
	index: 1, handler: __TI_decompress_none


GLOBAL SYMBOLS: SORTED ALPHABETICALLY BY Name 

address   name                                      
-------   ----                                      
00003601  ADC14_IRQHandler                          
00004fe9  C$$EXIT                                   
00004cb7  C$$IO$$                                   
00005643  CPU_cpsie                                 
000053a1  CS_setDCOCenteredFrequency                
00005579  CS_setExternalClockSourceFrequency        
00005675  CS_startHFXT                              
000045b9  CS_startHFXTWithTimeout                   
0000567b  CS_startLFXT                              
00004655  CS_startLFXTWithTimeout                   
0000321b  CommsInit                                 
000031e1  CommsSend                                 
00003159  CommsStartContinuousRx                    
0000564f  EUSCI_A_SPI_enable                        
00005681  EUSCI_A_SPI_receiveData                   
00005693  EUSCI_A_SPI_transmitData                  
0000565b  EUSCI_B_SPI_enable                        
00005687  EUSCI_B_SPI_receiveData                   
00005697  EUSCI_B_SPI_transmitData                  
00005501  GPIO_getInputPinValue                     
00005431  GPIO_interruptEdgeSelect                  
000052b5  GPIO_setAsInputPinWithPullDownResistor    
000053c5  GPIO_setAsOutputPin                       
00005125  GPIO_setAsPeripheralModuleFunctionInputPin
0000558d  GPIO_setOutputHighOnPin                   
00005519  GPIO_setOutputLowOnPin                    
000055a1  GPIO_toggleOutputOnPin                    
000035ed  Get_Claw                                  
000035dd  Get_Light                                 
000035d7  Get_Magnetic                              
000026e3  HOSTclock                                 
000026ab  HOSTclose                                 
0000266d  HOSTgetenv                                
00002611  HOSTlseek                                 
000025bf  HOSTopen                                  
00002573  HOSTread                                  
00002515  HOSTrename                                
000024db  HOSTtime                                  
00002491  HOSTtime64                                
00002459  HOSTunlink                                
0000240d  HOSTwrite                                 
000035c3  Init_Claw                                 
000034d1  Init_LightandMagnetic                     
000035cb  Init_Sensors                              
00004359  Init_SysTick                              
00004cf1  Interrupt_enableInterrupt                 
00005605  Interrupt_enableMaster                    
000019d5  PORT2_IRQHandler                          
20000c90  PktReceived                               
0000181b  RFCheckRfFrequency                        
00001881  RFGetStatus                               
00001979  RFGetSymbolTime                           
000016fb  RFGetTimeOnAir                            
0000188d  RFInit                                    
0000181f  RFInitModem                               
000018cd  RFIrqInit                                 
000016d1  RFIsChannelFree                           
0000169b  RFRandom                                  
00001303  RFRead                                    
00001649  RFReadBuffer                              
00001621  RFReadRssi                                
000015f1  RFReset                                   
000015b5  RFSend                                    
00001343  RFSetChannel                              
000012db  RFSetOpMode                               
0000156d  RFSetRx                                   
000014b1  RFSetRxConfig                             
000014a1  RFSetSleep                                
00001491  RFSetStby                                 
0000146d  RFSetTx                                   
00001365  RFSetTxConfig                             
000012e3  RFStartCad                                
000012a7  RFWrite                                   
00001251  RFWriteBuffer                             
0000129b  RFWriteFifo                               
000029bd  RTC_AlarmHandler                          
0000503d  RTC_C_clearInterruptFlag                  
00005241  RTC_C_enableInterrupt                     
00004d55  RTC_C_getCalendarTime                     
0000516d  RTC_C_getEnabledInterruptStatus           
00005375  RTC_C_getInterruptStatus                  
00004ee1  RTC_C_initCalendar                        
000053e9  RTC_C_setCalendarAlarm                    
0000540d  RTC_C_startClock                          
00003131  ReceivedCmd                               
000044a3  ReceivedPkt                               
UNDEFED   SHT$$INIT_ARRAY$$Base                     
UNDEFED   SHT$$INIT_ARRAY$$Limit                    
00004579  SPISend                                   
00004537  SPI_Read                                  
000054cd  SPI_enableModule                          
000048bd  SPI_initMaster                            
000054e7  SPI_receiveData                           
00005451  SPI_transmitData                          
00001cc7  SendAck                                   
00005615  SysCtl_disableNMISource                   
00005625  SysCtl_enableNMISource                    
00005669  SysCtl_getNMISourceStatus                 
0000433f  SysTick_Handler                           
20000ee4  SystemCoreClock                           
00002f9f  SystemCoreClockUpdate                     
00002f4d  SystemInit                                
00003951  UARTA0_Handler                            
20000a20  UARTBuffer                                
0000390b  UARTSend                                  
000038a7  UARTSendRssi                              
00003849  UARTinit                                  
20000c94  UARTrx                                    
00001c93  VelaMacInitialization                     
00001be9  VelaMacSend                               
00003a2d  VelaNwkInitialization                     
000039f1  VelaNwkSend                               
4000480c  WDTCTL_SYM                                
20000800  __CIOBUF_                                 
20010000  __STACK_END                               
00000200  __STACK_SIZE                              
00000800  __SYSMEM_SIZE                             
000058ec  __TI_CINIT_Base                           
000058fc  __TI_CINIT_Limit                          
000058e4  __TI_Handler_Table_Base                   
000058ec  __TI_Handler_Table_Limit                  
00004b3d  __TI_auto_init                            
000033d5  __TI_cleanup                              
20000ea8  __TI_cleanup_ptr                          
0000478d  __TI_closefile                            
00005635  __TI_decompress_none                      
0000568d  __TI_decompress_rle24                     
00004259  __TI_doflush                              
20000eac  __TI_dtors_ptr                            
20000eb0  __TI_enable_exit_profile_output           
20000e98  __TI_ft_end                               
ffffffff  __TI_pprof_out_hndl                       
00000f4b  __TI_printfi                              
ffffffff  __TI_prof_data_size                       
ffffffff  __TI_prof_data_start                      
0000442f  __TI_rd_ok                                
00004cbb  __TI_readmsg                              
00000000  __TI_static_base__                        
20000b20  __TI_tmpnams                              
00004c89  __TI_writemsg                             
000043cd  __TI_wrt_ok                               
00004945  __aeabi_cdcmpeq                           
00004945  __aeabi_cdcmple                           
000049cb  __aeabi_cdrcmple                          
000051b5  __aeabi_d2iz                              
000051fd  __aeabi_d2uiz                             
0000369b  __aeabi_dadd                              
00003b29  __aeabi_ddiv                              
00003d95  __aeabi_dmul                              
00003691  __aeabi_dsub                              
00005345  __aeabi_i2d                               
00004a51  __aeabi_memclr                            
00004a51  __aeabi_memclr4                           
00004a51  __aeabi_memclr8                           
000046f1  __aeabi_memcpy                            
000046f1  __aeabi_memcpy4                           
000046f1  __aeabi_memcpy8                           
00004a53  __aeabi_memset                            
00004a53  __aeabi_memset4                           
00004a53  __aeabi_memset8                           
20000ea4  __aeabi_stderr                            
20000e9c  __aeabi_stdin                             
20000ea0  __aeabi_stdout                            
00005491  __aeabi_ui2d                              
00002d59  __aeabi_uldivmod                          
ffffffff  __binit__                                 
ffffffff  __c_args__                                
00003847  __mpu_init                                
2000fe00  __stack                                   
00005531  _args_main                                
00004f95  _c_int00                                  
0000569c  _ctypes_                                  
20000ca8  _ftable                                   
20000ec4  _hTime                                    
20000ecc  _lock                                     
20000ec3  _mTime                                    
20000ec0  _msTime                                   
000055c3  _nop                                      
000055bb  _register_lock                            
000055b5  _register_unlock                          
20000ec2  _sTime                                    
20000000  _sys_memory                               
00003c5f  _system_post_cinit                        
00004497  _system_pre_init                          
20000ec8  _totalms                                  
20000ed0  _unlock                                   
00004fed  abort                                     
00002cad  add_device                                
0000508d  atoi                                      
20000eee  awake                                     
ffffffff  binit                                     
000023d9  calloc                                    
00003f8d  ceil                                      
00003f8d  ceill                                     
00002c5d  close                                     
000050d9  copy_in                                   
000055c9  copysign                                  
000055c9  copysignl                                 
0000299d  debug_print_pkt                           
00004327  delay_ms                                  
20000ed8  errno                                     
00004ff5  exit                                      
000047f3  fclose                                    
000042a5  fflush                                    
00004085  floor                                     
00004085  floorl                                    
0000342b  fopen                                     
00004825  fputc                                     
00003c61  fputs                                     
00002127  free                                      
00003401  freopen                                   
00004e1d  frexp                                     
00004e1d  frexpl                                    
00004db9  fseek                                     
00004321  getTotal_ms                               
00002731  initCalendar                              
00002923  initClocks                                
00002773  initPeripherals                           
00002767  initPorts                                 
00004519  initSPI                                   
00000000  interruptVectors                          
20000c7e  lastLight                                 
20000c86  lastMagnetic                              
00003e91  ldexp                                     
00003e91  ldexpl                                    
00002c39  lseek                                     
00004f3d  ltoa                                      
00004479  main                                      
20000ee0  main_func_sp                              
000020bf  malloc                                    
000022f5  memalign                                  
000054b1  memccpy                                   
00005471  memchr                                    
000046f1  memcpy                                    
00004a59  memset                                    
00002031  minit                                     
20000ee8  numOfFailed                               
00002b8b  open                                      
20000ca0  pktID                                     
00004bb5  printf                                    
00004825  putc                                      
000048a9  putchar                                   
00003d6d  puts                                      
00002b67  read                                      
000021e9  realloc                                   
00002add  remove                                    
00002b3f  remove_device                             
00002b01  rename                                    
20000ed4  rxAvailable                               
20000c24  rxPkt                                     
20000ca2  rxRssi                                    
20000ca4  rxSize                                    
20000c85  rxSnr                                     
00003e91  scalbn                                    
00003e91  scalbnl                                   
0000417d  setvbuf                                   
000027a5  sleepFor                                  
00005804  spiMasterConfig                           
00004e81  sprintf                                   
00005561  strchr                                    
00005549  strcmp                                    
000055dd  strcpy                                    
000055f1  strlen                                    
00005315  strncpy                                   
20000c39  txPkt                                     
20000ca6  txSize                                    
000057e0  uartConfig                                
00002add  unlink                                    
20000ee9  waitForAck                                
00002a4d  write                                     


GLOBAL SYMBOLS: SORTED BY Symbol Address 

address   name                                      
-------   ----                                      
00000000  __TI_static_base__                        
00000000  interruptVectors                          
00000200  __STACK_SIZE                              
00000800  __SYSMEM_SIZE                             
00000f4b  __TI_printfi                              
00001251  RFWriteBuffer                             
0000129b  RFWriteFifo                               
000012a7  RFWrite                                   
000012db  RFSetOpMode                               
000012e3  RFStartCad                                
00001303  RFRead                                    
00001343  RFSetChannel                              
00001365  RFSetTxConfig                             
0000146d  RFSetTx                                   
00001491  RFSetStby                                 
000014a1  RFSetSleep                                
000014b1  RFSetRxConfig                             
0000156d  RFSetRx                                   
000015b5  RFSend                                    
000015f1  RFReset                                   
00001621  RFReadRssi                                
00001649  RFReadBuffer                              
0000169b  RFRandom                                  
000016d1  RFIsChannelFree                           
000016fb  RFGetTimeOnAir                            
0000181b  RFCheckRfFrequency                        
0000181f  RFInitModem                               
00001881  RFGetStatus                               
0000188d  RFInit                                    
000018cd  RFIrqInit                                 
00001979  RFGetSymbolTime                           
000019d5  PORT2_IRQHandler                          
00001be9  VelaMacSend                               
00001c93  VelaMacInitialization                     
00001cc7  SendAck                                   
00002031  minit                                     
000020bf  malloc                                    
00002127  free                                      
000021e9  realloc                                   
000022f5  memalign                                  
000023d9  calloc                                    
0000240d  HOSTwrite                                 
00002459  HOSTunlink                                
00002491  HOSTtime64                                
000024db  HOSTtime                                  
00002515  HOSTrename                                
00002573  HOSTread                                  
000025bf  HOSTopen                                  
00002611  HOSTlseek                                 
0000266d  HOSTgetenv                                
000026ab  HOSTclose                                 
000026e3  HOSTclock                                 
00002731  initCalendar                              
00002767  initPorts                                 
00002773  initPeripherals                           
000027a5  sleepFor                                  
00002923  initClocks                                
0000299d  debug_print_pkt                           
000029bd  RTC_AlarmHandler                          
00002a4d  write                                     
00002add  remove                                    
00002add  unlink                                    
00002b01  rename                                    
00002b3f  remove_device                             
00002b67  read                                      
00002b8b  open                                      
00002c39  lseek                                     
00002c5d  close                                     
00002cad  add_device                                
00002d59  __aeabi_uldivmod                          
00002f4d  SystemInit                                
00002f9f  SystemCoreClockUpdate                     
00003131  ReceivedCmd                               
00003159  CommsStartContinuousRx                    
000031e1  CommsSend                                 
0000321b  CommsInit                                 
000033d5  __TI_cleanup                              
00003401  freopen                                   
0000342b  fopen                                     
000034d1  Init_LightandMagnetic                     
000035c3  Init_Claw                                 
000035cb  Init_Sensors                              
000035d7  Get_Magnetic                              
000035dd  Get_Light                                 
000035ed  Get_Claw                                  
00003601  ADC14_IRQHandler                          
00003691  __aeabi_dsub                              
0000369b  __aeabi_dadd                              
00003847  __mpu_init                                
00003849  UARTinit                                  
000038a7  UARTSendRssi                              
0000390b  UARTSend                                  
00003951  UARTA0_Handler                            
000039f1  VelaNwkSend                               
00003a2d  VelaNwkInitialization                     
00003b29  __aeabi_ddiv                              
00003c5f  _system_post_cinit                        
00003c61  fputs                                     
00003d6d  puts                                      
00003d95  __aeabi_dmul                              
00003e91  ldexp                                     
00003e91  ldexpl                                    
00003e91  scalbn                                    
00003e91  scalbnl                                   
00003f8d  ceil                                      
00003f8d  ceill                                     
00004085  floor                                     
00004085  floorl                                    
0000417d  setvbuf                                   
00004259  __TI_doflush                              
000042a5  fflush                                    
00004321  getTotal_ms                               
00004327  delay_ms                                  
0000433f  SysTick_Handler                           
00004359  Init_SysTick                              
000043cd  __TI_wrt_ok                               
0000442f  __TI_rd_ok                                
00004479  main                                      
00004497  _system_pre_init                          
000044a3  ReceivedPkt                               
00004519  initSPI                                   
00004537  SPI_Read                                  
00004579  SPISend                                   
000045b9  CS_startHFXTWithTimeout                   
00004655  CS_startLFXTWithTimeout                   
000046f1  __aeabi_memcpy                            
000046f1  __aeabi_memcpy4                           
000046f1  __aeabi_memcpy8                           
000046f1  memcpy                                    
0000478d  __TI_closefile                            
000047f3  fclose                                    
00004825  fputc                                     
00004825  putc                                      
000048a9  putchar                                   
000048bd  SPI_initMaster                            
00004945  __aeabi_cdcmpeq                           
00004945  __aeabi_cdcmple                           
000049cb  __aeabi_cdrcmple                          
00004a51  __aeabi_memclr                            
00004a51  __aeabi_memclr4                           
00004a51  __aeabi_memclr8                           
00004a53  __aeabi_memset                            
00004a53  __aeabi_memset4                           
00004a53  __aeabi_memset8                           
00004a59  memset                                    
00004b3d  __TI_auto_init                            
00004bb5  printf                                    
00004c89  __TI_writemsg                             
00004cb7  C$$IO$$                                   
00004cbb  __TI_readmsg                              
00004cf1  Interrupt_enableInterrupt                 
00004d55  RTC_C_getCalendarTime                     
00004db9  fseek                                     
00004e1d  frexp                                     
00004e1d  frexpl                                    
00004e81  sprintf                                   
00004ee1  RTC_C_initCalendar                        
00004f3d  ltoa                                      
00004f95  _c_int00                                  
00004fe9  C$$EXIT                                   
00004fed  abort                                     
00004ff5  exit                                      
0000503d  RTC_C_clearInterruptFlag                  
0000508d  atoi                                      
000050d9  copy_in                                   
00005125  GPIO_setAsPeripheralModuleFunctionInputPin
0000516d  RTC_C_getEnabledInterruptStatus           
000051b5  __aeabi_d2iz                              
000051fd  __aeabi_d2uiz                             
00005241  RTC_C_enableInterrupt                     
000052b5  GPIO_setAsInputPinWithPullDownResistor    
00005315  strncpy                                   
00005345  __aeabi_i2d                               
00005375  RTC_C_getInterruptStatus                  
000053a1  CS_setDCOCenteredFrequency                
000053c5  GPIO_setAsOutputPin                       
000053e9  RTC_C_setCalendarAlarm                    
0000540d  RTC_C_startClock                          
00005431  GPIO_interruptEdgeSelect                  
00005451  SPI_transmitData                          
00005471  memchr                                    
00005491  __aeabi_ui2d                              
000054b1  memccpy                                   
000054cd  SPI_enableModule                          
000054e7  SPI_receiveData                           
00005501  GPIO_getInputPinValue                     
00005519  GPIO_setOutputLowOnPin                    
00005531  _args_main                                
00005549  strcmp                                    
00005561  strchr                                    
00005579  CS_setExternalClockSourceFrequency        
0000558d  GPIO_setOutputHighOnPin                   
000055a1  GPIO_toggleOutputOnPin                    
000055b5  _register_unlock                          
000055bb  _register_lock                            
000055c3  _nop                                      
000055c9  copysign                                  
000055c9  copysignl                                 
000055dd  strcpy                                    
000055f1  strlen                                    
00005605  Interrupt_enableMaster                    
00005615  SysCtl_disableNMISource                   
00005625  SysCtl_enableNMISource                    
00005635  __TI_decompress_none                      
00005643  CPU_cpsie                                 
0000564f  EUSCI_A_SPI_enable                        
0000565b  EUSCI_B_SPI_enable                        
00005669  SysCtl_getNMISourceStatus                 
00005675  CS_startHFXT                              
0000567b  CS_startLFXT                              
00005681  EUSCI_A_SPI_receiveData                   
00005687  EUSCI_B_SPI_receiveData                   
0000568d  __TI_decompress_rle24                     
00005693  EUSCI_A_SPI_transmitData                  
00005697  EUSCI_B_SPI_transmitData                  
0000569c  _ctypes_                                  
000057e0  uartConfig                                
00005804  spiMasterConfig                           
000058e4  __TI_Handler_Table_Base                   
000058ec  __TI_CINIT_Base                           
000058ec  __TI_Handler_Table_Limit                  
000058fc  __TI_CINIT_Limit                          
20000000  _sys_memory                               
20000800  __CIOBUF_                                 
20000a20  UARTBuffer                                
20000b20  __TI_tmpnams                              
20000c24  rxPkt                                     
20000c39  txPkt                                     
20000c7e  lastLight                                 
20000c85  rxSnr                                     
20000c86  lastMagnetic                              
20000c90  PktReceived                               
20000c94  UARTrx                                    
20000ca0  pktID                                     
20000ca2  rxRssi                                    
20000ca4  rxSize                                    
20000ca6  txSize                                    
20000ca8  _ftable                                   
20000e98  __TI_ft_end                               
20000e9c  __aeabi_stdin                             
20000ea0  __aeabi_stdout                            
20000ea4  __aeabi_stderr                            
20000ea8  __TI_cleanup_ptr                          
20000eac  __TI_dtors_ptr                            
20000eb0  __TI_enable_exit_profile_output           
20000ec0  _msTime                                   
20000ec2  _sTime                                    
20000ec3  _mTime                                    
20000ec4  _hTime                                    
20000ec8  _totalms                                  
20000ecc  _lock                                     
20000ed0  _unlock                                   
20000ed4  rxAvailable                               
20000ed8  errno                                     
20000ee0  main_func_sp                              
20000ee4  SystemCoreClock                           
20000ee8  numOfFailed                               
20000ee9  waitForAck                                
20000eee  awake                                     
2000fe00  __stack                                   
20010000  __STACK_END                               
4000480c  WDTCTL_SYM                                
ffffffff  __TI_pprof_out_hndl                       
ffffffff  __TI_prof_data_size                       
ffffffff  __TI_prof_data_start                      
ffffffff  __binit__                                 
ffffffff  __c_args__                                
ffffffff  binit                                     
UNDEFED   SHT$$INIT_ARRAY$$Base                     
UNDEFED   SHT$$INIT_ARRAY$$Limit                    

[270 symbols]
