******************************************************************************
                  TI ARM Linker PC v16.9.1                     
******************************************************************************
>> Linked Wed Aug 16 15:32:19 2017

OUTPUT FILE NAME:   <Velapulsar.out>
ENTRY POINT SYMBOL: "_c_int00"  address: 00005221


MEMORY CONFIGURATION

         name            origin    length      used     unused   attr    fill
----------------------  --------  ---------  --------  --------  ----  --------
  MAIN                  00000000   00040000  00005c34  0003a3cc  R  X
  INFO                  00200000   00004000  00000000  00004000  R  X
  SRAM_CODE             01000000   00010000  000011f4  0000ee0c  RW X
  SRAM_DATA             20000000   00010000  000011f4  0000ee0c  RW  


SEGMENT ALLOCATION MAP

run origin  load origin   length   init length attrs members
----------  ----------- ---------- ----------- ----- -------
00000000    00000000    00005c38   00005c38    r-x
  00000000    00000000    00000140   00000140    r-- .intvecs
  00000140    00000140    000058a0   000058a0    r-x .text
  000059e0    000059e0    00000184   00000184    r-- .const
  00005b68    00005b68    000000d0   000000d0    r-- .cinit
20000000    20000000    00000ff6   00000000    rw-
  20000000    20000000    00000800   00000000    rw- .sysmem
  20000800    20000800    000005a2   00000000    rw- .bss
  20000da4    20000da4    00000252   00000000    rw- .data
2000fe00    2000fe00    00000200   00000000    rw-
  2000fe00    2000fe00    00000200   00000000    rw- .stack


SECTION ALLOCATION MAP

 output                                  attributes/
section   page    origin      length       input sections
--------  ----  ----------  ----------   ----------------
.intvecs   0    00000000    00000140     
                  00000000    00000140     startup_msp432p401r_ccs.obj (.intvecs:retain)

.binit     0    00000000    00000000     

.text      0    00000140    000058a0     
                  00000140    0000113e     rtsv7M4_T_le_v4SPD16_eabi.lib : _printfi.obj (.text)
                  0000127e    00000002                                   : mpu_init.obj (.text)
                  00001280    00000a90     rf95.obj (.text)
                  00001d10    0000050c     velapulsar_mac.obj (.text)
                  0000221c    000003d0     rtsv7M4_T_le_v4SPD16_eabi.lib : memory.obj (.text)
                  000025ec    00000330     velapulsar.obj (.text)
                  0000291c    00000324     rtsv7M4_T_le_v4SPD16_eabi.lib : trgdrv.obj (.text)
                  00002c40    0000030c                                   : lowlev.obj (.text)
                  00002f4c    000001f4                                   : ull_div_t2.obj (.text)
                  00003140    000001ec     UART_interface.obj (.text)
                  0000332c    000001e4     system_msp432p401r.obj (.text)
                  00003510    000001c4     rtsv7M4_T_le_v4SPD16_eabi.lib : fopen.obj (.text)
                  000036d4    000001c0     sensor_interface.obj (.text)
                  00003894    000001b6     rtsv7M4_T_le_v4SPD16_eabi.lib : fd_add_t2.obj (.text)
                  00003a4a    00000002                                   : startup.obj (.text)
                  00003a4c    000001a0     comms_interface.obj (.text)
                  00003bec    00000180     velapulsar_nwk.obj (.text)
                  00003d6c    00000136     rtsv7M4_T_le_v4SPD16_eabi.lib : fd_div_t2.obj (.text)
                  00003ea2    00000002     --HOLE-- [fill = 0]
                  00003ea4    00000134                                   : fputs.obj (.text)
                  00003fd8    00000110     delay.obj (.text)
                  000040e8    000000fc     rtsv7M4_T_le_v4SPD16_eabi.lib : fd_mul_t2.obj (.text)
                  000041e4    000000fc                                   : s_scalbn.obj (.text)
                  000042e0    000000f8                                   : s_ceil.obj (.text)
                  000043d8    000000f8                                   : s_floor.obj (.text)
                  000044d0    000000e0     Coordinator_main.obj (.text)
                  000045b0    000000dc     rtsv7M4_T_le_v4SPD16_eabi.lib : setvbuf.obj (.text)
                  0000468c    000000c8                                   : fflush.obj (.text)
                  00004754    000000ac                                   : _io_perm.obj (.text)
                  00004800    000000a0     spi_interface.obj (.text)
                  000048a0    0000009c     msp432p4xx_driverlib.lib : cs.o (.text:CS_startHFXTWithTimeout)
                  0000493c    0000009c                              : cs.o (.text:CS_startLFXTWithTimeout)
                  000049d8    0000009c     rtsv7M4_T_le_v4SPD16_eabi.lib : memcpy_t2.obj (.text)
                  00004a74    00000098                                   : fclose.obj (.text)
                  00004b0c    00000098                                   : fputc.obj (.text)
                  00004ba4    00000088     msp432p4xx_driverlib.lib : spi.o (.text:SPI_initMaster)
                  00004c2c    00000086     rtsv7M4_T_le_v4SPD16_eabi.lib : fd_cmp_t2.obj (.text:__aeabi_cdcmple)
                  00004cb2    00000086                                   : fd_cmp_t2.obj (.text:__aeabi_cdrcmple)
                  00004d38    0000007a                                   : memset_t2.obj (.text)
                  00004db2    00000002     --HOLE-- [fill = 0]
                  00004db4    00000070     msp432p4xx_driverlib.lib : cs.o (.text:_CSGetHFXTFrequency)
                  00004e24    00000070     rtsv7M4_T_le_v4SPD16_eabi.lib : autoinit.obj (.text)
                  00004e94    00000070                                   : printf.obj (.text)
                  00004f04    00000068                                   : copy_decompress_lzss.obj (.text:decompress:lzss)
                  00004f6c    00000068                                   : trgmsg.obj (.text)
                  00004fd4    00000064     msp432p4xx_driverlib.lib : interrupt.o (.text:Interrupt_enableInterrupt)
                  00005038    00000064                              : rtc_c.o (.text:RTC_C_getCalendarTime)
                  0000509c    00000064     rtsv7M4_T_le_v4SPD16_eabi.lib : fseek.obj (.text)
                  00005100    00000064                                   : s_frexp.obj (.text)
                  00005164    00000060                                   : sprintf.obj (.text)
                  000051c4    0000005c     msp432p4xx_driverlib.lib : rtc_c.o (.text:RTC_C_initCalendar)
                  00005220    00000054     rtsv7M4_T_le_v4SPD16_eabi.lib : boot.obj (.text)
                  00005274    00000054                                   : exit.obj (.text)
                  000052c8    00000054                                   : ltoa.obj (.text)
                  0000531c    00000050     msp432p4xx_driverlib.lib : rtc_c.o (.text:RTC_C_clearInterruptFlag)
                  0000536c    0000004c     rtsv7M4_T_le_v4SPD16_eabi.lib : atoi.obj (.text)
                  000053b8    0000004c                                   : cpy_tbl.obj (.text)
                  00005404    0000004c                                   : rand.obj (.text)
                  00005450    00000048     msp432p4xx_driverlib.lib : gpio.o (.text:GPIO_setAsPeripheralModuleFunctionInputPin)
                  00005498    00000048                              : rtc_c.o (.text:RTC_C_getEnabledInterruptStatus)
                  000054e0    00000048     rtsv7M4_T_le_v4SPD16_eabi.lib : fd_toi_t2.obj (.text)
                  00005528    00000044                                   : fd_tou_t2.obj (.text)
                  0000556c    00000040     msp432p4xx_driverlib.lib : rtc_c.o (.text:RTC_C_enableInterrupt)
                  000055ac    00000036     rtsv7M4_T_le_v4SPD16_eabi.lib : strncpy.obj (.text)
                  000055e2    00000002     --HOLE-- [fill = 0]
                  000055e4    00000034     startup_msp432p401r_ccs.obj (.text)
                  00005618    00000030     msp432p4xx_driverlib.lib : gpio.o (.text:GPIO_setAsInputPinWithPullDownResistor)
                  00005648    00000030                              : spi.o (.text:is_A_Module)
                  00005678    0000002e     rtsv7M4_T_le_v4SPD16_eabi.lib : i_tofd_t2.obj (.text)
                  000056a6    00000002     --HOLE-- [fill = 0]
                  000056a8    0000002c     msp432p4xx_driverlib.lib : rtc_c.o (.text:RTC_C_getInterruptStatus)
                  000056d4    00000024                              : cs.o (.text:CS_setDCOCenteredFrequency)
                  000056f8    00000024                              : gpio.o (.text:GPIO_setAsOutputPin)
                  0000571c    00000024                              : rtc_c.o (.text:RTC_C_setCalendarAlarm)
                  00005740    00000024                              : rtc_c.o (.text:RTC_C_startClock)
                  00005764    00000020                              : gpio.o (.text:GPIO_interruptEdgeSelect)
                  00005784    00000020                              : spi.o (.text:SPI_transmitData)
                  000057a4    00000020     rtsv7M4_T_le_v4SPD16_eabi.lib : memchr.obj (.text)
                  000057c4    00000020                                   : u_tofd_t2.obj (.text)
                  000057e4    0000001c                                   : memccpy.obj (.text)
                  00005800    0000001a     msp432p4xx_driverlib.lib : spi.o (.text:SPI_enableModule)
                  0000581a    0000001a                              : spi.o (.text:SPI_receiveData)
                  00005834    00000018                              : gpio.o (.text:GPIO_getInputPinValue)
                  0000584c    00000018                              : gpio.o (.text:GPIO_setOutputLowOnPin)
                  00005864    00000018     rtsv7M4_T_le_v4SPD16_eabi.lib : args_main.obj (.text)
                  0000587c    00000018                                   : strcmp.obj (.text)
                  00005894    00000016                                   : strchr.obj (.text)
                  000058aa    00000002     --HOLE-- [fill = 0]
                  000058ac    00000014     msp432p4xx_driverlib.lib : cs.o (.text:CS_setExternalClockSourceFrequency)
                  000058c0    00000014                              : gpio.o (.text:GPIO_setOutputHighOnPin)
                  000058d4    00000014                              : gpio.o (.text:GPIO_toggleOutputOnPin)
                  000058e8    00000014     rtsv7M4_T_le_v4SPD16_eabi.lib : _lock.obj (.text)
                  000058fc    00000014                                   : s_copysign.obj (.text)
                  00005910    00000014                                   : strcpy.obj (.text)
                  00005924    00000014                                   : strlen.obj (.text)
                  00005938    00000010     msp432p4xx_driverlib.lib : interrupt.o (.text:Interrupt_enableMaster)
                  00005948    00000010                              : sysctl.o (.text:SysCtl_disableNMISource)
                  00005958    00000010                              : sysctl.o (.text:SysCtl_enableNMISource)
                  00005968    0000000e     rtsv7M4_T_le_v4SPD16_eabi.lib : copy_decompress_none.obj (.text:decompress:none)
                  00005976    0000000e                                   : time.obj (.text)
                  00005984    0000000c     msp432p4xx_driverlib.lib : cpu.o (.text:CPU_cpsie)
                  00005990    0000000c                              : spi.o (.text:EUSCI_A_SPI_enable)
                  0000599c    0000000c                              : spi.o (.text:EUSCI_B_SPI_enable)
                  000059a8    0000000c                              : sysctl.o (.text:SysCtl_getNMISourceStatus)
                  000059b4    0000000c     rtsv7M4_T_le_v4SPD16_eabi.lib : copy_zero_init.obj (.text:decompress:ZI)
                  000059c0    00000006     msp432p4xx_driverlib.lib : cs.o (.text:CS_startHFXT)
                  000059c6    00000006                              : cs.o (.text:CS_startLFXT)
                  000059cc    00000006                              : spi.o (.text:EUSCI_A_SPI_receiveData)
                  000059d2    00000006                              : spi.o (.text:EUSCI_B_SPI_receiveData)
                  000059d8    00000004                              : spi.o (.text:EUSCI_A_SPI_transmitData)
                  000059dc    00000004                              : spi.o (.text:EUSCI_B_SPI_transmitData)

.const     0    000059e0    00000184     
                  000059e0    00000101     rtsv7M4_T_le_v4SPD16_eabi.lib : ctype.obj (.const:.string:_ctypes_)
                  00005ae1    00000003     --HOLE-- [fill = 0]
                  00005ae4    00000040     msp432p4xx_driverlib.lib : interrupt.o (.const)
                  00005b24    00000024     UART_interface.obj (.const:uartConfig)
                  00005b48    0000001c     spi_interface.obj (.const:spiMasterConfig)

.cinit     0    00005b68    000000d0     
                  00005b68    000000a5     (.cinit..data.load) [load image, compression = lzss]
                  00005c0d    00000003     --HOLE-- [fill = 0]
                  00005c10    0000000c     (__TI_handler_table)
                  00005c1c    00000004     --HOLE-- [fill = 0]
                  00005c20    00000008     (.cinit..bss.load) [load image, compression = zero_init]
                  00005c28    00000010     (__TI_cinit_table)

.init_array 
*          0    00000000    00000000     UNINITIALIZED

.sysmem    0    20000000    00000800     UNINITIALIZED
                  20000000    00000008     rtsv7M4_T_le_v4SPD16_eabi.lib : memory.obj (.sysmem)
                  20000008    000007f8     --HOLE--

.bss       0    20000800    000005a2     UNINITIALIZED
                  20000800    00000120     rtsv7M4_T_le_v4SPD16_eabi.lib : trgmsg.obj (.bss:_CIOBUF_)
                  20000920    00000104     velapulsar_mac.obj (.bss:connectedNodes)
                  20000a24    00000100     rf95.obj (.bss:RxTxBuffer)
                  20000b24    00000100     (.common:UARTBuffer)
                  20000c24    000000a0     (.common:__TI_tmpnams)
                  20000cc4    0000002c     rf95.obj (.bss:settings)
                  20000cf0    00000024     velapulsar_nwk.obj (.bss:macEvents)
                  20000d14    00000024     comms_interface.obj (.bss:nwkEvents)
                  20000d38    0000001c     velapulsar.obj (.bss:calendarTime)
                  20000d54    0000001c     velapulsar_mac.obj (.bss:radioEvents)
                  20000d70    00000008     rtsv7M4_T_le_v4SPD16_eabi.lib : trgdrv.obj (.bss:parmbuf)
                  20000d78    00000008     rf95.obj (.bss)
                  20000d80    00000005     velapulsar_mac.obj (.bss)
                  20000d85    00000001     comms_interface.obj (.bss)
                  20000d86    00000002     (.common:lastLight)
                  20000d88    00000004     velapulsar_nwk.obj (.bss)
                  20000d8c    00000004     (.common:PktReceived)
                  20000d90    00000004     (.common:UARTrx)
                  20000d94    00000004     (.common:callback)
                  20000d98    00000004     (.common:hfxtFreq)
                  20000d9c    00000004     (.common:lfxtFreq)
                  20000da0    00000002     (.common:lastMagnetic)

.data      0    20000da4    00000252     UNINITIALIZED
                  20000da4    000000f0     rtsv7M4_T_le_v4SPD16_eabi.lib : defs.obj (.data:_ftable)
                  20000e94    000000d0                                   : lowlev.obj (.data:$O1$$)
                  20000f64    00000030     msp432p4xx_driverlib.lib : gpio.o (.data:GPIO_PORT_TO_BASE)
                  20000f94    00000014     delay.obj (.data)
                  20000fa8    00000010     rtsv7M4_T_le_v4SPD16_eabi.lib : defs.obj (.data)
                  20000fb8    0000000c                                   : exit.obj (.data:$O1$$)
                  20000fc4    0000000c                                   : memory.obj (.data:$O1$$)
                  20000fd0    00000008                                   : _lock.obj (.data:$O1$$)
                  20000fd8    00000004     UART_interface.obj (.data)
                  20000fdc    00000004     rtsv7M4_T_le_v4SPD16_eabi.lib : errno.obj (.data)
                  20000fe0    00000004                                   : fopen.obj (.data)
                  20000fe4    00000004                                   : rand.obj (.data)
                  20000fe8    00000004                                   : stkdepth_vars.obj (.data)
                  20000fec    00000004     system_msp432p401r.obj (.data)
                  20000ff0    00000004     velapulsar_mac.obj (.data)
                  20000ff4    00000001     Coordinator_main.obj (.data)
                  20000ff5    00000001     velapulsar.obj (.data)

.stack     0    2000fe00    00000200     UNINITIALIZED
                  2000fe00    00000200     --HOLE--

MODULE SUMMARY

       Module                        code    ro data   rw data
       ------                        ----    -------   -------
    .\
       system_msp432p401r.obj        484     0         8      
       startup_msp432p401r_ccs.obj   52      320       0      
       Coordinator_main.obj          224     0         26     
    +--+-----------------------------+-------+---------+---------+
       Total:                        760     320       34     
                                                              
    .\Libraries\Mac\
       velapulsar_mac.obj            1292    0         594    
    +--+-----------------------------+-------+---------+---------+
       Total:                        1292    0         594    
                                                              
    .\Libraries\Nwk\
       velapulsar_nwk.obj            384     0         80     
    +--+-----------------------------+-------+---------+---------+
       Total:                        384     0         80     
                                                              
    .\Libraries\RF95\
       rf95.obj                      2704    0         616    
       delay.obj                     272     0         48     
       spi_interface.obj             160     28        0      
    +--+-----------------------------+-------+---------+---------+
       Total:                        3136    28        664    
                                                              
    .\Libraries\UART\
       UART_interface.obj            492     36        520    
    +--+-----------------------------+-------+---------+---------+
       Total:                        492     36        520    
                                                              
    .\Libraries\Velapulsar\
       velapulsar.obj                816     0         58     
       comms_interface.obj           416     0         74     
       sensor_interface.obj          448     0         0      
    +--+-----------------------------+-------+---------+---------+
       Total:                        1680    0         132    
                                                              
    C:/ti/msp/msp432ware__3.50.00.02/driverlib/driverlib/MSP432P4xx/ccs/msp432p4xx_driverlib.lib
       rtc_c.o                       524     0         0      
       cs.o                          492     0         16     
       gpio.o                        276     0         96     
       spi.o                         312     0         0      
       interrupt.o                   116     64        0      
       sysctl.o                      44      0         0      
       cpu.o                         12      0         0      
    +--+-----------------------------+-------+---------+---------+
       Total:                        1776    64        112    
                                                              
    C:\ti\ccsv7\tools\compiler\ti-cgt-arm_16.9.1.LTS\lib\rtsv7M4_T_le_v4SPD16_eabi.lib
       _printfi.obj                  4414    0         0      
       lowlev.obj                    780     0         416    
       memory.obj                    976     0         24     
       defs.obj                      0       0         832    
       trgdrv.obj                    804     0         16     
       trgmsg.obj                    104     0         576    
       ull_div_t2.obj                500     0         0      
       fopen.obj                     452     0         8      
       fd_add_t2.obj                 438     0         0      
       fd_div_t2.obj                 310     0         0      
       fputs.obj                     308     0         0      
       fd_cmp_t2.obj                 268     0         0      
       ctype.obj                     0       257       0      
       fd_mul_t2.obj                 252     0         0      
       s_scalbn.obj                  252     0         0      
       s_ceil.obj                    248     0         0      
       s_floor.obj                   248     0         0      
       setvbuf.obj                   220     0         0      
       fflush.obj                    200     0         0      
       _io_perm.obj                  172     0         0      
       memcpy_t2.obj                 156     0         0      
       fclose.obj                    152     0         0      
       fputc.obj                     152     0         0      
       memset_t2.obj                 122     0         0      
       autoinit.obj                  112     0         0      
       printf.obj                    112     0         0      
       exit.obj                      84      0         24     
       copy_decompress_lzss.obj      104     0         0      
       fseek.obj                     100     0         0      
       s_frexp.obj                   100     0         0      
       sprintf.obj                   96      0         0      
       boot.obj                      84      0         0      
       ltoa.obj                      84      0         0      
       rand.obj                      76      0         8      
       atoi.obj                      76      0         0      
       cpy_tbl.obj                   76      0         0      
       fd_toi_t2.obj                 72      0         0      
       fd_tou_t2.obj                 68      0         0      
       strncpy.obj                   54      0         0      
       i_tofd_t2.obj                 46      0         0      
       _lock.obj                     20      0         16     
       memchr.obj                    32      0         0      
       u_tofd_t2.obj                 32      0         0      
       memccpy.obj                   28      0         0      
       args_main.obj                 24      0         0      
       strcmp.obj                    24      0         0      
       strchr.obj                    22      0         0      
       s_copysign.obj                20      0         0      
       strcpy.obj                    20      0         0      
       strlen.obj                    20      0         0      
       copy_decompress_none.obj      14      0         0      
       time.obj                      14      0         0      
       copy_zero_init.obj            12      0         0      
       errno.obj                     0       0         8      
       stkdepth_vars.obj             0       0         8      
       mpu_init.obj                  2       0         0      
       startup.obj                   2       0         0      
    +--+-----------------------------+-------+---------+---------+
       Total:                        13158   257       1936   
                                                              
       Heap:                         0       0         4096   
       Stack:                        0       0         1024   
       Linker Generated:             0       201       0      
    +--+-----------------------------+-------+---------+---------+
       Grand Total:                  22678   906       9192   


LINKER GENERATED COPY TABLES

__TI_cinit_table @ 00005c28 records: 2, size/record: 8, table size: 16
	.data: load addr=00005b68, load size=000000a5 bytes, run addr=20000da4, run size=00000252 bytes, compression=lzss
	.bss: load addr=00005c20, load size=00000008 bytes, run addr=20000800, run size=000005a2 bytes, compression=zero_init


LINKER GENERATED HANDLER TABLE

__TI_handler_table @ 00005c10 records: 3, size/record: 4, table size: 12
	index: 0, handler: __TI_decompress_lzss
	index: 1, handler: __TI_decompress_none
	index: 2, handler: __TI_zero_init


GLOBAL SYMBOLS: SORTED ALPHABETICALLY BY Name 

address   name                                      
-------   ----                                      
00003805  ADC14_IRQHandler                          
0000453d  Alarm_Went_Off                            
00005275  C$$EXIT                                   
00004f9b  C$$IO$$                                   
00005985  CPU_cpsie                                 
000056d5  CS_setDCOCenteredFrequency                
000058ad  CS_setExternalClockSourceFrequency        
000059c1  CS_startHFXT                              
000048a1  CS_startHFXTWithTimeout                   
000059c7  CS_startLFXT                              
0000493d  CS_startLFXTWithTimeout                   
00003ae5  CommsInitCoordinator                      
00003ab7  CommsInitNode                             
00005991  EUSCI_A_SPI_enable                        
000059cd  EUSCI_A_SPI_receiveData                   
000059d9  EUSCI_A_SPI_transmitData                  
0000599d  EUSCI_B_SPI_enable                        
000059d3  EUSCI_B_SPI_receiveData                   
000059dd  EUSCI_B_SPI_transmitData                  
00005835  GPIO_getInputPinValue                     
00005765  GPIO_interruptEdgeSelect                  
00005619  GPIO_setAsInputPinWithPullDownResistor    
000056f9  GPIO_setAsOutputPin                       
00005451  GPIO_setAsPeripheralModuleFunctionInputPin
000058c1  GPIO_setOutputHighOnPin                   
0000584d  GPIO_setOutputLowOnPin                    
000058d5  GPIO_toggleOutputOnPin                    
000037f1  Get_Claw                                  
000037e1  Get_Light                                 
000037db  Get_Magnetic                              
00002bf7  HOSTclock                                 
00002bbf  HOSTclose                                 
00002b81  HOSTgetenv                                
00002b25  HOSTlseek                                 
00002ad3  HOSTopen                                  
00002a87  HOSTread                                  
00002a29  HOSTrename                                
000029ef  HOSTtime                                  
000029a1  HOSTtime64                                
00002969  HOSTunlink                                
0000291d  HOSTwrite                                 
000037c7  Init_Claw                                 
000036d5  Init_LightandMagnetic                     
000037cf  Init_Sensors                              
0000405b  Init_SysTick                              
00004fd5  Interrupt_enableInterrupt                 
00005939  Interrupt_enableMaster                    
00001d41  MacCalcDutyCycles                         
00001b09  PORT2_IRQHandler                          
20000d8c  PktReceived                               
00001e25  ProcessJoinReq                            
00001903  RFCheckRfFrequency                        
0000196f  RFGetStatus                               
00001a6d  RFGetSymbolTime                           
000017b9  RFGetTimeOnAir                            
00001979  RFInit                                    
0000190d  RFInitModem                               
000019c1  RFIrqInit                                 
0000178b  RFIsChannelFree                           
00001755  RFRandom                                  
00001333  RFRead                                    
00001703  RFReadBuffer                              
000016e1  RFReadRssi                                
000016b1  RFReset                                   
00001687  RFRxWithDefault                           
0000165d  RFRxWithDefaultContinuous                 
000015e5  RFSend                                    
00001621  RFSendWithDefault                         
00001373  RFSetChannel                              
0000130b  RFSetOpMode                               
0000159d  RFSetRx                                   
000014e1  RFSetRxConfig                             
000014d1  RFSetSleep                                
000014c1  RFSetStby                                 
0000149d  RFSetTx                                   
00001395  RFSetTxConfig                             
00001313  RFStartCad                                
000012d7  RFWrite                                   
00001281  RFWriteBuffer                             
000012cb  RFWriteFifo                               
0000288d  RTC_AlarmHandler                          
0000531d  RTC_C_clearInterruptFlag                  
0000556d  RTC_C_enableInterrupt                     
00005039  RTC_C_getCalendarTime                     
00005499  RTC_C_getEnabledInterruptStatus           
000056a9  RTC_C_getInterruptStatus                  
000051c5  RTC_C_initCalendar                        
0000571d  RTC_C_setCalendarAlarm                    
00005741  RTC_C_startClock                          
00004507  ReceivedPkt                               
UNDEFED   SHT$$INIT_ARRAY$$Base                     
UNDEFED   SHT$$INIT_ARRAY$$Limit                    
00004861  SPISend                                   
0000481f  SPI_Read                                  
00005801  SPI_enableModule                          
00004ba5  SPI_initMaster                            
0000581b  SPI_receiveData                           
00005785  SPI_transmitData                          
00001de9  SendAck                                   
000020d9  SendJoinResult                            
00001ddb  SendModeChange                            
00001d9d  SendNAck                                  
0000403d  Set_Alarm                                 
00005949  SysCtl_disableNMISource                   
00005959  SysCtl_enableNMISource                    
000059a9  SysCtl_getNMISourceStatus                 
00003ff7  SysTick_Handler                           
20000fec  SystemCoreClock                           
0000337f  SystemCoreClockUpdate                     
0000332d  SystemInit                                
00003279  UARTA0_Handler                            
20000b24  UARTBuffer                                
00003203  UARTSend                                  
0000319f  UARTSendRssi                              
00003141  UARTinit                                  
20000d90  UARTrx                                    
00001d5f  VelaMacInit                               
00001d3d  VelaMacReport                             
00001d11  VelaMacRetrieveListOfNodes                
00003c29  VelaNwkInitialization                     
00003bed  VelaNwkReport                             
4000480c  WDTCTL_SYM                                
20000800  __CIOBUF_                                 
20010000  __STACK_END                               
00000200  __STACK_SIZE                              
00000800  __SYSMEM_SIZE                             
00005c28  __TI_CINIT_Base                           
00005c38  __TI_CINIT_Limit                          
00005c10  __TI_Handler_Table_Base                   
00005c1c  __TI_Handler_Table_Limit                  
00004e25  __TI_auto_init                            
000035d9  __TI_cleanup                              
20000fb8  __TI_cleanup_ptr                          
00004a75  __TI_closefile                            
00004f05  __TI_decompress_lzss                      
00005969  __TI_decompress_none                      
0000468d  __TI_doflush                              
20000fbc  __TI_dtors_ptr                            
20000fc0  __TI_enable_exit_profile_output           
20000fa8  __TI_ft_end                               
ffffffff  __TI_pprof_out_hndl                       
00000985  __TI_printfi                              
ffffffff  __TI_prof_data_size                       
ffffffff  __TI_prof_data_start                      
000047b7  __TI_rd_ok                                
00004f9f  __TI_readmsg                              
00000000  __TI_static_base__                        
20000c24  __TI_tmpnams                              
00004f6d  __TI_writemsg                             
00004755  __TI_wrt_ok                               
000059b5  __TI_zero_init                            
00004c2d  __aeabi_cdcmpeq                           
00004c2d  __aeabi_cdcmple                           
00004cb3  __aeabi_cdrcmple                          
000054e1  __aeabi_d2iz                              
00005529  __aeabi_d2uiz                             
0000389f  __aeabi_dadd                              
00003d6d  __aeabi_ddiv                              
000040e9  __aeabi_dmul                              
00003895  __aeabi_dsub                              
00005679  __aeabi_i2d                               
00004d39  __aeabi_memclr                            
00004d39  __aeabi_memclr4                           
00004d39  __aeabi_memclr8                           
000049d9  __aeabi_memcpy                            
000049d9  __aeabi_memcpy4                           
000049d9  __aeabi_memcpy8                           
00004d3b  __aeabi_memset                            
00004d3b  __aeabi_memset4                           
00004d3b  __aeabi_memset8                           
20000fb4  __aeabi_stderr                            
20000fac  __aeabi_stdin                             
20000fb0  __aeabi_stdout                            
000057c5  __aeabi_ui2d                              
00002f4d  __aeabi_uldivmod                          
ffffffff  __binit__                                 
ffffffff  __c_args__                                
0000127f  __mpu_init                                
2000fe00  __stack                                   
00005977  __time32                                  
00005865  _args_main                                
00005221  _c_int00                                  
000059e0  _ctypes_                                  
20000da4  _ftable                                   
20000f98  _hTime                                    
20000fd0  _lock                                     
20000f97  _mTime                                    
20000f94  _msTime                                   
000058f7  _nop                                      
000058ef  _register_lock                            
000058e9  _register_unlock                          
20000f96  _sTime                                    
20000000  _sys_memory                               
00003a4b  _system_post_cinit                        
000044fb  _system_pre_init                          
20000f9c  _totalms                                  
20000fd4  _unlock                                   
00005279  abort                                     
00002ea1  add_device                                
20000fa4  alarmIn                                   
20000fa0  alarmSet                                  
0000536d  atoi                                      
20000ff5  awake                                     
ffffffff  binit                                     
20000d94  callback                                  
000025bd  calloc                                    
000042e1  ceil                                      
000042e1  ceill                                     
00002e51  close                                     
000053b9  copy_in                                   
000058fd  copysign                                  
000058fd  copysignl                                 
0000286d  debug_print_pkt                           
00003fdf  delay_ms                                  
20000fdc  errno                                     
00005281  exit                                      
00004adb  fclose                                    
000046d9  fflush                                    
000043d9  floor                                     
000043d9  floorl                                    
0000362f  fopen                                     
00004b0d  fputc                                     
00003ea5  fputs                                     
00002307  free                                      
00003605  freopen                                   
00005101  frexp                                     
00005101  frexpl                                    
0000509d  fseek                                     
00003fd9  getTotal_ms                               
000025ed  initCalendar                              
000027f5  initClocks                                
00002649  initPeripherals                           
00002623  initPorts                                 
00004801  initSPI                                   
00000000  interruptVectors                          
20000d86  lastLight                                 
20000da0  lastMagnetic                              
000041e5  ldexp                                     
000041e5  ldexpl                                    
00002e2d  lseek                                     
000052c9  ltoa                                      
000044d1  main                                      
20000fe8  main_func_sp                              
0000229d  malloc                                    
000024d1  memalign                                  
000057e5  memccpy                                   
000057a5  memchr                                    
000049d9  memcpy                                    
00004d41  memset                                    
0000221d  minit                                     
00002d7f  open                                      
00004e9d  printf                                    
00004b0d  putc                                      
00004b91  putchar                                   
00003fb1  puts                                      
0000541b  rand                                      
00002d5b  read                                      
000023c9  realloc                                   
00002cd1  remove                                    
00002d33  remove_device                             
00002cf5  rename                                    
20000fd8  rxAvailable                               
000041e5  scalbn                                    
000041e5  scalbnl                                   
000045b1  setvbuf                                   
00002677  sleepFor                                  
00005b48  spiMasterConfig                           
00005165  sprintf                                   
00005405  srand                                     
00005895  strchr                                    
0000587d  strcmp                                    
00005911  strcpy                                    
00005925  strlen                                    
000055ad  strncpy                                   
00005977  time                                      
00005b24  uartConfig                                
00002cd1  unlink                                    
00002c41  write                                     


GLOBAL SYMBOLS: SORTED BY Symbol Address 

address   name                                      
-------   ----                                      
00000000  __TI_static_base__                        
00000000  interruptVectors                          
00000200  __STACK_SIZE                              
00000800  __SYSMEM_SIZE                             
00000985  __TI_printfi                              
0000127f  __mpu_init                                
00001281  RFWriteBuffer                             
000012cb  RFWriteFifo                               
000012d7  RFWrite                                   
0000130b  RFSetOpMode                               
00001313  RFStartCad                                
00001333  RFRead                                    
00001373  RFSetChannel                              
00001395  RFSetTxConfig                             
0000149d  RFSetTx                                   
000014c1  RFSetStby                                 
000014d1  RFSetSleep                                
000014e1  RFSetRxConfig                             
0000159d  RFSetRx                                   
000015e5  RFSend                                    
00001621  RFSendWithDefault                         
0000165d  RFRxWithDefaultContinuous                 
00001687  RFRxWithDefault                           
000016b1  RFReset                                   
000016e1  RFReadRssi                                
00001703  RFReadBuffer                              
00001755  RFRandom                                  
0000178b  RFIsChannelFree                           
000017b9  RFGetTimeOnAir                            
00001903  RFCheckRfFrequency                        
0000190d  RFInitModem                               
0000196f  RFGetStatus                               
00001979  RFInit                                    
000019c1  RFIrqInit                                 
00001a6d  RFGetSymbolTime                           
00001b09  PORT2_IRQHandler                          
00001d11  VelaMacRetrieveListOfNodes                
00001d3d  VelaMacReport                             
00001d41  MacCalcDutyCycles                         
00001d5f  VelaMacInit                               
00001d9d  SendNAck                                  
00001ddb  SendModeChange                            
00001de9  SendAck                                   
00001e25  ProcessJoinReq                            
000020d9  SendJoinResult                            
0000221d  minit                                     
0000229d  malloc                                    
00002307  free                                      
000023c9  realloc                                   
000024d1  memalign                                  
000025bd  calloc                                    
000025ed  initCalendar                              
00002623  initPorts                                 
00002649  initPeripherals                           
00002677  sleepFor                                  
000027f5  initClocks                                
0000286d  debug_print_pkt                           
0000288d  RTC_AlarmHandler                          
0000291d  HOSTwrite                                 
00002969  HOSTunlink                                
000029a1  HOSTtime64                                
000029ef  HOSTtime                                  
00002a29  HOSTrename                                
00002a87  HOSTread                                  
00002ad3  HOSTopen                                  
00002b25  HOSTlseek                                 
00002b81  HOSTgetenv                                
00002bbf  HOSTclose                                 
00002bf7  HOSTclock                                 
00002c41  write                                     
00002cd1  remove                                    
00002cd1  unlink                                    
00002cf5  rename                                    
00002d33  remove_device                             
00002d5b  read                                      
00002d7f  open                                      
00002e2d  lseek                                     
00002e51  close                                     
00002ea1  add_device                                
00002f4d  __aeabi_uldivmod                          
00003141  UARTinit                                  
0000319f  UARTSendRssi                              
00003203  UARTSend                                  
00003279  UARTA0_Handler                            
0000332d  SystemInit                                
0000337f  SystemCoreClockUpdate                     
000035d9  __TI_cleanup                              
00003605  freopen                                   
0000362f  fopen                                     
000036d5  Init_LightandMagnetic                     
000037c7  Init_Claw                                 
000037cf  Init_Sensors                              
000037db  Get_Magnetic                              
000037e1  Get_Light                                 
000037f1  Get_Claw                                  
00003805  ADC14_IRQHandler                          
00003895  __aeabi_dsub                              
0000389f  __aeabi_dadd                              
00003a4b  _system_post_cinit                        
00003ab7  CommsInitNode                             
00003ae5  CommsInitCoordinator                      
00003bed  VelaNwkReport                             
00003c29  VelaNwkInitialization                     
00003d6d  __aeabi_ddiv                              
00003ea5  fputs                                     
00003fb1  puts                                      
00003fd9  getTotal_ms                               
00003fdf  delay_ms                                  
00003ff7  SysTick_Handler                           
0000403d  Set_Alarm                                 
0000405b  Init_SysTick                              
000040e9  __aeabi_dmul                              
000041e5  ldexp                                     
000041e5  ldexpl                                    
000041e5  scalbn                                    
000041e5  scalbnl                                   
000042e1  ceil                                      
000042e1  ceill                                     
000043d9  floor                                     
000043d9  floorl                                    
000044d1  main                                      
000044fb  _system_pre_init                          
00004507  ReceivedPkt                               
0000453d  Alarm_Went_Off                            
000045b1  setvbuf                                   
0000468d  __TI_doflush                              
000046d9  fflush                                    
00004755  __TI_wrt_ok                               
000047b7  __TI_rd_ok                                
00004801  initSPI                                   
0000481f  SPI_Read                                  
00004861  SPISend                                   
000048a1  CS_startHFXTWithTimeout                   
0000493d  CS_startLFXTWithTimeout                   
000049d9  __aeabi_memcpy                            
000049d9  __aeabi_memcpy4                           
000049d9  __aeabi_memcpy8                           
000049d9  memcpy                                    
00004a75  __TI_closefile                            
00004adb  fclose                                    
00004b0d  fputc                                     
00004b0d  putc                                      
00004b91  putchar                                   
00004ba5  SPI_initMaster                            
00004c2d  __aeabi_cdcmpeq                           
00004c2d  __aeabi_cdcmple                           
00004cb3  __aeabi_cdrcmple                          
00004d39  __aeabi_memclr                            
00004d39  __aeabi_memclr4                           
00004d39  __aeabi_memclr8                           
00004d3b  __aeabi_memset                            
00004d3b  __aeabi_memset4                           
00004d3b  __aeabi_memset8                           
00004d41  memset                                    
00004e25  __TI_auto_init                            
00004e9d  printf                                    
00004f05  __TI_decompress_lzss                      
00004f6d  __TI_writemsg                             
00004f9b  C$$IO$$                                   
00004f9f  __TI_readmsg                              
00004fd5  Interrupt_enableInterrupt                 
00005039  RTC_C_getCalendarTime                     
0000509d  fseek                                     
00005101  frexp                                     
00005101  frexpl                                    
00005165  sprintf                                   
000051c5  RTC_C_initCalendar                        
00005221  _c_int00                                  
00005275  C$$EXIT                                   
00005279  abort                                     
00005281  exit                                      
000052c9  ltoa                                      
0000531d  RTC_C_clearInterruptFlag                  
0000536d  atoi                                      
000053b9  copy_in                                   
00005405  srand                                     
0000541b  rand                                      
00005451  GPIO_setAsPeripheralModuleFunctionInputPin
00005499  RTC_C_getEnabledInterruptStatus           
000054e1  __aeabi_d2iz                              
00005529  __aeabi_d2uiz                             
0000556d  RTC_C_enableInterrupt                     
000055ad  strncpy                                   
00005619  GPIO_setAsInputPinWithPullDownResistor    
00005679  __aeabi_i2d                               
000056a9  RTC_C_getInterruptStatus                  
000056d5  CS_setDCOCenteredFrequency                
000056f9  GPIO_setAsOutputPin                       
0000571d  RTC_C_setCalendarAlarm                    
00005741  RTC_C_startClock                          
00005765  GPIO_interruptEdgeSelect                  
00005785  SPI_transmitData                          
000057a5  memchr                                    
000057c5  __aeabi_ui2d                              
000057e5  memccpy                                   
00005801  SPI_enableModule                          
0000581b  SPI_receiveData                           
00005835  GPIO_getInputPinValue                     
0000584d  GPIO_setOutputLowOnPin                    
00005865  _args_main                                
0000587d  strcmp                                    
00005895  strchr                                    
000058ad  CS_setExternalClockSourceFrequency        
000058c1  GPIO_setOutputHighOnPin                   
000058d5  GPIO_toggleOutputOnPin                    
000058e9  _register_unlock                          
000058ef  _register_lock                            
000058f7  _nop                                      
000058fd  copysign                                  
000058fd  copysignl                                 
00005911  strcpy                                    
00005925  strlen                                    
00005939  Interrupt_enableMaster                    
00005949  SysCtl_disableNMISource                   
00005959  SysCtl_enableNMISource                    
00005969  __TI_decompress_none                      
00005977  __time32                                  
00005977  time                                      
00005985  CPU_cpsie                                 
00005991  EUSCI_A_SPI_enable                        
0000599d  EUSCI_B_SPI_enable                        
000059a9  SysCtl_getNMISourceStatus                 
000059b5  __TI_zero_init                            
000059c1  CS_startHFXT                              
000059c7  CS_startLFXT                              
000059cd  EUSCI_A_SPI_receiveData                   
000059d3  EUSCI_B_SPI_receiveData                   
000059d9  EUSCI_A_SPI_transmitData                  
000059dd  EUSCI_B_SPI_transmitData                  
000059e0  _ctypes_                                  
00005b24  uartConfig                                
00005b48  spiMasterConfig                           
00005c10  __TI_Handler_Table_Base                   
00005c1c  __TI_Handler_Table_Limit                  
00005c28  __TI_CINIT_Base                           
00005c38  __TI_CINIT_Limit                          
20000000  _sys_memory                               
20000800  __CIOBUF_                                 
20000b24  UARTBuffer                                
20000c24  __TI_tmpnams                              
20000d86  lastLight                                 
20000d8c  PktReceived                               
20000d90  UARTrx                                    
20000d94  callback                                  
20000da0  lastMagnetic                              
20000da4  _ftable                                   
20000f94  _msTime                                   
20000f96  _sTime                                    
20000f97  _mTime                                    
20000f98  _hTime                                    
20000f9c  _totalms                                  
20000fa0  alarmSet                                  
20000fa4  alarmIn                                   
20000fa8  __TI_ft_end                               
20000fac  __aeabi_stdin                             
20000fb0  __aeabi_stdout                            
20000fb4  __aeabi_stderr                            
20000fb8  __TI_cleanup_ptr                          
20000fbc  __TI_dtors_ptr                            
20000fc0  __TI_enable_exit_profile_output           
20000fd0  _lock                                     
20000fd4  _unlock                                   
20000fd8  rxAvailable                               
20000fdc  errno                                     
20000fe8  main_func_sp                              
20000fec  SystemCoreClock                           
20000ff5  awake                                     
2000fe00  __stack                                   
20010000  __STACK_END                               
4000480c  WDTCTL_SYM                                
ffffffff  __TI_pprof_out_hndl                       
ffffffff  __TI_prof_data_size                       
ffffffff  __TI_prof_data_start                      
ffffffff  __binit__                                 
ffffffff  __c_args__                                
ffffffff  binit                                     
UNDEFED   SHT$$INIT_ARRAY$$Base                     
UNDEFED   SHT$$INIT_ARRAY$$Limit                    

[278 symbols]
