******************************************************************************
                  TI ARM Linker PC v16.9.1                     
******************************************************************************
>> Linked Thu Aug 24 12:28:17 2017

OUTPUT FILE NAME:   <Velapulsar.out>
ENTRY POINT SYMBOL: "_c_int00"  address: 000056b9


MEMORY CONFIGURATION

         name            origin    length      used     unused   attr    fill
----------------------  --------  ---------  --------  --------  ----  --------
  MAIN                  00000000   00040000  0000609c  00039f64  R  X
  INFO                  00200000   00004000  00000000  00004000  R  X
  SRAM_CODE             01000000   00010000  00001235  0000edcb  RW X
  SRAM_DATA             20000000   00010000  00001235  0000edcb  RW  


SEGMENT ALLOCATION MAP

run origin  load origin   length   init length attrs members
----------  ----------- ---------- ----------- ----- -------
00000000    00000000    000060a0   000060a0    r-x
  00000000    00000000    00000140   00000140    r-- .intvecs
  00000140    00000140    00005d08   00005d08    r-x .text
  00005e48    00005e48    00000184   00000184    r-- .const
  00005fd0    00005fd0    000000d0   000000d0    r-- .cinit
20000000    20000000    00001036   00000000    rw-
  20000000    20000000    00000800   00000000    rw- .sysmem
  20000800    20000800    000005e3   00000000    rw- .bss
  20000de4    20000de4    00000252   00000000    rw- .data
2000fe00    2000fe00    00000200   00000000    rw-
  2000fe00    2000fe00    00000200   00000000    rw- .stack


SECTION ALLOCATION MAP

 output                                  attributes/
section   page    origin      length       input sections
--------  ----  ----------  ----------   ----------------
.intvecs   0    00000000    00000140     
                  00000000    00000140     startup_msp432p401r_ccs.obj (.intvecs:retain)

.binit     0    00000000    00000000     

.text      0    00000140    00005d08     
                  00000140    0000113e     rtsv7M4_T_le_v4SPD16_eabi.lib : _printfi.obj (.text)
                  0000127e    00000002                                   : mpu_init.obj (.text)
                  00001280    00000a90     rf95.obj (.text)
                  00001d10    0000077c     velapulsar_mac.obj (.text)
                  0000248c    000003d0     rtsv7M4_T_le_v4SPD16_eabi.lib : memory.obj (.text)
                  0000285c    00000348     velapulsar.obj (.text)
                  00002ba4    00000324     rtsv7M4_T_le_v4SPD16_eabi.lib : trgdrv.obj (.text)
                  00002ec8    0000030c                                   : lowlev.obj (.text)
                  000031d4    00000270     comms_interface.obj (.text)
                  00003444    0000025c     velapulsar_nwk.obj (.text)
                  000036a0    0000022c     UART_interface.obj (.text)
                  000038cc    000001f4     rtsv7M4_T_le_v4SPD16_eabi.lib : ull_div_t2.obj (.text)
                  00003ac0    000001e4     system_msp432p401r.obj (.text)
                  00003ca4    000001c4     rtsv7M4_T_le_v4SPD16_eabi.lib : fopen.obj (.text)
                  00003e68    000001b6                                   : fd_add_t2.obj (.text)
                  0000401e    00000002                                   : startup.obj (.text)
                  00004020    00000184     delay.obj (.text)
                  000041a4    00000184     sensor_interface.obj (.text)
                  00004328    00000136     rtsv7M4_T_le_v4SPD16_eabi.lib : fd_div_t2.obj (.text)
                  0000445e    00000002     --HOLE-- [fill = 0]
                  00004460    00000134                                   : fputs.obj (.text)
                  00004594    000000fc                                   : fd_mul_t2.obj (.text)
                  00004690    000000fc                                   : s_scalbn.obj (.text)
                  0000478c    000000f8                                   : s_ceil.obj (.text)
                  00004884    000000f8                                   : s_floor.obj (.text)
                  0000497c    000000dc                                   : setvbuf.obj (.text)
                  00004a58    000000cc     Coordinator_main.obj (.text)
                  00004b24    000000c8     rtsv7M4_T_le_v4SPD16_eabi.lib : fflush.obj (.text)
                  00004bec    000000ac                                   : _io_perm.obj (.text)
                  00004c98    000000a0     spi_interface.obj (.text)
                  00004d38    0000009c     msp432p4xx_driverlib.lib : cs.o (.text:CS_startHFXTWithTimeout)
                  00004dd4    0000009c                              : cs.o (.text:CS_startLFXTWithTimeout)
                  00004e70    0000009c     rtsv7M4_T_le_v4SPD16_eabi.lib : memcpy_t2.obj (.text)
                  00004f0c    00000098                                   : fclose.obj (.text)
                  00004fa4    00000098                                   : fputc.obj (.text)
                  0000503c    00000088     msp432p4xx_driverlib.lib : spi.o (.text:SPI_initMaster)
                  000050c4    00000086     rtsv7M4_T_le_v4SPD16_eabi.lib : fd_cmp_t2.obj (.text:__aeabi_cdcmple)
                  0000514a    00000086                                   : fd_cmp_t2.obj (.text:__aeabi_cdrcmple)
                  000051d0    0000007a                                   : memset_t2.obj (.text)
                  0000524a    00000002     --HOLE-- [fill = 0]
                  0000524c    00000070     msp432p4xx_driverlib.lib : cs.o (.text:_CSGetHFXTFrequency)
                  000052bc    00000070     rtsv7M4_T_le_v4SPD16_eabi.lib : autoinit.obj (.text)
                  0000532c    00000070                                   : printf.obj (.text)
                  0000539c    00000068                                   : copy_decompress_lzss.obj (.text:decompress:lzss)
                  00005404    00000068                                   : trgmsg.obj (.text)
                  0000546c    00000064     msp432p4xx_driverlib.lib : interrupt.o (.text:Interrupt_enableInterrupt)
                  000054d0    00000064                              : rtc_c.o (.text:RTC_C_getCalendarTime)
                  00005534    00000064     rtsv7M4_T_le_v4SPD16_eabi.lib : fseek.obj (.text)
                  00005598    00000064                                   : s_frexp.obj (.text)
                  000055fc    00000060                                   : sprintf.obj (.text)
                  0000565c    0000005c     msp432p4xx_driverlib.lib : rtc_c.o (.text:RTC_C_initCalendar)
                  000056b8    00000054     rtsv7M4_T_le_v4SPD16_eabi.lib : boot.obj (.text)
                  0000570c    00000054                                   : exit.obj (.text)
                  00005760    00000054                                   : ltoa.obj (.text)
                  000057b4    00000050     msp432p4xx_driverlib.lib : rtc_c.o (.text:RTC_C_clearInterruptFlag)
                  00005804    0000004c     rtsv7M4_T_le_v4SPD16_eabi.lib : atoi.obj (.text)
                  00005850    0000004c                                   : cpy_tbl.obj (.text)
                  0000589c    0000004c                                   : rand.obj (.text)
                  000058e8    00000048     msp432p4xx_driverlib.lib : gpio.o (.text:GPIO_setAsPeripheralModuleFunctionInputPin)
                  00005930    00000048                              : rtc_c.o (.text:RTC_C_getEnabledInterruptStatus)
                  00005978    00000048     rtsv7M4_T_le_v4SPD16_eabi.lib : fd_toi_t2.obj (.text)
                  000059c0    00000044                                   : fd_tou_t2.obj (.text)
                  00005a04    00000040     msp432p4xx_driverlib.lib : rtc_c.o (.text:RTC_C_enableInterrupt)
                  00005a44    00000036     rtsv7M4_T_le_v4SPD16_eabi.lib : strncpy.obj (.text)
                  00005a7a    00000002     --HOLE-- [fill = 0]
                  00005a7c    00000034     startup_msp432p401r_ccs.obj (.text)
                  00005ab0    00000030     msp432p4xx_driverlib.lib : spi.o (.text:is_A_Module)
                  00005ae0    0000002e     rtsv7M4_T_le_v4SPD16_eabi.lib : i_tofd_t2.obj (.text)
                  00005b0e    00000002     --HOLE-- [fill = 0]
                  00005b10    0000002c     msp432p4xx_driverlib.lib : rtc_c.o (.text:RTC_C_getInterruptStatus)
                  00005b3c    00000024                              : cs.o (.text:CS_setDCOCenteredFrequency)
                  00005b60    00000024                              : gpio.o (.text:GPIO_setAsOutputPin)
                  00005b84    00000024                              : rtc_c.o (.text:RTC_C_setCalendarAlarm)
                  00005ba8    00000024                              : rtc_c.o (.text:RTC_C_startClock)
                  00005bcc    00000020                              : gpio.o (.text:GPIO_interruptEdgeSelect)
                  00005bec    00000020                              : spi.o (.text:SPI_transmitData)
                  00005c0c    00000020     rtsv7M4_T_le_v4SPD16_eabi.lib : memchr.obj (.text)
                  00005c2c    00000020                                   : u_tofd_t2.obj (.text)
                  00005c4c    0000001c                                   : memccpy.obj (.text)
                  00005c68    0000001a     msp432p4xx_driverlib.lib : spi.o (.text:SPI_enableModule)
                  00005c82    0000001a                              : spi.o (.text:SPI_receiveData)
                  00005c9c    00000018                              : gpio.o (.text:GPIO_getInputPinValue)
                  00005cb4    00000018                              : gpio.o (.text:GPIO_setOutputLowOnPin)
                  00005ccc    00000018     rtsv7M4_T_le_v4SPD16_eabi.lib : args_main.obj (.text)
                  00005ce4    00000018                                   : strcmp.obj (.text)
                  00005cfc    00000016                                   : strchr.obj (.text)
                  00005d12    00000002     --HOLE-- [fill = 0]
                  00005d14    00000014     msp432p4xx_driverlib.lib : cs.o (.text:CS_setExternalClockSourceFrequency)
                  00005d28    00000014                              : gpio.o (.text:GPIO_setOutputHighOnPin)
                  00005d3c    00000014                              : gpio.o (.text:GPIO_toggleOutputOnPin)
                  00005d50    00000014     rtsv7M4_T_le_v4SPD16_eabi.lib : _lock.obj (.text)
                  00005d64    00000014                                   : s_copysign.obj (.text)
                  00005d78    00000014                                   : strcpy.obj (.text)
                  00005d8c    00000014                                   : strlen.obj (.text)
                  00005da0    00000010     msp432p4xx_driverlib.lib : interrupt.o (.text:Interrupt_enableMaster)
                  00005db0    00000010                              : sysctl.o (.text:SysCtl_disableNMISource)
                  00005dc0    00000010                              : sysctl.o (.text:SysCtl_enableNMISource)
                  00005dd0    0000000e     rtsv7M4_T_le_v4SPD16_eabi.lib : copy_decompress_none.obj (.text:decompress:none)
                  00005dde    0000000e                                   : time.obj (.text)
                  00005dec    0000000c     msp432p4xx_driverlib.lib : cpu.o (.text:CPU_cpsie)
                  00005df8    0000000c                              : spi.o (.text:EUSCI_A_SPI_enable)
                  00005e04    0000000c                              : spi.o (.text:EUSCI_B_SPI_enable)
                  00005e10    0000000c                              : sysctl.o (.text:SysCtl_getNMISourceStatus)
                  00005e1c    0000000c     rtsv7M4_T_le_v4SPD16_eabi.lib : copy_zero_init.obj (.text:decompress:ZI)
                  00005e28    00000006     msp432p4xx_driverlib.lib : cs.o (.text:CS_startHFXT)
                  00005e2e    00000006                              : cs.o (.text:CS_startLFXT)
                  00005e34    00000006                              : spi.o (.text:EUSCI_A_SPI_receiveData)
                  00005e3a    00000006                              : spi.o (.text:EUSCI_B_SPI_receiveData)
                  00005e40    00000004                              : spi.o (.text:EUSCI_A_SPI_transmitData)
                  00005e44    00000004                              : spi.o (.text:EUSCI_B_SPI_transmitData)

.const     0    00005e48    00000184     
                  00005e48    00000101     rtsv7M4_T_le_v4SPD16_eabi.lib : ctype.obj (.const:.string:_ctypes_)
                  00005f49    00000003     --HOLE-- [fill = 0]
                  00005f4c    00000040     msp432p4xx_driverlib.lib : interrupt.o (.const)
                  00005f8c    00000024     UART_interface.obj (.const:uartConfig)
                  00005fb0    0000001c     spi_interface.obj (.const:spiMasterConfig)

.cinit     0    00005fd0    000000d0     
                  00005fd0    000000a7     (.cinit..data.load) [load image, compression = lzss]
                  00006077    00000001     --HOLE-- [fill = 0]
                  00006078    0000000c     (__TI_handler_table)
                  00006084    00000004     --HOLE-- [fill = 0]
                  00006088    00000008     (.cinit..bss.load) [load image, compression = zero_init]
                  00006090    00000010     (__TI_cinit_table)

.init_array 
*          0    00000000    00000000     UNINITIALIZED

.sysmem    0    20000000    00000800     UNINITIALIZED
                  20000000    00000008     rtsv7M4_T_le_v4SPD16_eabi.lib : memory.obj (.sysmem)
                  20000008    000007f8     --HOLE--

.bss       0    20000800    000005e3     UNINITIALIZED
                  20000800    00000120     rtsv7M4_T_le_v4SPD16_eabi.lib : trgmsg.obj (.bss:_CIOBUF_)
                  20000920    00000104     velapulsar_mac.obj (.bss:connectedNodes)
                  20000a24    00000100     rf95.obj (.bss:RxTxBuffer)
                  20000b24    00000100     (.common:UARTBuffer)
                  20000c24    000000a0     (.common:__TI_tmpnams)
                  20000cc4    0000002c     rf95.obj (.bss:settings)
                  20000cf0    00000024     velapulsar_nwk.obj (.bss:macEvents)
                  20000d14    00000024     comms_interface.obj (.bss:nwkEvents)
                  20000d38    0000001c     velapulsar.obj (.bss:calendarTime)
                  20000d54    0000001c     velapulsar_mac.obj (.bss:radioEvents)
                  20000d70    00000018     velapulsar_mac.obj (.bss)
                  20000d88    00000010     velapulsar_mac.obj (.bss:appPkt)
                  20000d98    0000000d     velapulsar_mac.obj (.bss:repPkt)
                  20000da5    0000000b     velapulsar_mac.obj (.bss:joinReqPkt)
                  20000db0    00000008     rtsv7M4_T_le_v4SPD16_eabi.lib : trgdrv.obj (.bss:parmbuf)
                  20000db8    00000008     rf95.obj (.bss)
                  20000dc0    00000004     velapulsar_nwk.obj (.bss)
                  20000dc4    00000004     (.common:AlarmWentOff)
                  20000dc8    00000004     (.common:PktReceived)
                  20000dcc    00000004     (.common:UARTrx)
                  20000dd0    00000004     (.common:hfxtFreq)
                  20000dd4    00000004     (.common:lfxtFreq)
                  20000dd8    00000004     (.common:tickFrequency)
                  20000ddc    00000002     (.common:lastCapicitive)
                  20000dde    00000002     (.common:lastInductive)
                  20000de0    00000002     (.common:lastLight)
                  20000de2    00000001     comms_interface.obj (.bss)

.data      0    20000de4    00000252     UNINITIALIZED
                  20000de4    000000f0     rtsv7M4_T_le_v4SPD16_eabi.lib : defs.obj (.data:_ftable)
                  20000ed4    000000d0                                   : lowlev.obj (.data:$O1$$)
                  20000fa4    00000030     msp432p4xx_driverlib.lib : gpio.o (.data:GPIO_PORT_TO_BASE)
                  20000fd4    00000014     delay.obj (.data)
                  20000fe8    00000010     rtsv7M4_T_le_v4SPD16_eabi.lib : defs.obj (.data)
                  20000ff8    0000000c                                   : exit.obj (.data:$O1$$)
                  20001004    0000000c                                   : memory.obj (.data:$O1$$)
                  20001010    00000008                                   : _lock.obj (.data:$O1$$)
                  20001018    00000004     UART_interface.obj (.data)
                  2000101c    00000004     rtsv7M4_T_le_v4SPD16_eabi.lib : errno.obj (.data)
                  20001020    00000004                                   : fopen.obj (.data)
                  20001024    00000004                                   : rand.obj (.data)
                  20001028    00000004                                   : stkdepth_vars.obj (.data)
                  2000102c    00000004     system_msp432p401r.obj (.data)
                  20001030    00000004     velapulsar_mac.obj (.data)
                  20001034    00000001     Coordinator_main.obj (.data)
                  20001035    00000001     velapulsar.obj (.data)

.stack     0    2000fe00    00000200     UNINITIALIZED
                  2000fe00    00000200     --HOLE--

MODULE SUMMARY

       Module                        code    ro data   rw data
       ------                        ----    -------   -------
    .\
       system_msp432p401r.obj        484     0         8      
       startup_msp432p401r_ccs.obj   52      320       0      
       Coordinator_main.obj          204     0         30     
    +--+-----------------------------+-------+---------+---------+
       Total:                        740     320       38     
                                                              
    .\Libraries\Mac\
       velapulsar_mac.obj            1916    0         712    
    +--+-----------------------------+-------+---------+---------+
       Total:                        1916    0         712    
                                                              
    .\Libraries\Nwk\
       velapulsar_nwk.obj            604     0         80     
    +--+-----------------------------+-------+---------+---------+
       Total:                        604     0         80     
                                                              
    .\Libraries\RF95\
       rf95.obj                      2704    0         616    
       delay.obj                     388     0         56     
       spi_interface.obj             160     28        0      
    +--+-----------------------------+-------+---------+---------+
       Total:                        3252    28        672    
                                                              
    .\Libraries\UART\
       UART_interface.obj            556     36        520    
    +--+-----------------------------+-------+---------+---------+
       Total:                        556     36        520    
                                                              
    .\Libraries\Velapulsar\
       velapulsar.obj                840     0         58     
       comms_interface.obj           624     0         74     
       sensor_interface.obj          388     0         0      
    +--+-----------------------------+-------+---------+---------+
       Total:                        1852    0         132    
                                                              
    C:/ti/msp/msp432ware__3.50.00.02/driverlib/driverlib/MSP432P4xx/ccs/msp432p4xx_driverlib.lib
       rtc_c.o                       524     0         0      
       cs.o                          492     0         16     
       gpio.o                        228     0         96     
       spi.o                         312     0         0      
       interrupt.o                   116     64        0      
       sysctl.o                      44      0         0      
       cpu.o                         12      0         0      
    +--+-----------------------------+-------+---------+---------+
       Total:                        1728    64        112    
                                                              
    C:\ti\ccsv7\tools\compiler\ti-cgt-arm_16.9.1.LTS\lib\rtsv7M4_T_le_v4SPD16_eabi.lib
       _printfi.obj                  4414    0         0      
       lowlev.obj                    780     0         416    
       memory.obj                    976     0         24     
       defs.obj                      0       0         832    
       trgdrv.obj                    804     0         16     
       trgmsg.obj                    104     0         576    
       ull_div_t2.obj                500     0         0      
       fopen.obj                     452     0         8      
       fd_add_t2.obj                 438     0         0      
       fd_div_t2.obj                 310     0         0      
       fputs.obj                     308     0         0      
       fd_cmp_t2.obj                 268     0         0      
       ctype.obj                     0       257       0      
       fd_mul_t2.obj                 252     0         0      
       s_scalbn.obj                  252     0         0      
       s_ceil.obj                    248     0         0      
       s_floor.obj                   248     0         0      
       setvbuf.obj                   220     0         0      
       fflush.obj                    200     0         0      
       _io_perm.obj                  172     0         0      
       memcpy_t2.obj                 156     0         0      
       fclose.obj                    152     0         0      
       fputc.obj                     152     0         0      
       memset_t2.obj                 122     0         0      
       autoinit.obj                  112     0         0      
       printf.obj                    112     0         0      
       exit.obj                      84      0         24     
       copy_decompress_lzss.obj      104     0         0      
       fseek.obj                     100     0         0      
       s_frexp.obj                   100     0         0      
       sprintf.obj                   96      0         0      
       boot.obj                      84      0         0      
       ltoa.obj                      84      0         0      
       rand.obj                      76      0         8      
       atoi.obj                      76      0         0      
       cpy_tbl.obj                   76      0         0      
       fd_toi_t2.obj                 72      0         0      
       fd_tou_t2.obj                 68      0         0      
       strncpy.obj                   54      0         0      
       i_tofd_t2.obj                 46      0         0      
       _lock.obj                     20      0         16     
       memchr.obj                    32      0         0      
       u_tofd_t2.obj                 32      0         0      
       memccpy.obj                   28      0         0      
       args_main.obj                 24      0         0      
       strcmp.obj                    24      0         0      
       strchr.obj                    22      0         0      
       s_copysign.obj                20      0         0      
       strcpy.obj                    20      0         0      
       strlen.obj                    20      0         0      
       copy_decompress_none.obj      14      0         0      
       time.obj                      14      0         0      
       copy_zero_init.obj            12      0         0      
       errno.obj                     0       0         8      
       stkdepth_vars.obj             0       0         8      
       mpu_init.obj                  2       0         0      
       startup.obj                   2       0         0      
    +--+-----------------------------+-------+---------+---------+
       Total:                        13158   257       1936   
                                                              
       Heap:                         0       0         4096   
       Stack:                        0       0         1024   
       Linker Generated:             0       203       0      
    +--+-----------------------------+-------+---------+---------+
       Grand Total:                  23806   908       9322   


LINKER GENERATED COPY TABLES

__TI_cinit_table @ 00006090 records: 2, size/record: 8, table size: 16
	.data: load addr=00005fd0, load size=000000a7 bytes, run addr=20000de4, run size=00000252 bytes, compression=lzss
	.bss: load addr=00006088, load size=00000008 bytes, run addr=20000800, run size=000005e3 bytes, compression=zero_init


LINKER GENERATED HANDLER TABLE

__TI_handler_table @ 00006078 records: 3, size/record: 4, table size: 12
	index: 0, handler: __TI_decompress_lzss
	index: 1, handler: __TI_decompress_none
	index: 2, handler: __TI_zero_init


GLOBAL SYMBOLS: SORTED ALPHABETICALLY BY Name 

address   name                                      
-------   ----                                      
000042d1  ADC14_IRQHandler                          
20000dc4  AlarmWentOff                              
00004ab5  Alarm_Went_Off                            
0000570d  C$$EXIT                                   
00005433  C$$IO$$                                   
00005ded  CPU_cpsie                                 
00005b3d  CS_setDCOCenteredFrequency                
00005d15  CS_setExternalClockSourceFrequency        
00005e29  CS_startHFXT                              
00004d39  CS_startHFXTWithTimeout                   
00005e2f  CS_startLFXT                              
00004dd5  CS_startLFXTWithTimeout                   
00001ea5  CalcNodeReportAfter                       
00001dbd  ChangePhase                               
000032cb  CommsInitCoordinator                      
0000329d  CommsInitNode                             
0000326f  CommsInitSniffer                          
00005df9  EUSCI_A_SPI_enable                        
00005e35  EUSCI_A_SPI_receiveData                   
00005e41  EUSCI_A_SPI_transmitData                  
00005e05  EUSCI_B_SPI_enable                        
00005e3b  EUSCI_B_SPI_receiveData                   
00005e45  EUSCI_B_SPI_transmitData                  
00005c9d  GPIO_getInputPinValue                     
00005bcd  GPIO_interruptEdgeSelect                  
00005b61  GPIO_setAsOutputPin                       
000058e9  GPIO_setAsPeripheralModuleFunctionInputPin
00005d29  GPIO_setOutputHighOnPin                   
00005cb5  GPIO_setOutputLowOnPin                    
00005d3d  GPIO_toggleOutputOnPin                    
000042cd  Get_Batt                                  
000042c7  Get_Cap                                   
000042c1  Get_Ind                                   
000042b1  Get_Light                                 
0000429d  Get_Magnetic                              
00002e7f  HOSTclock                                 
00002e47  HOSTclose                                 
00002e09  HOSTgetenv                                
00002dad  HOSTlseek                                 
00002d5b  HOSTopen                                  
00002d0f  HOSTread                                  
00002cb1  HOSTrename                                
00002c77  HOSTtime                                  
00002c29  HOSTtime64                                
00002bf1  HOSTunlink                                
00002ba5  HOSTwrite                                 
000041a5  Init_ADC_Sensors                          
00004297  Init_Mag                                  
00004299  Init_Sensors                              
000040d3  Init_SysTick                              
0000546d  Interrupt_enableInterrupt                 
00005da1  Interrupt_enableMaster                    
00001d41  MacCalcDutyCycles                         
00001b09  PORT2_IRQHandler                          
20000dc8  PktReceived                               
00001fcd  ProcessJoinReq                            
00001903  RFCheckRfFrequency                        
0000196f  RFGetStatus                               
00001a6d  RFGetSymbolTime                           
000017b9  RFGetTimeOnAir                            
00001979  RFInit                                    
0000190d  RFInitModem                               
000019c1  RFIrqInit                                 
0000178b  RFIsChannelFree                           
00001755  RFRandom                                  
00001333  RFRead                                    
00001703  RFReadBuffer                              
000016e1  RFReadRssi                                
000016b1  RFReset                                   
00001687  RFRxWithDefault                           
0000165d  RFRxWithDefaultContinuous                 
000015e5  RFSend                                    
00001621  RFSendWithDefault                         
00001373  RFSetChannel                              
0000130b  RFSetOpMode                               
0000159d  RFSetRx                                   
000014e1  RFSetRxConfig                             
000014d1  RFSetSleep                                
000014c1  RFSetStby                                 
0000149d  RFSetTx                                   
00001395  RFSetTxConfig                             
00001313  RFStartCad                                
000012d7  RFWrite                                   
00001281  RFWriteBuffer                             
000012cb  RFWriteFifo                               
00002b13  RTC_AlarmHandler                          
000057b5  RTC_C_clearInterruptFlag                  
00005a05  RTC_C_enableInterrupt                     
000054d1  RTC_C_getCalendarTime                     
00005931  RTC_C_getEnabledInterruptStatus           
00005b11  RTC_C_getInterruptStatus                  
0000565d  RTC_C_initCalendar                        
00005b85  RTC_C_setCalendarAlarm                    
00005ba9  RTC_C_startClock                          
00004a91  ReceivedPkt                               
UNDEFED   SHT$$INIT_ARRAY$$Base                     
UNDEFED   SHT$$INIT_ARRAY$$Limit                    
00004cf9  SPISend                                   
00004cb7  SPI_Read                                  
00005c69  SPI_enableModule                          
0000503d  SPI_initMaster                            
00005c83  SPI_receiveData                           
00005bed  SPI_transmitData                          
00001f51  SendAck                                   
0000233d  SendJoinResult                            
00001e55  SendNAck                                  
00001d85  SendPhaseChange                           
00004089  Set_Alarm                                 
00005db1  SysCtl_disableNMISource                   
00005dc1  SysCtl_enableNMISource                    
00005e11  SysCtl_getNMISourceStatus                 
00004063  SysTick_Handler                           
2000102c  SystemCoreClock                           
00003b13  SystemCoreClockUpdate                     
00003ac1  SystemInit                                
0000403f  T32_INT1_IRQHandler                       
00003825  UARTA0_Handler                            
20000b24  UARTBuffer                                
000037df  UARTSend                                  
000036ff  UARTSendRssi                              
000036a1  UARTinit                                  
20000dcc  UARTrx                                    
00001e0f  VelaMacInit                               
00001d3d  VelaMacReport                             
00001d11  VelaMacRetrieveListOfNodes                
00003463  VelaNwkInitialization                     
00003445  VelaNwkReport                             
4000480c  WDTCTL_SYM                                
20000800  __CIOBUF_                                 
20010000  __STACK_END                               
00000200  __STACK_SIZE                              
00000800  __SYSMEM_SIZE                             
00006090  __TI_CINIT_Base                           
000060a0  __TI_CINIT_Limit                          
00006078  __TI_Handler_Table_Base                   
00006084  __TI_Handler_Table_Limit                  
000052bd  __TI_auto_init                            
00003d6d  __TI_cleanup                              
20000ff8  __TI_cleanup_ptr                          
00004f0d  __TI_closefile                            
0000539d  __TI_decompress_lzss                      
00005dd1  __TI_decompress_none                      
00004b25  __TI_doflush                              
20000ffc  __TI_dtors_ptr                            
20001000  __TI_enable_exit_profile_output           
20000fe8  __TI_ft_end                               
ffffffff  __TI_pprof_out_hndl                       
00000985  __TI_printfi                              
ffffffff  __TI_prof_data_size                       
ffffffff  __TI_prof_data_start                      
00004c4f  __TI_rd_ok                                
00005437  __TI_readmsg                              
00000000  __TI_static_base__                        
20000c24  __TI_tmpnams                              
00005405  __TI_writemsg                             
00004bed  __TI_wrt_ok                               
00005e1d  __TI_zero_init                            
000050c5  __aeabi_cdcmpeq                           
000050c5  __aeabi_cdcmple                           
0000514b  __aeabi_cdrcmple                          
00005979  __aeabi_d2iz                              
000059c1  __aeabi_d2uiz                             
00003e73  __aeabi_dadd                              
00004329  __aeabi_ddiv                              
00004595  __aeabi_dmul                              
00003e69  __aeabi_dsub                              
00005ae1  __aeabi_i2d                               
000051d1  __aeabi_memclr                            
000051d1  __aeabi_memclr4                           
000051d1  __aeabi_memclr8                           
00004e71  __aeabi_memcpy                            
00004e71  __aeabi_memcpy4                           
00004e71  __aeabi_memcpy8                           
000051d3  __aeabi_memset                            
000051d3  __aeabi_memset4                           
000051d3  __aeabi_memset8                           
20000ff4  __aeabi_stderr                            
20000fec  __aeabi_stdin                             
20000ff0  __aeabi_stdout                            
00005c2d  __aeabi_ui2d                              
000038cd  __aeabi_uldivmod                          
ffffffff  __binit__                                 
ffffffff  __c_args__                                
0000127f  __mpu_init                                
2000fe00  __stack                                   
00005ddf  __time32                                  
00005ccd  _args_main                                
000056b9  _c_int00                                  
00005e48  _ctypes_                                  
20000de4  _ftable                                   
20000fd8  _hTime                                    
20001010  _lock                                     
20000fd7  _mTime                                    
20000fd4  _msTime                                   
00005d5f  _nop                                      
00005d57  _register_lock                            
00005d51  _register_unlock                          
20000fd6  _sTime                                    
20000000  _sys_memory                               
0000401f  _system_post_cinit                        
00004a85  _system_pre_init                          
20000fe0  _totalDays                                
20000fdc  _totalms                                  
20001014  _unlock                                   
00005711  abort                                     
00003129  add_device                                
20000fe4  alarmIn                                   
20000fe2  alarmSet                                  
00005805  atoi                                      
20001035  awake                                     
ffffffff  binit                                     
0000282d  calloc                                    
0000478d  ceil                                      
0000478d  ceill                                     
000030d9  close                                     
00005851  copy_in                                   
00005d65  copysign                                  
00005d65  copysignl                                 
00002af3  debug_print_pkt                           
00004027  delay_ms                                  
2000101c  errno                                     
00005719  exit                                      
00004f73  fclose                                    
00004b71  fflush                                    
00004885  floor                                     
00004885  floorl                                    
00003dc3  fopen                                     
00004fa5  fputc                                     
00004461  fputs                                     
00002577  free                                      
00003d99  freopen                                   
00005599  frexp                                     
00005599  frexpl                                    
00005535  fseek                                     
00004021  getTotal_ms                               
0000285d  initCalendar                              
00002a7b  initClocks                                
000028cf  initPeripherals                           
00002893  initPorts                                 
00004c99  initSPI                                   
00000000  interruptVectors                          
20000ddc  lastCapicitive                            
20000dde  lastInductive                             
20000de0  lastLight                                 
00004691  ldexp                                     
00004691  ldexpl                                    
000030b5  lseek                                     
00005761  ltoa                                      
00004a59  main                                      
20001028  main_func_sp                              
0000250d  malloc                                    
00002741  memalign                                  
00005c4d  memccpy                                   
00005c0d  memchr                                    
00004e71  memcpy                                    
000051d9  memset                                    
0000248d  minit                                     
00003007  open                                      
00005335  printf                                    
00004fa5  putc                                      
00005029  putchar                                   
0000456d  puts                                      
000058b3  rand                                      
00002fe3  read                                      
00002639  realloc                                   
00002f59  remove                                    
00002fbb  remove_device                             
00002f7d  rename                                    
20001018  rxAvailable                               
00004691  scalbn                                    
00004691  scalbnl                                   
0000497d  setvbuf                                   
000028fd  sleepFor                                  
00005fb0  spiMasterConfig                           
000055fd  sprintf                                   
0000589d  srand                                     
00005cfd  strchr                                    
00005ce5  strcmp                                    
00005d79  strcpy                                    
00005d8d  strlen                                    
00005a45  strncpy                                   
20000dd8  tickFrequency                             
00005ddf  time                                      
00005f8c  uartConfig                                
00002f59  unlink                                    
00002ec9  write                                     


GLOBAL SYMBOLS: SORTED BY Symbol Address 

address   name                                      
-------   ----                                      
00000000  __TI_static_base__                        
00000000  interruptVectors                          
00000200  __STACK_SIZE                              
00000800  __SYSMEM_SIZE                             
00000985  __TI_printfi                              
0000127f  __mpu_init                                
00001281  RFWriteBuffer                             
000012cb  RFWriteFifo                               
000012d7  RFWrite                                   
0000130b  RFSetOpMode                               
00001313  RFStartCad                                
00001333  RFRead                                    
00001373  RFSetChannel                              
00001395  RFSetTxConfig                             
0000149d  RFSetTx                                   
000014c1  RFSetStby                                 
000014d1  RFSetSleep                                
000014e1  RFSetRxConfig                             
0000159d  RFSetRx                                   
000015e5  RFSend                                    
00001621  RFSendWithDefault                         
0000165d  RFRxWithDefaultContinuous                 
00001687  RFRxWithDefault                           
000016b1  RFReset                                   
000016e1  RFReadRssi                                
00001703  RFReadBuffer                              
00001755  RFRandom                                  
0000178b  RFIsChannelFree                           
000017b9  RFGetTimeOnAir                            
00001903  RFCheckRfFrequency                        
0000190d  RFInitModem                               
0000196f  RFGetStatus                               
00001979  RFInit                                    
000019c1  RFIrqInit                                 
00001a6d  RFGetSymbolTime                           
00001b09  PORT2_IRQHandler                          
00001d11  VelaMacRetrieveListOfNodes                
00001d3d  VelaMacReport                             
00001d41  MacCalcDutyCycles                         
00001d85  SendPhaseChange                           
00001dbd  ChangePhase                               
00001e0f  VelaMacInit                               
00001e55  SendNAck                                  
00001ea5  CalcNodeReportAfter                       
00001f51  SendAck                                   
00001fcd  ProcessJoinReq                            
0000233d  SendJoinResult                            
0000248d  minit                                     
0000250d  malloc                                    
00002577  free                                      
00002639  realloc                                   
00002741  memalign                                  
0000282d  calloc                                    
0000285d  initCalendar                              
00002893  initPorts                                 
000028cf  initPeripherals                           
000028fd  sleepFor                                  
00002a7b  initClocks                                
00002af3  debug_print_pkt                           
00002b13  RTC_AlarmHandler                          
00002ba5  HOSTwrite                                 
00002bf1  HOSTunlink                                
00002c29  HOSTtime64                                
00002c77  HOSTtime                                  
00002cb1  HOSTrename                                
00002d0f  HOSTread                                  
00002d5b  HOSTopen                                  
00002dad  HOSTlseek                                 
00002e09  HOSTgetenv                                
00002e47  HOSTclose                                 
00002e7f  HOSTclock                                 
00002ec9  write                                     
00002f59  remove                                    
00002f59  unlink                                    
00002f7d  rename                                    
00002fbb  remove_device                             
00002fe3  read                                      
00003007  open                                      
000030b5  lseek                                     
000030d9  close                                     
00003129  add_device                                
0000326f  CommsInitSniffer                          
0000329d  CommsInitNode                             
000032cb  CommsInitCoordinator                      
00003445  VelaNwkReport                             
00003463  VelaNwkInitialization                     
000036a1  UARTinit                                  
000036ff  UARTSendRssi                              
000037df  UARTSend                                  
00003825  UARTA0_Handler                            
000038cd  __aeabi_uldivmod                          
00003ac1  SystemInit                                
00003b13  SystemCoreClockUpdate                     
00003d6d  __TI_cleanup                              
00003d99  freopen                                   
00003dc3  fopen                                     
00003e69  __aeabi_dsub                              
00003e73  __aeabi_dadd                              
0000401f  _system_post_cinit                        
00004021  getTotal_ms                               
00004027  delay_ms                                  
0000403f  T32_INT1_IRQHandler                       
00004063  SysTick_Handler                           
00004089  Set_Alarm                                 
000040d3  Init_SysTick                              
000041a5  Init_ADC_Sensors                          
00004297  Init_Mag                                  
00004299  Init_Sensors                              
0000429d  Get_Magnetic                              
000042b1  Get_Light                                 
000042c1  Get_Ind                                   
000042c7  Get_Cap                                   
000042cd  Get_Batt                                  
000042d1  ADC14_IRQHandler                          
00004329  __aeabi_ddiv                              
00004461  fputs                                     
0000456d  puts                                      
00004595  __aeabi_dmul                              
00004691  ldexp                                     
00004691  ldexpl                                    
00004691  scalbn                                    
00004691  scalbnl                                   
0000478d  ceil                                      
0000478d  ceill                                     
00004885  floor                                     
00004885  floorl                                    
0000497d  setvbuf                                   
00004a59  main                                      
00004a85  _system_pre_init                          
00004a91  ReceivedPkt                               
00004ab5  Alarm_Went_Off                            
00004b25  __TI_doflush                              
00004b71  fflush                                    
00004bed  __TI_wrt_ok                               
00004c4f  __TI_rd_ok                                
00004c99  initSPI                                   
00004cb7  SPI_Read                                  
00004cf9  SPISend                                   
00004d39  CS_startHFXTWithTimeout                   
00004dd5  CS_startLFXTWithTimeout                   
00004e71  __aeabi_memcpy                            
00004e71  __aeabi_memcpy4                           
00004e71  __aeabi_memcpy8                           
00004e71  memcpy                                    
00004f0d  __TI_closefile                            
00004f73  fclose                                    
00004fa5  fputc                                     
00004fa5  putc                                      
00005029  putchar                                   
0000503d  SPI_initMaster                            
000050c5  __aeabi_cdcmpeq                           
000050c5  __aeabi_cdcmple                           
0000514b  __aeabi_cdrcmple                          
000051d1  __aeabi_memclr                            
000051d1  __aeabi_memclr4                           
000051d1  __aeabi_memclr8                           
000051d3  __aeabi_memset                            
000051d3  __aeabi_memset4                           
000051d3  __aeabi_memset8                           
000051d9  memset                                    
000052bd  __TI_auto_init                            
00005335  printf                                    
0000539d  __TI_decompress_lzss                      
00005405  __TI_writemsg                             
00005433  C$$IO$$                                   
00005437  __TI_readmsg                              
0000546d  Interrupt_enableInterrupt                 
000054d1  RTC_C_getCalendarTime                     
00005535  fseek                                     
00005599  frexp                                     
00005599  frexpl                                    
000055fd  sprintf                                   
0000565d  RTC_C_initCalendar                        
000056b9  _c_int00                                  
0000570d  C$$EXIT                                   
00005711  abort                                     
00005719  exit                                      
00005761  ltoa                                      
000057b5  RTC_C_clearInterruptFlag                  
00005805  atoi                                      
00005851  copy_in                                   
0000589d  srand                                     
000058b3  rand                                      
000058e9  GPIO_setAsPeripheralModuleFunctionInputPin
00005931  RTC_C_getEnabledInterruptStatus           
00005979  __aeabi_d2iz                              
000059c1  __aeabi_d2uiz                             
00005a05  RTC_C_enableInterrupt                     
00005a45  strncpy                                   
00005ae1  __aeabi_i2d                               
00005b11  RTC_C_getInterruptStatus                  
00005b3d  CS_setDCOCenteredFrequency                
00005b61  GPIO_setAsOutputPin                       
00005b85  RTC_C_setCalendarAlarm                    
00005ba9  RTC_C_startClock                          
00005bcd  GPIO_interruptEdgeSelect                  
00005bed  SPI_transmitData                          
00005c0d  memchr                                    
00005c2d  __aeabi_ui2d                              
00005c4d  memccpy                                   
00005c69  SPI_enableModule                          
00005c83  SPI_receiveData                           
00005c9d  GPIO_getInputPinValue                     
00005cb5  GPIO_setOutputLowOnPin                    
00005ccd  _args_main                                
00005ce5  strcmp                                    
00005cfd  strchr                                    
00005d15  CS_setExternalClockSourceFrequency        
00005d29  GPIO_setOutputHighOnPin                   
00005d3d  GPIO_toggleOutputOnPin                    
00005d51  _register_unlock                          
00005d57  _register_lock                            
00005d5f  _nop                                      
00005d65  copysign                                  
00005d65  copysignl                                 
00005d79  strcpy                                    
00005d8d  strlen                                    
00005da1  Interrupt_enableMaster                    
00005db1  SysCtl_disableNMISource                   
00005dc1  SysCtl_enableNMISource                    
00005dd1  __TI_decompress_none                      
00005ddf  __time32                                  
00005ddf  time                                      
00005ded  CPU_cpsie                                 
00005df9  EUSCI_A_SPI_enable                        
00005e05  EUSCI_B_SPI_enable                        
00005e11  SysCtl_getNMISourceStatus                 
00005e1d  __TI_zero_init                            
00005e29  CS_startHFXT                              
00005e2f  CS_startLFXT                              
00005e35  EUSCI_A_SPI_receiveData                   
00005e3b  EUSCI_B_SPI_receiveData                   
00005e41  EUSCI_A_SPI_transmitData                  
00005e45  EUSCI_B_SPI_transmitData                  
00005e48  _ctypes_                                  
00005f8c  uartConfig                                
00005fb0  spiMasterConfig                           
00006078  __TI_Handler_Table_Base                   
00006084  __TI_Handler_Table_Limit                  
00006090  __TI_CINIT_Base                           
000060a0  __TI_CINIT_Limit                          
20000000  _sys_memory                               
20000800  __CIOBUF_                                 
20000b24  UARTBuffer                                
20000c24  __TI_tmpnams                              
20000dc4  AlarmWentOff                              
20000dc8  PktReceived                               
20000dcc  UARTrx                                    
20000dd8  tickFrequency                             
20000ddc  lastCapicitive                            
20000dde  lastInductive                             
20000de0  lastLight                                 
20000de4  _ftable                                   
20000fd4  _msTime                                   
20000fd6  _sTime                                    
20000fd7  _mTime                                    
20000fd8  _hTime                                    
20000fdc  _totalms                                  
20000fe0  _totalDays                                
20000fe2  alarmSet                                  
20000fe4  alarmIn                                   
20000fe8  __TI_ft_end                               
20000fec  __aeabi_stdin                             
20000ff0  __aeabi_stdout                            
20000ff4  __aeabi_stderr                            
20000ff8  __TI_cleanup_ptr                          
20000ffc  __TI_dtors_ptr                            
20001000  __TI_enable_exit_profile_output           
20001010  _lock                                     
20001014  _unlock                                   
20001018  rxAvailable                               
2000101c  errno                                     
20001028  main_func_sp                              
2000102c  SystemCoreClock                           
20001035  awake                                     
2000fe00  __stack                                   
20010000  __STACK_END                               
4000480c  WDTCTL_SYM                                
ffffffff  __TI_pprof_out_hndl                       
ffffffff  __TI_prof_data_size                       
ffffffff  __TI_prof_data_start                      
ffffffff  __binit__                                 
ffffffff  __c_args__                                
ffffffff  binit                                     
UNDEFED   SHT$$INIT_ARRAY$$Base                     
UNDEFED   SHT$$INIT_ARRAY$$Limit                    

[286 symbols]
