******************************************************************************
                  TI ARM Linker PC v15.12.3                    
******************************************************************************
>> Linked Wed Jan 11 16:13:48 2017

OUTPUT FILE NAME:   <Velapulsar.out>
ENTRY POINT SYMBOL: "_c_int00"  address: 00004361


MEMORY CONFIGURATION

         name            origin    length      used     unused   attr    fill
----------------------  --------  ---------  --------  --------  ----  --------
  MAIN                  00000000   00040000  00004c56  0003b3aa  R  X
  INFO                  00200000   00004000  00000000  00004000  R  X
  SRAM_CODE             01000000   00010000  00000f71  0000f08f  RW X
  SRAM_DATA             20000000   00010000  00000f71  0000f08f  RW  


SEGMENT ALLOCATION MAP

run origin  load origin   length   init length attrs members
----------  ----------- ---------- ----------- ----- -------
00000000    00000000    00004c5c   00004c5c    r-x
  00000000    00000000    00000140   00000140    r-- .intvecs
  00000140    00000140    000048c6   000048c6    r-x .text
  00004a08    00004a08    00000174   00000174    r-- .const
  00004b80    00004b80    000000dc   000000dc    r-- .cinit
20000000    20000000    00000d71   00000000    rw-
  20000000    20000000    00000800   00000000    rw- .sysmem
  20000800    20000800    00000334   00000000    rw- .bss
  20000b34    20000b34    0000023d   00000000    rw- .data
2000fe00    2000fe00    00000200   00000000    rw-
  2000fe00    2000fe00    00000200   00000000    rw- .stack


SECTION ALLOCATION MAP

 output                                  attributes/
section   page    origin      length       input sections
--------  ----  ----------  ----------   ----------------
.intvecs   0    00000000    00000140     
                  00000000    00000140     startup_msp432p401r_ccs.obj (.intvecs:retain)

.binit     0    00000000    00000000     

.text      0    00000140    000048c6     
                  00000140    00001110     rtsv7M4_T_le_v4SPD16_eabi.lib : _printfi.obj (.text)
                  00001250    00000808     rf95.obj (.text)
                  00001a58    000003dc     rtsv7M4_T_le_v4SPD16_eabi.lib : memory.obj (.text)
                  00001e34    000003bc     velapulsar.obj (.text)
                  000021f0    00000324     rtsv7M4_T_le_v4SPD16_eabi.lib : trgdrv.obj (.text)
                  00002514    0000030c                                   : lowlev.obj (.text)
                  00002820    000001f4                                   : ull_div_t2.obj (.text)
                  00002a14    000001e4     system_msp432p401r.obj (.text)
                  00002bf8    000001c4     rtsv7M4_T_le_v4SPD16_eabi.lib : fopen.obj (.text)
                  00002dbc    000001b6                                   : fd_add_t2.obj (.text)
                  00002f72    00000136                                   : fd_div_t2.obj (.text)
                  000030a8    00000134                                   : fputs.obj (.text)
                  000031dc    000000fc                                   : fd_mul_t2.obj (.text)
                  000032d8    000000fc                                   : s_scalbn.obj (.text)
                  000033d4    000000f8                                   : s_ceil.obj (.text)
                  000034cc    000000f8                                   : s_floor.obj (.text)
                  000035c4    000000dc                                   : setvbuf.obj (.text)
                  000036a0    000000c8                                   : fflush.obj (.text)
                  00003768    000000c4     AdapterNode_main.obj (.text)
                  0000382c    000000ac     delay.obj (.text)
                  000038d8    000000ac     rtsv7M4_T_le_v4SPD16_eabi.lib : _io_perm.obj (.text)
                  00003984    0000009c     msp432p4xx_driverlib.lib : cs.o (.text:CS_startHFXTWithTimeout)
                  00003a20    0000009c                              : cs.o (.text:CS_startLFXTWithTimeout)
                  00003abc    0000009c     rtsv7M4_T_le_v4SPD16_eabi.lib : memcpy_t2.obj (.text)
                  00003b58    00000098                                   : fclose.obj (.text)
                  00003bf0    00000098                                   : fputc.obj (.text)
                  00003c88    00000088     msp432p4xx_driverlib.lib : spi.o (.text:SPI_initMaster)
                  00003d10    00000086     rtsv7M4_T_le_v4SPD16_eabi.lib : fd_cmp_t2.obj (.text:__aeabi_cdcmple)
                  00003d96    00000086                                   : fd_cmp_t2.obj (.text:__aeabi_cdrcmple)
                  00003e1c    0000007a                                   : memset_t2.obj (.text)
                  00003e96    00000002                                   : mpu_init.obj (.text)
                  00003e98    00000070     msp432p4xx_driverlib.lib : cs.o (.text:_CSGetHFXTFrequency)
                  00003f08    00000070     rtsv7M4_T_le_v4SPD16_eabi.lib : autoinit.obj (.text)
                  00003f78    00000070                                   : printf.obj (.text)
                  00003fe8    0000006a                                   : copy_decompress_rle.obj (.text)
                  00004052    00000002                                   : startup.obj (.text)
                  00004054    00000068                                   : trgmsg.obj (.text)
                  000040bc    00000064     msp432p4xx_driverlib.lib : interrupt.o (.text:Interrupt_enableInterrupt)
                  00004120    00000064                              : rtc_c.o (.text:RTC_C_getCalendarTime)
                  00004184    00000064     rtsv7M4_T_le_v4SPD16_eabi.lib : fseek.obj (.text)
                  000041e8    00000064                                   : s_frexp.obj (.text)
                  0000424c    00000060                                   : sprintf.obj (.text)
                  000042ac    0000005c     msp432p4xx_driverlib.lib : rtc_c.o (.text:RTC_C_initCalendar)
                  00004308    00000056     rtsv7M4_T_le_v4SPD16_eabi.lib : ltoa.obj (.text)
                  0000435e    00000002     --HOLE-- [fill = 0]
                  00004360    00000054                                   : boot.obj (.text)
                  000043b4    00000054                                   : exit.obj (.text)
                  00004408    00000050     msp432p4xx_driverlib.lib : rtc_c.o (.text:RTC_C_clearInterruptFlag)
                  00004458    0000004c     rtsv7M4_T_le_v4SPD16_eabi.lib : atoi.obj (.text)
                  000044a4    0000004c                                   : cpy_tbl.obj (.text)
                  000044f0    00000048     msp432p4xx_driverlib.lib : gpio.o (.text:GPIO_setAsPeripheralModuleFunctionInputPin)
                  00004538    00000048                              : rtc_c.o (.text:RTC_C_getEnabledInterruptStatus)
                  00004580    00000048     rtsv7M4_T_le_v4SPD16_eabi.lib : fd_toi_t2.obj (.text)
                  000045c8    00000044                                   : fd_tou_t2.obj (.text)
                  0000460c    00000040     msp432p4xx_driverlib.lib : rtc_c.o (.text:RTC_C_enableInterrupt)
                  0000464c    00000030                              : spi.o (.text:is_A_Module)
                  0000467c    00000030     rtsv7M4_T_le_v4SPD16_eabi.lib : strncpy.obj (.text)
                  000046ac    0000002e                                   : i_tofd_t2.obj (.text)
                  000046da    00000002     --HOLE-- [fill = 0]
                  000046dc    0000002c     msp432p4xx_driverlib.lib : rtc_c.o (.text:RTC_C_getInterruptStatus)
                  00004708    00000028     spi_interface.obj (.text)
                  00004730    00000024     msp432p4xx_driverlib.lib : gpio.o (.text:GPIO_setAsOutputPin)
                  00004754    00000024                              : rtc_c.o (.text:RTC_C_setCalendarAlarm)
                  00004778    00000024                              : rtc_c.o (.text:RTC_C_startClock)
                  0000479c    00000020                              : gpio.o (.text:GPIO_interruptEdgeSelect)
                  000047bc    00000020                              : spi.o (.text:SPI_transmitData)
                  000047dc    00000020     rtsv7M4_T_le_v4SPD16_eabi.lib : memchr.obj (.text)
                  000047fc    00000020                                   : u_tofd_t2.obj (.text)
                  0000481c    0000001c                                   : memccpy.obj (.text)
                  00004838    0000001a     msp432p4xx_driverlib.lib : spi.o (.text:SPI_enableModule)
                  00004852    0000001a                              : spi.o (.text:SPI_receiveData)
                  0000486c    00000018                              : gpio.o (.text:GPIO_setOutputLowOnPin)
                  00004884    00000018     rtsv7M4_T_le_v4SPD16_eabi.lib : args_main.obj (.text)
                  0000489c    00000018                                   : strcmp.obj (.text)
                  000048b4    00000016                                   : strchr.obj (.text)
                  000048ca    00000002     --HOLE-- [fill = 0]
                  000048cc    00000014     msp432p4xx_driverlib.lib : cs.o (.text:CS_setExternalClockSourceFrequency)
                  000048e0    00000014                              : gpio.o (.text:GPIO_setOutputHighOnPin)
                  000048f4    00000014                              : gpio.o (.text:GPIO_toggleOutputOnPin)
                  00004908    00000014     rtsv7M4_T_le_v4SPD16_eabi.lib : _lock.obj (.text)
                  0000491c    00000014                                   : s_copysign.obj (.text)
                  00004930    00000014                                   : strcpy.obj (.text)
                  00004944    00000014                                   : strlen.obj (.text)
                  00004958    00000012     startup_msp432p401r_ccs.obj (.text)
                  0000496a    00000010     msp432p4xx_driverlib.lib : interrupt.o (.text:Interrupt_enableMaster)
                  0000497a    00000002     --HOLE-- [fill = 0]
                  0000497c    00000010                              : sysctl.o (.text:SysCtl_disableNMISource)
                  0000498c    00000010                              : sysctl.o (.text:SysCtl_enableNMISource)
                  0000499c    0000000e     rtsv7M4_T_le_v4SPD16_eabi.lib : copy_decompress_none.obj (.text:decompress:none)
                  000049aa    0000000c     msp432p4xx_driverlib.lib : cpu.o (.text:CPU_cpsie)
                  000049b6    0000000c                              : spi.o (.text:EUSCI_A_SPI_enable)
                  000049c2    0000000c                              : spi.o (.text:EUSCI_B_SPI_enable)
                  000049ce    00000002     --HOLE-- [fill = 0]
                  000049d0    0000000c                              : sysctl.o (.text:SysCtl_getNMISourceStatus)
                  000049dc    00000006                              : cs.o (.text:CS_startHFXT)
                  000049e2    00000006                              : cs.o (.text:CS_startLFXT)
                  000049e8    00000006                              : spi.o (.text:EUSCI_A_SPI_receiveData)
                  000049ee    00000006                              : spi.o (.text:EUSCI_B_SPI_receiveData)
                  000049f4    00000006     rtsv7M4_T_le_v4SPD16_eabi.lib : copy_decompress_rle.obj (.text:decompress:rle24)
                  000049fa    00000004     msp432p4xx_driverlib.lib : spi.o (.text:EUSCI_A_SPI_transmitData)
                  000049fe    00000004                              : spi.o (.text:EUSCI_B_SPI_transmitData)
                  00004a02    00000004     rtsv7M4_T_le_v4SPD16_eabi.lib : pre_init.obj (.text)

.const     0    00004a08    00000174     
                  00004a08    00000101     rtsv7M4_T_le_v4SPD16_eabi.lib : ctype.obj (.const:.string:_ctypes_)
                  00004b09    00000003     --HOLE-- [fill = 0]
                  00004b0c    00000040     msp432p4xx_driverlib.lib : interrupt.o (.const)
                  00004b4c    0000001c     spi_interface.obj (.const:spiMasterConfig)
                  00004b68    00000014     AdapterNode_main.obj (.const:.string:$P$T0$1)

.cinit     0    00004b80    000000dc     
                  00004b80    000000b2     (.cinit..data.load) [load image, compression = rle]
                  00004c32    00000006     --HOLE-- [fill = 0]
                  00004c38    0000000b     (.cinit..bss.load) [load image, compression = rle]
                  00004c43    00000001     --HOLE-- [fill = 0]
                  00004c44    00000008     (__TI_handler_table)
                  00004c4c    00000010     (__TI_cinit_table)

.init_array 
*          0    00000000    00000000     UNINITIALIZED

.sysmem    0    20000000    00000800     UNINITIALIZED
                  20000000    00000008     rtsv7M4_T_le_v4SPD16_eabi.lib : memory.obj (.sysmem)
                  20000008    000007f8     --HOLE--

.bss       0    20000800    00000334     UNINITIALIZED
                  20000800    00000120     rtsv7M4_T_le_v4SPD16_eabi.lib : trgmsg.obj (.bss:_CIOBUF_)
                  20000920    00000100     rf95.obj (.bss:RxTxBuffer)
                  20000a20    000000a0     (.common:__TI_tmpnams)
                  20000ac0    00000028     rf95.obj (.bss:settings)
                  20000ae8    0000001c     velapulsar.obj (.bss:calendarTime)
                  20000b04    0000001c     (.common:radioEvents)
                  20000b20    00000008     rtsv7M4_T_le_v4SPD16_eabi.lib : trgdrv.obj (.bss:parmbuf)
                  20000b28    00000004     rf95.obj (.bss)
                  20000b2c    00000004     (.common:hfxtFreq)
                  20000b30    00000004     (.common:lfxtFreq)

.data      0    20000b34    0000023d     UNINITIALIZED
                  20000b34    000000f0     rtsv7M4_T_le_v4SPD16_eabi.lib : defs.obj (.data:_ftable)
                  20000c24    000000d0                                   : lowlev.obj (.data:$O1$$)
                  20000cf4    00000030     msp432p4xx_driverlib.lib : gpio.o (.data:GPIO_PORT_TO_BASE)
                  20000d24    00000010     rtsv7M4_T_le_v4SPD16_eabi.lib : defs.obj (.data)
                  20000d34    0000000c                                   : exit.obj (.data:$O1$$)
                  20000d40    0000000c                                   : memory.obj (.data:$O1$$)
                  20000d4c    0000000c     delay.obj (.data)
                  20000d58    00000008     rtsv7M4_T_le_v4SPD16_eabi.lib : _lock.obj (.data:$O1$$)
                  20000d60    00000004                                   : errno.obj (.data)
                  20000d64    00000004                                   : fopen.obj (.data)
                  20000d68    00000004                                   : stkdepth_vars.obj (.data)
                  20000d6c    00000004     system_msp432p401r.obj (.data)
                  20000d70    00000001     velapulsar.obj (.data)

.stack     0    2000fe00    00000200     UNINITIALIZED
                  2000fe00    00000200     --HOLE--

MODULE SUMMARY

       Module                        code    ro data   rw data
       ------                        ----    -------   -------
    .\
       system_msp432p401r.obj        484     0         8      
       startup_msp432p401r_ccs.obj   18      320       0      
       AdapterNode_main.obj          196     20        0      
    +--+-----------------------------+-------+---------+---------+
       Total:                        698     340       8      
                                                              
    .\Libraries\RF95\
       rf95.obj                      2056    0         600    
       delay.obj                     172     0         24     
       spi_interface.obj             40      28        0      
    +--+-----------------------------+-------+---------+---------+
       Total:                        2268    28        624    
                                                              
    .\Libraries\Velapulsar\
       velapulsar.obj                956     0         114    
    +--+-----------------------------+-------+---------+---------+
       Total:                        956     0         114    
                                                              
    C:/ti/msp/msp432ware__3.50.00.02/driverlib/driverlib/MSP432P4xx/ccs/msp432p4xx_driverlib.lib
       rtc_c.o                       524     0         0      
       cs.o                          456     0         16     
       spi.o                         312     0         0      
       gpio.o                        204     0         96     
       interrupt.o                   116     64        0      
       sysctl.o                      44      0         0      
       cpu.o                         12      0         0      
    +--+-----------------------------+-------+---------+---------+
       Total:                        1668    64        112    
                                                              
    C:\ti\ccsv6\tools\compiler\arm_15.12.3.LTS\lib\rtsv7M4_T_le_v4SPD16_eabi.lib
       _printfi.obj                  4368    0         0      
       lowlev.obj                    780     0         416    
       memory.obj                    988     0         24     
       defs.obj                      0       0         832    
       trgdrv.obj                    804     0         16     
       trgmsg.obj                    104     0         576    
       ull_div_t2.obj                500     0         0      
       fopen.obj                     452     0         8      
       fd_add_t2.obj                 438     0         0      
       fd_div_t2.obj                 310     0         0      
       fputs.obj                     308     0         0      
       fd_cmp_t2.obj                 268     0         0      
       ctype.obj                     0       257       0      
       fd_mul_t2.obj                 252     0         0      
       s_scalbn.obj                  252     0         0      
       s_ceil.obj                    248     0         0      
       s_floor.obj                   248     0         0      
       setvbuf.obj                   220     0         0      
       fflush.obj                    200     0         0      
       _io_perm.obj                  172     0         0      
       memcpy_t2.obj                 156     0         0      
       fclose.obj                    152     0         0      
       fputc.obj                     152     0         0      
       memset_t2.obj                 122     0         0      
       autoinit.obj                  112     0         0      
       copy_decompress_rle.obj       112     0         0      
       printf.obj                    112     0         0      
       exit.obj                      84      0         24     
       fseek.obj                     100     0         0      
       s_frexp.obj                   100     0         0      
       sprintf.obj                   96      0         0      
       ltoa.obj                      86      0         0      
       boot.obj                      84      0         0      
       atoi.obj                      76      0         0      
       cpy_tbl.obj                   76      0         0      
       fd_toi_t2.obj                 72      0         0      
       fd_tou_t2.obj                 68      0         0      
       strncpy.obj                   48      0         0      
       i_tofd_t2.obj                 46      0         0      
       _lock.obj                     20      0         16     
       memchr.obj                    32      0         0      
       u_tofd_t2.obj                 32      0         0      
       memccpy.obj                   28      0         0      
       args_main.obj                 24      0         0      
       strcmp.obj                    24      0         0      
       strchr.obj                    22      0         0      
       s_copysign.obj                20      0         0      
       strcpy.obj                    20      0         0      
       strlen.obj                    20      0         0      
       copy_decompress_none.obj      14      0         0      
       errno.obj                     0       0         8      
       stkdepth_vars.obj             0       0         8      
       pre_init.obj                  4       0         0      
       mpu_init.obj                  2       0         0      
       startup.obj                   2       0         0      
    +--+-----------------------------+-------+---------+---------+
       Total:                        13030   257       1928   
                                                              
       Heap:                         0       0         4096   
       Stack:                        0       0         1024   
       Linker Generated:             0       213       0      
    +--+-----------------------------+-------+---------+---------+
       Grand Total:                  18620   902       7906   


LINKER GENERATED COPY TABLES

__TI_cinit_table @ 00004c4c records: 2, size/record: 8, table size: 16
	.data: load addr=00004b80, load size=000000b2 bytes, run addr=20000b34, run size=0000023d bytes, compression=rle
	.bss: load addr=00004c38, load size=0000000b bytes, run addr=20000800, run size=00000334 bytes, compression=rle


LINKER GENERATED HANDLER TABLE

__TI_handler_table @ 00004c44 records: 2, size/record: 4, table size: 8
	index: 0, handler: __TI_decompress_rle24
	index: 1, handler: __TI_decompress_none


GLOBAL SYMBOLS: SORTED ALPHABETICALLY BY Name 

address   name                                      
-------   ----                                      
000043b5  C$$EXIT                                   
00004083  C$$IO$$                                   
000049ab  CPU_cpsie                                 
000048cd  CS_setExternalClockSourceFrequency        
000049dd  CS_startHFXT                              
00003985  CS_startHFXTWithTimeout                   
000049e3  CS_startLFXT                              
00003a21  CS_startLFXTWithTimeout                   
000049b7  EUSCI_A_SPI_enable                        
000049e9  EUSCI_A_SPI_receiveData                   
000049fb  EUSCI_A_SPI_transmitData                  
000049c3  EUSCI_B_SPI_enable                        
000049ef  EUSCI_B_SPI_receiveData                   
000049ff  EUSCI_B_SPI_transmitData                  
0000479d  GPIO_interruptEdgeSelect                  
00004731  GPIO_setAsOutputPin                       
000044f1  GPIO_setAsPeripheralModuleFunctionInputPin
000048e1  GPIO_setOutputHighOnPin                   
0000486d  GPIO_setOutputLowOnPin                    
000048f5  GPIO_toggleOutputOnPin                    
000024c7  HOSTclock                                 
0000248f  HOSTclose                                 
00002451  HOSTgetenv                                
000023f5  HOSTlseek                                 
000023a3  HOSTopen                                  
00002357  HOSTread                                  
000022f9  HOSTrename                                
000022bf  HOSTtime                                  
00002275  HOSTtime64                                
0000223d  HOSTunlink                                
000021f1  HOSTwrite                                 
00003865  Init_SysTick                              
000040bd  Interrupt_enableInterrupt                 
0000496b  Interrupt_enableMaster                    
000018dd  PORT2_IRQHandler                          
000017f7  RFCheckRfFrequency                        
00001835  RFGetStatus                               
000016d7  RFGetTimeOnAir                            
0000183b  RFInit                                    
000017fb  RFInitModem                               
00001879  RFIrqInit                                 
000016ad  RFIsChannelFree                           
00001677  RFRandom                                  
00001303  RFRead                                    
00001625  RFReadBuffer                              
000015ff  RFReadRssi                                
000015cf  RFReset                                   
00001595  RFSend                                    
00001571  RFSetChannel                              
000012db  RFSetOpMode                               
0000152f  RFSetRx                                   
0000147b  RFSetRxConfig                             
0000146b  RFSetSleep                                
0000145b  RFSetStby                                 
00001443  RFSetTx                                   
00001343  RFSetTxConfig                             
000012e3  RFStartCad                                
000012a7  RFWrite                                   
00001251  RFWriteBuffer                             
0000129b  RFWriteFifo                               
00002139  RTC_AlarmHandler                          
00004409  RTC_C_clearInterruptFlag                  
0000460d  RTC_C_enableInterrupt                     
00004121  RTC_C_getCalendarTime                     
00004539  RTC_C_getEnabledInterruptStatus           
000046dd  RTC_C_getInterruptStatus                  
000042ad  RTC_C_initCalendar                        
00004755  RTC_C_setCalendarAlarm                    
00004779  RTC_C_startClock                          
UNDEFED   SHT$$INIT_ARRAY$$Base                     
UNDEFED   SHT$$INIT_ARRAY$$Limit                    
00004839  SPI_enableModule                          
00003c89  SPI_initMaster                            
00004853  SPI_receiveData                           
000047bd  SPI_transmitData                          
0000497d  SysCtl_disableNMISource                   
0000498d  SysCtl_enableNMISource                    
000049d1  SysCtl_getNMISourceStatus                 
0000384b  SysTick_Handler                           
20000d6c  SystemCoreClock                           
00002a67  SystemCoreClockUpdate                     
00002a15  SystemInit                                
4000480c  WDTCTL_SYM                                
20000800  __CIOBUF_                                 
20010000  __STACK_END                               
00000200  __STACK_SIZE                              
00000800  __SYSMEM_SIZE                             
00004c4c  __TI_CINIT_Base                           
00004c5c  __TI_CINIT_Limit                          
00004c44  __TI_Handler_Table_Base                   
00004c4c  __TI_Handler_Table_Limit                  
00003f09  __TI_auto_init                            
00002cc1  __TI_cleanup                              
20000d34  __TI_cleanup_ptr                          
00003b59  __TI_closefile                            
0000499d  __TI_decompress_none                      
000049f5  __TI_decompress_rle24                     
000036a1  __TI_doflush                              
20000d38  __TI_dtors_ptr                            
20000d3c  __TI_enable_exit_profile_output           
20000d24  __TI_ft_end                               
ffffffff  __TI_pprof_out_hndl                       
00000f4b  __TI_printfi                              
ffffffff  __TI_prof_data_size                       
ffffffff  __TI_prof_data_start                      
0000393b  __TI_rd_ok                                
00004087  __TI_readmsg                              
00000000  __TI_static_base__                        
20000a20  __TI_tmpnams                              
00004055  __TI_writemsg                             
000038d9  __TI_wrt_ok                               
00003d11  __aeabi_cdcmpeq                           
00003d11  __aeabi_cdcmple                           
00003d97  __aeabi_cdrcmple                          
00004581  __aeabi_d2iz                              
000045c9  __aeabi_d2uiz                             
00002dc7  __aeabi_dadd                              
00002f73  __aeabi_ddiv                              
000031dd  __aeabi_dmul                              
00002dbd  __aeabi_dsub                              
000046ad  __aeabi_i2d                               
00003e1d  __aeabi_memclr                            
00003e1d  __aeabi_memclr4                           
00003e1d  __aeabi_memclr8                           
00003abd  __aeabi_memcpy                            
00003abd  __aeabi_memcpy4                           
00003abd  __aeabi_memcpy8                           
00003e1f  __aeabi_memset                            
00003e1f  __aeabi_memset4                           
00003e1f  __aeabi_memset8                           
20000d30  __aeabi_stderr                            
20000d28  __aeabi_stdin                             
20000d2c  __aeabi_stdout                            
000047fd  __aeabi_ui2d                              
00002821  __aeabi_uldivmod                          
ffffffff  __binit__                                 
ffffffff  __c_args__                                
00003e97  __mpu_init                                
2000fe00  __stack                                   
00004885  _args_main                                
00004361  _c_int00                                  
00004a08  _ctypes_                                  
20000b34  _ftable                                   
20000d50  _hTime                                    
20000d58  _lock                                     
20000d4f  _mTime                                    
20000d4c  _msTime                                   
00004917  _nop                                      
0000490f  _register_lock                            
00004909  _register_unlock                          
20000d4e  _sTime                                    
20000000  _sys_memory                               
00004053  _system_post_cinit                        
00004a03  _system_pre_init                          
20000d54  _totalms                                  
20000d5c  _unlock                                   
000043b9  abort                                     
00002775  add_device                                
00004459  atoi                                      
20000d70  awake                                     
ffffffff  binit                                     
00001e01  calloc                                    
000033d5  ceil                                      
000033d5  ceill                                     
00002725  close                                     
000044a5  copy_in                                   
0000491d  copysign                                  
0000491d  copysignl                                 
00003833  delay_ms                                  
20000d60  errno                                     
000043c1  exit                                      
00003bbf  fclose                                    
000036ed  fflush                                    
000034cd  floor                                     
000034cd  floorl                                    
00002d17  fopen                                     
00003bf1  fputc                                     
000030a9  fputs                                     
00001b4f  free                                      
00002ced  freopen                                   
000041e9  frexp                                     
000041e9  frexpl                                    
00004185  fseek                                     
0000382d  getTotal_ms                               
00001e35  initCalendar                              
000020bf  initClocks                                
00001f09  initPeripherals                           
00001e8b  initPorts                                 
00004709  initSPI                                   
00000000  interruptVectors                          
000032d9  ldexp                                     
000032d9  ldexpl                                    
00002701  lseek                                     
00004309  ltoa                                      
00003769  main                                      
20000d68  main_func_sp                              
00001ae7  malloc                                    
00001d1d  memalign                                  
0000481d  memccpy                                   
000047dd  memchr                                    
00003abd  memcpy                                    
00003e25  memset                                    
00001a59  minit                                     
00002653  open                                      
00003f81  printf                                    
00003bf1  putc                                      
00003c75  putchar                                   
000031b5  puts                                      
20000b04  radioEvents                               
0000262f  read                                      
00001c11  realloc                                   
000025a5  remove                                    
00002607  remove_device                             
000025c9  rename                                    
000032d9  scalbn                                    
000032d9  scalbnl                                   
000035c5  setvbuf                                   
00001f41  sleepFor                                  
00004b4c  spiMasterConfig                           
0000424d  sprintf                                   
000048b5  strchr                                    
0000489d  strcmp                                    
00004931  strcpy                                    
00004945  strlen                                    
0000467d  strncpy                                   
000025a5  unlink                                    
00002515  write                                     


GLOBAL SYMBOLS: SORTED BY Symbol Address 

address   name                                      
-------   ----                                      
00000000  __TI_static_base__                        
00000000  interruptVectors                          
00000200  __STACK_SIZE                              
00000800  __SYSMEM_SIZE                             
00000f4b  __TI_printfi                              
00001251  RFWriteBuffer                             
0000129b  RFWriteFifo                               
000012a7  RFWrite                                   
000012db  RFSetOpMode                               
000012e3  RFStartCad                                
00001303  RFRead                                    
00001343  RFSetTxConfig                             
00001443  RFSetTx                                   
0000145b  RFSetStby                                 
0000146b  RFSetSleep                                
0000147b  RFSetRxConfig                             
0000152f  RFSetRx                                   
00001571  RFSetChannel                              
00001595  RFSend                                    
000015cf  RFReset                                   
000015ff  RFReadRssi                                
00001625  RFReadBuffer                              
00001677  RFRandom                                  
000016ad  RFIsChannelFree                           
000016d7  RFGetTimeOnAir                            
000017f7  RFCheckRfFrequency                        
000017fb  RFInitModem                               
00001835  RFGetStatus                               
0000183b  RFInit                                    
00001879  RFIrqInit                                 
000018dd  PORT2_IRQHandler                          
00001a59  minit                                     
00001ae7  malloc                                    
00001b4f  free                                      
00001c11  realloc                                   
00001d1d  memalign                                  
00001e01  calloc                                    
00001e35  initCalendar                              
00001e8b  initPorts                                 
00001f09  initPeripherals                           
00001f41  sleepFor                                  
000020bf  initClocks                                
00002139  RTC_AlarmHandler                          
000021f1  HOSTwrite                                 
0000223d  HOSTunlink                                
00002275  HOSTtime64                                
000022bf  HOSTtime                                  
000022f9  HOSTrename                                
00002357  HOSTread                                  
000023a3  HOSTopen                                  
000023f5  HOSTlseek                                 
00002451  HOSTgetenv                                
0000248f  HOSTclose                                 
000024c7  HOSTclock                                 
00002515  write                                     
000025a5  remove                                    
000025a5  unlink                                    
000025c9  rename                                    
00002607  remove_device                             
0000262f  read                                      
00002653  open                                      
00002701  lseek                                     
00002725  close                                     
00002775  add_device                                
00002821  __aeabi_uldivmod                          
00002a15  SystemInit                                
00002a67  SystemCoreClockUpdate                     
00002cc1  __TI_cleanup                              
00002ced  freopen                                   
00002d17  fopen                                     
00002dbd  __aeabi_dsub                              
00002dc7  __aeabi_dadd                              
00002f73  __aeabi_ddiv                              
000030a9  fputs                                     
000031b5  puts                                      
000031dd  __aeabi_dmul                              
000032d9  ldexp                                     
000032d9  ldexpl                                    
000032d9  scalbn                                    
000032d9  scalbnl                                   
000033d5  ceil                                      
000033d5  ceill                                     
000034cd  floor                                     
000034cd  floorl                                    
000035c5  setvbuf                                   
000036a1  __TI_doflush                              
000036ed  fflush                                    
00003769  main                                      
0000382d  getTotal_ms                               
00003833  delay_ms                                  
0000384b  SysTick_Handler                           
00003865  Init_SysTick                              
000038d9  __TI_wrt_ok                               
0000393b  __TI_rd_ok                                
00003985  CS_startHFXTWithTimeout                   
00003a21  CS_startLFXTWithTimeout                   
00003abd  __aeabi_memcpy                            
00003abd  __aeabi_memcpy4                           
00003abd  __aeabi_memcpy8                           
00003abd  memcpy                                    
00003b59  __TI_closefile                            
00003bbf  fclose                                    
00003bf1  fputc                                     
00003bf1  putc                                      
00003c75  putchar                                   
00003c89  SPI_initMaster                            
00003d11  __aeabi_cdcmpeq                           
00003d11  __aeabi_cdcmple                           
00003d97  __aeabi_cdrcmple                          
00003e1d  __aeabi_memclr                            
00003e1d  __aeabi_memclr4                           
00003e1d  __aeabi_memclr8                           
00003e1f  __aeabi_memset                            
00003e1f  __aeabi_memset4                           
00003e1f  __aeabi_memset8                           
00003e25  memset                                    
00003e97  __mpu_init                                
00003f09  __TI_auto_init                            
00003f81  printf                                    
00004053  _system_post_cinit                        
00004055  __TI_writemsg                             
00004083  C$$IO$$                                   
00004087  __TI_readmsg                              
000040bd  Interrupt_enableInterrupt                 
00004121  RTC_C_getCalendarTime                     
00004185  fseek                                     
000041e9  frexp                                     
000041e9  frexpl                                    
0000424d  sprintf                                   
000042ad  RTC_C_initCalendar                        
00004309  ltoa                                      
00004361  _c_int00                                  
000043b5  C$$EXIT                                   
000043b9  abort                                     
000043c1  exit                                      
00004409  RTC_C_clearInterruptFlag                  
00004459  atoi                                      
000044a5  copy_in                                   
000044f1  GPIO_setAsPeripheralModuleFunctionInputPin
00004539  RTC_C_getEnabledInterruptStatus           
00004581  __aeabi_d2iz                              
000045c9  __aeabi_d2uiz                             
0000460d  RTC_C_enableInterrupt                     
0000467d  strncpy                                   
000046ad  __aeabi_i2d                               
000046dd  RTC_C_getInterruptStatus                  
00004709  initSPI                                   
00004731  GPIO_setAsOutputPin                       
00004755  RTC_C_setCalendarAlarm                    
00004779  RTC_C_startClock                          
0000479d  GPIO_interruptEdgeSelect                  
000047bd  SPI_transmitData                          
000047dd  memchr                                    
000047fd  __aeabi_ui2d                              
0000481d  memccpy                                   
00004839  SPI_enableModule                          
00004853  SPI_receiveData                           
0000486d  GPIO_setOutputLowOnPin                    
00004885  _args_main                                
0000489d  strcmp                                    
000048b5  strchr                                    
000048cd  CS_setExternalClockSourceFrequency        
000048e1  GPIO_setOutputHighOnPin                   
000048f5  GPIO_toggleOutputOnPin                    
00004909  _register_unlock                          
0000490f  _register_lock                            
00004917  _nop                                      
0000491d  copysign                                  
0000491d  copysignl                                 
00004931  strcpy                                    
00004945  strlen                                    
0000496b  Interrupt_enableMaster                    
0000497d  SysCtl_disableNMISource                   
0000498d  SysCtl_enableNMISource                    
0000499d  __TI_decompress_none                      
000049ab  CPU_cpsie                                 
000049b7  EUSCI_A_SPI_enable                        
000049c3  EUSCI_B_SPI_enable                        
000049d1  SysCtl_getNMISourceStatus                 
000049dd  CS_startHFXT                              
000049e3  CS_startLFXT                              
000049e9  EUSCI_A_SPI_receiveData                   
000049ef  EUSCI_B_SPI_receiveData                   
000049f5  __TI_decompress_rle24                     
000049fb  EUSCI_A_SPI_transmitData                  
000049ff  EUSCI_B_SPI_transmitData                  
00004a03  _system_pre_init                          
00004a08  _ctypes_                                  
00004b4c  spiMasterConfig                           
00004c44  __TI_Handler_Table_Base                   
00004c4c  __TI_CINIT_Base                           
00004c4c  __TI_Handler_Table_Limit                  
00004c5c  __TI_CINIT_Limit                          
20000000  _sys_memory                               
20000800  __CIOBUF_                                 
20000a20  __TI_tmpnams                              
20000b04  radioEvents                               
20000b34  _ftable                                   
20000d24  __TI_ft_end                               
20000d28  __aeabi_stdin                             
20000d2c  __aeabi_stdout                            
20000d30  __aeabi_stderr                            
20000d34  __TI_cleanup_ptr                          
20000d38  __TI_dtors_ptr                            
20000d3c  __TI_enable_exit_profile_output           
20000d4c  _msTime                                   
20000d4e  _sTime                                    
20000d4f  _mTime                                    
20000d50  _hTime                                    
20000d54  _totalms                                  
20000d58  _lock                                     
20000d5c  _unlock                                   
20000d60  errno                                     
20000d68  main_func_sp                              
20000d6c  SystemCoreClock                           
20000d70  awake                                     
2000fe00  __stack                                   
20010000  __STACK_END                               
4000480c  WDTCTL_SYM                                
ffffffff  __TI_pprof_out_hndl                       
ffffffff  __TI_prof_data_size                       
ffffffff  __TI_prof_data_start                      
ffffffff  __binit__                                 
ffffffff  __c_args__                                
ffffffff  binit                                     
UNDEFED   SHT$$INIT_ARRAY$$Base                     
UNDEFED   SHT$$INIT_ARRAY$$Limit                    

[227 symbols]
