******************************************************************************
                  TI ARM Linker PC v16.9.1                     
******************************************************************************
>> Linked Wed Aug 16 12:18:36 2017

OUTPUT FILE NAME:   <Velapulsar.out>
ENTRY POINT SYMBOL: "_c_int00"  address: 00004869


MEMORY CONFIGURATION

         name            origin    length      used     unused   attr    fill
----------------------  --------  ---------  --------  --------  ----  --------
  MAIN                  00000000   00020000  00005248  0001adb8  R  X
  INFO                  00200000   00004000  00000000  00004000  R  X
  SRAM_CODE             01000000   00008000  00001071  00006f8f  RW X
  SRAM_DATA             20000000   00008000  00001071  00006f8f  RW  


SEGMENT ALLOCATION MAP

run origin  load origin   length   init length attrs members
----------  ----------- ---------- ----------- ----- -------
00000000    00000000    00005248   00005248    r-x
  00000000    00000000    00000140   00000140    r-- .intvecs
  00000140    00000140    00004ebc   00004ebc    r-x .text
  00004ffc    00004ffc    00000184   00000184    r-- .const
  00005180    00005180    000000c8   000000c8    r-- .cinit
20000000    20000000    00000e71   00000000    rw-
  20000000    20000000    00000800   00000000    rw- .sysmem
  20000800    20000800    00000428   00000000    rw- .bss
  20000c28    20000c28    00000249   00000000    rw- .data
20007e00    20007e00    00000200   00000000    rw-
  20007e00    20007e00    00000200   00000000    rw- .stack


SECTION ALLOCATION MAP

 output                                  attributes/
section   page    origin      length       input sections
--------  ----  ----------  ----------   ----------------
.intvecs   0    00000000    00000140     
                  00000000    00000140     startup_msp432p401r_ccs.obj (.intvecs:retain)

.binit     0    00000000    00000000     

.text      0    00000140    00004ebc     
                  00000140    0000113e     rtsv7M4_T_le_v4SPD16_eabi.lib : _printfi.obj (.text)
                  0000127e    00000002                                   : mpu_init.obj (.text)
                  00001280    00000a90     rf95.obj (.text)
                  00001d10    000003d0     rtsv7M4_T_le_v4SPD16_eabi.lib : memory.obj (.text)
                  000020e0    00000324                                   : trgdrv.obj (.text)
                  00002404    00000318     velapulsar.obj (.text)
                  0000271c    0000030c     rtsv7M4_T_le_v4SPD16_eabi.lib : lowlev.obj (.text)
                  00002a28    000001f4                                   : ull_div_t2.obj (.text)
                  00002c1c    000001ec     UART_interface.obj (.text)
                  00002e08    000001e4     system_msp432p401r.obj (.text)
                  00002fec    000001c4     rtsv7M4_T_le_v4SPD16_eabi.lib : fopen.obj (.text)
                  000031b0    000001c0     sensor_interface.obj (.text)
                  00003370    000001b6     rtsv7M4_T_le_v4SPD16_eabi.lib : fd_add_t2.obj (.text)
                  00003526    00000136                                   : fd_div_t2.obj (.text)
                  0000365c    00000134                                   : fputs.obj (.text)
                  00003790    000000fc                                   : fd_mul_t2.obj (.text)
                  0000388c    000000fc                                   : s_scalbn.obj (.text)
                  00003988    000000f8                                   : s_ceil.obj (.text)
                  00003a80    000000f8                                   : s_floor.obj (.text)
                  00003b78    000000dc                                   : setvbuf.obj (.text)
                  00003c54    000000c8                                   : fflush.obj (.text)
                  00003d1c    000000ac     delay.obj (.text)
                  00003dc8    000000ac     rtsv7M4_T_le_v4SPD16_eabi.lib : _io_perm.obj (.text)
                  00003e74    0000009c     msp432p4xx_driverlib.lib : cs.o (.text:CS_startHFXTWithTimeout)
                  00003f10    0000009c                              : cs.o (.text:CS_startLFXTWithTimeout)
                  00003fac    0000009c     rtsv7M4_T_le_v4SPD16_eabi.lib : memcpy_t2.obj (.text)
                  00004048    00000098                                   : fclose.obj (.text)
                  000040e0    00000098                                   : fputc.obj (.text)
                  00004178    00000088     msp432p4xx_driverlib.lib : spi.o (.text:SPI_initMaster)
                  00004200    00000086     rtsv7M4_T_le_v4SPD16_eabi.lib : fd_cmp_t2.obj (.text:__aeabi_cdcmple)
                  00004286    00000086                                   : fd_cmp_t2.obj (.text:__aeabi_cdrcmple)
                  0000430c    0000007a                                   : memset_t2.obj (.text)
                  00004386    00000002                                   : startup.obj (.text)
                  00004388    00000074     AdapterNode_main.obj (.text)
                  000043fc    00000070     msp432p4xx_driverlib.lib : cs.o (.text:_CSGetHFXTFrequency)
                  0000446c    00000070     rtsv7M4_T_le_v4SPD16_eabi.lib : autoinit.obj (.text)
                  000044dc    00000070                                   : printf.obj (.text)
                  0000454c    00000068                                   : copy_decompress_lzss.obj (.text:decompress:lzss)
                  000045b4    00000068                                   : trgmsg.obj (.text)
                  0000461c    00000064     msp432p4xx_driverlib.lib : interrupt.o (.text:Interrupt_enableInterrupt)
                  00004680    00000064                              : rtc_c.o (.text:RTC_C_getCalendarTime)
                  000046e4    00000064     rtsv7M4_T_le_v4SPD16_eabi.lib : fseek.obj (.text)
                  00004748    00000064                                   : s_frexp.obj (.text)
                  000047ac    00000060                                   : sprintf.obj (.text)
                  0000480c    0000005c     msp432p4xx_driverlib.lib : rtc_c.o (.text:RTC_C_initCalendar)
                  00004868    00000054     rtsv7M4_T_le_v4SPD16_eabi.lib : boot.obj (.text)
                  000048bc    00000054                                   : exit.obj (.text)
                  00004910    00000054                                   : ltoa.obj (.text)
                  00004964    00000050     msp432p4xx_driverlib.lib : rtc_c.o (.text:RTC_C_clearInterruptFlag)
                  000049b4    0000004c     rtsv7M4_T_le_v4SPD16_eabi.lib : atoi.obj (.text)
                  00004a00    0000004c                                   : cpy_tbl.obj (.text)
                  00004a4c    00000048     msp432p4xx_driverlib.lib : gpio.o (.text:GPIO_setAsPeripheralModuleFunctionInputPin)
                  00004a94    00000048                              : rtc_c.o (.text:RTC_C_getEnabledInterruptStatus)
                  00004adc    00000048     rtsv7M4_T_le_v4SPD16_eabi.lib : fd_toi_t2.obj (.text)
                  00004b24    00000044                                   : fd_tou_t2.obj (.text)
                  00004b68    00000040     msp432p4xx_driverlib.lib : rtc_c.o (.text:RTC_C_enableInterrupt)
                  00004ba8    00000036     rtsv7M4_T_le_v4SPD16_eabi.lib : strncpy.obj (.text)
                  00004bde    00000002     --HOLE-- [fill = 0]
                  00004be0    00000034     startup_msp432p401r_ccs.obj (.text)
                  00004c14    00000030     msp432p4xx_driverlib.lib : gpio.o (.text:GPIO_setAsInputPinWithPullDownResistor)
                  00004c44    00000030                              : spi.o (.text:is_A_Module)
                  00004c74    0000002e     rtsv7M4_T_le_v4SPD16_eabi.lib : i_tofd_t2.obj (.text)
                  00004ca2    00000002     --HOLE-- [fill = 0]
                  00004ca4    0000002c     msp432p4xx_driverlib.lib : rtc_c.o (.text:RTC_C_getInterruptStatus)
                  00004cd0    00000028     spi_interface.obj (.text)
                  00004cf8    00000024     msp432p4xx_driverlib.lib : cs.o (.text:CS_setDCOCenteredFrequency)
                  00004d1c    00000024                              : gpio.o (.text:GPIO_setAsOutputPin)
                  00004d40    00000024                              : rtc_c.o (.text:RTC_C_setCalendarAlarm)
                  00004d64    00000024                              : rtc_c.o (.text:RTC_C_startClock)
                  00004d88    00000020                              : gpio.o (.text:GPIO_interruptEdgeSelect)
                  00004da8    00000020                              : spi.o (.text:SPI_transmitData)
                  00004dc8    00000020     rtsv7M4_T_le_v4SPD16_eabi.lib : memchr.obj (.text)
                  00004de8    00000020                                   : u_tofd_t2.obj (.text)
                  00004e08    0000001c                                   : memccpy.obj (.text)
                  00004e24    0000001a     msp432p4xx_driverlib.lib : spi.o (.text:SPI_enableModule)
                  00004e3e    0000001a                              : spi.o (.text:SPI_receiveData)
                  00004e58    00000018                              : gpio.o (.text:GPIO_getInputPinValue)
                  00004e70    00000018                              : gpio.o (.text:GPIO_setOutputLowOnPin)
                  00004e88    00000018     rtsv7M4_T_le_v4SPD16_eabi.lib : args_main.obj (.text)
                  00004ea0    00000018                                   : strcmp.obj (.text)
                  00004eb8    00000016                                   : strchr.obj (.text)
                  00004ece    00000002     --HOLE-- [fill = 0]
                  00004ed0    00000014     msp432p4xx_driverlib.lib : cs.o (.text:CS_setExternalClockSourceFrequency)
                  00004ee4    00000014                              : gpio.o (.text:GPIO_setOutputHighOnPin)
                  00004ef8    00000014                              : gpio.o (.text:GPIO_toggleOutputOnPin)
                  00004f0c    00000014     rtsv7M4_T_le_v4SPD16_eabi.lib : _lock.obj (.text)
                  00004f20    00000014                                   : s_copysign.obj (.text)
                  00004f34    00000014                                   : strcpy.obj (.text)
                  00004f48    00000014                                   : strlen.obj (.text)
                  00004f5c    00000010     msp432p4xx_driverlib.lib : interrupt.o (.text:Interrupt_enableMaster)
                  00004f6c    00000010                              : sysctl.o (.text:SysCtl_disableNMISource)
                  00004f7c    00000010                              : sysctl.o (.text:SysCtl_enableNMISource)
                  00004f8c    0000000e     rtsv7M4_T_le_v4SPD16_eabi.lib : copy_decompress_none.obj (.text:decompress:none)
                  00004f9a    0000000c     msp432p4xx_driverlib.lib : cpu.o (.text:CPU_cpsie)
                  00004fa6    0000000c                              : spi.o (.text:EUSCI_A_SPI_enable)
                  00004fb2    0000000c                              : spi.o (.text:EUSCI_B_SPI_enable)
                  00004fbe    00000002     --HOLE-- [fill = 0]
                  00004fc0    0000000c                              : sysctl.o (.text:SysCtl_getNMISourceStatus)
                  00004fcc    0000000c     rtsv7M4_T_le_v4SPD16_eabi.lib : copy_zero_init.obj (.text:decompress:ZI)
                  00004fd8    00000006     msp432p4xx_driverlib.lib : cs.o (.text:CS_startHFXT)
                  00004fde    00000006                              : cs.o (.text:CS_startLFXT)
                  00004fe4    00000006                              : spi.o (.text:EUSCI_A_SPI_receiveData)
                  00004fea    00000006                              : spi.o (.text:EUSCI_B_SPI_receiveData)
                  00004ff0    00000004                              : spi.o (.text:EUSCI_A_SPI_transmitData)
                  00004ff4    00000004                              : spi.o (.text:EUSCI_B_SPI_transmitData)
                  00004ff8    00000004     rtsv7M4_T_le_v4SPD16_eabi.lib : pre_init.obj (.text)

.const     0    00004ffc    00000184     
                  00004ffc    00000101     rtsv7M4_T_le_v4SPD16_eabi.lib : ctype.obj (.const:.string:_ctypes_)
                  000050fd    00000003     --HOLE-- [fill = 0]
                  00005100    00000040     msp432p4xx_driverlib.lib : interrupt.o (.const)
                  00005140    00000024     UART_interface.obj (.const:uartConfig)
                  00005164    0000001c     spi_interface.obj (.const:spiMasterConfig)

.cinit     0    00005180    000000c8     
                  00005180    000000a4     (.cinit..data.load) [load image, compression = lzss]
                  00005224    0000000c     (__TI_handler_table)
                  00005230    00000008     (.cinit..bss.load) [load image, compression = zero_init]
                  00005238    00000010     (__TI_cinit_table)

.init_array 
*          0    00000000    00000000     UNINITIALIZED

.sysmem    0    20000000    00000800     UNINITIALIZED
                  20000000    00000008     rtsv7M4_T_le_v4SPD16_eabi.lib : memory.obj (.sysmem)
                  20000008    000007f8     --HOLE--

.bss       0    20000800    00000428     UNINITIALIZED
                  20000800    00000120     rtsv7M4_T_le_v4SPD16_eabi.lib : trgmsg.obj (.bss:_CIOBUF_)
                  20000920    00000100     rf95.obj (.bss:RxTxBuffer)
                  20000a20    00000100     (.common:UARTBuffer)
                  20000b20    000000a0     (.common:__TI_tmpnams)
                  20000bc0    0000002c     rf95.obj (.bss:settings)
                  20000bec    0000001c     velapulsar.obj (.bss:calendarTime)
                  20000c08    00000008     rtsv7M4_T_le_v4SPD16_eabi.lib : trgdrv.obj (.bss:parmbuf)
                  20000c10    00000008     rf95.obj (.bss)
                  20000c18    00000004     (.common:UARTrx)
                  20000c1c    00000004     (.common:hfxtFreq)
                  20000c20    00000004     (.common:lfxtFreq)
                  20000c24    00000002     (.common:lastLight)
                  20000c26    00000002     (.common:lastMagnetic)

.data      0    20000c28    00000249     UNINITIALIZED
                  20000c28    000000f0     rtsv7M4_T_le_v4SPD16_eabi.lib : defs.obj (.data:_ftable)
                  20000d18    000000d0                                   : lowlev.obj (.data:$O1$$)
                  20000de8    00000030     msp432p4xx_driverlib.lib : gpio.o (.data:GPIO_PORT_TO_BASE)
                  20000e18    00000010     rtsv7M4_T_le_v4SPD16_eabi.lib : defs.obj (.data)
                  20000e28    0000000c                                   : exit.obj (.data:$O1$$)
                  20000e34    0000000c                                   : memory.obj (.data:$O1$$)
                  20000e40    0000000c     delay.obj (.data)
                  20000e4c    00000008     rtsv7M4_T_le_v4SPD16_eabi.lib : _lock.obj (.data:$O1$$)
                  20000e54    00000008     AdapterNode_main.obj (.data)
                  20000e5c    00000004     UART_interface.obj (.data)
                  20000e60    00000004     rtsv7M4_T_le_v4SPD16_eabi.lib : errno.obj (.data)
                  20000e64    00000004                                   : fopen.obj (.data)
                  20000e68    00000004                                   : stkdepth_vars.obj (.data)
                  20000e6c    00000004     system_msp432p401r.obj (.data)
                  20000e70    00000001     velapulsar.obj (.data)

.stack     0    20007e00    00000200     UNINITIALIZED
                  20007e00    00000200     --HOLE--

MODULE SUMMARY

       Module                        code    ro data   rw data
       ------                        ----    -------   -------
    .\
       system_msp432p401r.obj        484     0         8      
       startup_msp432p401r_ccs.obj   52      320       0      
       AdapterNode_main.obj          116     0         24     
    +--+-----------------------------+-------+---------+---------+
       Total:                        652     320       32     
                                                              
    .\Libraries\RF95\
       rf95.obj                      2704    0         616    
       delay.obj                     172     0         24     
       spi_interface.obj             40      28        0      
    +--+-----------------------------+-------+---------+---------+
       Total:                        2916    28        640    
                                                              
    .\Libraries\UART\
       UART_interface.obj            492     36        528    
    +--+-----------------------------+-------+---------+---------+
       Total:                        492     36        528    
                                                              
    .\Libraries\Velapulsar\
       velapulsar.obj                792     0         58     
       sensor_interface.obj          448     0         0      
    +--+-----------------------------+-------+---------+---------+
       Total:                        1240    0         58     
                                                              
    C:/ti/msp/msp432ware__3.50.00.02/driverlib/driverlib/MSP432P4xx/ccs/msp432p4xx_driverlib.lib
       rtc_c.o                       524     0         0      
       cs.o                          492     0         16     
       gpio.o                        276     0         96     
       spi.o                         312     0         0      
       interrupt.o                   116     64        0      
       sysctl.o                      44      0         0      
       cpu.o                         12      0         0      
    +--+-----------------------------+-------+---------+---------+
       Total:                        1776    64        112    
                                                              
    C:\ti\ccsv7\tools\compiler\ti-cgt-arm_16.9.1.LTS\lib\rtsv7M4_T_le_v4SPD16_eabi.lib
       _printfi.obj                  4414    0         0      
       lowlev.obj                    780     0         416    
       memory.obj                    976     0         24     
       defs.obj                      0       0         832    
       trgdrv.obj                    804     0         16     
       trgmsg.obj                    104     0         576    
       ull_div_t2.obj                500     0         0      
       fopen.obj                     452     0         8      
       fd_add_t2.obj                 438     0         0      
       fd_div_t2.obj                 310     0         0      
       fputs.obj                     308     0         0      
       fd_cmp_t2.obj                 268     0         0      
       ctype.obj                     0       257       0      
       fd_mul_t2.obj                 252     0         0      
       s_scalbn.obj                  252     0         0      
       s_ceil.obj                    248     0         0      
       s_floor.obj                   248     0         0      
       setvbuf.obj                   220     0         0      
       fflush.obj                    200     0         0      
       _io_perm.obj                  172     0         0      
       memcpy_t2.obj                 156     0         0      
       fclose.obj                    152     0         0      
       fputc.obj                     152     0         0      
       memset_t2.obj                 122     0         0      
       autoinit.obj                  112     0         0      
       printf.obj                    112     0         0      
       exit.obj                      84      0         24     
       copy_decompress_lzss.obj      104     0         0      
       fseek.obj                     100     0         0      
       s_frexp.obj                   100     0         0      
       sprintf.obj                   96      0         0      
       boot.obj                      84      0         0      
       ltoa.obj                      84      0         0      
       atoi.obj                      76      0         0      
       cpy_tbl.obj                   76      0         0      
       fd_toi_t2.obj                 72      0         0      
       fd_tou_t2.obj                 68      0         0      
       strncpy.obj                   54      0         0      
       i_tofd_t2.obj                 46      0         0      
       _lock.obj                     20      0         16     
       memchr.obj                    32      0         0      
       u_tofd_t2.obj                 32      0         0      
       memccpy.obj                   28      0         0      
       args_main.obj                 24      0         0      
       strcmp.obj                    24      0         0      
       strchr.obj                    22      0         0      
       s_copysign.obj                20      0         0      
       strcpy.obj                    20      0         0      
       strlen.obj                    20      0         0      
       copy_decompress_none.obj      14      0         0      
       copy_zero_init.obj            12      0         0      
       errno.obj                     0       0         8      
       stkdepth_vars.obj             0       0         8      
       pre_init.obj                  4       0         0      
       mpu_init.obj                  2       0         0      
       startup.obj                   2       0         0      
    +--+-----------------------------+-------+---------+---------+
       Total:                        13072   257       1928   
                                                              
       Heap:                         0       0         4096   
       Stack:                        0       0         1024   
       Linker Generated:             0       200       0      
    +--+-----------------------------+-------+---------+---------+
       Grand Total:                  20148   905       8418   


LINKER GENERATED COPY TABLES

__TI_cinit_table @ 00005238 records: 2, size/record: 8, table size: 16
	.data: load addr=00005180, load size=000000a4 bytes, run addr=20000c28, run size=00000249 bytes, compression=lzss
	.bss: load addr=00005230, load size=00000008 bytes, run addr=20000800, run size=00000428 bytes, compression=zero_init


LINKER GENERATED HANDLER TABLE

__TI_handler_table @ 00005224 records: 3, size/record: 4, table size: 12
	index: 0, handler: __TI_decompress_lzss
	index: 1, handler: __TI_decompress_none
	index: 2, handler: __TI_zero_init


GLOBAL SYMBOLS: SORTED ALPHABETICALLY BY Name 

address   name                                      
-------   ----                                      
000032e1  ADC14_IRQHandler                          
000048bd  C$$EXIT                                   
000045e3  C$$IO$$                                   
00004f9b  CPU_cpsie                                 
00004cf9  CS_setDCOCenteredFrequency                
00004ed1  CS_setExternalClockSourceFrequency        
00004fd9  CS_startHFXT                              
00003e75  CS_startHFXTWithTimeout                   
00004fdf  CS_startLFXT                              
00003f11  CS_startLFXTWithTimeout                   
UNDEFED   CommsInit                                 
UNDEFED   CommsSend                                 
00004fa7  EUSCI_A_SPI_enable                        
00004fe5  EUSCI_A_SPI_receiveData                   
00004ff1  EUSCI_A_SPI_transmitData                  
00004fb3  EUSCI_B_SPI_enable                        
00004feb  EUSCI_B_SPI_receiveData                   
00004ff5  EUSCI_B_SPI_transmitData                  
00004e59  GPIO_getInputPinValue                     
00004d89  GPIO_interruptEdgeSelect                  
00004c15  GPIO_setAsInputPinWithPullDownResistor    
00004d1d  GPIO_setAsOutputPin                       
00004a4d  GPIO_setAsPeripheralModuleFunctionInputPin
00004ee5  GPIO_setOutputHighOnPin                   
00004e71  GPIO_setOutputLowOnPin                    
00004ef9  GPIO_toggleOutputOnPin                    
000032cd  Get_Claw                                  
000032bd  Get_Light                                 
000032b7  Get_Magnetic                              
000023bb  HOSTclock                                 
00002383  HOSTclose                                 
00002345  HOSTgetenv                                
000022e9  HOSTlseek                                 
00002297  HOSTopen                                  
0000224b  HOSTread                                  
000021ed  HOSTrename                                
000021b3  HOSTtime                                  
00002165  HOSTtime64                                
0000212d  HOSTunlink                                
000020e1  HOSTwrite                                 
000032a3  Init_Claw                                 
000031b1  Init_LightandMagnetic                     
000032ab  Init_Sensors                              
00003d55  Init_SysTick                              
0000461d  Interrupt_enableInterrupt                 
00004f5d  Interrupt_enableMaster                    
00001b09  PORT2_IRQHandler                          
00001903  RFCheckRfFrequency                        
0000196f  RFGetStatus                               
00001a6d  RFGetSymbolTime                           
000017b9  RFGetTimeOnAir                            
00001979  RFInit                                    
0000190d  RFInitModem                               
000019c1  RFIrqInit                                 
0000178b  RFIsChannelFree                           
00001755  RFRandom                                  
00001333  RFRead                                    
00001703  RFReadBuffer                              
000016e1  RFReadRssi                                
000016b1  RFReset                                   
00001687  RFRxWithDefault                           
0000165d  RFRxWithDefaultContinuous                 
000015e5  RFSend                                    
00001621  RFSendWithDefault                         
00001373  RFSetChannel                              
0000130b  RFSetOpMode                               
0000159d  RFSetRx                                   
000014e1  RFSetRxConfig                             
000014d1  RFSetSleep                                
000014c1  RFSetStby                                 
0000149d  RFSetTx                                   
00001395  RFSetTxConfig                             
00001313  RFStartCad                                
000012d7  RFWrite                                   
00001281  RFWriteBuffer                             
000012cb  RFWriteFifo                               
0000268d  RTC_AlarmHandler                          
00004965  RTC_C_clearInterruptFlag                  
00004b69  RTC_C_enableInterrupt                     
00004681  RTC_C_getCalendarTime                     
00004a95  RTC_C_getEnabledInterruptStatus           
00004ca5  RTC_C_getInterruptStatus                  
0000480d  RTC_C_initCalendar                        
00004d41  RTC_C_setCalendarAlarm                    
00004d65  RTC_C_startClock                          
UNDEFED   SHT$$INIT_ARRAY$$Base                     
UNDEFED   SHT$$INIT_ARRAY$$Limit                    
00004e25  SPI_enableModule                          
00004179  SPI_initMaster                            
00004e3f  SPI_receiveData                           
00004da9  SPI_transmitData                          
00004f6d  SysCtl_disableNMISource                   
00004f7d  SysCtl_enableNMISource                    
00004fc1  SysCtl_getNMISourceStatus                 
00003d3b  SysTick_Handler                           
20000e6c  SystemCoreClock                           
00002e5b  SystemCoreClockUpdate                     
00002e09  SystemInit                                
00002d55  UARTA0_Handler                            
20000a20  UARTBuffer                                
00002cdf  UARTSend                                  
00002c7b  UARTSendRssi                              
00002c1d  UARTinit                                  
20000c18  UARTrx                                    
4000480c  WDTCTL_SYM                                
20000800  __CIOBUF_                                 
20008000  __STACK_END                               
00000200  __STACK_SIZE                              
00000800  __SYSMEM_SIZE                             
00005238  __TI_CINIT_Base                           
00005248  __TI_CINIT_Limit                          
00005224  __TI_Handler_Table_Base                   
00005230  __TI_Handler_Table_Limit                  
0000446d  __TI_auto_init                            
000030b5  __TI_cleanup                              
20000e28  __TI_cleanup_ptr                          
00004049  __TI_closefile                            
0000454d  __TI_decompress_lzss                      
00004f8d  __TI_decompress_none                      
00003c55  __TI_doflush                              
20000e2c  __TI_dtors_ptr                            
20000e30  __TI_enable_exit_profile_output           
20000e18  __TI_ft_end                               
ffffffff  __TI_pprof_out_hndl                       
00000985  __TI_printfi                              
ffffffff  __TI_prof_data_size                       
ffffffff  __TI_prof_data_start                      
00003e2b  __TI_rd_ok                                
000045e7  __TI_readmsg                              
00000000  __TI_static_base__                        
20000b20  __TI_tmpnams                              
000045b5  __TI_writemsg                             
00003dc9  __TI_wrt_ok                               
00004fcd  __TI_zero_init                            
00004201  __aeabi_cdcmpeq                           
00004201  __aeabi_cdcmple                           
00004287  __aeabi_cdrcmple                          
00004add  __aeabi_d2iz                              
00004b25  __aeabi_d2uiz                             
0000337b  __aeabi_dadd                              
00003527  __aeabi_ddiv                              
00003791  __aeabi_dmul                              
00003371  __aeabi_dsub                              
00004c75  __aeabi_i2d                               
0000430d  __aeabi_memclr                            
0000430d  __aeabi_memclr4                           
0000430d  __aeabi_memclr8                           
00003fad  __aeabi_memcpy                            
00003fad  __aeabi_memcpy4                           
00003fad  __aeabi_memcpy8                           
0000430f  __aeabi_memset                            
0000430f  __aeabi_memset4                           
0000430f  __aeabi_memset8                           
20000e24  __aeabi_stderr                            
20000e1c  __aeabi_stdin                             
20000e20  __aeabi_stdout                            
00004de9  __aeabi_ui2d                              
00002a29  __aeabi_uldivmod                          
ffffffff  __binit__                                 
ffffffff  __c_args__                                
0000127f  __mpu_init                                
20007e00  __stack                                   
00004e89  _args_main                                
00004869  _c_int00                                  
00004ffc  _ctypes_                                  
20000c28  _ftable                                   
20000e44  _hTime                                    
20000e4c  _lock                                     
20000e43  _mTime                                    
20000e40  _msTime                                   
00004f1b  _nop                                      
00004f13  _register_lock                            
00004f0d  _register_unlock                          
20000e42  _sTime                                    
20000000  _sys_memory                               
00004387  _system_post_cinit                        
00004ff9  _system_pre_init                          
20000e48  _totalms                                  
20000e50  _unlock                                   
20000e55  ableToConnect                             
000048c1  abort                                     
0000297d  add_device                                
000049b5  atoi                                      
20000e70  awake                                     
ffffffff  binit                                     
000020b1  calloc                                    
00003989  ceil                                      
00003989  ceill                                     
0000292d  close                                     
00004a01  copy_in                                   
00004f21  copysign                                  
00004f21  copysignl                                 
20000e54  currentState                              
0000266d  debug_print_pkt                           
00003d23  delay_ms                                  
20000e60  errno                                     
000048c9  exit                                      
000040af  fclose                                    
00003ca1  fflush                                    
00003a81  floor                                     
00003a81  floorl                                    
0000310b  fopen                                     
000040e1  fputc                                     
0000365d  fputs                                     
00001dfb  free                                      
000030e1  freopen                                   
00004749  frexp                                     
00004749  frexpl                                    
000046e5  fseek                                     
00003d1d  getTotal_ms                               
20000e58  goodPkts                                  
00002405  initCalendar                              
000025f3  initClocks                                
000043c1  initEndNode                               
00002447  initPeripherals                           
0000243b  initPorts                                 
00004cd1  initSPI                                   
00000000  interruptVectors                          
20000c24  lastLight                                 
20000c26  lastMagnetic                              
0000388d  ldexp                                     
0000388d  ldexpl                                    
20000e57  len                                       
20000e56  lostConnection                            
00002909  lseek                                     
00004911  ltoa                                      
000043d1  main                                      
20000e68  main_func_sp                              
00001d91  malloc                                    
00001fc5  memalign                                  
00004e09  memccpy                                   
00004dc9  memchr                                    
00003fad  memcpy                                    
00004315  memset                                    
00001d11  minit                                     
0000285b  open                                      
00004389  operate                                   
000044e5  printf                                    
000040e1  putc                                      
00004165  putchar                                   
00003769  puts                                      
00002837  read                                      
00001ebd  realloc                                   
000027ad  remove                                    
0000280f  remove_device                             
000027d1  rename                                    
20000e5c  rxAvailable                               
0000388d  scalbn                                    
0000388d  scalbnl                                   
00003b79  setvbuf                                   
00002475  sleepFor                                  
00005164  spiMasterConfig                           
000047ad  sprintf                                   
00004eb9  strchr                                    
00004ea1  strcmp                                    
00004f35  strcpy                                    
00004f49  strlen                                    
00004ba9  strncpy                                   
00005140  uartConfig                                
000027ad  unlink                                    
0000271d  write                                     


GLOBAL SYMBOLS: SORTED BY Symbol Address 

address   name                                      
-------   ----                                      
00000000  __TI_static_base__                        
00000000  interruptVectors                          
00000200  __STACK_SIZE                              
00000800  __SYSMEM_SIZE                             
00000985  __TI_printfi                              
0000127f  __mpu_init                                
00001281  RFWriteBuffer                             
000012cb  RFWriteFifo                               
000012d7  RFWrite                                   
0000130b  RFSetOpMode                               
00001313  RFStartCad                                
00001333  RFRead                                    
00001373  RFSetChannel                              
00001395  RFSetTxConfig                             
0000149d  RFSetTx                                   
000014c1  RFSetStby                                 
000014d1  RFSetSleep                                
000014e1  RFSetRxConfig                             
0000159d  RFSetRx                                   
000015e5  RFSend                                    
00001621  RFSendWithDefault                         
0000165d  RFRxWithDefaultContinuous                 
00001687  RFRxWithDefault                           
000016b1  RFReset                                   
000016e1  RFReadRssi                                
00001703  RFReadBuffer                              
00001755  RFRandom                                  
0000178b  RFIsChannelFree                           
000017b9  RFGetTimeOnAir                            
00001903  RFCheckRfFrequency                        
0000190d  RFInitModem                               
0000196f  RFGetStatus                               
00001979  RFInit                                    
000019c1  RFIrqInit                                 
00001a6d  RFGetSymbolTime                           
00001b09  PORT2_IRQHandler                          
00001d11  minit                                     
00001d91  malloc                                    
00001dfb  free                                      
00001ebd  realloc                                   
00001fc5  memalign                                  
000020b1  calloc                                    
000020e1  HOSTwrite                                 
0000212d  HOSTunlink                                
00002165  HOSTtime64                                
000021b3  HOSTtime                                  
000021ed  HOSTrename                                
0000224b  HOSTread                                  
00002297  HOSTopen                                  
000022e9  HOSTlseek                                 
00002345  HOSTgetenv                                
00002383  HOSTclose                                 
000023bb  HOSTclock                                 
00002405  initCalendar                              
0000243b  initPorts                                 
00002447  initPeripherals                           
00002475  sleepFor                                  
000025f3  initClocks                                
0000266d  debug_print_pkt                           
0000268d  RTC_AlarmHandler                          
0000271d  write                                     
000027ad  remove                                    
000027ad  unlink                                    
000027d1  rename                                    
0000280f  remove_device                             
00002837  read                                      
0000285b  open                                      
00002909  lseek                                     
0000292d  close                                     
0000297d  add_device                                
00002a29  __aeabi_uldivmod                          
00002c1d  UARTinit                                  
00002c7b  UARTSendRssi                              
00002cdf  UARTSend                                  
00002d55  UARTA0_Handler                            
00002e09  SystemInit                                
00002e5b  SystemCoreClockUpdate                     
000030b5  __TI_cleanup                              
000030e1  freopen                                   
0000310b  fopen                                     
000031b1  Init_LightandMagnetic                     
000032a3  Init_Claw                                 
000032ab  Init_Sensors                              
000032b7  Get_Magnetic                              
000032bd  Get_Light                                 
000032cd  Get_Claw                                  
000032e1  ADC14_IRQHandler                          
00003371  __aeabi_dsub                              
0000337b  __aeabi_dadd                              
00003527  __aeabi_ddiv                              
0000365d  fputs                                     
00003769  puts                                      
00003791  __aeabi_dmul                              
0000388d  ldexp                                     
0000388d  ldexpl                                    
0000388d  scalbn                                    
0000388d  scalbnl                                   
00003989  ceil                                      
00003989  ceill                                     
00003a81  floor                                     
00003a81  floorl                                    
00003b79  setvbuf                                   
00003c55  __TI_doflush                              
00003ca1  fflush                                    
00003d1d  getTotal_ms                               
00003d23  delay_ms                                  
00003d3b  SysTick_Handler                           
00003d55  Init_SysTick                              
00003dc9  __TI_wrt_ok                               
00003e2b  __TI_rd_ok                                
00003e75  CS_startHFXTWithTimeout                   
00003f11  CS_startLFXTWithTimeout                   
00003fad  __aeabi_memcpy                            
00003fad  __aeabi_memcpy4                           
00003fad  __aeabi_memcpy8                           
00003fad  memcpy                                    
00004049  __TI_closefile                            
000040af  fclose                                    
000040e1  fputc                                     
000040e1  putc                                      
00004165  putchar                                   
00004179  SPI_initMaster                            
00004201  __aeabi_cdcmpeq                           
00004201  __aeabi_cdcmple                           
00004287  __aeabi_cdrcmple                          
0000430d  __aeabi_memclr                            
0000430d  __aeabi_memclr4                           
0000430d  __aeabi_memclr8                           
0000430f  __aeabi_memset                            
0000430f  __aeabi_memset4                           
0000430f  __aeabi_memset8                           
00004315  memset                                    
00004387  _system_post_cinit                        
00004389  operate                                   
000043c1  initEndNode                               
000043d1  main                                      
0000446d  __TI_auto_init                            
000044e5  printf                                    
0000454d  __TI_decompress_lzss                      
000045b5  __TI_writemsg                             
000045e3  C$$IO$$                                   
000045e7  __TI_readmsg                              
0000461d  Interrupt_enableInterrupt                 
00004681  RTC_C_getCalendarTime                     
000046e5  fseek                                     
00004749  frexp                                     
00004749  frexpl                                    
000047ad  sprintf                                   
0000480d  RTC_C_initCalendar                        
00004869  _c_int00                                  
000048bd  C$$EXIT                                   
000048c1  abort                                     
000048c9  exit                                      
00004911  ltoa                                      
00004965  RTC_C_clearInterruptFlag                  
000049b5  atoi                                      
00004a01  copy_in                                   
00004a4d  GPIO_setAsPeripheralModuleFunctionInputPin
00004a95  RTC_C_getEnabledInterruptStatus           
00004add  __aeabi_d2iz                              
00004b25  __aeabi_d2uiz                             
00004b69  RTC_C_enableInterrupt                     
00004ba9  strncpy                                   
00004c15  GPIO_setAsInputPinWithPullDownResistor    
00004c75  __aeabi_i2d                               
00004ca5  RTC_C_getInterruptStatus                  
00004cd1  initSPI                                   
00004cf9  CS_setDCOCenteredFrequency                
00004d1d  GPIO_setAsOutputPin                       
00004d41  RTC_C_setCalendarAlarm                    
00004d65  RTC_C_startClock                          
00004d89  GPIO_interruptEdgeSelect                  
00004da9  SPI_transmitData                          
00004dc9  memchr                                    
00004de9  __aeabi_ui2d                              
00004e09  memccpy                                   
00004e25  SPI_enableModule                          
00004e3f  SPI_receiveData                           
00004e59  GPIO_getInputPinValue                     
00004e71  GPIO_setOutputLowOnPin                    
00004e89  _args_main                                
00004ea1  strcmp                                    
00004eb9  strchr                                    
00004ed1  CS_setExternalClockSourceFrequency        
00004ee5  GPIO_setOutputHighOnPin                   
00004ef9  GPIO_toggleOutputOnPin                    
00004f0d  _register_unlock                          
00004f13  _register_lock                            
00004f1b  _nop                                      
00004f21  copysign                                  
00004f21  copysignl                                 
00004f35  strcpy                                    
00004f49  strlen                                    
00004f5d  Interrupt_enableMaster                    
00004f6d  SysCtl_disableNMISource                   
00004f7d  SysCtl_enableNMISource                    
00004f8d  __TI_decompress_none                      
00004f9b  CPU_cpsie                                 
00004fa7  EUSCI_A_SPI_enable                        
00004fb3  EUSCI_B_SPI_enable                        
00004fc1  SysCtl_getNMISourceStatus                 
00004fcd  __TI_zero_init                            
00004fd9  CS_startHFXT                              
00004fdf  CS_startLFXT                              
00004fe5  EUSCI_A_SPI_receiveData                   
00004feb  EUSCI_B_SPI_receiveData                   
00004ff1  EUSCI_A_SPI_transmitData                  
00004ff5  EUSCI_B_SPI_transmitData                  
00004ff9  _system_pre_init                          
00004ffc  _ctypes_                                  
00005140  uartConfig                                
00005164  spiMasterConfig                           
00005224  __TI_Handler_Table_Base                   
00005230  __TI_Handler_Table_Limit                  
00005238  __TI_CINIT_Base                           
00005248  __TI_CINIT_Limit                          
20000000  _sys_memory                               
20000800  __CIOBUF_                                 
20000a20  UARTBuffer                                
20000b20  __TI_tmpnams                              
20000c18  UARTrx                                    
20000c24  lastLight                                 
20000c26  lastMagnetic                              
20000c28  _ftable                                   
20000e18  __TI_ft_end                               
20000e1c  __aeabi_stdin                             
20000e20  __aeabi_stdout                            
20000e24  __aeabi_stderr                            
20000e28  __TI_cleanup_ptr                          
20000e2c  __TI_dtors_ptr                            
20000e30  __TI_enable_exit_profile_output           
20000e40  _msTime                                   
20000e42  _sTime                                    
20000e43  _mTime                                    
20000e44  _hTime                                    
20000e48  _totalms                                  
20000e4c  _lock                                     
20000e50  _unlock                                   
20000e54  currentState                              
20000e55  ableToConnect                             
20000e56  lostConnection                            
20000e57  len                                       
20000e58  goodPkts                                  
20000e5c  rxAvailable                               
20000e60  errno                                     
20000e68  main_func_sp                              
20000e6c  SystemCoreClock                           
20000e70  awake                                     
20007e00  __stack                                   
20008000  __STACK_END                               
4000480c  WDTCTL_SYM                                
ffffffff  __TI_pprof_out_hndl                       
ffffffff  __TI_prof_data_size                       
ffffffff  __TI_prof_data_start                      
ffffffff  __binit__                                 
ffffffff  __c_args__                                
ffffffff  binit                                     
UNDEFED   CommsInit                                 
UNDEFED   CommsSend                                 
UNDEFED   SHT$$INIT_ARRAY$$Base                     
UNDEFED   SHT$$INIT_ARRAY$$Limit                    

[261 symbols]
