******************************************************************************
                  TI ARM Linker PC v15.12.3                    
******************************************************************************
>> Linked Tue Jan 03 17:16:09 2017

OUTPUT FILE NAME:   <Velapulsar.out>
ENTRY POINT SYMBOL: "_c_int00"  address: 00003fc1


MEMORY CONFIGURATION

         name            origin    length      used     unused   attr    fill
----------------------  --------  ---------  --------  --------  ----  --------
  MAIN                  00000000   00040000  000048c6  0003b73a  R  X
  INFO                  00200000   00004000  00000000  00004000  R  X
  SRAM_CODE             01000000   00010000  00000f42  0000f0be  RW X
  SRAM_DATA             20000000   00010000  00000f42  0000f0be  RW  


SEGMENT ALLOCATION MAP

run origin  load origin   length   init length attrs members
----------  ----------- ---------- ----------- ----- -------
00000000    00000000    000048cc   000048cc    r-x
  00000000    00000000    00000140   00000140    r-- .intvecs
  00000140    00000140    0000452a   0000452a    r-x .text
  0000466c    0000466c    00000180   00000180    r-- .const
  000047f0    000047f0    000000dc   000000dc    r-- .cinit
20000000    20000000    00000d45   00000000    rw-
  20000000    20000000    00000800   00000000    rw- .sysmem
  20000800    20000800    00000305   00000000    rw- .bss
  20000b08    20000b08    0000023d   00000000    rw- .data
2000fe00    2000fe00    00000200   00000000    rw-
  2000fe00    2000fe00    00000200   00000000    rw- .stack


SECTION ALLOCATION MAP

 output                                  attributes/
section   page    origin      length       input sections
--------  ----  ----------  ----------   ----------------
.intvecs   0    00000000    00000140     
                  00000000    00000140     startup_msp432p401r_ccs.obj (.intvecs:retain)

.binit     0    00000000    00000000     

.text      0    00000140    0000452a     
                  00000140    00001110     rtsv7M4_T_le_v4SPD16_eabi.lib : _printfi.obj (.text)
                  00001250    00000620     rf95.obj (.text)
                  00001870    000003dc     rtsv7M4_T_le_v4SPD16_eabi.lib : memory.obj (.text)
                  00001c4c    00000324                                   : trgdrv.obj (.text)
                  00001f70    0000030c                                   : lowlev.obj (.text)
                  0000227c    00000308     velapulsar.obj (.text)
                  00002584    000001f4     rtsv7M4_T_le_v4SPD16_eabi.lib : ull_div_t2.obj (.text)
                  00002778    000001e4     system_msp432p401r.obj (.text)
                  0000295c    000001c4     rtsv7M4_T_le_v4SPD16_eabi.lib : fopen.obj (.text)
                  00002b20    000001b8     AdapterNode_main.obj (.text)
                  00002cd8    000001b6     rtsv7M4_T_le_v4SPD16_eabi.lib : fd_add_t2.obj (.text)
                  00002e8e    00000136                                   : fd_div_t2.obj (.text)
                  00002fc4    00000134                                   : fputs.obj (.text)
                  000030f8    000000fc                                   : fd_mul_t2.obj (.text)
                  000031f4    000000fc                                   : s_scalbn.obj (.text)
                  000032f0    000000dc                                   : setvbuf.obj (.text)
                  000033cc    000000c8                                   : fflush.obj (.text)
                  00003494    000000ac                                   : _io_perm.obj (.text)
                  00003540    000000a4     delay.obj (.text)
                  000035e4    0000009c     msp432p4xx_driverlib.lib : cs.o (.text:CS_startHFXTWithTimeout)
                  00003680    0000009c                              : cs.o (.text:CS_startLFXTWithTimeout)
                  0000371c    0000009c     rtsv7M4_T_le_v4SPD16_eabi.lib : memcpy_t2.obj (.text)
                  000037b8    00000098                                   : fclose.obj (.text)
                  00003850    00000098                                   : fputc.obj (.text)
                  000038e8    00000088     msp432p4xx_driverlib.lib : spi.o (.text:SPI_initMaster)
                  00003970    00000086     rtsv7M4_T_le_v4SPD16_eabi.lib : fd_cmp_t2.obj (.text:__aeabi_cdcmple)
                  000039f6    00000086                                   : fd_cmp_t2.obj (.text:__aeabi_cdrcmple)
                  00003a7c    0000007a                                   : memset_t2.obj (.text)
                  00003af6    00000002                                   : mpu_init.obj (.text)
                  00003af8    00000070     msp432p4xx_driverlib.lib : cs.o (.text:_CSGetHFXTFrequency)
                  00003b68    00000070     rtsv7M4_T_le_v4SPD16_eabi.lib : autoinit.obj (.text)
                  00003bd8    00000070                                   : printf.obj (.text)
                  00003c48    0000006a                                   : copy_decompress_rle.obj (.text)
                  00003cb2    00000002                                   : startup.obj (.text)
                  00003cb4    00000068                                   : trgmsg.obj (.text)
                  00003d1c    00000064     msp432p4xx_driverlib.lib : interrupt.o (.text:Interrupt_enableInterrupt)
                  00003d80    00000064                              : rtc_c.o (.text:RTC_C_getCalendarTime)
                  00003de4    00000064     rtsv7M4_T_le_v4SPD16_eabi.lib : fseek.obj (.text)
                  00003e48    00000064                                   : s_frexp.obj (.text)
                  00003eac    00000060                                   : sprintf.obj (.text)
                  00003f0c    0000005c     msp432p4xx_driverlib.lib : rtc_c.o (.text:RTC_C_initCalendar)
                  00003f68    00000056     rtsv7M4_T_le_v4SPD16_eabi.lib : ltoa.obj (.text)
                  00003fbe    00000002     --HOLE-- [fill = 0]
                  00003fc0    00000054                                   : boot.obj (.text)
                  00004014    00000054                                   : exit.obj (.text)
                  00004068    00000050     msp432p4xx_driverlib.lib : rtc_c.o (.text:RTC_C_clearInterruptFlag)
                  000040b8    0000004c     rtsv7M4_T_le_v4SPD16_eabi.lib : atoi.obj (.text)
                  00004104    0000004c                                   : cpy_tbl.obj (.text)
                  00004150    00000048     msp432p4xx_driverlib.lib : gpio.o (.text:GPIO_setAsPeripheralModuleFunctionInputPin)
                  00004198    00000048                              : rtc_c.o (.text:RTC_C_getEnabledInterruptStatus)
                  000041e0    00000048     rtsv7M4_T_le_v4SPD16_eabi.lib : fd_toi_t2.obj (.text)
                  00004228    00000044                                   : fd_tou_t2.obj (.text)
                  0000426c    00000040     msp432p4xx_driverlib.lib : rtc_c.o (.text:RTC_C_enableInterrupt)
                  000042ac    00000038     rtsv7M4_T_le_v4SPD16_eabi.lib : fs_tod_t2.obj (.text)
                  000042e4    00000030     msp432p4xx_driverlib.lib : spi.o (.text:is_A_Module)
                  00004314    00000030     rtsv7M4_T_le_v4SPD16_eabi.lib : strncpy.obj (.text)
                  00004344    0000002e                                   : i_tofd_t2.obj (.text)
                  00004372    00000002     --HOLE-- [fill = 0]
                  00004374    0000002c     msp432p4xx_driverlib.lib : rtc_c.o (.text:RTC_C_getInterruptStatus)
                  000043a0    00000028     spi_interface.obj (.text)
                  000043c8    00000024     msp432p4xx_driverlib.lib : gpio.o (.text:GPIO_setAsOutputPin)
                  000043ec    00000024                              : rtc_c.o (.text:RTC_C_setCalendarAlarm)
                  00004410    00000024                              : rtc_c.o (.text:RTC_C_startClock)
                  00004434    00000020                              : gpio.o (.text:GPIO_interruptEdgeSelect)
                  00004454    00000020                              : spi.o (.text:SPI_transmitData)
                  00004474    00000020     rtsv7M4_T_le_v4SPD16_eabi.lib : memchr.obj (.text)
                  00004494    0000001c                                   : memccpy.obj (.text)
                  000044b0    0000001a     msp432p4xx_driverlib.lib : spi.o (.text:SPI_enableModule)
                  000044ca    0000001a                              : spi.o (.text:SPI_receiveData)
                  000044e4    00000018                              : gpio.o (.text:GPIO_setOutputLowOnPin)
                  000044fc    00000018     rtsv7M4_T_le_v4SPD16_eabi.lib : args_main.obj (.text)
                  00004514    00000018                                   : strcmp.obj (.text)
                  0000452c    00000016                                   : strchr.obj (.text)
                  00004542    00000002     --HOLE-- [fill = 0]
                  00004544    00000014     msp432p4xx_driverlib.lib : cs.o (.text:CS_setExternalClockSourceFrequency)
                  00004558    00000014                              : gpio.o (.text:GPIO_setOutputHighOnPin)
                  0000456c    00000014     rtsv7M4_T_le_v4SPD16_eabi.lib : _lock.obj (.text)
                  00004580    00000014                                   : s_copysign.obj (.text)
                  00004594    00000014                                   : strcpy.obj (.text)
                  000045a8    00000014                                   : strlen.obj (.text)
                  000045bc    00000012     startup_msp432p401r_ccs.obj (.text)
                  000045ce    00000010     msp432p4xx_driverlib.lib : interrupt.o (.text:Interrupt_enableMaster)
                  000045de    00000002     --HOLE-- [fill = 0]
                  000045e0    00000010                              : sysctl.o (.text:SysCtl_disableNMISource)
                  000045f0    00000010                              : sysctl.o (.text:SysCtl_enableNMISource)
                  00004600    0000000e     rtsv7M4_T_le_v4SPD16_eabi.lib : copy_decompress_none.obj (.text:decompress:none)
                  0000460e    0000000c     msp432p4xx_driverlib.lib : cpu.o (.text:CPU_cpsie)
                  0000461a    0000000c                              : spi.o (.text:EUSCI_A_SPI_enable)
                  00004626    0000000c                              : spi.o (.text:EUSCI_B_SPI_enable)
                  00004632    00000002     --HOLE-- [fill = 0]
                  00004634    0000000c                              : sysctl.o (.text:SysCtl_getNMISourceStatus)
                  00004640    00000006                              : cs.o (.text:CS_startHFXT)
                  00004646    00000006                              : cs.o (.text:CS_startLFXT)
                  0000464c    00000006                              : spi.o (.text:EUSCI_A_SPI_receiveData)
                  00004652    00000006                              : spi.o (.text:EUSCI_B_SPI_receiveData)
                  00004658    00000006     rtsv7M4_T_le_v4SPD16_eabi.lib : copy_decompress_rle.obj (.text:decompress:rle24)
                  0000465e    00000004     msp432p4xx_driverlib.lib : spi.o (.text:EUSCI_A_SPI_transmitData)
                  00004662    00000004                              : spi.o (.text:EUSCI_B_SPI_transmitData)
                  00004666    00000004     rtsv7M4_T_le_v4SPD16_eabi.lib : pre_init.obj (.text)

.const     0    0000466c    00000180     
                  0000466c    00000101     rtsv7M4_T_le_v4SPD16_eabi.lib : ctype.obj (.const:.string:_ctypes_)
                  0000476d    00000003     --HOLE-- [fill = 0]
                  00004770    00000040     msp432p4xx_driverlib.lib : interrupt.o (.const)
                  000047b0    0000001c     spi_interface.obj (.const:spiMasterConfig)
                  000047cc    00000014     AdapterNode_main.obj (.const:.string:$P$T0$1)
                  000047e0    0000000c     rf95.obj (.const:MODEM_CONFIG_TABLE)

.cinit     0    000047f0    000000dc     
                  000047f0    000000b2     (.cinit..data.load) [load image, compression = rle]
                  000048a2    00000006     --HOLE-- [fill = 0]
                  000048a8    0000000b     (.cinit..bss.load) [load image, compression = rle]
                  000048b3    00000001     --HOLE-- [fill = 0]
                  000048b4    00000008     (__TI_handler_table)
                  000048bc    00000010     (__TI_cinit_table)

.init_array 
*          0    00000000    00000000     UNINITIALIZED

.sysmem    0    20000000    00000800     UNINITIALIZED
                  20000000    00000008     rtsv7M4_T_le_v4SPD16_eabi.lib : memory.obj (.sysmem)
                  20000008    000007f8     --HOLE--

.bss       0    20000800    00000305     UNINITIALIZED
                  20000800    00000120     rtsv7M4_T_le_v4SPD16_eabi.lib : trgmsg.obj (.bss:_CIOBUF_)
                  20000920    00000100     (.common:_buf)
                  20000a20    000000a0     (.common:__TI_tmpnams)
                  20000ac0    0000001c     velapulsar.obj (.bss:calendarTime)
                  20000adc    00000008     rtsv7M4_T_le_v4SPD16_eabi.lib : trgdrv.obj (.bss:parmbuf)
                  20000ae4    00000004     (.common:_cad_timeout)
                  20000ae8    00000004     (.common:hfxtFreq)
                  20000aec    00000004     (.common:lfxtFreq)
                  20000af0    00000002     (.common:_rxBad)
                  20000af2    00000002     (.common:_rxGood)
                  20000af4    00000002     (.common:_txGood)
                  20000af6    00000001     (.common:_bufLen)
                  20000af7    00000001     (.common:_cad)
                  20000af8    00000001     (.common:_lastRssi)
                  20000af9    00000001     (.common:_mode)
                  20000afa    00000001     (.common:_promiscuous)
                  20000afb    00000001     (.common:_rxBufValid)
                  20000afc    00000001     (.common:_rxHeaderFlags)
                  20000afd    00000001     (.common:_rxHeaderFrom)
                  20000afe    00000001     (.common:_rxHeaderId)
                  20000aff    00000001     (.common:_rxHeaderTo)
                  20000b00    00000001     (.common:_thisAddress)
                  20000b01    00000001     (.common:_txHeaderFlags)
                  20000b02    00000001     (.common:_txHeaderFrom)
                  20000b03    00000001     (.common:_txHeaderId)
                  20000b04    00000001     (.common:_txHeaderTo)

.data      0    20000b08    0000023d     UNINITIALIZED
                  20000b08    000000f0     rtsv7M4_T_le_v4SPD16_eabi.lib : defs.obj (.data:_ftable)
                  20000bf8    000000d0                                   : lowlev.obj (.data:$O1$$)
                  20000cc8    00000030     msp432p4xx_driverlib.lib : gpio.o (.data:GPIO_PORT_TO_BASE)
                  20000cf8    00000010     rtsv7M4_T_le_v4SPD16_eabi.lib : defs.obj (.data)
                  20000d08    0000000c                                   : exit.obj (.data:$O1$$)
                  20000d14    0000000c                                   : memory.obj (.data:$O1$$)
                  20000d20    0000000c     delay.obj (.data)
                  20000d2c    00000008     rtsv7M4_T_le_v4SPD16_eabi.lib : _lock.obj (.data:$O1$$)
                  20000d34    00000004                                   : errno.obj (.data)
                  20000d38    00000004                                   : fopen.obj (.data)
                  20000d3c    00000004                                   : stkdepth_vars.obj (.data)
                  20000d40    00000004     system_msp432p401r.obj (.data)
                  20000d44    00000001     velapulsar.obj (.data)

.stack     0    2000fe00    00000200     UNINITIALIZED
                  2000fe00    00000200     --HOLE--

MODULE SUMMARY

       Module                        code    ro data   rw data
       ------                        ----    -------   -------
    .\
       AdapterNode_main.obj          440     20        562    
       system_msp432p401r.obj        484     0         8      
       startup_msp432p401r_ccs.obj   18      320       0      
    +--+-----------------------------+-------+---------+---------+
       Total:                        942     340       570    
                                                              
    .\Libraries\RF95\
       rf95.obj                      1568    12        0      
       delay.obj                     164     0         24     
       spi_interface.obj             40      28        0      
    +--+-----------------------------+-------+---------+---------+
       Total:                        1772    40        24     
                                                              
    .\Libraries\Velapulsar\
       velapulsar.obj                776     0         58     
    +--+-----------------------------+-------+---------+---------+
       Total:                        776     0         58     
                                                              
    C:/ti/msp/msp432ware__3.50.00.02/driverlib/driverlib/MSP432P4xx/ccs/msp432p4xx_driverlib.lib
       rtc_c.o                       524     0         0      
       cs.o                          456     0         16     
       spi.o                         312     0         0      
       gpio.o                        184     0         96     
       interrupt.o                   116     64        0      
       sysctl.o                      44      0         0      
       cpu.o                         12      0         0      
    +--+-----------------------------+-------+---------+---------+
       Total:                        1648    64        112    
                                                              
    C:\ti\ccsv6\tools\compiler\arm_15.12.3.LTS\lib\rtsv7M4_T_le_v4SPD16_eabi.lib
       _printfi.obj                  4368    0         0      
       lowlev.obj                    780     0         416    
       memory.obj                    988     0         24     
       defs.obj                      0       0         832    
       trgdrv.obj                    804     0         16     
       trgmsg.obj                    104     0         576    
       ull_div_t2.obj                500     0         0      
       fopen.obj                     452     0         8      
       fd_add_t2.obj                 438     0         0      
       fd_div_t2.obj                 310     0         0      
       fputs.obj                     308     0         0      
       fd_cmp_t2.obj                 268     0         0      
       ctype.obj                     0       257       0      
       fd_mul_t2.obj                 252     0         0      
       s_scalbn.obj                  252     0         0      
       setvbuf.obj                   220     0         0      
       fflush.obj                    200     0         0      
       _io_perm.obj                  172     0         0      
       memcpy_t2.obj                 156     0         0      
       fclose.obj                    152     0         0      
       fputc.obj                     152     0         0      
       memset_t2.obj                 122     0         0      
       autoinit.obj                  112     0         0      
       copy_decompress_rle.obj       112     0         0      
       printf.obj                    112     0         0      
       exit.obj                      84      0         24     
       fseek.obj                     100     0         0      
       s_frexp.obj                   100     0         0      
       sprintf.obj                   96      0         0      
       ltoa.obj                      86      0         0      
       boot.obj                      84      0         0      
       atoi.obj                      76      0         0      
       cpy_tbl.obj                   76      0         0      
       fd_toi_t2.obj                 72      0         0      
       fd_tou_t2.obj                 68      0         0      
       fs_tod_t2.obj                 56      0         0      
       strncpy.obj                   48      0         0      
       i_tofd_t2.obj                 46      0         0      
       _lock.obj                     20      0         16     
       memchr.obj                    32      0         0      
       memccpy.obj                   28      0         0      
       args_main.obj                 24      0         0      
       strcmp.obj                    24      0         0      
       strchr.obj                    22      0         0      
       s_copysign.obj                20      0         0      
       strcpy.obj                    20      0         0      
       strlen.obj                    20      0         0      
       copy_decompress_none.obj      14      0         0      
       errno.obj                     0       0         8      
       stkdepth_vars.obj             0       0         8      
       pre_init.obj                  4       0         0      
       mpu_init.obj                  2       0         0      
       startup.obj                   2       0         0      
    +--+-----------------------------+-------+---------+---------+
       Total:                        12558   257       1928   
                                                              
       Heap:                         0       0         4096   
       Stack:                        0       0         1024   
       Linker Generated:             0       213       0      
    +--+-----------------------------+-------+---------+---------+
       Grand Total:                  17696   914       7812   


LINKER GENERATED COPY TABLES

__TI_cinit_table @ 000048bc records: 2, size/record: 8, table size: 16
	.data: load addr=000047f0, load size=000000b2 bytes, run addr=20000b08, run size=0000023d bytes, compression=rle
	.bss: load addr=000048a8, load size=0000000b bytes, run addr=20000800, run size=00000305 bytes, compression=rle


LINKER GENERATED HANDLER TABLE

__TI_handler_table @ 000048b4 records: 2, size/record: 4, table size: 8
	index: 0, handler: __TI_decompress_rle24
	index: 1, handler: __TI_decompress_none


GLOBAL SYMBOLS: SORTED ALPHABETICALLY BY Name 

address   name                                      
-------   ----                                      
00004015  C$$EXIT                                   
00003ce3  C$$IO$$                                   
0000460f  CPU_cpsie                                 
00004545  CS_setExternalClockSourceFrequency        
00004641  CS_startHFXT                              
000035e5  CS_startHFXTWithTimeout                   
00004647  CS_startLFXT                              
00003681  CS_startLFXTWithTimeout                   
0000461b  EUSCI_A_SPI_enable                        
0000464d  EUSCI_A_SPI_receiveData                   
0000465f  EUSCI_A_SPI_transmitData                  
00004627  EUSCI_B_SPI_enable                        
00004653  EUSCI_B_SPI_receiveData                   
00004663  EUSCI_B_SPI_transmitData                  
00004435  GPIO_interruptEdgeSelect                  
000043c9  GPIO_setAsOutputPin                       
00004151  GPIO_setAsPeripheralModuleFunctionInputPin
00004559  GPIO_setOutputHighOnPin                   
000044e5  GPIO_setOutputLowOnPin                    
00001f23  HOSTclock                                 
00001eeb  HOSTclose                                 
00001ead  HOSTgetenv                                
00001e51  HOSTlseek                                 
00001dff  HOSTopen                                  
00001db3  HOSTread                                  
00001d55  HOSTrename                                
00001d1b  HOSTtime                                  
00001cd1  HOSTtime64                                
00001c99  HOSTunlink                                
00001c4d  HOSTwrite                                 
00003573  Init_SysTick                              
00003d1d  Interrupt_enableInterrupt                 
000045cf  Interrupt_enableMaster                    
0000175d  PORT2_IRQHandler                          
00002533  RTC_AlarmHandler                          
00004069  RTC_C_clearInterruptFlag                  
0000426d  RTC_C_enableInterrupt                     
00003d81  RTC_C_getCalendarTime                     
00004199  RTC_C_getEnabledInterruptStatus           
00004375  RTC_C_getInterruptStatus                  
00003f0d  RTC_C_initCalendar                        
000043ed  RTC_C_setCalendarAlarm                    
00004411  RTC_C_startClock                          
UNDEFED   SHT$$INIT_ARRAY$$Base                     
UNDEFED   SHT$$INIT_ARRAY$$Limit                    
000044b1  SPI_enableModule                          
000038e9  SPI_initMaster                            
000044cb  SPI_receiveData                           
00004455  SPI_transmitData                          
000045e1  SysCtl_disableNMISource                   
000045f1  SysCtl_enableNMISource                    
00004635  SysCtl_getNMISourceStatus                 
0000355f  SysTick_Handler                           
20000d40  SystemCoreClock                           
000027cb  SystemCoreClockUpdate                     
00002779  SystemInit                                
4000480c  WDTCTL_SYM                                
20000800  __CIOBUF_                                 
20010000  __STACK_END                               
00000200  __STACK_SIZE                              
00000800  __SYSMEM_SIZE                             
000048bc  __TI_CINIT_Base                           
000048cc  __TI_CINIT_Limit                          
000048b4  __TI_Handler_Table_Base                   
000048bc  __TI_Handler_Table_Limit                  
00003b69  __TI_auto_init                            
00002a25  __TI_cleanup                              
20000d08  __TI_cleanup_ptr                          
000037b9  __TI_closefile                            
00004601  __TI_decompress_none                      
00004659  __TI_decompress_rle24                     
000033cd  __TI_doflush                              
20000d0c  __TI_dtors_ptr                            
20000d10  __TI_enable_exit_profile_output           
20000cf8  __TI_ft_end                               
ffffffff  __TI_pprof_out_hndl                       
00000f4b  __TI_printfi                              
ffffffff  __TI_prof_data_size                       
ffffffff  __TI_prof_data_start                      
000034f7  __TI_rd_ok                                
00003ce7  __TI_readmsg                              
00000000  __TI_static_base__                        
20000a20  __TI_tmpnams                              
00003cb5  __TI_writemsg                             
00003495  __TI_wrt_ok                               
00003971  __aeabi_cdcmpeq                           
00003971  __aeabi_cdcmple                           
000039f7  __aeabi_cdrcmple                          
000041e1  __aeabi_d2iz                              
00004229  __aeabi_d2uiz                             
00002ce3  __aeabi_dadd                              
00002e8f  __aeabi_ddiv                              
000030f9  __aeabi_dmul                              
00002cd9  __aeabi_dsub                              
000042ad  __aeabi_f2d                               
00004345  __aeabi_i2d                               
00003a7d  __aeabi_memclr                            
00003a7d  __aeabi_memclr4                           
00003a7d  __aeabi_memclr8                           
0000371d  __aeabi_memcpy                            
0000371d  __aeabi_memcpy4                           
0000371d  __aeabi_memcpy8                           
00003a7f  __aeabi_memset                            
00003a7f  __aeabi_memset4                           
00003a7f  __aeabi_memset8                           
20000d04  __aeabi_stderr                            
20000cfc  __aeabi_stdin                             
20000d00  __aeabi_stdout                            
00002585  __aeabi_uldivmod                          
ffffffff  __binit__                                 
ffffffff  __c_args__                                
00003af7  __mpu_init                                
2000fe00  __stack                                   
000044fd  _args_main                                
20000920  _buf                                      
20000af6  _bufLen                                   
00003fc1  _c_int00                                  
20000af7  _cad                                      
20000ae4  _cad_timeout                              
0000466c  _ctypes_                                  
20000b08  _ftable                                   
20000d24  _hTime                                    
20000af8  _lastRssi                                 
20000d2c  _lock                                     
20000d23  _mTime                                    
20000af9  _mode                                     
20000d20  _msTime                                   
0000457b  _nop                                      
20000afa  _promiscuous                              
00004573  _register_lock                            
0000456d  _register_unlock                          
20000af0  _rxBad                                    
20000afb  _rxBufValid                               
20000af2  _rxGood                                   
20000afc  _rxHeaderFlags                            
20000afd  _rxHeaderFrom                             
20000afe  _rxHeaderId                               
20000aff  _rxHeaderTo                               
20000d22  _sTime                                    
20000000  _sys_memory                               
00003cb3  _system_post_cinit                        
00004667  _system_pre_init                          
20000b00  _thisAddress                              
20000d28  _totalms                                  
20000af4  _txGood                                   
20000b01  _txHeaderFlags                            
20000b02  _txHeaderFrom                             
20000b03  _txHeaderId                               
20000b04  _txHeaderTo                               
20000d30  _unlock                                   
00004019  abort                                     
000021d1  add_device                                
000040b9  atoi                                      
000012b7  available                                 
20000d44  awake                                     
ffffffff  binit                                     
00001c19  calloc                                    
000015c3  clearRxBuf                                
00002181  close                                     
00004105  copy_in                                   
00004581  copysign                                  
00004581  copysignl                                 
00003547  delay_ms                                  
20000d34  errno                                     
00004021  exit                                      
0000381f  fclose                                    
00003419  fflush                                    
00002a7b  fopen                                     
00003851  fputc                                     
00002fc5  fputs                                     
00001967  free                                      
00002a51  freopen                                   
00003e49  frexp                                     
00003e49  frexpl                                    
00003de5  fseek                                     
00003541  getTotal_ms                               
0000227d  initCalendar                              
000024bb  initClocks                                
0000231b  initPeripherals                           
000022b3  initPorts                                 
0000162d  initRF                                    
000043a1  initSPI                                   
00000000  interruptVectors                          
000031f5  ldexp                                     
000031f5  ldexpl                                    
0000215d  lseek                                     
00003f69  ltoa                                      
00002b21  main                                      
20000d3c  main_func_sp                              
000018ff  malloc                                    
00001b35  memalign                                  
00004495  memccpy                                   
00004475  memchr                                    
0000371d  memcpy                                    
00003a85  memset                                    
00001871  minit                                     
000020af  open                                      
00003be1  printf                                    
00003851  putc                                      
000038d5  putchar                                   
000030d1  puts                                      
0000208b  read                                      
00001a29  realloc                                   
000015d5  receiveBuffer                             
00002001  remove                                    
00002063  remove_device                             
00002025  rename                                    
000031f5  scalbn                                    
000031f5  scalbnl                                   
00001561  sendBuffer                                
00001519  setFrequency                              
00001501  setModeIdle                               
00001297  setModeRx                                 
000014e9  setModeSleep                              
000014c9  setModeTx                                 
000014a5  setModemConfig                            
00001487  setModemRegisters                         
00001471  setPreambleLength                         
00001423  setTxPower                                
000032f1  setvbuf                                   
0000233d  sleepFor                                  
000013d1  spiBurstRead                              
00001387  spiBurstWrite                             
000047b0  spiMasterConfig                           
00001347  spiRead                                   
00001263  spiWrite                                  
00003ead  sprintf                                   
0000452d  strchr                                    
00004515  strcmp                                    
00004595  strcpy                                    
000045a9  strlen                                    
00004315  strncpy                                   
00002001  unlink                                    
000012fd  validateRxBuf                             
000012d9  waitAvailableTimeout                      
00001251  waitPacketSent                            
00001f71  write                                     


GLOBAL SYMBOLS: SORTED BY Symbol Address 

address   name                                      
-------   ----                                      
00000000  __TI_static_base__                        
00000000  interruptVectors                          
00000200  __STACK_SIZE                              
00000800  __SYSMEM_SIZE                             
00000f4b  __TI_printfi                              
00001251  waitPacketSent                            
00001263  spiWrite                                  
00001297  setModeRx                                 
000012b7  available                                 
000012d9  waitAvailableTimeout                      
000012fd  validateRxBuf                             
00001347  spiRead                                   
00001387  spiBurstWrite                             
000013d1  spiBurstRead                              
00001423  setTxPower                                
00001471  setPreambleLength                         
00001487  setModemRegisters                         
000014a5  setModemConfig                            
000014c9  setModeTx                                 
000014e9  setModeSleep                              
00001501  setModeIdle                               
00001519  setFrequency                              
00001561  sendBuffer                                
000015c3  clearRxBuf                                
000015d5  receiveBuffer                             
0000162d  initRF                                    
0000175d  PORT2_IRQHandler                          
00001871  minit                                     
000018ff  malloc                                    
00001967  free                                      
00001a29  realloc                                   
00001b35  memalign                                  
00001c19  calloc                                    
00001c4d  HOSTwrite                                 
00001c99  HOSTunlink                                
00001cd1  HOSTtime64                                
00001d1b  HOSTtime                                  
00001d55  HOSTrename                                
00001db3  HOSTread                                  
00001dff  HOSTopen                                  
00001e51  HOSTlseek                                 
00001ead  HOSTgetenv                                
00001eeb  HOSTclose                                 
00001f23  HOSTclock                                 
00001f71  write                                     
00002001  remove                                    
00002001  unlink                                    
00002025  rename                                    
00002063  remove_device                             
0000208b  read                                      
000020af  open                                      
0000215d  lseek                                     
00002181  close                                     
000021d1  add_device                                
0000227d  initCalendar                              
000022b3  initPorts                                 
0000231b  initPeripherals                           
0000233d  sleepFor                                  
000024bb  initClocks                                
00002533  RTC_AlarmHandler                          
00002585  __aeabi_uldivmod                          
00002779  SystemInit                                
000027cb  SystemCoreClockUpdate                     
00002a25  __TI_cleanup                              
00002a51  freopen                                   
00002a7b  fopen                                     
00002b21  main                                      
00002cd9  __aeabi_dsub                              
00002ce3  __aeabi_dadd                              
00002e8f  __aeabi_ddiv                              
00002fc5  fputs                                     
000030d1  puts                                      
000030f9  __aeabi_dmul                              
000031f5  ldexp                                     
000031f5  ldexpl                                    
000031f5  scalbn                                    
000031f5  scalbnl                                   
000032f1  setvbuf                                   
000033cd  __TI_doflush                              
00003419  fflush                                    
00003495  __TI_wrt_ok                               
000034f7  __TI_rd_ok                                
00003541  getTotal_ms                               
00003547  delay_ms                                  
0000355f  SysTick_Handler                           
00003573  Init_SysTick                              
000035e5  CS_startHFXTWithTimeout                   
00003681  CS_startLFXTWithTimeout                   
0000371d  __aeabi_memcpy                            
0000371d  __aeabi_memcpy4                           
0000371d  __aeabi_memcpy8                           
0000371d  memcpy                                    
000037b9  __TI_closefile                            
0000381f  fclose                                    
00003851  fputc                                     
00003851  putc                                      
000038d5  putchar                                   
000038e9  SPI_initMaster                            
00003971  __aeabi_cdcmpeq                           
00003971  __aeabi_cdcmple                           
000039f7  __aeabi_cdrcmple                          
00003a7d  __aeabi_memclr                            
00003a7d  __aeabi_memclr4                           
00003a7d  __aeabi_memclr8                           
00003a7f  __aeabi_memset                            
00003a7f  __aeabi_memset4                           
00003a7f  __aeabi_memset8                           
00003a85  memset                                    
00003af7  __mpu_init                                
00003b69  __TI_auto_init                            
00003be1  printf                                    
00003cb3  _system_post_cinit                        
00003cb5  __TI_writemsg                             
00003ce3  C$$IO$$                                   
00003ce7  __TI_readmsg                              
00003d1d  Interrupt_enableInterrupt                 
00003d81  RTC_C_getCalendarTime                     
00003de5  fseek                                     
00003e49  frexp                                     
00003e49  frexpl                                    
00003ead  sprintf                                   
00003f0d  RTC_C_initCalendar                        
00003f69  ltoa                                      
00003fc1  _c_int00                                  
00004015  C$$EXIT                                   
00004019  abort                                     
00004021  exit                                      
00004069  RTC_C_clearInterruptFlag                  
000040b9  atoi                                      
00004105  copy_in                                   
00004151  GPIO_setAsPeripheralModuleFunctionInputPin
00004199  RTC_C_getEnabledInterruptStatus           
000041e1  __aeabi_d2iz                              
00004229  __aeabi_d2uiz                             
0000426d  RTC_C_enableInterrupt                     
000042ad  __aeabi_f2d                               
00004315  strncpy                                   
00004345  __aeabi_i2d                               
00004375  RTC_C_getInterruptStatus                  
000043a1  initSPI                                   
000043c9  GPIO_setAsOutputPin                       
000043ed  RTC_C_setCalendarAlarm                    
00004411  RTC_C_startClock                          
00004435  GPIO_interruptEdgeSelect                  
00004455  SPI_transmitData                          
00004475  memchr                                    
00004495  memccpy                                   
000044b1  SPI_enableModule                          
000044cb  SPI_receiveData                           
000044e5  GPIO_setOutputLowOnPin                    
000044fd  _args_main                                
00004515  strcmp                                    
0000452d  strchr                                    
00004545  CS_setExternalClockSourceFrequency        
00004559  GPIO_setOutputHighOnPin                   
0000456d  _register_unlock                          
00004573  _register_lock                            
0000457b  _nop                                      
00004581  copysign                                  
00004581  copysignl                                 
00004595  strcpy                                    
000045a9  strlen                                    
000045cf  Interrupt_enableMaster                    
000045e1  SysCtl_disableNMISource                   
000045f1  SysCtl_enableNMISource                    
00004601  __TI_decompress_none                      
0000460f  CPU_cpsie                                 
0000461b  EUSCI_A_SPI_enable                        
00004627  EUSCI_B_SPI_enable                        
00004635  SysCtl_getNMISourceStatus                 
00004641  CS_startHFXT                              
00004647  CS_startLFXT                              
0000464d  EUSCI_A_SPI_receiveData                   
00004653  EUSCI_B_SPI_receiveData                   
00004659  __TI_decompress_rle24                     
0000465f  EUSCI_A_SPI_transmitData                  
00004663  EUSCI_B_SPI_transmitData                  
00004667  _system_pre_init                          
0000466c  _ctypes_                                  
000047b0  spiMasterConfig                           
000048b4  __TI_Handler_Table_Base                   
000048bc  __TI_CINIT_Base                           
000048bc  __TI_Handler_Table_Limit                  
000048cc  __TI_CINIT_Limit                          
20000000  _sys_memory                               
20000800  __CIOBUF_                                 
20000920  _buf                                      
20000a20  __TI_tmpnams                              
20000ae4  _cad_timeout                              
20000af0  _rxBad                                    
20000af2  _rxGood                                   
20000af4  _txGood                                   
20000af6  _bufLen                                   
20000af7  _cad                                      
20000af8  _lastRssi                                 
20000af9  _mode                                     
20000afa  _promiscuous                              
20000afb  _rxBufValid                               
20000afc  _rxHeaderFlags                            
20000afd  _rxHeaderFrom                             
20000afe  _rxHeaderId                               
20000aff  _rxHeaderTo                               
20000b00  _thisAddress                              
20000b01  _txHeaderFlags                            
20000b02  _txHeaderFrom                             
20000b03  _txHeaderId                               
20000b04  _txHeaderTo                               
20000b08  _ftable                                   
20000cf8  __TI_ft_end                               
20000cfc  __aeabi_stdin                             
20000d00  __aeabi_stdout                            
20000d04  __aeabi_stderr                            
20000d08  __TI_cleanup_ptr                          
20000d0c  __TI_dtors_ptr                            
20000d10  __TI_enable_exit_profile_output           
20000d20  _msTime                                   
20000d22  _sTime                                    
20000d23  _mTime                                    
20000d24  _hTime                                    
20000d28  _totalms                                  
20000d2c  _lock                                     
20000d30  _unlock                                   
20000d34  errno                                     
20000d3c  main_func_sp                              
20000d40  SystemCoreClock                           
20000d44  awake                                     
2000fe00  __stack                                   
20010000  __STACK_END                               
4000480c  WDTCTL_SYM                                
ffffffff  __TI_pprof_out_hndl                       
ffffffff  __TI_prof_data_size                       
ffffffff  __TI_prof_data_start                      
ffffffff  __binit__                                 
ffffffff  __c_args__                                
ffffffff  binit                                     
UNDEFED   SHT$$INIT_ARRAY$$Base                     
UNDEFED   SHT$$INIT_ARRAY$$Limit                    

[237 symbols]
