******************************************************************************
                  TI ARM Linker PC v16.9.1                     
******************************************************************************
>> Linked Wed Aug 02 13:32:07 2017

OUTPUT FILE NAME:   <Velapulsar.out>
ENTRY POINT SYMBOL: "_c_int00"  address: 00004f25


MEMORY CONFIGURATION

         name            origin    length      used     unused   attr    fill
----------------------  --------  ---------  --------  --------  ----  --------
  MAIN                  00000000   00020000  0000590c  0001a6f4  R  X
  INFO                  00200000   00004000  00000000  00004000  R  X
  SRAM_CODE             01000000   00008000  000010f6  00006f0a  RW X
  SRAM_DATA             20000000   00008000  000010f6  00006f0a  RW  


SEGMENT ALLOCATION MAP

run origin  load origin   length   init length attrs members
----------  ----------- ---------- ----------- ----- -------
00000000    00000000    00005910   00005910    r-x
  00000000    00000000    00000140   00000140    r-- .intvecs
  00000140    00000140    00005578   00005578    r-x .text
  000056b8    000056b8    00000184   00000184    r-- .const
  00005840    00005840    000000d0   000000d0    r-- .cinit
20000000    20000000    00000ef6   00000000    rw-
  20000000    20000000    00000800   00000000    rw- .sysmem
  20000800    20000800    000004a8   00000000    rw- .bss
  20000ca8    20000ca8    0000024e   00000000    rw- .data
20007e00    20007e00    00000200   00000000    rw-
  20007e00    20007e00    00000200   00000000    rw- .stack


SECTION ALLOCATION MAP

 output                                  attributes/
section   page    origin      length       input sections
--------  ----  ----------  ----------   ----------------
.intvecs   0    00000000    00000140     
                  00000000    00000140     startup_msp432p401r_ccs.obj (.intvecs:retain)

.binit     0    00000000    00000000     

.text      0    00000140    00005578     
                  00000140    0000113e     rtsv7M4_T_le_v4SPD16_eabi.lib : _printfi.obj (.text)
                  0000127e    00000002                                   : mpu_init.obj (.text)
                  00001280    00000a00     rf95.obj (.text)
                  00001c80    00000438     velapulsar_mac.obj (.text)
                  000020b8    000003d0     rtsv7M4_T_le_v4SPD16_eabi.lib : memory.obj (.text)
                  00002488    00000324                                   : trgdrv.obj (.text)
                  000027ac    00000318     velapulsar.obj (.text)
                  00002ac4    0000030c     rtsv7M4_T_le_v4SPD16_eabi.lib : lowlev.obj (.text)
                  00002dd0    000001f8     UART_interface.obj (.text)
                  00002fc8    000001f4     rtsv7M4_T_le_v4SPD16_eabi.lib : ull_div_t2.obj (.text)
                  000031bc    000001e4     system_msp432p401r.obj (.text)
                  000033a0    000001cc     comms_interface.obj (.text)
                  0000356c    000001c4     rtsv7M4_T_le_v4SPD16_eabi.lib : fopen.obj (.text)
                  00003730    000001c0     sensor_interface.obj (.text)
                  000038f0    000001b6     rtsv7M4_T_le_v4SPD16_eabi.lib : fd_add_t2.obj (.text)
                  00003aa6    00000002                                   : startup.obj (.text)
                  00003aa8    00000138     velapulsar_nwk.obj (.text)
                  00003be0    00000136     rtsv7M4_T_le_v4SPD16_eabi.lib : fd_div_t2.obj (.text)
                  00003d16    00000002     --HOLE-- [fill = 0]
                  00003d18    00000134                                   : fputs.obj (.text)
                  00003e4c    000000fc                                   : fd_mul_t2.obj (.text)
                  00003f48    000000fc                                   : s_scalbn.obj (.text)
                  00004044    000000f8                                   : s_ceil.obj (.text)
                  0000413c    000000f8                                   : s_floor.obj (.text)
                  00004234    000000dc                                   : setvbuf.obj (.text)
                  00004310    000000c8                                   : fflush.obj (.text)
                  000043d8    000000ac     delay.obj (.text)
                  00004484    000000ac     rtsv7M4_T_le_v4SPD16_eabi.lib : _io_perm.obj (.text)
                  00004530    0000009c     msp432p4xx_driverlib.lib : cs.o (.text:CS_startHFXTWithTimeout)
                  000045cc    0000009c                              : cs.o (.text:CS_startLFXTWithTimeout)
                  00004668    0000009c     rtsv7M4_T_le_v4SPD16_eabi.lib : memcpy_t2.obj (.text)
                  00004704    00000098                                   : fclose.obj (.text)
                  0000479c    00000098                                   : fputc.obj (.text)
                  00004834    00000088     msp432p4xx_driverlib.lib : spi.o (.text:SPI_initMaster)
                  000048bc    00000086     rtsv7M4_T_le_v4SPD16_eabi.lib : fd_cmp_t2.obj (.text:__aeabi_cdcmple)
                  00004942    00000086                                   : fd_cmp_t2.obj (.text:__aeabi_cdrcmple)
                  000049c8    0000007a                                   : memset_t2.obj (.text)
                  00004a42    00000002     --HOLE-- [fill = 0]
                  00004a44    00000074     AdapterNode_main.obj (.text)
                  00004ab8    00000070     msp432p4xx_driverlib.lib : cs.o (.text:_CSGetHFXTFrequency)
                  00004b28    00000070     rtsv7M4_T_le_v4SPD16_eabi.lib : autoinit.obj (.text)
                  00004b98    00000070                                   : printf.obj (.text)
                  00004c08    00000068                                   : copy_decompress_lzss.obj (.text:decompress:lzss)
                  00004c70    00000068                                   : trgmsg.obj (.text)
                  00004cd8    00000064     msp432p4xx_driverlib.lib : interrupt.o (.text:Interrupt_enableInterrupt)
                  00004d3c    00000064                              : rtc_c.o (.text:RTC_C_getCalendarTime)
                  00004da0    00000064     rtsv7M4_T_le_v4SPD16_eabi.lib : fseek.obj (.text)
                  00004e04    00000064                                   : s_frexp.obj (.text)
                  00004e68    00000060                                   : sprintf.obj (.text)
                  00004ec8    0000005c     msp432p4xx_driverlib.lib : rtc_c.o (.text:RTC_C_initCalendar)
                  00004f24    00000054     rtsv7M4_T_le_v4SPD16_eabi.lib : boot.obj (.text)
                  00004f78    00000054                                   : exit.obj (.text)
                  00004fcc    00000054                                   : ltoa.obj (.text)
                  00005020    00000050     msp432p4xx_driverlib.lib : rtc_c.o (.text:RTC_C_clearInterruptFlag)
                  00005070    0000004c     rtsv7M4_T_le_v4SPD16_eabi.lib : atoi.obj (.text)
                  000050bc    0000004c                                   : cpy_tbl.obj (.text)
                  00005108    00000048     msp432p4xx_driverlib.lib : gpio.o (.text:GPIO_setAsPeripheralModuleFunctionInputPin)
                  00005150    00000048                              : rtc_c.o (.text:RTC_C_getEnabledInterruptStatus)
                  00005198    00000048     rtsv7M4_T_le_v4SPD16_eabi.lib : fd_toi_t2.obj (.text)
                  000051e0    00000044                                   : fd_tou_t2.obj (.text)
                  00005224    00000040     msp432p4xx_driverlib.lib : rtc_c.o (.text:RTC_C_enableInterrupt)
                  00005264    00000036     rtsv7M4_T_le_v4SPD16_eabi.lib : strncpy.obj (.text)
                  0000529a    00000002     --HOLE-- [fill = 0]
                  0000529c    00000034     startup_msp432p401r_ccs.obj (.text)
                  000052d0    00000030     msp432p4xx_driverlib.lib : gpio.o (.text:GPIO_setAsInputPinWithPullDownResistor)
                  00005300    00000030                              : spi.o (.text:is_A_Module)
                  00005330    0000002e     rtsv7M4_T_le_v4SPD16_eabi.lib : i_tofd_t2.obj (.text)
                  0000535e    00000002     --HOLE-- [fill = 0]
                  00005360    0000002c     msp432p4xx_driverlib.lib : rtc_c.o (.text:RTC_C_getInterruptStatus)
                  0000538c    00000028     spi_interface.obj (.text)
                  000053b4    00000024     msp432p4xx_driverlib.lib : cs.o (.text:CS_setDCOCenteredFrequency)
                  000053d8    00000024                              : gpio.o (.text:GPIO_setAsOutputPin)
                  000053fc    00000024                              : rtc_c.o (.text:RTC_C_setCalendarAlarm)
                  00005420    00000024                              : rtc_c.o (.text:RTC_C_startClock)
                  00005444    00000020                              : gpio.o (.text:GPIO_interruptEdgeSelect)
                  00005464    00000020                              : spi.o (.text:SPI_transmitData)
                  00005484    00000020     rtsv7M4_T_le_v4SPD16_eabi.lib : memchr.obj (.text)
                  000054a4    00000020                                   : u_tofd_t2.obj (.text)
                  000054c4    0000001c                                   : memccpy.obj (.text)
                  000054e0    0000001a     msp432p4xx_driverlib.lib : spi.o (.text:SPI_enableModule)
                  000054fa    0000001a                              : spi.o (.text:SPI_receiveData)
                  00005514    00000018                              : gpio.o (.text:GPIO_getInputPinValue)
                  0000552c    00000018                              : gpio.o (.text:GPIO_setOutputLowOnPin)
                  00005544    00000018     rtsv7M4_T_le_v4SPD16_eabi.lib : args_main.obj (.text)
                  0000555c    00000018                                   : strcmp.obj (.text)
                  00005574    00000016                                   : strchr.obj (.text)
                  0000558a    00000002     --HOLE-- [fill = 0]
                  0000558c    00000014     msp432p4xx_driverlib.lib : cs.o (.text:CS_setExternalClockSourceFrequency)
                  000055a0    00000014                              : gpio.o (.text:GPIO_setOutputHighOnPin)
                  000055b4    00000014                              : gpio.o (.text:GPIO_toggleOutputOnPin)
                  000055c8    00000014     rtsv7M4_T_le_v4SPD16_eabi.lib : _lock.obj (.text)
                  000055dc    00000014                                   : s_copysign.obj (.text)
                  000055f0    00000014                                   : strcpy.obj (.text)
                  00005604    00000014                                   : strlen.obj (.text)
                  00005618    00000010     msp432p4xx_driverlib.lib : interrupt.o (.text:Interrupt_enableMaster)
                  00005628    00000010                              : sysctl.o (.text:SysCtl_disableNMISource)
                  00005638    00000010                              : sysctl.o (.text:SysCtl_enableNMISource)
                  00005648    0000000e     rtsv7M4_T_le_v4SPD16_eabi.lib : copy_decompress_none.obj (.text:decompress:none)
                  00005656    0000000c     msp432p4xx_driverlib.lib : cpu.o (.text:CPU_cpsie)
                  00005662    0000000c                              : spi.o (.text:EUSCI_A_SPI_enable)
                  0000566e    0000000c                              : spi.o (.text:EUSCI_B_SPI_enable)
                  0000567a    00000002     --HOLE-- [fill = 0]
                  0000567c    0000000c                              : sysctl.o (.text:SysCtl_getNMISourceStatus)
                  00005688    0000000c     rtsv7M4_T_le_v4SPD16_eabi.lib : copy_zero_init.obj (.text:decompress:ZI)
                  00005694    00000006     msp432p4xx_driverlib.lib : cs.o (.text:CS_startHFXT)
                  0000569a    00000006                              : cs.o (.text:CS_startLFXT)
                  000056a0    00000006                              : spi.o (.text:EUSCI_A_SPI_receiveData)
                  000056a6    00000006                              : spi.o (.text:EUSCI_B_SPI_receiveData)
                  000056ac    00000004                              : spi.o (.text:EUSCI_A_SPI_transmitData)
                  000056b0    00000004                              : spi.o (.text:EUSCI_B_SPI_transmitData)
                  000056b4    00000004     rtsv7M4_T_le_v4SPD16_eabi.lib : pre_init.obj (.text)

.const     0    000056b8    00000184     
                  000056b8    00000101     rtsv7M4_T_le_v4SPD16_eabi.lib : ctype.obj (.const:.string:_ctypes_)
                  000057b9    00000003     --HOLE-- [fill = 0]
                  000057bc    00000040     msp432p4xx_driverlib.lib : interrupt.o (.const)
                  000057fc    00000024     UART_interface.obj (.const:uartConfig)
                  00005820    0000001c     spi_interface.obj (.const:spiMasterConfig)

.cinit     0    00005840    000000d0     
                  00005840    000000a5     (.cinit..data.load) [load image, compression = lzss]
                  000058e5    00000003     --HOLE-- [fill = 0]
                  000058e8    0000000c     (__TI_handler_table)
                  000058f4    00000004     --HOLE-- [fill = 0]
                  000058f8    00000008     (.cinit..bss.load) [load image, compression = zero_init]
                  00005900    00000010     (__TI_cinit_table)

.init_array 
*          0    00000000    00000000     UNINITIALIZED

.sysmem    0    20000000    00000800     UNINITIALIZED
                  20000000    00000008     rtsv7M4_T_le_v4SPD16_eabi.lib : memory.obj (.sysmem)
                  20000008    000007f8     --HOLE--

.bss       0    20000800    000004a8     UNINITIALIZED
                  20000800    00000120     rtsv7M4_T_le_v4SPD16_eabi.lib : trgmsg.obj (.bss:_CIOBUF_)
                  20000920    00000100     rf95.obj (.bss:RxTxBuffer)
                  20000a20    00000100     (.common:UARTBuffer)
                  20000b20    000000a0     (.common:__TI_tmpnams)
                  20000bc0    0000002c     rf95.obj (.bss:settings)
                  20000bec    0000001c     velapulsar.obj (.bss:calendarTime)
                  20000c08    0000001c     velapulsar_mac.obj (.bss:radioEvents)
                  20000c24    00000015     (.common:rxPkt)
                  20000c39    00000015     (.common:txPkt)
                  20000c4e    00000014     velapulsar_nwk.obj (.bss:macEvents)
                  20000c62    00000014     comms_interface.obj (.bss:nwkEvents)
                  20000c76    00000008     rtsv7M4_T_le_v4SPD16_eabi.lib : trgdrv.obj (.bss:parmbuf)
                  20000c7e    00000002     (.common:lastLight)
                  20000c80    00000005     velapulsar_mac.obj (.bss)
                  20000c85    00000001     (.common:rxSnr)
                  20000c86    00000002     (.common:lastMagnetic)
                  20000c88    00000004     rf95.obj (.bss)
                  20000c8c    00000004     velapulsar_nwk.obj (.bss)
                  20000c90    00000004     (.common:PktReceived)
                  20000c94    00000004     (.common:UARTrx)
                  20000c98    00000004     (.common:hfxtFreq)
                  20000c9c    00000004     (.common:lfxtFreq)
                  20000ca0    00000002     (.common:pktID)
                  20000ca2    00000002     (.common:rxRssi)
                  20000ca4    00000002     (.common:rxSize)
                  20000ca6    00000002     (.common:txSize)

.data      0    20000ca8    0000024e     UNINITIALIZED
                  20000ca8    000000f0     rtsv7M4_T_le_v4SPD16_eabi.lib : defs.obj (.data:_ftable)
                  20000d98    000000d0                                   : lowlev.obj (.data:$O1$$)
                  20000e68    00000030     msp432p4xx_driverlib.lib : gpio.o (.data:GPIO_PORT_TO_BASE)
                  20000e98    00000010     rtsv7M4_T_le_v4SPD16_eabi.lib : defs.obj (.data)
                  20000ea8    0000000c                                   : exit.obj (.data:$O1$$)
                  20000eb4    0000000c                                   : memory.obj (.data:$O1$$)
                  20000ec0    0000000c     delay.obj (.data)
                  20000ecc    00000008     rtsv7M4_T_le_v4SPD16_eabi.lib : _lock.obj (.data:$O1$$)
                  20000ed4    00000008     AdapterNode_main.obj (.data)
                  20000edc    00000004     UART_interface.obj (.data)
                  20000ee0    00000004     rtsv7M4_T_le_v4SPD16_eabi.lib : errno.obj (.data)
                  20000ee4    00000004                                   : fopen.obj (.data)
                  20000ee8    00000004                                   : stkdepth_vars.obj (.data)
                  20000eec    00000004     system_msp432p401r.obj (.data)
                  20000ef0    00000003     velapulsar_mac.obj (.data)
                  20000ef3    00000002     comms_interface.obj (.data)
                  20000ef5    00000001     velapulsar.obj (.data)

.stack     0    20007e00    00000200     UNINITIALIZED
                  20007e00    00000200     --HOLE--

MODULE SUMMARY

       Module                        code    ro data   rw data
       ------                        ----    -------   -------
    .\
       system_msp432p401r.obj        484     0         8      
       startup_msp432p401r_ccs.obj   52      320       0      
       AdapterNode_main.obj          116     0         32     
    +--+-----------------------------+-------+---------+---------+
       Total:                        652     320       40     
                                                              
    .\Libraries\Mac\
       velapulsar_mac.obj            1080    0         174    
    +--+-----------------------------+-------+---------+---------+
       Total:                        1080    0         174    
                                                              
    .\Libraries\Nwk\
       velapulsar_nwk.obj            312     0         48     
    +--+-----------------------------+-------+---------+---------+
       Total:                        312     0         48     
                                                              
    .\Libraries\RF95\
       rf95.obj                      2560    0         608    
       delay.obj                     172     0         24     
       spi_interface.obj             40      28        0      
    +--+-----------------------------+-------+---------+---------+
       Total:                        2772    28        632    
                                                              
    .\Libraries\UART\
       UART_interface.obj            504     36        528    
    +--+-----------------------------+-------+---------+---------+
       Total:                        504     36        528    
                                                              
    .\Libraries\Velapulsar\
       velapulsar.obj                792     0         58     
       comms_interface.obj           460     0         44     
       sensor_interface.obj          448     0         0      
    +--+-----------------------------+-------+---------+---------+
       Total:                        1700    0         102    
                                                              
    C:/ti/msp/msp432ware__3.50.00.02/driverlib/driverlib/MSP432P4xx/ccs/msp432p4xx_driverlib.lib
       rtc_c.o                       524     0         0      
       cs.o                          492     0         16     
       gpio.o                        276     0         96     
       spi.o                         312     0         0      
       interrupt.o                   116     64        0      
       sysctl.o                      44      0         0      
       cpu.o                         12      0         0      
    +--+-----------------------------+-------+---------+---------+
       Total:                        1776    64        112    
                                                              
    C:\ti\ccsv7\tools\compiler\ti-cgt-arm_16.9.1.LTS\lib\rtsv7M4_T_le_v4SPD16_eabi.lib
       _printfi.obj                  4414    0         0      
       lowlev.obj                    780     0         416    
       memory.obj                    976     0         24     
       defs.obj                      0       0         832    
       trgdrv.obj                    804     0         16     
       trgmsg.obj                    104     0         576    
       ull_div_t2.obj                500     0         0      
       fopen.obj                     452     0         8      
       fd_add_t2.obj                 438     0         0      
       fd_div_t2.obj                 310     0         0      
       fputs.obj                     308     0         0      
       fd_cmp_t2.obj                 268     0         0      
       ctype.obj                     0       257       0      
       fd_mul_t2.obj                 252     0         0      
       s_scalbn.obj                  252     0         0      
       s_ceil.obj                    248     0         0      
       s_floor.obj                   248     0         0      
       setvbuf.obj                   220     0         0      
       fflush.obj                    200     0         0      
       _io_perm.obj                  172     0         0      
       memcpy_t2.obj                 156     0         0      
       fclose.obj                    152     0         0      
       fputc.obj                     152     0         0      
       memset_t2.obj                 122     0         0      
       autoinit.obj                  112     0         0      
       printf.obj                    112     0         0      
       exit.obj                      84      0         24     
       copy_decompress_lzss.obj      104     0         0      
       fseek.obj                     100     0         0      
       s_frexp.obj                   100     0         0      
       sprintf.obj                   96      0         0      
       boot.obj                      84      0         0      
       ltoa.obj                      84      0         0      
       atoi.obj                      76      0         0      
       cpy_tbl.obj                   76      0         0      
       fd_toi_t2.obj                 72      0         0      
       fd_tou_t2.obj                 68      0         0      
       strncpy.obj                   54      0         0      
       i_tofd_t2.obj                 46      0         0      
       _lock.obj                     20      0         16     
       memchr.obj                    32      0         0      
       u_tofd_t2.obj                 32      0         0      
       memccpy.obj                   28      0         0      
       args_main.obj                 24      0         0      
       strcmp.obj                    24      0         0      
       strchr.obj                    22      0         0      
       s_copysign.obj                20      0         0      
       strcpy.obj                    20      0         0      
       strlen.obj                    20      0         0      
       copy_decompress_none.obj      14      0         0      
       copy_zero_init.obj            12      0         0      
       errno.obj                     0       0         8      
       stkdepth_vars.obj             0       0         8      
       pre_init.obj                  4       0         0      
       mpu_init.obj                  2       0         0      
       startup.obj                   2       0         0      
    +--+-----------------------------+-------+---------+---------+
       Total:                        13072   257       1928   
                                                              
       Heap:                         0       0         4096   
       Stack:                        0       0         1024   
       Linker Generated:             0       201       0      
    +--+-----------------------------+-------+---------+---------+
       Grand Total:                  21868   906       8684   


LINKER GENERATED COPY TABLES

__TI_cinit_table @ 00005900 records: 2, size/record: 8, table size: 16
	.data: load addr=00005840, load size=000000a5 bytes, run addr=20000ca8, run size=0000024e bytes, compression=lzss
	.bss: load addr=000058f8, load size=00000008 bytes, run addr=20000800, run size=000004a8 bytes, compression=zero_init


LINKER GENERATED HANDLER TABLE

__TI_handler_table @ 000058e8 records: 3, size/record: 4, table size: 12
	index: 0, handler: __TI_decompress_lzss
	index: 1, handler: __TI_decompress_none
	index: 2, handler: __TI_zero_init


GLOBAL SYMBOLS: SORTED ALPHABETICALLY BY Name 

address   name                                      
-------   ----                                      
00003861  ADC14_IRQHandler                          
00004f79  C$$EXIT                                   
00004c9f  C$$IO$$                                   
00005657  CPU_cpsie                                 
000053b5  CS_setDCOCenteredFrequency                
0000558d  CS_setExternalClockSourceFrequency        
00005695  CS_startHFXT                              
00004531  CS_startHFXTWithTimeout                   
0000569b  CS_startLFXT                              
000045cd  CS_startLFXTWithTimeout                   
0000348b  CommsInit                                 
00003451  CommsSend                                 
000033c9  CommsStartContinuousRx                    
00005663  EUSCI_A_SPI_enable                        
000056a1  EUSCI_A_SPI_receiveData                   
000056ad  EUSCI_A_SPI_transmitData                  
0000566f  EUSCI_B_SPI_enable                        
000056a7  EUSCI_B_SPI_receiveData                   
000056b1  EUSCI_B_SPI_transmitData                  
00005515  GPIO_getInputPinValue                     
00005445  GPIO_interruptEdgeSelect                  
000052d1  GPIO_setAsInputPinWithPullDownResistor    
000053d9  GPIO_setAsOutputPin                       
00005109  GPIO_setAsPeripheralModuleFunctionInputPin
000055a1  GPIO_setOutputHighOnPin                   
0000552d  GPIO_setOutputLowOnPin                    
000055b5  GPIO_toggleOutputOnPin                    
0000384d  Get_Claw                                  
0000383d  Get_Light                                 
00003837  Get_Magnetic                              
00002763  HOSTclock                                 
0000272b  HOSTclose                                 
000026ed  HOSTgetenv                                
00002691  HOSTlseek                                 
0000263f  HOSTopen                                  
000025f3  HOSTread                                  
00002595  HOSTrename                                
0000255b  HOSTtime                                  
0000250d  HOSTtime64                                
000024d5  HOSTunlink                                
00002489  HOSTwrite                                 
00003823  Init_Claw                                 
00003731  Init_LightandMagnetic                     
0000382b  Init_Sensors                              
00004411  Init_SysTick                              
00004cd9  Interrupt_enableInterrupt                 
00005619  Interrupt_enableMaster                    
00001a79  PORT2_IRQHandler                          
20000c90  PktReceived                               
00001875  RFCheckRfFrequency                        
000018df  RFGetStatus                               
000019dd  RFGetSymbolTime                           
0000172b  RFGetTimeOnAir                            
000018e9  RFInit                                    
0000187d  RFInitModem                               
00001931  RFIrqInit                                 
00001701  RFIsChannelFree                           
000016cb  RFRandom                                  
00001333  RFRead                                    
00001679  RFReadBuffer                              
00001651  RFReadRssi                                
00001621  RFReset                                   
000015e5  RFSend                                    
00001373  RFSetChannel                              
0000130b  RFSetOpMode                               
0000159d  RFSetRx                                   
000014e1  RFSetRxConfig                             
000014d1  RFSetSleep                                
000014c1  RFSetStby                                 
0000149d  RFSetTx                                   
00001395  RFSetTxConfig                             
00001313  RFStartCad                                
000012d7  RFWrite                                   
00001281  RFWriteBuffer                             
000012cb  RFWriteFifo                               
00002a35  RTC_AlarmHandler                          
00005021  RTC_C_clearInterruptFlag                  
00005225  RTC_C_enableInterrupt                     
00004d3d  RTC_C_getCalendarTime                     
00005151  RTC_C_getEnabledInterruptStatus           
00005361  RTC_C_getInterruptStatus                  
00004ec9  RTC_C_initCalendar                        
000053fd  RTC_C_setCalendarAlarm                    
00005421  RTC_C_startClock                          
000033a1  ReceivedCmd                               
UNDEFED   SHT$$INIT_ARRAY$$Base                     
UNDEFED   SHT$$INIT_ARRAY$$Limit                    
000054e1  SPI_enableModule                          
00004835  SPI_initMaster                            
000054fb  SPI_receiveData                           
00005465  SPI_transmitData                          
00001d5f  SendAck                                   
00005629  SysCtl_disableNMISource                   
00005639  SysCtl_enableNMISource                    
0000567d  SysCtl_getNMISourceStatus                 
000043f7  SysTick_Handler                           
20000eec  SystemCoreClock                           
0000320f  SystemCoreClockUpdate                     
000031bd  SystemInit                                
00002f15  UARTA0_Handler                            
20000a20  UARTBuffer                                
00002e93  UARTSend                                  
00002e2f  UARTSendRssi                              
00002dd1  UARTinit                                  
20000c94  UARTrx                                    
00001d2b  VelaMacInitialization                     
00001c81  VelaMacSend                               
00003ae5  VelaNwkInitialization                     
00003aa9  VelaNwkSend                               
4000480c  WDTCTL_SYM                                
20000800  __CIOBUF_                                 
20008000  __STACK_END                               
00000200  __STACK_SIZE                              
00000800  __SYSMEM_SIZE                             
00005900  __TI_CINIT_Base                           
00005910  __TI_CINIT_Limit                          
000058e8  __TI_Handler_Table_Base                   
000058f4  __TI_Handler_Table_Limit                  
00004b29  __TI_auto_init                            
00003635  __TI_cleanup                              
20000ea8  __TI_cleanup_ptr                          
00004705  __TI_closefile                            
00004c09  __TI_decompress_lzss                      
00005649  __TI_decompress_none                      
00004311  __TI_doflush                              
20000eac  __TI_dtors_ptr                            
20000eb0  __TI_enable_exit_profile_output           
20000e98  __TI_ft_end                               
ffffffff  __TI_pprof_out_hndl                       
00000985  __TI_printfi                              
ffffffff  __TI_prof_data_size                       
ffffffff  __TI_prof_data_start                      
000044e7  __TI_rd_ok                                
00004ca3  __TI_readmsg                              
00000000  __TI_static_base__                        
20000b20  __TI_tmpnams                              
00004c71  __TI_writemsg                             
00004485  __TI_wrt_ok                               
00005689  __TI_zero_init                            
000048bd  __aeabi_cdcmpeq                           
000048bd  __aeabi_cdcmple                           
00004943  __aeabi_cdrcmple                          
00005199  __aeabi_d2iz                              
000051e1  __aeabi_d2uiz                             
000038fb  __aeabi_dadd                              
00003be1  __aeabi_ddiv                              
00003e4d  __aeabi_dmul                              
000038f1  __aeabi_dsub                              
00005331  __aeabi_i2d                               
000049c9  __aeabi_memclr                            
000049c9  __aeabi_memclr4                           
000049c9  __aeabi_memclr8                           
00004669  __aeabi_memcpy                            
00004669  __aeabi_memcpy4                           
00004669  __aeabi_memcpy8                           
000049cb  __aeabi_memset                            
000049cb  __aeabi_memset4                           
000049cb  __aeabi_memset8                           
20000ea4  __aeabi_stderr                            
20000e9c  __aeabi_stdin                             
20000ea0  __aeabi_stdout                            
000054a5  __aeabi_ui2d                              
00002fc9  __aeabi_uldivmod                          
ffffffff  __binit__                                 
ffffffff  __c_args__                                
0000127f  __mpu_init                                
20007e00  __stack                                   
00005545  _args_main                                
00004f25  _c_int00                                  
000056b8  _ctypes_                                  
20000ca8  _ftable                                   
20000ec4  _hTime                                    
20000ecc  _lock                                     
20000ec3  _mTime                                    
20000ec0  _msTime                                   
000055d7  _nop                                      
000055cf  _register_lock                            
000055c9  _register_unlock                          
20000ec2  _sTime                                    
20000000  _sys_memory                               
00003aa7  _system_post_cinit                        
000056b5  _system_pre_init                          
20000ec8  _totalms                                  
20000ed0  _unlock                                   
20000ed5  ableToConnect                             
00004f7d  abort                                     
00002d25  add_device                                
00005071  atoi                                      
20000ef5  awake                                     
ffffffff  binit                                     
00002459  calloc                                    
00004045  ceil                                      
00004045  ceill                                     
00002cd5  close                                     
000050bd  copy_in                                   
000055dd  copysign                                  
000055dd  copysignl                                 
20000ed4  currentState                              
00002a15  debug_print_pkt                           
000043df  delay_ms                                  
20000ee0  errno                                     
00004f85  exit                                      
0000476b  fclose                                    
0000435d  fflush                                    
0000413d  floor                                     
0000413d  floorl                                    
0000368b  fopen                                     
0000479d  fputc                                     
00003d19  fputs                                     
000021a3  free                                      
00003661  freopen                                   
00004e05  frexp                                     
00004e05  frexpl                                    
00004da1  fseek                                     
000043d9  getTotal_ms                               
20000ed8  goodPkts                                  
000027ad  initCalendar                              
0000299b  initClocks                                
00004a7d  initEndNode                               
000027ef  initPeripherals                           
000027e3  initPorts                                 
0000538d  initSPI                                   
00000000  interruptVectors                          
20000c7e  lastLight                                 
20000c86  lastMagnetic                              
00003f49  ldexp                                     
00003f49  ldexpl                                    
20000ed7  len                                       
20000ed6  lostConnection                            
00002cb1  lseek                                     
00004fcd  ltoa                                      
00004a8d  main                                      
20000ee8  main_func_sp                              
00002139  malloc                                    
0000236d  memalign                                  
000054c5  memccpy                                   
00005485  memchr                                    
00004669  memcpy                                    
000049d1  memset                                    
000020b9  minit                                     
20000ef0  numOfFailed                               
00002c03  open                                      
00004a45  operate                                   
20000ca0  pktID                                     
00004ba1  printf                                    
0000479d  putc                                      
00004821  putchar                                   
00003e25  puts                                      
00002bdf  read                                      
00002265  realloc                                   
00002b55  remove                                    
00002bb7  remove_device                             
00002b79  rename                                    
20000edc  rxAvailable                               
20000c24  rxPkt                                     
20000ca2  rxRssi                                    
20000ca4  rxSize                                    
20000c85  rxSnr                                     
00003f49  scalbn                                    
00003f49  scalbnl                                   
00004235  setvbuf                                   
0000281d  sleepFor                                  
00005820  spiMasterConfig                           
00004e69  sprintf                                   
00005575  strchr                                    
0000555d  strcmp                                    
000055f1  strcpy                                    
00005605  strlen                                    
00005265  strncpy                                   
20000c39  txPkt                                     
20000ca6  txSize                                    
000057fc  uartConfig                                
00002b55  unlink                                    
20000ef1  waitForAck                                
00002ac5  write                                     


GLOBAL SYMBOLS: SORTED BY Symbol Address 

address   name                                      
-------   ----                                      
00000000  __TI_static_base__                        
00000000  interruptVectors                          
00000200  __STACK_SIZE                              
00000800  __SYSMEM_SIZE                             
00000985  __TI_printfi                              
0000127f  __mpu_init                                
00001281  RFWriteBuffer                             
000012cb  RFWriteFifo                               
000012d7  RFWrite                                   
0000130b  RFSetOpMode                               
00001313  RFStartCad                                
00001333  RFRead                                    
00001373  RFSetChannel                              
00001395  RFSetTxConfig                             
0000149d  RFSetTx                                   
000014c1  RFSetStby                                 
000014d1  RFSetSleep                                
000014e1  RFSetRxConfig                             
0000159d  RFSetRx                                   
000015e5  RFSend                                    
00001621  RFReset                                   
00001651  RFReadRssi                                
00001679  RFReadBuffer                              
000016cb  RFRandom                                  
00001701  RFIsChannelFree                           
0000172b  RFGetTimeOnAir                            
00001875  RFCheckRfFrequency                        
0000187d  RFInitModem                               
000018df  RFGetStatus                               
000018e9  RFInit                                    
00001931  RFIrqInit                                 
000019dd  RFGetSymbolTime                           
00001a79  PORT2_IRQHandler                          
00001c81  VelaMacSend                               
00001d2b  VelaMacInitialization                     
00001d5f  SendAck                                   
000020b9  minit                                     
00002139  malloc                                    
000021a3  free                                      
00002265  realloc                                   
0000236d  memalign                                  
00002459  calloc                                    
00002489  HOSTwrite                                 
000024d5  HOSTunlink                                
0000250d  HOSTtime64                                
0000255b  HOSTtime                                  
00002595  HOSTrename                                
000025f3  HOSTread                                  
0000263f  HOSTopen                                  
00002691  HOSTlseek                                 
000026ed  HOSTgetenv                                
0000272b  HOSTclose                                 
00002763  HOSTclock                                 
000027ad  initCalendar                              
000027e3  initPorts                                 
000027ef  initPeripherals                           
0000281d  sleepFor                                  
0000299b  initClocks                                
00002a15  debug_print_pkt                           
00002a35  RTC_AlarmHandler                          
00002ac5  write                                     
00002b55  remove                                    
00002b55  unlink                                    
00002b79  rename                                    
00002bb7  remove_device                             
00002bdf  read                                      
00002c03  open                                      
00002cb1  lseek                                     
00002cd5  close                                     
00002d25  add_device                                
00002dd1  UARTinit                                  
00002e2f  UARTSendRssi                              
00002e93  UARTSend                                  
00002f15  UARTA0_Handler                            
00002fc9  __aeabi_uldivmod                          
000031bd  SystemInit                                
0000320f  SystemCoreClockUpdate                     
000033a1  ReceivedCmd                               
000033c9  CommsStartContinuousRx                    
00003451  CommsSend                                 
0000348b  CommsInit                                 
00003635  __TI_cleanup                              
00003661  freopen                                   
0000368b  fopen                                     
00003731  Init_LightandMagnetic                     
00003823  Init_Claw                                 
0000382b  Init_Sensors                              
00003837  Get_Magnetic                              
0000383d  Get_Light                                 
0000384d  Get_Claw                                  
00003861  ADC14_IRQHandler                          
000038f1  __aeabi_dsub                              
000038fb  __aeabi_dadd                              
00003aa7  _system_post_cinit                        
00003aa9  VelaNwkSend                               
00003ae5  VelaNwkInitialization                     
00003be1  __aeabi_ddiv                              
00003d19  fputs                                     
00003e25  puts                                      
00003e4d  __aeabi_dmul                              
00003f49  ldexp                                     
00003f49  ldexpl                                    
00003f49  scalbn                                    
00003f49  scalbnl                                   
00004045  ceil                                      
00004045  ceill                                     
0000413d  floor                                     
0000413d  floorl                                    
00004235  setvbuf                                   
00004311  __TI_doflush                              
0000435d  fflush                                    
000043d9  getTotal_ms                               
000043df  delay_ms                                  
000043f7  SysTick_Handler                           
00004411  Init_SysTick                              
00004485  __TI_wrt_ok                               
000044e7  __TI_rd_ok                                
00004531  CS_startHFXTWithTimeout                   
000045cd  CS_startLFXTWithTimeout                   
00004669  __aeabi_memcpy                            
00004669  __aeabi_memcpy4                           
00004669  __aeabi_memcpy8                           
00004669  memcpy                                    
00004705  __TI_closefile                            
0000476b  fclose                                    
0000479d  fputc                                     
0000479d  putc                                      
00004821  putchar                                   
00004835  SPI_initMaster                            
000048bd  __aeabi_cdcmpeq                           
000048bd  __aeabi_cdcmple                           
00004943  __aeabi_cdrcmple                          
000049c9  __aeabi_memclr                            
000049c9  __aeabi_memclr4                           
000049c9  __aeabi_memclr8                           
000049cb  __aeabi_memset                            
000049cb  __aeabi_memset4                           
000049cb  __aeabi_memset8                           
000049d1  memset                                    
00004a45  operate                                   
00004a7d  initEndNode                               
00004a8d  main                                      
00004b29  __TI_auto_init                            
00004ba1  printf                                    
00004c09  __TI_decompress_lzss                      
00004c71  __TI_writemsg                             
00004c9f  C$$IO$$                                   
00004ca3  __TI_readmsg                              
00004cd9  Interrupt_enableInterrupt                 
00004d3d  RTC_C_getCalendarTime                     
00004da1  fseek                                     
00004e05  frexp                                     
00004e05  frexpl                                    
00004e69  sprintf                                   
00004ec9  RTC_C_initCalendar                        
00004f25  _c_int00                                  
00004f79  C$$EXIT                                   
00004f7d  abort                                     
00004f85  exit                                      
00004fcd  ltoa                                      
00005021  RTC_C_clearInterruptFlag                  
00005071  atoi                                      
000050bd  copy_in                                   
00005109  GPIO_setAsPeripheralModuleFunctionInputPin
00005151  RTC_C_getEnabledInterruptStatus           
00005199  __aeabi_d2iz                              
000051e1  __aeabi_d2uiz                             
00005225  RTC_C_enableInterrupt                     
00005265  strncpy                                   
000052d1  GPIO_setAsInputPinWithPullDownResistor    
00005331  __aeabi_i2d                               
00005361  RTC_C_getInterruptStatus                  
0000538d  initSPI                                   
000053b5  CS_setDCOCenteredFrequency                
000053d9  GPIO_setAsOutputPin                       
000053fd  RTC_C_setCalendarAlarm                    
00005421  RTC_C_startClock                          
00005445  GPIO_interruptEdgeSelect                  
00005465  SPI_transmitData                          
00005485  memchr                                    
000054a5  __aeabi_ui2d                              
000054c5  memccpy                                   
000054e1  SPI_enableModule                          
000054fb  SPI_receiveData                           
00005515  GPIO_getInputPinValue                     
0000552d  GPIO_setOutputLowOnPin                    
00005545  _args_main                                
0000555d  strcmp                                    
00005575  strchr                                    
0000558d  CS_setExternalClockSourceFrequency        
000055a1  GPIO_setOutputHighOnPin                   
000055b5  GPIO_toggleOutputOnPin                    
000055c9  _register_unlock                          
000055cf  _register_lock                            
000055d7  _nop                                      
000055dd  copysign                                  
000055dd  copysignl                                 
000055f1  strcpy                                    
00005605  strlen                                    
00005619  Interrupt_enableMaster                    
00005629  SysCtl_disableNMISource                   
00005639  SysCtl_enableNMISource                    
00005649  __TI_decompress_none                      
00005657  CPU_cpsie                                 
00005663  EUSCI_A_SPI_enable                        
0000566f  EUSCI_B_SPI_enable                        
0000567d  SysCtl_getNMISourceStatus                 
00005689  __TI_zero_init                            
00005695  CS_startHFXT                              
0000569b  CS_startLFXT                              
000056a1  EUSCI_A_SPI_receiveData                   
000056a7  EUSCI_B_SPI_receiveData                   
000056ad  EUSCI_A_SPI_transmitData                  
000056b1  EUSCI_B_SPI_transmitData                  
000056b5  _system_pre_init                          
000056b8  _ctypes_                                  
000057fc  uartConfig                                
00005820  spiMasterConfig                           
000058e8  __TI_Handler_Table_Base                   
000058f4  __TI_Handler_Table_Limit                  
00005900  __TI_CINIT_Base                           
00005910  __TI_CINIT_Limit                          
20000000  _sys_memory                               
20000800  __CIOBUF_                                 
20000a20  UARTBuffer                                
20000b20  __TI_tmpnams                              
20000c24  rxPkt                                     
20000c39  txPkt                                     
20000c7e  lastLight                                 
20000c85  rxSnr                                     
20000c86  lastMagnetic                              
20000c90  PktReceived                               
20000c94  UARTrx                                    
20000ca0  pktID                                     
20000ca2  rxRssi                                    
20000ca4  rxSize                                    
20000ca6  txSize                                    
20000ca8  _ftable                                   
20000e98  __TI_ft_end                               
20000e9c  __aeabi_stdin                             
20000ea0  __aeabi_stdout                            
20000ea4  __aeabi_stderr                            
20000ea8  __TI_cleanup_ptr                          
20000eac  __TI_dtors_ptr                            
20000eb0  __TI_enable_exit_profile_output           
20000ec0  _msTime                                   
20000ec2  _sTime                                    
20000ec3  _mTime                                    
20000ec4  _hTime                                    
20000ec8  _totalms                                  
20000ecc  _lock                                     
20000ed0  _unlock                                   
20000ed4  currentState                              
20000ed5  ableToConnect                             
20000ed6  lostConnection                            
20000ed7  len                                       
20000ed8  goodPkts                                  
20000edc  rxAvailable                               
20000ee0  errno                                     
20000ee8  main_func_sp                              
20000eec  SystemCoreClock                           
20000ef0  numOfFailed                               
20000ef1  waitForAck                                
20000ef5  awake                                     
20007e00  __stack                                   
20008000  __STACK_END                               
4000480c  WDTCTL_SYM                                
ffffffff  __TI_pprof_out_hndl                       
ffffffff  __TI_prof_data_size                       
ffffffff  __TI_prof_data_start                      
ffffffff  __binit__                                 
ffffffff  __c_args__                                
ffffffff  binit                                     
UNDEFED   SHT$$INIT_ARRAY$$Base                     
UNDEFED   SHT$$INIT_ARRAY$$Limit                    

[275 symbols]
