******************************************************************************
                  TI ARM Linker PC v15.12.3                    
******************************************************************************
>> Linked Fri Jan 27 12:24:21 2017

OUTPUT FILE NAME:   <Velapulsar.out>
ENTRY POINT SYMBOL: "_c_int00"  address: 00004695


MEMORY CONFIGURATION

         name            origin    length      used     unused   attr    fill
----------------------  --------  ---------  --------  --------  ----  --------
  MAIN                  00000000   00040000  00004f9a  0003b066  R  X
  INFO                  00200000   00004000  00000000  00004000  R  X
  SRAM_CODE             01000000   00010000  00001258  0000eda8  RW X
  SRAM_DATA             20000000   00010000  00001258  0000eda8  RW  


SEGMENT ALLOCATION MAP

run origin  load origin   length   init length attrs members
----------  ----------- ---------- ----------- ----- -------
00000000    00000000    00004f9c   00004f9c    r-x
  00000000    00000000    00000140   00000140    r-- .intvecs
  00000140    00000140    00004bfa   00004bfa    r-x .text
  00004d3c    00004d3c    00000174   00000174    r-- .const
  00004eb0    00004eb0    000000ec   000000ec    r-- .cinit
20000000    20000000    00001058   00000000    rw-
  20000000    20000000    00000800   00000000    rw- .sysmem
  20000800    20000800    000005f8   00000000    rw- .bss
  20000df8    20000df8    00000260   00000000    rw- .data
2000fe00    2000fe00    00000200   00000000    rw-
  2000fe00    2000fe00    00000200   00000000    rw- .stack


SECTION ALLOCATION MAP

 output                                  attributes/
section   page    origin      length       input sections
--------  ----  ----------  ----------   ----------------
.intvecs   0    00000000    00000140     
                  00000000    00000140     startup_msp432p401r_ccs.obj (.intvecs:retain)

.binit     0    00000000    00000000     

.text      0    00000140    00004bfa     
                  00000140    00001110     rtsv7M4_T_le_v4SPD16_eabi.lib : _printfi.obj (.text)
                  00001250    00000868     rf95.obj (.text)
                  00001ab8    000003dc     rtsv7M4_T_le_v4SPD16_eabi.lib : memory.obj (.text)
                  00001e94    00000370     velapulsar.obj (.text)
                  00002204    00000324     rtsv7M4_T_le_v4SPD16_eabi.lib : trgdrv.obj (.text)
                  00002528    00000318     velapulsar_mac.obj (.text)
                  00002840    0000030c     rtsv7M4_T_le_v4SPD16_eabi.lib : lowlev.obj (.text)
                  00002b4c    000001f4                                   : ull_div_t2.obj (.text)
                  00002d40    000001e4     system_msp432p401r.obj (.text)
                  00002f24    000001c4     rtsv7M4_T_le_v4SPD16_eabi.lib : fopen.obj (.text)
                  000030e8    000001b6                                   : fd_add_t2.obj (.text)
                  0000329e    00000136                                   : fd_div_t2.obj (.text)
                  000033d4    00000134                                   : fputs.obj (.text)
                  00003508    000000fc                                   : fd_mul_t2.obj (.text)
                  00003604    000000fc                                   : s_scalbn.obj (.text)
                  00003700    000000f8                                   : s_ceil.obj (.text)
                  000037f8    000000f8                                   : s_floor.obj (.text)
                  000038f0    000000dc                                   : setvbuf.obj (.text)
                  000039cc    000000cc     AdapterNode_main.obj (.text)
                  00003a98    000000c8     rtsv7M4_T_le_v4SPD16_eabi.lib : fflush.obj (.text)
                  00003b60    000000ac     delay.obj (.text)
                  00003c0c    000000ac     rtsv7M4_T_le_v4SPD16_eabi.lib : _io_perm.obj (.text)
                  00003cb8    0000009c     msp432p4xx_driverlib.lib : cs.o (.text:CS_startHFXTWithTimeout)
                  00003d54    0000009c                              : cs.o (.text:CS_startLFXTWithTimeout)
                  00003df0    0000009c     rtsv7M4_T_le_v4SPD16_eabi.lib : memcpy_t2.obj (.text)
                  00003e8c    00000098                                   : fclose.obj (.text)
                  00003f24    00000098                                   : fputc.obj (.text)
                  00003fbc    00000088     msp432p4xx_driverlib.lib : spi.o (.text:SPI_initMaster)
                  00004044    00000086     rtsv7M4_T_le_v4SPD16_eabi.lib : fd_cmp_t2.obj (.text:__aeabi_cdcmple)
                  000040ca    00000086                                   : fd_cmp_t2.obj (.text:__aeabi_cdrcmple)
                  00004150    0000007a                                   : memset_t2.obj (.text)
                  000041ca    00000002                                   : mpu_init.obj (.text)
                  000041cc    00000070     msp432p4xx_driverlib.lib : cs.o (.text:_CSGetHFXTFrequency)
                  0000423c    00000070     rtsv7M4_T_le_v4SPD16_eabi.lib : autoinit.obj (.text)
                  000042ac    00000070                                   : printf.obj (.text)
                  0000431c    0000006a                                   : copy_decompress_rle.obj (.text)
                  00004386    00000002                                   : startup.obj (.text)
                  00004388    00000068                                   : trgmsg.obj (.text)
                  000043f0    00000064     msp432p4xx_driverlib.lib : interrupt.o (.text:Interrupt_enableInterrupt)
                  00004454    00000064                              : rtc_c.o (.text:RTC_C_getCalendarTime)
                  000044b8    00000064     rtsv7M4_T_le_v4SPD16_eabi.lib : fseek.obj (.text)
                  0000451c    00000064                                   : s_frexp.obj (.text)
                  00004580    00000060                                   : sprintf.obj (.text)
                  000045e0    0000005c     msp432p4xx_driverlib.lib : rtc_c.o (.text:RTC_C_initCalendar)
                  0000463c    00000056     rtsv7M4_T_le_v4SPD16_eabi.lib : ltoa.obj (.text)
                  00004692    00000002     --HOLE-- [fill = 0]
                  00004694    00000054                                   : boot.obj (.text)
                  000046e8    00000054                                   : exit.obj (.text)
                  0000473c    00000050     msp432p4xx_driverlib.lib : rtc_c.o (.text:RTC_C_clearInterruptFlag)
                  0000478c    0000004c     rtsv7M4_T_le_v4SPD16_eabi.lib : atoi.obj (.text)
                  000047d8    0000004c                                   : cpy_tbl.obj (.text)
                  00004824    00000048     msp432p4xx_driverlib.lib : gpio.o (.text:GPIO_setAsPeripheralModuleFunctionInputPin)
                  0000486c    00000048                              : rtc_c.o (.text:RTC_C_getEnabledInterruptStatus)
                  000048b4    00000048     rtsv7M4_T_le_v4SPD16_eabi.lib : fd_toi_t2.obj (.text)
                  000048fc    00000044                                   : fd_tou_t2.obj (.text)
                  00004940    00000040     msp432p4xx_driverlib.lib : rtc_c.o (.text:RTC_C_enableInterrupt)
                  00004980    00000030                              : spi.o (.text:is_A_Module)
                  000049b0    00000030     rtsv7M4_T_le_v4SPD16_eabi.lib : strncpy.obj (.text)
                  000049e0    0000002e                                   : i_tofd_t2.obj (.text)
                  00004a0e    00000002     --HOLE-- [fill = 0]
                  00004a10    0000002c     msp432p4xx_driverlib.lib : rtc_c.o (.text:RTC_C_getInterruptStatus)
                  00004a3c    00000028     spi_interface.obj (.text)
                  00004a64    00000024     msp432p4xx_driverlib.lib : gpio.o (.text:GPIO_setAsOutputPin)
                  00004a88    00000024                              : rtc_c.o (.text:RTC_C_setCalendarAlarm)
                  00004aac    00000024                              : rtc_c.o (.text:RTC_C_startClock)
                  00004ad0    00000020                              : gpio.o (.text:GPIO_interruptEdgeSelect)
                  00004af0    00000020                              : spi.o (.text:SPI_transmitData)
                  00004b10    00000020     rtsv7M4_T_le_v4SPD16_eabi.lib : memchr.obj (.text)
                  00004b30    00000020                                   : u_tofd_t2.obj (.text)
                  00004b50    0000001c                                   : memccpy.obj (.text)
                  00004b6c    0000001a     msp432p4xx_driverlib.lib : spi.o (.text:SPI_enableModule)
                  00004b86    0000001a                              : spi.o (.text:SPI_receiveData)
                  00004ba0    00000018                              : gpio.o (.text:GPIO_setOutputLowOnPin)
                  00004bb8    00000018     rtsv7M4_T_le_v4SPD16_eabi.lib : args_main.obj (.text)
                  00004bd0    00000018                                   : strcmp.obj (.text)
                  00004be8    00000016                                   : strchr.obj (.text)
                  00004bfe    00000002     --HOLE-- [fill = 0]
                  00004c00    00000014     msp432p4xx_driverlib.lib : cs.o (.text:CS_setExternalClockSourceFrequency)
                  00004c14    00000014                              : gpio.o (.text:GPIO_setOutputHighOnPin)
                  00004c28    00000014                              : gpio.o (.text:GPIO_toggleOutputOnPin)
                  00004c3c    00000014     rtsv7M4_T_le_v4SPD16_eabi.lib : _lock.obj (.text)
                  00004c50    00000014                                   : s_copysign.obj (.text)
                  00004c64    00000014                                   : strcpy.obj (.text)
                  00004c78    00000014                                   : strlen.obj (.text)
                  00004c8c    00000012     startup_msp432p401r_ccs.obj (.text)
                  00004c9e    00000010     msp432p4xx_driverlib.lib : interrupt.o (.text:Interrupt_enableMaster)
                  00004cae    00000002     --HOLE-- [fill = 0]
                  00004cb0    00000010                              : sysctl.o (.text:SysCtl_disableNMISource)
                  00004cc0    00000010                              : sysctl.o (.text:SysCtl_enableNMISource)
                  00004cd0    0000000e     rtsv7M4_T_le_v4SPD16_eabi.lib : copy_decompress_none.obj (.text:decompress:none)
                  00004cde    0000000c     msp432p4xx_driverlib.lib : cpu.o (.text:CPU_cpsie)
                  00004cea    0000000c                              : spi.o (.text:EUSCI_A_SPI_enable)
                  00004cf6    0000000c                              : spi.o (.text:EUSCI_B_SPI_enable)
                  00004d02    00000002     --HOLE-- [fill = 0]
                  00004d04    0000000c                              : sysctl.o (.text:SysCtl_getNMISourceStatus)
                  00004d10    00000006                              : cs.o (.text:CS_startHFXT)
                  00004d16    00000006                              : cs.o (.text:CS_startLFXT)
                  00004d1c    00000006                              : spi.o (.text:EUSCI_A_SPI_receiveData)
                  00004d22    00000006                              : spi.o (.text:EUSCI_B_SPI_receiveData)
                  00004d28    00000006     rtsv7M4_T_le_v4SPD16_eabi.lib : copy_decompress_rle.obj (.text:decompress:rle24)
                  00004d2e    00000004     msp432p4xx_driverlib.lib : spi.o (.text:EUSCI_A_SPI_transmitData)
                  00004d32    00000004                              : spi.o (.text:EUSCI_B_SPI_transmitData)
                  00004d36    00000004     rtsv7M4_T_le_v4SPD16_eabi.lib : pre_init.obj (.text)

.const     0    00004d3c    00000174     
                  00004d3c    00000101     rtsv7M4_T_le_v4SPD16_eabi.lib : ctype.obj (.const:.string:_ctypes_)
                  00004e3d    00000003     --HOLE-- [fill = 0]
                  00004e40    00000040     msp432p4xx_driverlib.lib : interrupt.o (.const)
                  00004e80    0000001c     spi_interface.obj (.const:spiMasterConfig)
                  00004e9c    00000014     AdapterNode_main.obj (.const:.string:$P$T0$1)

.cinit     0    00004eb0    000000ec     
                  00004eb0    000000c8     (.cinit..data.load) [load image, compression = rle]
                  00004f78    0000000b     (.cinit..bss.load) [load image, compression = rle]
                  00004f83    00000001     --HOLE-- [fill = 0]
                  00004f84    00000008     (__TI_handler_table)
                  00004f8c    00000010     (__TI_cinit_table)

.init_array 
*          0    00000000    00000000     UNINITIALIZED

.sysmem    0    20000000    00000800     UNINITIALIZED
                  20000000    00000008     rtsv7M4_T_le_v4SPD16_eabi.lib : memory.obj (.sysmem)
                  20000008    000007f8     --HOLE--

.bss       0    20000800    000005f8     UNINITIALIZED
                  20000800    00000240     velapulsar_mac.obj (.bss:Channels)
                  20000a40    00000120     rtsv7M4_T_le_v4SPD16_eabi.lib : trgmsg.obj (.bss:_CIOBUF_)
                  20000b60    00000100     rf95.obj (.bss:RxTxBuffer)
                  20000c60    000000a0     (.common:__TI_tmpnams)
                  20000d00    00000030     (.common:VelaMacParams)
                  20000d30    00000030     (.common:VelaMacParamsDefaults)
                  20000d60    00000028     rf95.obj (.bss:settings)
                  20000d88    0000001c     velapulsar.obj (.bss:calendarTime)
                  20000da4    0000001c     velapulsar_mac.obj (.bss:radioEvents)
                  20000dc0    0000000c     velapulsar_mac.obj (.bss:ChannelsMaskRemaining)
                  20000dcc    0000000c     (.common:VelaMacPrimitives)
                  20000dd8    00000009     velapulsar_mac.obj (.bss)
                  20000de1    00000008     rtsv7M4_T_le_v4SPD16_eabi.lib : trgdrv.obj (.bss:parmbuf)
                  20000de9    00000001     (.common:VelaMacFlags)
                  20000dea    00000002     --HOLE--
                  20000dec    00000004     rf95.obj (.bss)
                  20000df0    00000004     (.common:hfxtFreq)
                  20000df4    00000004     (.common:lfxtFreq)

.data      0    20000df8    00000260     UNINITIALIZED
                  20000df8    000000f0     rtsv7M4_T_le_v4SPD16_eabi.lib : defs.obj (.data:_ftable)
                  20000ee8    000000d0                                   : lowlev.obj (.data:$O1$$)
                  20000fb8    00000030     msp432p4xx_driverlib.lib : gpio.o (.data:GPIO_PORT_TO_BASE)
                  20000fe8    00000021     velapulsar_mac.obj (.data)
                  20001009    00000001     velapulsar.obj (.data)
                  2000100a    00000002     --HOLE--
                  2000100c    00000010     rtsv7M4_T_le_v4SPD16_eabi.lib : defs.obj (.data)
                  2000101c    0000000c                                   : exit.obj (.data:$O1$$)
                  20001028    0000000c                                   : memory.obj (.data:$O1$$)
                  20001034    0000000c     delay.obj (.data)
                  20001040    00000008     rtsv7M4_T_le_v4SPD16_eabi.lib : _lock.obj (.data:$O1$$)
                  20001048    00000004                                   : errno.obj (.data)
                  2000104c    00000004                                   : fopen.obj (.data)
                  20001050    00000004                                   : stkdepth_vars.obj (.data)
                  20001054    00000004     system_msp432p401r.obj (.data)

.stack     0    2000fe00    00000200     UNINITIALIZED
                  2000fe00    00000200     --HOLE--

MODULE SUMMARY

       Module                        code    ro data   rw data
       ------                        ----    -------   -------
    .\
       system_msp432p401r.obj        484     0         8      
       startup_msp432p401r_ccs.obj   18      320       0      
       AdapterNode_main.obj          204     20        0      
    +--+-----------------------------+-------+---------+---------+
       Total:                        706     340       8      
                                                              
    .\Libraries\Mac\
       velapulsar_mac.obj            792     0         1510   
    +--+-----------------------------+-------+---------+---------+
       Total:                        792     0         1510   
                                                              
    .\Libraries\RF95\
       rf95.obj                      2152    0         600    
       delay.obj                     172     0         24     
       spi_interface.obj             40      28        0      
    +--+-----------------------------+-------+---------+---------+
       Total:                        2364    28        624    
                                                              
    .\Libraries\Velapulsar\
       velapulsar.obj                880     0         82     
    +--+-----------------------------+-------+---------+---------+
       Total:                        880     0         82     
                                                              
    C:/ti/msp/msp432ware__3.50.00.02/driverlib/driverlib/MSP432P4xx/ccs/msp432p4xx_driverlib.lib
       rtc_c.o                       524     0         0      
       cs.o                          456     0         16     
       spi.o                         312     0         0      
       gpio.o                        204     0         96     
       interrupt.o                   116     64        0      
       sysctl.o                      44      0         0      
       cpu.o                         12      0         0      
    +--+-----------------------------+-------+---------+---------+
       Total:                        1668    64        112    
                                                              
    C:\ti\ccsv6\tools\compiler\arm_15.12.3.LTS\lib\rtsv7M4_T_le_v4SPD16_eabi.lib
       _printfi.obj                  4368    0         0      
       lowlev.obj                    780     0         416    
       memory.obj                    988     0         24     
       defs.obj                      0       0         832    
       trgdrv.obj                    804     0         16     
       trgmsg.obj                    104     0         576    
       ull_div_t2.obj                500     0         0      
       fopen.obj                     452     0         8      
       fd_add_t2.obj                 438     0         0      
       fd_div_t2.obj                 310     0         0      
       fputs.obj                     308     0         0      
       fd_cmp_t2.obj                 268     0         0      
       ctype.obj                     0       257       0      
       fd_mul_t2.obj                 252     0         0      
       s_scalbn.obj                  252     0         0      
       s_ceil.obj                    248     0         0      
       s_floor.obj                   248     0         0      
       setvbuf.obj                   220     0         0      
       fflush.obj                    200     0         0      
       _io_perm.obj                  172     0         0      
       memcpy_t2.obj                 156     0         0      
       fclose.obj                    152     0         0      
       fputc.obj                     152     0         0      
       memset_t2.obj                 122     0         0      
       autoinit.obj                  112     0         0      
       copy_decompress_rle.obj       112     0         0      
       printf.obj                    112     0         0      
       exit.obj                      84      0         24     
       fseek.obj                     100     0         0      
       s_frexp.obj                   100     0         0      
       sprintf.obj                   96      0         0      
       ltoa.obj                      86      0         0      
       boot.obj                      84      0         0      
       atoi.obj                      76      0         0      
       cpy_tbl.obj                   76      0         0      
       fd_toi_t2.obj                 72      0         0      
       fd_tou_t2.obj                 68      0         0      
       strncpy.obj                   48      0         0      
       i_tofd_t2.obj                 46      0         0      
       _lock.obj                     20      0         16     
       memchr.obj                    32      0         0      
       u_tofd_t2.obj                 32      0         0      
       memccpy.obj                   28      0         0      
       args_main.obj                 24      0         0      
       strcmp.obj                    24      0         0      
       strchr.obj                    22      0         0      
       s_copysign.obj                20      0         0      
       strcpy.obj                    20      0         0      
       strlen.obj                    20      0         0      
       copy_decompress_none.obj      14      0         0      
       errno.obj                     0       0         8      
       stkdepth_vars.obj             0       0         8      
       pre_init.obj                  4       0         0      
       mpu_init.obj                  2       0         0      
       startup.obj                   2       0         0      
    +--+-----------------------------+-------+---------+---------+
       Total:                        13030   257       1928   
                                                              
       Heap:                         0       0         4096   
       Stack:                        0       0         1024   
       Linker Generated:             0       235       0      
    +--+-----------------------------+-------+---------+---------+
       Grand Total:                  19440   924       9384   


LINKER GENERATED COPY TABLES

__TI_cinit_table @ 00004f8c records: 2, size/record: 8, table size: 16
	.data: load addr=00004eb0, load size=000000c8 bytes, run addr=20000df8, run size=00000260 bytes, compression=rle
	.bss: load addr=00004f78, load size=0000000b bytes, run addr=20000800, run size=000005f8 bytes, compression=rle


LINKER GENERATED HANDLER TABLE

__TI_handler_table @ 00004f84 records: 2, size/record: 4, table size: 8
	index: 0, handler: __TI_decompress_rle24
	index: 1, handler: __TI_decompress_none


GLOBAL SYMBOLS: SORTED ALPHABETICALLY BY Name 

address   name                                      
-------   ----                                      
000046e9  C$$EXIT                                   
000043b7  C$$IO$$                                   
00004cdf  CPU_cpsie                                 
00004c01  CS_setExternalClockSourceFrequency        
00004d11  CS_startHFXT                              
00003cb9  CS_startHFXTWithTimeout                   
00004d17  CS_startLFXT                              
00003d55  CS_startLFXTWithTimeout                   
00004ceb  EUSCI_A_SPI_enable                        
00004d1d  EUSCI_A_SPI_receiveData                   
00004d2f  EUSCI_A_SPI_transmitData                  
00004cf7  EUSCI_B_SPI_enable                        
00004d23  EUSCI_B_SPI_receiveData                   
00004d33  EUSCI_B_SPI_transmitData                  
00004ad1  GPIO_interruptEdgeSelect                  
00004a65  GPIO_setAsOutputPin                       
00004825  GPIO_setAsPeripheralModuleFunctionInputPin
00004c15  GPIO_setOutputHighOnPin                   
00004ba1  GPIO_setOutputLowOnPin                    
00004c29  GPIO_toggleOutputOnPin                    
000024db  HOSTclock                                 
000024a3  HOSTclose                                 
00002465  HOSTgetenv                                
00002409  HOSTlseek                                 
000023b7  HOSTopen                                  
0000236b  HOSTread                                  
0000230d  HOSTrename                                
000022d3  HOSTtime                                  
00002289  HOSTtime64                                
00002251  HOSTunlink                                
00002205  HOSTwrite                                 
00003b99  Init_SysTick                              
000043f1  Interrupt_enableInterrupt                 
00004c9f  Interrupt_enableMaster                    
00001939  PORT2_IRQHandler                          
00001827  RFCheckRfFrequency                        
0000188d  RFGetStatus                               
00001707  RFGetTimeOnAir                            
00001899  RFInit                                    
0000182b  RFInitModem                               
000018d5  RFIrqInit                                 
000016d3  RFIsChannelFree                           
0000169d  RFRandom                                  
00001303  RFRead                                    
0000164b  RFReadBuffer                              
00001629  RFReadRssi                                
000015f3  RFReset                                   
000015b9  RFSend                                    
00001599  RFSetChannel                              
000012db  RFSetOpMode                               
00001551  RFSetRx                                   
0000149d  RFSetRxConfig                             
0000148d  RFSetSleep                                
0000147d  RFSetStby                                 
00001447  RFSetTx                                   
00001343  RFSetTxConfig                             
000012e3  RFStartCad                                
000012a7  RFWrite                                   
00001251  RFWriteBuffer                             
0000129b  RFWriteFifo                               
00002185  RTC_AlarmHandler                          
0000473d  RTC_C_clearInterruptFlag                  
00004941  RTC_C_enableInterrupt                     
00004455  RTC_C_getCalendarTime                     
0000486d  RTC_C_getEnabledInterruptStatus           
00004a11  RTC_C_getInterruptStatus                  
000045e1  RTC_C_initCalendar                        
00004a89  RTC_C_setCalendarAlarm                    
00004aad  RTC_C_startClock                          
UNDEFED   SHT$$INIT_ARRAY$$Base                     
UNDEFED   SHT$$INIT_ARRAY$$Limit                    
00004b6d  SPI_enableModule                          
00003fbd  SPI_initMaster                            
00004b87  SPI_receiveData                           
00004af1  SPI_transmitData                          
00004cb1  SysCtl_disableNMISource                   
00004cc1  SysCtl_enableNMISource                    
00004d05  SysCtl_getNMISourceStatus                 
00003b7f  SysTick_Handler                           
20001054  SystemCoreClock                           
00002d93  SystemCoreClockUpdate                     
00002d41  SystemInit                                
20000de9  VelaMacFlags                              
000025e1  VelaMacInitialization                     
20000d00  VelaMacParams                             
20000d30  VelaMacParamsDefaults                     
20000dcc  VelaMacPrimitives                         
20000fe8  VelaMacState                              
4000480c  WDTCTL_SYM                                
20000a40  __CIOBUF_                                 
20010000  __STACK_END                               
00000200  __STACK_SIZE                              
00000800  __SYSMEM_SIZE                             
00004f8c  __TI_CINIT_Base                           
00004f9c  __TI_CINIT_Limit                          
00004f84  __TI_Handler_Table_Base                   
00004f8c  __TI_Handler_Table_Limit                  
0000423d  __TI_auto_init                            
00002fed  __TI_cleanup                              
2000101c  __TI_cleanup_ptr                          
00003e8d  __TI_closefile                            
00004cd1  __TI_decompress_none                      
00004d29  __TI_decompress_rle24                     
00003a99  __TI_doflush                              
20001020  __TI_dtors_ptr                            
20001024  __TI_enable_exit_profile_output           
2000100c  __TI_ft_end                               
ffffffff  __TI_pprof_out_hndl                       
00000f4b  __TI_printfi                              
ffffffff  __TI_prof_data_size                       
ffffffff  __TI_prof_data_start                      
00003c6f  __TI_rd_ok                                
000043bb  __TI_readmsg                              
00000000  __TI_static_base__                        
20000c60  __TI_tmpnams                              
00004389  __TI_writemsg                             
00003c0d  __TI_wrt_ok                               
00004045  __aeabi_cdcmpeq                           
00004045  __aeabi_cdcmple                           
000040cb  __aeabi_cdrcmple                          
000048b5  __aeabi_d2iz                              
000048fd  __aeabi_d2uiz                             
000030f3  __aeabi_dadd                              
0000329f  __aeabi_ddiv                              
00003509  __aeabi_dmul                              
000030e9  __aeabi_dsub                              
000049e1  __aeabi_i2d                               
00004151  __aeabi_memclr                            
00004151  __aeabi_memclr4                           
00004151  __aeabi_memclr8                           
00003df1  __aeabi_memcpy                            
00003df1  __aeabi_memcpy4                           
00003df1  __aeabi_memcpy8                           
00004153  __aeabi_memset                            
00004153  __aeabi_memset4                           
00004153  __aeabi_memset8                           
20001018  __aeabi_stderr                            
20001010  __aeabi_stdin                             
20001014  __aeabi_stdout                            
00004b31  __aeabi_ui2d                              
00002b4d  __aeabi_uldivmod                          
ffffffff  __binit__                                 
ffffffff  __c_args__                                
000041cb  __mpu_init                                
2000fe00  __stack                                   
00004bb9  _args_main                                
00004695  _c_int00                                  
00004d3c  _ctypes_                                  
20000df8  _ftable                                   
20001038  _hTime                                    
20001040  _lock                                     
20001037  _mTime                                    
20001034  _msTime                                   
00004c4b  _nop                                      
00004c43  _register_lock                            
00004c3d  _register_unlock                          
20001036  _sTime                                    
20000000  _sys_memory                               
00004387  _system_post_cinit                        
00004d37  _system_pre_init                          
2000103c  _totalms                                  
20001044  _unlock                                   
000046ed  abort                                     
00002aa1  add_device                                
0000478d  atoi                                      
20001009  awake                                     
ffffffff  binit                                     
00001e61  calloc                                    
00003701  ceil                                      
00003701  ceill                                     
00002a51  close                                     
000047d9  copy_in                                   
00004c51  copysign                                  
00004c51  copysignl                                 
00003b67  delay_ms                                  
20001048  errno                                     
000046f5  exit                                      
00003ef3  fclose                                    
00003ae5  fflush                                    
000037f9  floor                                     
000037f9  floorl                                    
00003043  fopen                                     
00003f25  fputc                                     
000033d5  fputs                                     
00001baf  free                                      
00003019  freopen                                   
0000451d  frexp                                     
0000451d  frexpl                                    
000044b9  fseek                                     
00003b61  getTotal_ms                               
00001e95  initCalendar                              
0000210b  initClocks                                
00001f4f  initPeripherals                           
00001ed1  initPorts                                 
00004a3d  initSPI                                   
00000000  interruptVectors                          
00003605  ldexp                                     
00003605  ldexpl                                    
00002a2d  lseek                                     
0000463d  ltoa                                      
000039cd  main                                      
20001050  main_func_sp                              
00001b47  malloc                                    
00001d7d  memalign                                  
00004b51  memccpy                                   
00004b11  memchr                                    
00003df1  memcpy                                    
00004159  memset                                    
00001ab9  minit                                     
0000297f  open                                      
000042b5  printf                                    
00003f25  putc                                      
00003fa9  putchar                                   
000034e1  puts                                      
0000295b  read                                      
00001c71  realloc                                   
000028d1  remove                                    
00002933  remove_device                             
000028f5  rename                                    
00003605  scalbn                                    
00003605  scalbnl                                   
000038f1  setvbuf                                   
00001f8d  sleepFor                                  
00004e80  spiMasterConfig                           
00004581  sprintf                                   
00004be9  strchr                                    
00004bd1  strcmp                                    
00004c65  strcpy                                    
00004c79  strlen                                    
000049b1  strncpy                                   
000028d1  unlink                                    
00002841  write                                     


GLOBAL SYMBOLS: SORTED BY Symbol Address 

address   name                                      
-------   ----                                      
00000000  __TI_static_base__                        
00000000  interruptVectors                          
00000200  __STACK_SIZE                              
00000800  __SYSMEM_SIZE                             
00000f4b  __TI_printfi                              
00001251  RFWriteBuffer                             
0000129b  RFWriteFifo                               
000012a7  RFWrite                                   
000012db  RFSetOpMode                               
000012e3  RFStartCad                                
00001303  RFRead                                    
00001343  RFSetTxConfig                             
00001447  RFSetTx                                   
0000147d  RFSetStby                                 
0000148d  RFSetSleep                                
0000149d  RFSetRxConfig                             
00001551  RFSetRx                                   
00001599  RFSetChannel                              
000015b9  RFSend                                    
000015f3  RFReset                                   
00001629  RFReadRssi                                
0000164b  RFReadBuffer                              
0000169d  RFRandom                                  
000016d3  RFIsChannelFree                           
00001707  RFGetTimeOnAir                            
00001827  RFCheckRfFrequency                        
0000182b  RFInitModem                               
0000188d  RFGetStatus                               
00001899  RFInit                                    
000018d5  RFIrqInit                                 
00001939  PORT2_IRQHandler                          
00001ab9  minit                                     
00001b47  malloc                                    
00001baf  free                                      
00001c71  realloc                                   
00001d7d  memalign                                  
00001e61  calloc                                    
00001e95  initCalendar                              
00001ed1  initPorts                                 
00001f4f  initPeripherals                           
00001f8d  sleepFor                                  
0000210b  initClocks                                
00002185  RTC_AlarmHandler                          
00002205  HOSTwrite                                 
00002251  HOSTunlink                                
00002289  HOSTtime64                                
000022d3  HOSTtime                                  
0000230d  HOSTrename                                
0000236b  HOSTread                                  
000023b7  HOSTopen                                  
00002409  HOSTlseek                                 
00002465  HOSTgetenv                                
000024a3  HOSTclose                                 
000024db  HOSTclock                                 
000025e1  VelaMacInitialization                     
00002841  write                                     
000028d1  remove                                    
000028d1  unlink                                    
000028f5  rename                                    
00002933  remove_device                             
0000295b  read                                      
0000297f  open                                      
00002a2d  lseek                                     
00002a51  close                                     
00002aa1  add_device                                
00002b4d  __aeabi_uldivmod                          
00002d41  SystemInit                                
00002d93  SystemCoreClockUpdate                     
00002fed  __TI_cleanup                              
00003019  freopen                                   
00003043  fopen                                     
000030e9  __aeabi_dsub                              
000030f3  __aeabi_dadd                              
0000329f  __aeabi_ddiv                              
000033d5  fputs                                     
000034e1  puts                                      
00003509  __aeabi_dmul                              
00003605  ldexp                                     
00003605  ldexpl                                    
00003605  scalbn                                    
00003605  scalbnl                                   
00003701  ceil                                      
00003701  ceill                                     
000037f9  floor                                     
000037f9  floorl                                    
000038f1  setvbuf                                   
000039cd  main                                      
00003a99  __TI_doflush                              
00003ae5  fflush                                    
00003b61  getTotal_ms                               
00003b67  delay_ms                                  
00003b7f  SysTick_Handler                           
00003b99  Init_SysTick                              
00003c0d  __TI_wrt_ok                               
00003c6f  __TI_rd_ok                                
00003cb9  CS_startHFXTWithTimeout                   
00003d55  CS_startLFXTWithTimeout                   
00003df1  __aeabi_memcpy                            
00003df1  __aeabi_memcpy4                           
00003df1  __aeabi_memcpy8                           
00003df1  memcpy                                    
00003e8d  __TI_closefile                            
00003ef3  fclose                                    
00003f25  fputc                                     
00003f25  putc                                      
00003fa9  putchar                                   
00003fbd  SPI_initMaster                            
00004045  __aeabi_cdcmpeq                           
00004045  __aeabi_cdcmple                           
000040cb  __aeabi_cdrcmple                          
00004151  __aeabi_memclr                            
00004151  __aeabi_memclr4                           
00004151  __aeabi_memclr8                           
00004153  __aeabi_memset                            
00004153  __aeabi_memset4                           
00004153  __aeabi_memset8                           
00004159  memset                                    
000041cb  __mpu_init                                
0000423d  __TI_auto_init                            
000042b5  printf                                    
00004387  _system_post_cinit                        
00004389  __TI_writemsg                             
000043b7  C$$IO$$                                   
000043bb  __TI_readmsg                              
000043f1  Interrupt_enableInterrupt                 
00004455  RTC_C_getCalendarTime                     
000044b9  fseek                                     
0000451d  frexp                                     
0000451d  frexpl                                    
00004581  sprintf                                   
000045e1  RTC_C_initCalendar                        
0000463d  ltoa                                      
00004695  _c_int00                                  
000046e9  C$$EXIT                                   
000046ed  abort                                     
000046f5  exit                                      
0000473d  RTC_C_clearInterruptFlag                  
0000478d  atoi                                      
000047d9  copy_in                                   
00004825  GPIO_setAsPeripheralModuleFunctionInputPin
0000486d  RTC_C_getEnabledInterruptStatus           
000048b5  __aeabi_d2iz                              
000048fd  __aeabi_d2uiz                             
00004941  RTC_C_enableInterrupt                     
000049b1  strncpy                                   
000049e1  __aeabi_i2d                               
00004a11  RTC_C_getInterruptStatus                  
00004a3d  initSPI                                   
00004a65  GPIO_setAsOutputPin                       
00004a89  RTC_C_setCalendarAlarm                    
00004aad  RTC_C_startClock                          
00004ad1  GPIO_interruptEdgeSelect                  
00004af1  SPI_transmitData                          
00004b11  memchr                                    
00004b31  __aeabi_ui2d                              
00004b51  memccpy                                   
00004b6d  SPI_enableModule                          
00004b87  SPI_receiveData                           
00004ba1  GPIO_setOutputLowOnPin                    
00004bb9  _args_main                                
00004bd1  strcmp                                    
00004be9  strchr                                    
00004c01  CS_setExternalClockSourceFrequency        
00004c15  GPIO_setOutputHighOnPin                   
00004c29  GPIO_toggleOutputOnPin                    
00004c3d  _register_unlock                          
00004c43  _register_lock                            
00004c4b  _nop                                      
00004c51  copysign                                  
00004c51  copysignl                                 
00004c65  strcpy                                    
00004c79  strlen                                    
00004c9f  Interrupt_enableMaster                    
00004cb1  SysCtl_disableNMISource                   
00004cc1  SysCtl_enableNMISource                    
00004cd1  __TI_decompress_none                      
00004cdf  CPU_cpsie                                 
00004ceb  EUSCI_A_SPI_enable                        
00004cf7  EUSCI_B_SPI_enable                        
00004d05  SysCtl_getNMISourceStatus                 
00004d11  CS_startHFXT                              
00004d17  CS_startLFXT                              
00004d1d  EUSCI_A_SPI_receiveData                   
00004d23  EUSCI_B_SPI_receiveData                   
00004d29  __TI_decompress_rle24                     
00004d2f  EUSCI_A_SPI_transmitData                  
00004d33  EUSCI_B_SPI_transmitData                  
00004d37  _system_pre_init                          
00004d3c  _ctypes_                                  
00004e80  spiMasterConfig                           
00004f84  __TI_Handler_Table_Base                   
00004f8c  __TI_CINIT_Base                           
00004f8c  __TI_Handler_Table_Limit                  
00004f9c  __TI_CINIT_Limit                          
20000000  _sys_memory                               
20000a40  __CIOBUF_                                 
20000c60  __TI_tmpnams                              
20000d00  VelaMacParams                             
20000d30  VelaMacParamsDefaults                     
20000dcc  VelaMacPrimitives                         
20000de9  VelaMacFlags                              
20000df8  _ftable                                   
20000fe8  VelaMacState                              
20001009  awake                                     
2000100c  __TI_ft_end                               
20001010  __aeabi_stdin                             
20001014  __aeabi_stdout                            
20001018  __aeabi_stderr                            
2000101c  __TI_cleanup_ptr                          
20001020  __TI_dtors_ptr                            
20001024  __TI_enable_exit_profile_output           
20001034  _msTime                                   
20001036  _sTime                                    
20001037  _mTime                                    
20001038  _hTime                                    
2000103c  _totalms                                  
20001040  _lock                                     
20001044  _unlock                                   
20001048  errno                                     
20001050  main_func_sp                              
20001054  SystemCoreClock                           
2000fe00  __stack                                   
20010000  __STACK_END                               
4000480c  WDTCTL_SYM                                
ffffffff  __TI_pprof_out_hndl                       
ffffffff  __TI_prof_data_size                       
ffffffff  __TI_prof_data_start                      
ffffffff  __binit__                                 
ffffffff  __c_args__                                
ffffffff  binit                                     
UNDEFED   SHT$$INIT_ARRAY$$Base                     
UNDEFED   SHT$$INIT_ARRAY$$Limit                    

[232 symbols]
