<?xml version="1.0"?>
<link_info>
   <banner>TI ARM Linker PC v16.9.1.LTS</banner>
   <copyright>Copyright (c) 1996-2015 Texas Instruments Incorporated</copyright>
   <link_time>0x599c2f1f</link_time>
   <link_errors>0x0</link_errors>
   <output_file>Velapulsar.out</output_file>
   <entry_point>
      <name>_c_int00</name>
      <address>0x4f01</address>
   </entry_point>
   <input_file_list>
      <input_file id="fl-2">
         <path>.\</path>
         <kind>object</kind>
         <file>Sniffer_main.obj</file>
         <name>Sniffer_main.obj</name>
      </input_file>
      <input_file id="fl-3">
         <path>.\</path>
         <kind>object</kind>
         <file>startup_msp432p401r_ccs.obj</file>
         <name>startup_msp432p401r_ccs.obj</name>
      </input_file>
      <input_file id="fl-4">
         <path>.\</path>
         <kind>object</kind>
         <file>system_msp432p401r.obj</file>
         <name>system_msp432p401r.obj</name>
      </input_file>
      <input_file id="fl-5">
         <path>.\Libraries\EnergyManager\</path>
         <kind>object</kind>
         <file>energy_man.obj</file>
         <name>energy_man.obj</name>
      </input_file>
      <input_file id="fl-6">
         <path>.\Libraries\Mac\</path>
         <kind>object</kind>
         <file>velapulsar_mac.obj</file>
         <name>velapulsar_mac.obj</name>
      </input_file>
      <input_file id="fl-7">
         <path>.\Libraries\Nwk\</path>
         <kind>object</kind>
         <file>velapulsar_nwk.obj</file>
         <name>velapulsar_nwk.obj</name>
      </input_file>
      <input_file id="fl-8">
         <path>.\Libraries\RF95\</path>
         <kind>object</kind>
         <file>delay.obj</file>
         <name>delay.obj</name>
      </input_file>
      <input_file id="fl-9">
         <path>.\Libraries\RF95\</path>
         <kind>object</kind>
         <file>rf95.obj</file>
         <name>rf95.obj</name>
      </input_file>
      <input_file id="fl-a">
         <path>.\Libraries\RF95\</path>
         <kind>object</kind>
         <file>spi_interface.obj</file>
         <name>spi_interface.obj</name>
      </input_file>
      <input_file id="fl-b">
         <path>.\Libraries\UART\</path>
         <kind>object</kind>
         <file>UART_interface.obj</file>
         <name>UART_interface.obj</name>
      </input_file>
      <input_file id="fl-c">
         <path>.\Libraries\Velapulsar\</path>
         <kind>object</kind>
         <file>comms_interface.obj</file>
         <name>comms_interface.obj</name>
      </input_file>
      <input_file id="fl-d">
         <path>.\Libraries\Velapulsar\</path>
         <kind>object</kind>
         <file>sensor_interface.obj</file>
         <name>sensor_interface.obj</name>
      </input_file>
      <input_file id="fl-e">
         <path>.\Libraries\Velapulsar\</path>
         <kind>object</kind>
         <file>velapulsar.obj</file>
         <name>velapulsar.obj</name>
      </input_file>
      <input_file id="fl-14">
         <path>C:\ti\msp\msp432ware__3.50.00.02\driverlib\driverlib\MSP432P4xx\ccs\</path>
         <kind>archive</kind>
         <file>msp432p4xx_driverlib.lib</file>
         <name>cs.o</name>
      </input_file>
      <input_file id="fl-15">
         <path>C:\ti\msp\msp432ware__3.50.00.02\driverlib\driverlib\MSP432P4xx\ccs\</path>
         <kind>archive</kind>
         <file>msp432p4xx_driverlib.lib</file>
         <name>gpio.o</name>
      </input_file>
      <input_file id="fl-16">
         <path>C:\ti\msp\msp432ware__3.50.00.02\driverlib\driverlib\MSP432P4xx\ccs\</path>
         <kind>archive</kind>
         <file>msp432p4xx_driverlib.lib</file>
         <name>interrupt.o</name>
      </input_file>
      <input_file id="fl-17">
         <path>C:\ti\msp\msp432ware__3.50.00.02\driverlib\driverlib\MSP432P4xx\ccs\</path>
         <kind>archive</kind>
         <file>msp432p4xx_driverlib.lib</file>
         <name>rtc_c.o</name>
      </input_file>
      <input_file id="fl-18">
         <path>C:\ti\msp\msp432ware__3.50.00.02\driverlib\driverlib\MSP432P4xx\ccs\</path>
         <kind>archive</kind>
         <file>msp432p4xx_driverlib.lib</file>
         <name>spi.o</name>
      </input_file>
      <input_file id="fl-19">
         <path>C:\ti\msp\msp432ware__3.50.00.02\driverlib\driverlib\MSP432P4xx\ccs\</path>
         <kind>archive</kind>
         <file>msp432p4xx_driverlib.lib</file>
         <name>sysctl.o</name>
      </input_file>
      <input_file id="fl-1a">
         <path>C:\ti\msp\msp432ware__3.50.00.02\driverlib\driverlib\MSP432P4xx\ccs\</path>
         <kind>archive</kind>
         <file>msp432p4xx_driverlib.lib</file>
         <name>cpu.o</name>
      </input_file>
      <input_file id="fl-d0">
         <path>C:\ti\ccsv7\tools\compiler\ti-cgt-arm_16.9.1.LTS\lib\</path>
         <kind>archive</kind>
         <file>rtsv7M4_T_le_v4SPD16_eabi.lib</file>
         <name>boot.obj</name>
      </input_file>
      <input_file id="fl-d1">
         <path>C:\ti\ccsv7\tools\compiler\ti-cgt-arm_16.9.1.LTS\lib\</path>
         <kind>archive</kind>
         <file>rtsv7M4_T_le_v4SPD16_eabi.lib</file>
         <name>copy_decompress_lzss.obj</name>
      </input_file>
      <input_file id="fl-d2">
         <path>C:\ti\ccsv7\tools\compiler\ti-cgt-arm_16.9.1.LTS\lib\</path>
         <kind>archive</kind>
         <file>rtsv7M4_T_le_v4SPD16_eabi.lib</file>
         <name>copy_decompress_none.obj</name>
      </input_file>
      <input_file id="fl-d3">
         <path>C:\ti\ccsv7\tools\compiler\ti-cgt-arm_16.9.1.LTS\lib\</path>
         <kind>archive</kind>
         <file>rtsv7M4_T_le_v4SPD16_eabi.lib</file>
         <name>copy_zero_init.obj</name>
      </input_file>
      <input_file id="fl-d4">
         <path>C:\ti\ccsv7\tools\compiler\ti-cgt-arm_16.9.1.LTS\lib\</path>
         <kind>archive</kind>
         <file>rtsv7M4_T_le_v4SPD16_eabi.lib</file>
         <name>exit.obj</name>
      </input_file>
      <input_file id="fl-d5">
         <path>C:\ti\ccsv7\tools\compiler\ti-cgt-arm_16.9.1.LTS\lib\</path>
         <kind>archive</kind>
         <file>rtsv7M4_T_le_v4SPD16_eabi.lib</file>
         <name>fd_add_t2.obj</name>
      </input_file>
      <input_file id="fl-d6">
         <path>C:\ti\ccsv7\tools\compiler\ti-cgt-arm_16.9.1.LTS\lib\</path>
         <kind>archive</kind>
         <file>rtsv7M4_T_le_v4SPD16_eabi.lib</file>
         <name>fd_cmp_t2.obj</name>
      </input_file>
      <input_file id="fl-d7">
         <path>C:\ti\ccsv7\tools\compiler\ti-cgt-arm_16.9.1.LTS\lib\</path>
         <kind>archive</kind>
         <file>rtsv7M4_T_le_v4SPD16_eabi.lib</file>
         <name>fd_div_t2.obj</name>
      </input_file>
      <input_file id="fl-d8">
         <path>C:\ti\ccsv7\tools\compiler\ti-cgt-arm_16.9.1.LTS\lib\</path>
         <kind>archive</kind>
         <file>rtsv7M4_T_le_v4SPD16_eabi.lib</file>
         <name>fd_mul_t2.obj</name>
      </input_file>
      <input_file id="fl-d9">
         <path>C:\ti\ccsv7\tools\compiler\ti-cgt-arm_16.9.1.LTS\lib\</path>
         <kind>archive</kind>
         <file>rtsv7M4_T_le_v4SPD16_eabi.lib</file>
         <name>fd_tou_t2.obj</name>
      </input_file>
      <input_file id="fl-da">
         <path>C:\ti\ccsv7\tools\compiler\ti-cgt-arm_16.9.1.LTS\lib\</path>
         <kind>archive</kind>
         <file>rtsv7M4_T_le_v4SPD16_eabi.lib</file>
         <name>i_tofd_t2.obj</name>
      </input_file>
      <input_file id="fl-db">
         <path>C:\ti\ccsv7\tools\compiler\ti-cgt-arm_16.9.1.LTS\lib\</path>
         <kind>archive</kind>
         <file>rtsv7M4_T_le_v4SPD16_eabi.lib</file>
         <name>memcpy_t2.obj</name>
      </input_file>
      <input_file id="fl-dc">
         <path>C:\ti\ccsv7\tools\compiler\ti-cgt-arm_16.9.1.LTS\lib\</path>
         <kind>archive</kind>
         <file>rtsv7M4_T_le_v4SPD16_eabi.lib</file>
         <name>memset_t2.obj</name>
      </input_file>
      <input_file id="fl-dd">
         <path>C:\ti\ccsv7\tools\compiler\ti-cgt-arm_16.9.1.LTS\lib\</path>
         <kind>archive</kind>
         <file>rtsv7M4_T_le_v4SPD16_eabi.lib</file>
         <name>mpu_init.obj</name>
      </input_file>
      <input_file id="fl-de">
         <path>C:\ti\ccsv7\tools\compiler\ti-cgt-arm_16.9.1.LTS\lib\</path>
         <kind>archive</kind>
         <file>rtsv7M4_T_le_v4SPD16_eabi.lib</file>
         <name>printf.obj</name>
      </input_file>
      <input_file id="fl-df">
         <path>C:\ti\ccsv7\tools\compiler\ti-cgt-arm_16.9.1.LTS\lib\</path>
         <kind>archive</kind>
         <file>rtsv7M4_T_le_v4SPD16_eabi.lib</file>
         <name>rand.obj</name>
      </input_file>
      <input_file id="fl-e0">
         <path>C:\ti\ccsv7\tools\compiler\ti-cgt-arm_16.9.1.LTS\lib\</path>
         <kind>archive</kind>
         <file>rtsv7M4_T_le_v4SPD16_eabi.lib</file>
         <name>s_ceil.obj</name>
      </input_file>
      <input_file id="fl-e1">
         <path>C:\ti\ccsv7\tools\compiler\ti-cgt-arm_16.9.1.LTS\lib\</path>
         <kind>archive</kind>
         <file>rtsv7M4_T_le_v4SPD16_eabi.lib</file>
         <name>s_floor.obj</name>
      </input_file>
      <input_file id="fl-e2">
         <path>C:\ti\ccsv7\tools\compiler\ti-cgt-arm_16.9.1.LTS\lib\</path>
         <kind>archive</kind>
         <file>rtsv7M4_T_le_v4SPD16_eabi.lib</file>
         <name>sprintf.obj</name>
      </input_file>
      <input_file id="fl-e3">
         <path>C:\ti\ccsv7\tools\compiler\ti-cgt-arm_16.9.1.LTS\lib\</path>
         <kind>archive</kind>
         <file>rtsv7M4_T_le_v4SPD16_eabi.lib</file>
         <name>stkdepth_vars.obj</name>
      </input_file>
      <input_file id="fl-e4">
         <path>C:\ti\ccsv7\tools\compiler\ti-cgt-arm_16.9.1.LTS\lib\</path>
         <kind>archive</kind>
         <file>rtsv7M4_T_le_v4SPD16_eabi.lib</file>
         <name>time.obj</name>
      </input_file>
      <input_file id="fl-e5">
         <path>C:\ti\ccsv7\tools\compiler\ti-cgt-arm_16.9.1.LTS\lib\</path>
         <kind>archive</kind>
         <file>rtsv7M4_T_le_v4SPD16_eabi.lib</file>
         <name>trgdrv.obj</name>
      </input_file>
      <input_file id="fl-e6">
         <path>C:\ti\ccsv7\tools\compiler\ti-cgt-arm_16.9.1.LTS\lib\</path>
         <kind>archive</kind>
         <file>rtsv7M4_T_le_v4SPD16_eabi.lib</file>
         <name>trgmsg.obj</name>
      </input_file>
      <input_file id="fl-e7">
         <path>C:\ti\ccsv7\tools\compiler\ti-cgt-arm_16.9.1.LTS\lib\</path>
         <kind>archive</kind>
         <file>rtsv7M4_T_le_v4SPD16_eabi.lib</file>
         <name>u_tofd_t2.obj</name>
      </input_file>
      <input_file id="fl-e8">
         <path>C:\ti\ccsv7\tools\compiler\ti-cgt-arm_16.9.1.LTS\lib\</path>
         <kind>archive</kind>
         <file>rtsv7M4_T_le_v4SPD16_eabi.lib</file>
         <name>_lock.obj</name>
      </input_file>
      <input_file id="fl-e9">
         <path>C:\ti\ccsv7\tools\compiler\ti-cgt-arm_16.9.1.LTS\lib\</path>
         <kind>archive</kind>
         <file>rtsv7M4_T_le_v4SPD16_eabi.lib</file>
         <name>_printfi.obj</name>
      </input_file>
      <input_file id="fl-ea">
         <path>C:\ti\ccsv7\tools\compiler\ti-cgt-arm_16.9.1.LTS\lib\</path>
         <kind>archive</kind>
         <file>rtsv7M4_T_le_v4SPD16_eabi.lib</file>
         <name>args_main.obj</name>
      </input_file>
      <input_file id="fl-eb">
         <path>C:\ti\ccsv7\tools\compiler\ti-cgt-arm_16.9.1.LTS\lib\</path>
         <kind>archive</kind>
         <file>rtsv7M4_T_le_v4SPD16_eabi.lib</file>
         <name>atoi.obj</name>
      </input_file>
      <input_file id="fl-ec">
         <path>C:\ti\ccsv7\tools\compiler\ti-cgt-arm_16.9.1.LTS\lib\</path>
         <kind>archive</kind>
         <file>rtsv7M4_T_le_v4SPD16_eabi.lib</file>
         <name>autoinit.obj</name>
      </input_file>
      <input_file id="fl-ed">
         <path>C:\ti\ccsv7\tools\compiler\ti-cgt-arm_16.9.1.LTS\lib\</path>
         <kind>archive</kind>
         <file>rtsv7M4_T_le_v4SPD16_eabi.lib</file>
         <name>cpy_tbl.obj</name>
      </input_file>
      <input_file id="fl-ee">
         <path>C:\ti\ccsv7\tools\compiler\ti-cgt-arm_16.9.1.LTS\lib\</path>
         <kind>archive</kind>
         <file>rtsv7M4_T_le_v4SPD16_eabi.lib</file>
         <name>ctype.obj</name>
      </input_file>
      <input_file id="fl-ef">
         <path>C:\ti\ccsv7\tools\compiler\ti-cgt-arm_16.9.1.LTS\lib\</path>
         <kind>archive</kind>
         <file>rtsv7M4_T_le_v4SPD16_eabi.lib</file>
         <name>defs.obj</name>
      </input_file>
      <input_file id="fl-f0">
         <path>C:\ti\ccsv7\tools\compiler\ti-cgt-arm_16.9.1.LTS\lib\</path>
         <kind>archive</kind>
         <file>rtsv7M4_T_le_v4SPD16_eabi.lib</file>
         <name>fd_toi_t2.obj</name>
      </input_file>
      <input_file id="fl-f1">
         <path>C:\ti\ccsv7\tools\compiler\ti-cgt-arm_16.9.1.LTS\lib\</path>
         <kind>archive</kind>
         <file>rtsv7M4_T_le_v4SPD16_eabi.lib</file>
         <name>fputc.obj</name>
      </input_file>
      <input_file id="fl-f2">
         <path>C:\ti\ccsv7\tools\compiler\ti-cgt-arm_16.9.1.LTS\lib\</path>
         <kind>archive</kind>
         <file>rtsv7M4_T_le_v4SPD16_eabi.lib</file>
         <name>fputs.obj</name>
      </input_file>
      <input_file id="fl-f3">
         <path>C:\ti\ccsv7\tools\compiler\ti-cgt-arm_16.9.1.LTS\lib\</path>
         <kind>archive</kind>
         <file>rtsv7M4_T_le_v4SPD16_eabi.lib</file>
         <name>lowlev.obj</name>
      </input_file>
      <input_file id="fl-f4">
         <path>C:\ti\ccsv7\tools\compiler\ti-cgt-arm_16.9.1.LTS\lib\</path>
         <kind>archive</kind>
         <file>rtsv7M4_T_le_v4SPD16_eabi.lib</file>
         <name>ltoa.obj</name>
      </input_file>
      <input_file id="fl-f5">
         <path>C:\ti\ccsv7\tools\compiler\ti-cgt-arm_16.9.1.LTS\lib\</path>
         <kind>archive</kind>
         <file>rtsv7M4_T_le_v4SPD16_eabi.lib</file>
         <name>memccpy.obj</name>
      </input_file>
      <input_file id="fl-f6">
         <path>C:\ti\ccsv7\tools\compiler\ti-cgt-arm_16.9.1.LTS\lib\</path>
         <kind>archive</kind>
         <file>rtsv7M4_T_le_v4SPD16_eabi.lib</file>
         <name>memchr.obj</name>
      </input_file>
      <input_file id="fl-f7">
         <path>C:\ti\ccsv7\tools\compiler\ti-cgt-arm_16.9.1.LTS\lib\</path>
         <kind>archive</kind>
         <file>rtsv7M4_T_le_v4SPD16_eabi.lib</file>
         <name>s_frexp.obj</name>
      </input_file>
      <input_file id="fl-f8">
         <path>C:\ti\ccsv7\tools\compiler\ti-cgt-arm_16.9.1.LTS\lib\</path>
         <kind>archive</kind>
         <file>rtsv7M4_T_le_v4SPD16_eabi.lib</file>
         <name>s_scalbn.obj</name>
      </input_file>
      <input_file id="fl-f9">
         <path>C:\ti\ccsv7\tools\compiler\ti-cgt-arm_16.9.1.LTS\lib\</path>
         <kind>archive</kind>
         <file>rtsv7M4_T_le_v4SPD16_eabi.lib</file>
         <name>startup.obj</name>
      </input_file>
      <input_file id="fl-fa">
         <path>C:\ti\ccsv7\tools\compiler\ti-cgt-arm_16.9.1.LTS\lib\</path>
         <kind>archive</kind>
         <file>rtsv7M4_T_le_v4SPD16_eabi.lib</file>
         <name>strchr.obj</name>
      </input_file>
      <input_file id="fl-fb">
         <path>C:\ti\ccsv7\tools\compiler\ti-cgt-arm_16.9.1.LTS\lib\</path>
         <kind>archive</kind>
         <file>rtsv7M4_T_le_v4SPD16_eabi.lib</file>
         <name>strcmp.obj</name>
      </input_file>
      <input_file id="fl-fc">
         <path>C:\ti\ccsv7\tools\compiler\ti-cgt-arm_16.9.1.LTS\lib\</path>
         <kind>archive</kind>
         <file>rtsv7M4_T_le_v4SPD16_eabi.lib</file>
         <name>strcpy.obj</name>
      </input_file>
      <input_file id="fl-fd">
         <path>C:\ti\ccsv7\tools\compiler\ti-cgt-arm_16.9.1.LTS\lib\</path>
         <kind>archive</kind>
         <file>rtsv7M4_T_le_v4SPD16_eabi.lib</file>
         <name>strlen.obj</name>
      </input_file>
      <input_file id="fl-fe">
         <path>C:\ti\ccsv7\tools\compiler\ti-cgt-arm_16.9.1.LTS\lib\</path>
         <kind>archive</kind>
         <file>rtsv7M4_T_le_v4SPD16_eabi.lib</file>
         <name>strncpy.obj</name>
      </input_file>
      <input_file id="fl-ff">
         <path>C:\ti\ccsv7\tools\compiler\ti-cgt-arm_16.9.1.LTS\lib\</path>
         <kind>archive</kind>
         <file>rtsv7M4_T_le_v4SPD16_eabi.lib</file>
         <name>ull_div_t2.obj</name>
      </input_file>
      <input_file id="fl-100">
         <path>C:\ti\ccsv7\tools\compiler\ti-cgt-arm_16.9.1.LTS\lib\</path>
         <kind>archive</kind>
         <file>rtsv7M4_T_le_v4SPD16_eabi.lib</file>
         <name>_io_perm.obj</name>
      </input_file>
      <input_file id="fl-101">
         <path>C:\ti\ccsv7\tools\compiler\ti-cgt-arm_16.9.1.LTS\lib\</path>
         <kind>archive</kind>
         <file>rtsv7M4_T_le_v4SPD16_eabi.lib</file>
         <name>errno.obj</name>
      </input_file>
      <input_file id="fl-102">
         <path>C:\ti\ccsv7\tools\compiler\ti-cgt-arm_16.9.1.LTS\lib\</path>
         <kind>archive</kind>
         <file>rtsv7M4_T_le_v4SPD16_eabi.lib</file>
         <name>fflush.obj</name>
      </input_file>
      <input_file id="fl-103">
         <path>C:\ti\ccsv7\tools\compiler\ti-cgt-arm_16.9.1.LTS\lib\</path>
         <kind>archive</kind>
         <file>rtsv7M4_T_le_v4SPD16_eabi.lib</file>
         <name>fseek.obj</name>
      </input_file>
      <input_file id="fl-104">
         <path>C:\ti\ccsv7\tools\compiler\ti-cgt-arm_16.9.1.LTS\lib\</path>
         <kind>archive</kind>
         <file>rtsv7M4_T_le_v4SPD16_eabi.lib</file>
         <name>s_copysign.obj</name>
      </input_file>
      <input_file id="fl-105">
         <path>C:\ti\ccsv7\tools\compiler\ti-cgt-arm_16.9.1.LTS\lib\</path>
         <kind>archive</kind>
         <file>rtsv7M4_T_le_v4SPD16_eabi.lib</file>
         <name>setvbuf.obj</name>
      </input_file>
      <input_file id="fl-106">
         <path>C:\ti\ccsv7\tools\compiler\ti-cgt-arm_16.9.1.LTS\lib\</path>
         <kind>archive</kind>
         <file>rtsv7M4_T_le_v4SPD16_eabi.lib</file>
         <name>fopen.obj</name>
      </input_file>
      <input_file id="fl-107">
         <path>C:\ti\ccsv7\tools\compiler\ti-cgt-arm_16.9.1.LTS\lib\</path>
         <kind>archive</kind>
         <file>rtsv7M4_T_le_v4SPD16_eabi.lib</file>
         <name>memory.obj</name>
      </input_file>
      <input_file id="fl-108">
         <path>C:\ti\ccsv7\tools\compiler\ti-cgt-arm_16.9.1.LTS\lib\</path>
         <kind>archive</kind>
         <file>rtsv7M4_T_le_v4SPD16_eabi.lib</file>
         <name>fclose.obj</name>
      </input_file>
      <input_file id="fl-109">
         <path>C:\ti\ccsv7\tools\compiler\ti-cgt-arm_16.9.1.LTS\lib\</path>
         <kind>archive</kind>
         <file>rtsv7M4_T_le_v4SPD16_eabi.lib</file>
         <name>remove.obj</name>
      </input_file>
   </input_file_list>
   <object_component_list>
      <object_component id="oc-2c">
         <name>.intvecs:retain</name>
         <load_address>0x0</load_address>
         <run_address>0x0</run_address>
         <size>0x140</size>
         <input_file_ref idref="fl-3"/>
      </object_component>
      <object_component id="oc-255">
         <name>.text</name>
         <load_address>0x140</load_address>
         <run_address>0x140</run_address>
         <size>0x113e</size>
         <input_file_ref idref="fl-e9"/>
      </object_component>
      <object_component id="oc-56">
         <name>.text</name>
         <load_address>0x127e</load_address>
         <run_address>0x127e</run_address>
         <size>0x2</size>
         <input_file_ref idref="fl-dd"/>
      </object_component>
      <object_component id="oc-96">
         <name>.text</name>
         <load_address>0x1280</load_address>
         <run_address>0x1280</run_address>
         <size>0xaa8</size>
         <input_file_ref idref="fl-9"/>
      </object_component>
      <object_component id="oc-4a0">
         <name>.text</name>
         <load_address>0x1d28</load_address>
         <run_address>0x1d28</run_address>
         <size>0x3d0</size>
         <input_file_ref idref="fl-107"/>
      </object_component>
      <object_component id="oc-90">
         <name>.text</name>
         <load_address>0x20f8</load_address>
         <run_address>0x20f8</run_address>
         <size>0x330</size>
         <input_file_ref idref="fl-e"/>
      </object_component>
      <object_component id="oc-4bd">
         <name>.text</name>
         <load_address>0x2428</load_address>
         <run_address>0x2428</run_address>
         <size>0x324</size>
         <input_file_ref idref="fl-e5"/>
      </object_component>
      <object_component id="oc-395">
         <name>.text</name>
         <load_address>0x274c</load_address>
         <run_address>0x274c</run_address>
         <size>0x30c</size>
         <input_file_ref idref="fl-f3"/>
      </object_component>
      <object_component id="oc-84">
         <name>.text</name>
         <load_address>0x2a58</load_address>
         <run_address>0x2a58</run_address>
         <size>0x268</size>
         <input_file_ref idref="fl-b"/>
      </object_component>
      <object_component id="oc-29d">
         <name>.text</name>
         <load_address>0x2cc0</load_address>
         <run_address>0x2cc0</run_address>
         <size>0x234</size>
         <input_file_ref idref="fl-7"/>
      </object_component>
      <object_component id="oc-149">
         <name>.text</name>
         <load_address>0x2ef4</load_address>
         <run_address>0x2ef4</run_address>
         <size>0x224</size>
         <input_file_ref idref="fl-c"/>
      </object_component>
      <object_component id="oc-33d">
         <name>.text</name>
         <load_address>0x3118</load_address>
         <run_address>0x3118</run_address>
         <size>0x1f4</size>
         <input_file_ref idref="fl-ff"/>
      </object_component>
      <object_component id="oc-e8">
         <name>.text</name>
         <load_address>0x330c</load_address>
         <run_address>0x330c</run_address>
         <size>0x1e4</size>
         <input_file_ref idref="fl-4"/>
      </object_component>
      <object_component id="oc-4a6">
         <name>.text</name>
         <load_address>0x34f0</load_address>
         <run_address>0x34f0</run_address>
         <size>0x1c4</size>
         <input_file_ref idref="fl-106"/>
      </object_component>
      <object_component id="oc-1ca">
         <name>.text</name>
         <load_address>0x36b4</load_address>
         <run_address>0x36b4</run_address>
         <size>0x1b6</size>
         <input_file_ref idref="fl-d5"/>
      </object_component>
      <object_component id="oc-d3">
         <name>.text</name>
         <load_address>0x386a</load_address>
         <run_address>0x386a</run_address>
         <size>0x2</size>
         <input_file_ref idref="fl-f9"/>
      </object_component>
      <object_component id="oc-8a">
         <name>.text</name>
         <load_address>0x386c</load_address>
         <run_address>0x386c</run_address>
         <size>0x184</size>
         <input_file_ref idref="fl-d"/>
      </object_component>
      <object_component id="oc-3c5">
         <name>.text</name>
         <load_address>0x39f0</load_address>
         <run_address>0x39f0</run_address>
         <size>0x184</size>
         <input_file_ref idref="fl-6"/>
      </object_component>
      <object_component id="oc-7e">
         <name>.text</name>
         <load_address>0x3b74</load_address>
         <run_address>0x3b74</run_address>
         <size>0x168</size>
         <input_file_ref idref="fl-8"/>
      </object_component>
      <object_component id="oc-1c0">
         <name>.text</name>
         <load_address>0x3cdc</load_address>
         <run_address>0x3cdc</run_address>
         <size>0x136</size>
         <input_file_ref idref="fl-d7"/>
      </object_component>
      <object_component id="oc-268">
         <name>.text</name>
         <load_address>0x3e14</load_address>
         <run_address>0x3e14</run_address>
         <size>0x134</size>
         <input_file_ref idref="fl-f2"/>
      </object_component>
      <object_component id="oc-1cf">
         <name>.text</name>
         <load_address>0x3f48</load_address>
         <run_address>0x3f48</run_address>
         <size>0xfc</size>
         <input_file_ref idref="fl-d8"/>
      </object_component>
      <object_component id="oc-35e">
         <name>.text</name>
         <load_address>0x4044</load_address>
         <run_address>0x4044</run_address>
         <size>0xfc</size>
         <input_file_ref idref="fl-f8"/>
      </object_component>
      <object_component id="oc-1d4">
         <name>.text</name>
         <load_address>0x4140</load_address>
         <run_address>0x4140</run_address>
         <size>0xf8</size>
         <input_file_ref idref="fl-e0"/>
      </object_component>
      <object_component id="oc-1df">
         <name>.text</name>
         <load_address>0x4238</load_address>
         <run_address>0x4238</run_address>
         <size>0xf8</size>
         <input_file_ref idref="fl-e1"/>
      </object_component>
      <object_component id="oc-433">
         <name>.text</name>
         <load_address>0x4330</load_address>
         <run_address>0x4330</run_address>
         <size>0xdc</size>
         <input_file_ref idref="fl-105"/>
      </object_component>
      <object_component id="oc-38f">
         <name>.text</name>
         <load_address>0x440c</load_address>
         <run_address>0x440c</run_address>
         <size>0xc8</size>
         <input_file_ref idref="fl-102"/>
      </object_component>
      <object_component id="oc-389">
         <name>.text</name>
         <load_address>0x44d4</load_address>
         <run_address>0x44d4</run_address>
         <size>0xac</size>
         <input_file_ref idref="fl-100"/>
      </object_component>
      <object_component id="oc-2bf">
         <name>.text:CS_startHFXTWithTimeout</name>
         <load_address>0x4580</load_address>
         <run_address>0x4580</run_address>
         <size>0x9c</size>
         <input_file_ref idref="fl-14"/>
      </object_component>
      <object_component id="oc-293">
         <name>.text:CS_startLFXTWithTimeout</name>
         <load_address>0x461c</load_address>
         <run_address>0x461c</run_address>
         <size>0x9c</size>
         <input_file_ref idref="fl-14"/>
      </object_component>
      <object_component id="oc-3e">
         <name>.text</name>
         <load_address>0x46b8</load_address>
         <run_address>0x46b8</run_address>
         <size>0x9c</size>
         <input_file_ref idref="fl-db"/>
      </object_component>
      <object_component id="oc-4f2">
         <name>.text</name>
         <load_address>0x4754</load_address>
         <run_address>0x4754</run_address>
         <size>0x98</size>
         <input_file_ref idref="fl-108"/>
      </object_component>
      <object_component id="oc-262">
         <name>.text</name>
         <load_address>0x47ec</load_address>
         <run_address>0x47ec</run_address>
         <size>0x98</size>
         <input_file_ref idref="fl-f1"/>
      </object_component>
      <object_component id="oc-309">
         <name>.text:SPI_initMaster</name>
         <load_address>0x4884</load_address>
         <run_address>0x4884</run_address>
         <size>0x88</size>
         <input_file_ref idref="fl-18"/>
      </object_component>
      <object_component id="oc-348">
         <name>.text:__aeabi_cdcmple</name>
         <load_address>0x490c</load_address>
         <run_address>0x490c</run_address>
         <size>0x86</size>
         <input_file_ref idref="fl-d6"/>
      </object_component>
      <object_component id="oc-1da">
         <name>.text:__aeabi_cdrcmple</name>
         <load_address>0x4992</load_address>
         <run_address>0x4992</run_address>
         <size>0x86</size>
         <input_file_ref idref="fl-d6"/>
      </object_component>
      <object_component id="oc-4a">
         <name>.text</name>
         <load_address>0x4a18</load_address>
         <run_address>0x4a18</run_address>
         <size>0x7a</size>
         <input_file_ref idref="fl-dc"/>
      </object_component>
      <object_component id="oc-3dc">
         <name>.text:_CSGetHFXTFrequency</name>
         <load_address>0x4a94</load_address>
         <run_address>0x4a94</run_address>
         <size>0x70</size>
         <input_file_ref idref="fl-14"/>
      </object_component>
      <object_component id="oc-62">
         <name>.text</name>
         <load_address>0x4b04</load_address>
         <run_address>0x4b04</run_address>
         <size>0x70</size>
         <input_file_ref idref="fl-ec"/>
      </object_component>
      <object_component id="oc-109">
         <name>.text</name>
         <load_address>0x4b74</load_address>
         <run_address>0x4b74</run_address>
         <size>0x70</size>
         <input_file_ref idref="fl-de"/>
      </object_component>
      <object_component id="oc-14">
         <name>.text:decompress:lzss</name>
         <load_address>0x4be4</load_address>
         <run_address>0x4be4</run_address>
         <size>0x68</size>
         <input_file_ref idref="fl-d1"/>
      </object_component>
      <object_component id="oc-501">
         <name>.text</name>
         <load_address>0x4c4c</load_address>
         <run_address>0x4c4c</run_address>
         <size>0x68</size>
         <input_file_ref idref="fl-e6"/>
      </object_component>
      <object_component id="oc-16d">
         <name>.text:Interrupt_enableInterrupt</name>
         <load_address>0x4cb4</load_address>
         <run_address>0x4cb4</run_address>
         <size>0x64</size>
         <input_file_ref idref="fl-16"/>
      </object_component>
      <object_component id="oc-14f">
         <name>.text:RTC_C_getCalendarTime</name>
         <load_address>0x4d18</load_address>
         <run_address>0x4d18</run_address>
         <size>0x64</size>
         <input_file_ref idref="fl-17"/>
      </object_component>
      <object_component id="oc-42d">
         <name>.text</name>
         <load_address>0x4d7c</load_address>
         <run_address>0x4d7c</run_address>
         <size>0x64</size>
         <input_file_ref idref="fl-103"/>
      </object_component>
      <object_component id="oc-358">
         <name>.text</name>
         <load_address>0x4de0</load_address>
         <run_address>0x4de0</run_address>
         <size>0x64</size>
         <input_file_ref idref="fl-f7"/>
      </object_component>
      <object_component id="oc-103">
         <name>.text</name>
         <load_address>0x4e44</load_address>
         <run_address>0x4e44</run_address>
         <size>0x60</size>
         <input_file_ref idref="fl-e2"/>
      </object_component>
      <object_component id="oc-13d">
         <name>.text:RTC_C_initCalendar</name>
         <load_address>0x4ea4</load_address>
         <run_address>0x4ea4</run_address>
         <size>0x5c</size>
         <input_file_ref idref="fl-17"/>
      </object_component>
      <object_component id="oc-26">
         <name>.text</name>
         <load_address>0x4f00</load_address>
         <run_address>0x4f00</run_address>
         <size>0x54</size>
         <input_file_ref idref="fl-d0"/>
      </object_component>
      <object_component id="oc-6e">
         <name>.text</name>
         <load_address>0x4f54</load_address>
         <run_address>0x4f54</run_address>
         <size>0x54</size>
         <input_file_ref idref="fl-d4"/>
      </object_component>
      <object_component id="oc-352">
         <name>.text</name>
         <load_address>0x4fa8</load_address>
         <run_address>0x4fa8</run_address>
         <size>0x54</size>
         <input_file_ref idref="fl-f4"/>
      </object_component>
      <object_component id="oc-161">
         <name>.text:RTC_C_clearInterruptFlag</name>
         <load_address>0x4ffc</load_address>
         <run_address>0x4ffc</run_address>
         <size>0x50</size>
         <input_file_ref idref="fl-17"/>
      </object_component>
      <object_component id="oc-36a">
         <name>.text</name>
         <load_address>0x504c</load_address>
         <run_address>0x504c</run_address>
         <size>0x4c</size>
         <input_file_ref idref="fl-eb"/>
      </object_component>
      <object_component id="oc-cd">
         <name>.text</name>
         <load_address>0x5098</load_address>
         <run_address>0x5098</run_address>
         <size>0x4c</size>
         <input_file_ref idref="fl-ed"/>
      </object_component>
      <object_component id="oc-469">
         <name>.text</name>
         <load_address>0x50e4</load_address>
         <run_address>0x50e4</run_address>
         <size>0x4c</size>
         <input_file_ref idref="fl-df"/>
      </object_component>
      <object_component id="oc-131">
         <name>.text:GPIO_setAsPeripheralModuleFunctionInputPin</name>
         <load_address>0x5130</load_address>
         <run_address>0x5130</run_address>
         <size>0x48</size>
         <input_file_ref idref="fl-15"/>
      </object_component>
      <object_component id="oc-18b">
         <name>.text:RTC_C_getEnabledInterruptStatus</name>
         <load_address>0x5178</load_address>
         <run_address>0x5178</run_address>
         <size>0x48</size>
         <input_file_ref idref="fl-17"/>
      </object_component>
      <object_component id="oc-34d">
         <name>.text</name>
         <load_address>0x51c0</load_address>
         <run_address>0x51c0</run_address>
         <size>0x48</size>
         <input_file_ref idref="fl-f0"/>
      </object_component>
      <object_component id="oc-1e5">
         <name>.text</name>
         <load_address>0x5208</load_address>
         <run_address>0x5208</run_address>
         <size>0x44</size>
         <input_file_ref idref="fl-d9"/>
      </object_component>
      <object_component id="oc-167">
         <name>.text:RTC_C_enableInterrupt</name>
         <load_address>0x524c</load_address>
         <run_address>0x524c</run_address>
         <size>0x40</size>
         <input_file_ref idref="fl-17"/>
      </object_component>
      <object_component id="oc-446">
         <name>.text</name>
         <load_address>0x528c</load_address>
         <run_address>0x528c</run_address>
         <size>0x36</size>
         <input_file_ref idref="fl-fe"/>
      </object_component>
      <object_component id="oc-78">
         <name>.text</name>
         <load_address>0x52c4</load_address>
         <run_address>0x52c4</run_address>
         <size>0x34</size>
         <input_file_ref idref="fl-3"/>
      </object_component>
      <object_component id="oc-11a">
         <name>.text:GPIO_setAsInputPinWithPullDownResistor</name>
         <load_address>0x52f8</load_address>
         <run_address>0x52f8</run_address>
         <size>0x30</size>
         <input_file_ref idref="fl-15"/>
      </object_component>
      <object_component id="oc-5c">
         <name>.text</name>
         <load_address>0x5328</load_address>
         <run_address>0x5328</run_address>
         <size>0x30</size>
         <input_file_ref idref="fl-2"/>
      </object_component>
      <object_component id="oc-2cb">
         <name>.text:is_A_Module</name>
         <load_address>0x5358</load_address>
         <run_address>0x5358</run_address>
         <size>0x30</size>
         <input_file_ref idref="fl-18"/>
      </object_component>
      <object_component id="oc-1bb">
         <name>.text</name>
         <load_address>0x5388</load_address>
         <run_address>0x5388</run_address>
         <size>0x2e</size>
         <input_file_ref idref="fl-da"/>
      </object_component>
      <object_component id="oc-15b">
         <name>.text:RTC_C_getInterruptStatus</name>
         <load_address>0x53b8</load_address>
         <run_address>0x53b8</run_address>
         <size>0x2c</size>
         <input_file_ref idref="fl-17"/>
      </object_component>
      <object_component id="oc-1ed">
         <name>.text</name>
         <load_address>0x53e4</load_address>
         <run_address>0x53e4</run_address>
         <size>0x28</size>
         <input_file_ref idref="fl-a"/>
      </object_component>
      <object_component id="oc-fd">
         <name>.text:CS_setDCOCenteredFrequency</name>
         <load_address>0x540c</load_address>
         <run_address>0x540c</run_address>
         <size>0x24</size>
         <input_file_ref idref="fl-14"/>
      </object_component>
      <object_component id="oc-1b2">
         <name>.text:GPIO_setAsOutputPin</name>
         <load_address>0x5430</load_address>
         <run_address>0x5430</run_address>
         <size>0x24</size>
         <input_file_ref idref="fl-15"/>
      </object_component>
      <object_component id="oc-155">
         <name>.text:RTC_C_setCalendarAlarm</name>
         <load_address>0x5454</load_address>
         <run_address>0x5454</run_address>
         <size>0x24</size>
         <input_file_ref idref="fl-17"/>
      </object_component>
      <object_component id="oc-179">
         <name>.text:RTC_C_startClock</name>
         <load_address>0x5478</load_address>
         <run_address>0x5478</run_address>
         <size>0x24</size>
         <input_file_ref idref="fl-17"/>
      </object_component>
      <object_component id="oc-1f3">
         <name>.text:GPIO_interruptEdgeSelect</name>
         <load_address>0x549c</load_address>
         <run_address>0x549c</run_address>
         <size>0x20</size>
         <input_file_ref idref="fl-15"/>
      </object_component>
      <object_component id="oc-19d">
         <name>.text:SPI_transmitData</name>
         <load_address>0x54bc</load_address>
         <run_address>0x54bc</run_address>
         <size>0x20</size>
         <input_file_ref idref="fl-18"/>
      </object_component>
      <object_component id="oc-39d">
         <name>.text</name>
         <load_address>0x54dc</load_address>
         <run_address>0x54dc</run_address>
         <size>0x20</size>
         <input_file_ref idref="fl-f6"/>
      </object_component>
      <object_component id="oc-1c5">
         <name>.text</name>
         <load_address>0x54fc</load_address>
         <run_address>0x54fc</run_address>
         <size>0x20</size>
         <input_file_ref idref="fl-e7"/>
      </object_component>
      <object_component id="oc-370">
         <name>.text</name>
         <load_address>0x551c</load_address>
         <run_address>0x551c</run_address>
         <size>0x1c</size>
         <input_file_ref idref="fl-f5"/>
      </object_component>
      <object_component id="oc-30f">
         <name>.text:SPI_enableModule</name>
         <load_address>0x5538</load_address>
         <run_address>0x5538</run_address>
         <size>0x1a</size>
         <input_file_ref idref="fl-18"/>
      </object_component>
      <object_component id="oc-1a9">
         <name>.text:SPI_receiveData</name>
         <load_address>0x5552</load_address>
         <run_address>0x5552</run_address>
         <size>0x1a</size>
         <input_file_ref idref="fl-18"/>
      </object_component>
      <object_component id="oc-120">
         <name>.text:GPIO_getInputPinValue</name>
         <load_address>0x556c</load_address>
         <run_address>0x556c</run_address>
         <size>0x18</size>
         <input_file_ref idref="fl-15"/>
      </object_component>
      <object_component id="oc-143">
         <name>.text:GPIO_setOutputLowOnPin</name>
         <load_address>0x5584</load_address>
         <run_address>0x5584</run_address>
         <size>0x18</size>
         <input_file_ref idref="fl-15"/>
      </object_component>
      <object_component id="oc-68">
         <name>.text</name>
         <load_address>0x559c</load_address>
         <run_address>0x559c</run_address>
         <size>0x18</size>
         <input_file_ref idref="fl-ea"/>
      </object_component>
      <object_component id="oc-440">
         <name>.text</name>
         <load_address>0x55b4</load_address>
         <run_address>0x55b4</run_address>
         <size>0x18</size>
         <input_file_ref idref="fl-fb"/>
      </object_component>
      <object_component id="oc-364">
         <name>.text</name>
         <load_address>0x55cc</load_address>
         <run_address>0x55cc</run_address>
         <size>0x16</size>
         <input_file_ref idref="fl-fa"/>
      </object_component>
      <object_component id="oc-17f">
         <name>.text:CS_setExternalClockSourceFrequency</name>
         <load_address>0x55e4</load_address>
         <run_address>0x55e4</run_address>
         <size>0x14</size>
         <input_file_ref idref="fl-14"/>
      </object_component>
      <object_component id="oc-1a3">
         <name>.text:GPIO_setOutputHighOnPin</name>
         <load_address>0x55f8</load_address>
         <run_address>0x55f8</run_address>
         <size>0x14</size>
         <input_file_ref idref="fl-15"/>
      </object_component>
      <object_component id="oc-ef">
         <name>.text:GPIO_toggleOutputOnPin</name>
         <load_address>0x560c</load_address>
         <run_address>0x560c</run_address>
         <size>0x14</size>
         <input_file_ref idref="fl-15"/>
      </object_component>
      <object_component id="oc-239">
         <name>.text</name>
         <load_address>0x5620</load_address>
         <run_address>0x5620</run_address>
         <size>0x14</size>
         <input_file_ref idref="fl-e8"/>
      </object_component>
      <object_component id="oc-412">
         <name>.text</name>
         <load_address>0x5634</load_address>
         <run_address>0x5634</run_address>
         <size>0x14</size>
         <input_file_ref idref="fl-104"/>
      </object_component>
      <object_component id="oc-507">
         <name>.text</name>
         <load_address>0x5648</load_address>
         <run_address>0x5648</run_address>
         <size>0x14</size>
         <input_file_ref idref="fl-fc"/>
      </object_component>
      <object_component id="oc-342">
         <name>.text</name>
         <load_address>0x565c</load_address>
         <run_address>0x565c</run_address>
         <size>0x14</size>
         <input_file_ref idref="fl-fd"/>
      </object_component>
      <object_component id="oc-173">
         <name>.text:Interrupt_enableMaster</name>
         <load_address>0x5670</load_address>
         <run_address>0x5670</run_address>
         <size>0x10</size>
         <input_file_ref idref="fl-16"/>
      </object_component>
      <object_component id="oc-3b6">
         <name>.text:SysCtl_disableNMISource</name>
         <load_address>0x5680</load_address>
         <run_address>0x5680</run_address>
         <size>0x10</size>
         <input_file_ref idref="fl-19"/>
      </object_component>
      <object_component id="oc-3bc">
         <name>.text:SysCtl_enableNMISource</name>
         <load_address>0x5690</load_address>
         <run_address>0x5690</run_address>
         <size>0x10</size>
         <input_file_ref idref="fl-19"/>
      </object_component>
      <object_component id="oc-1a">
         <name>.text:decompress:none</name>
         <load_address>0x56a0</load_address>
         <run_address>0x56a0</run_address>
         <size>0xe</size>
         <input_file_ref idref="fl-d2"/>
      </object_component>
      <object_component id="oc-463">
         <name>.text</name>
         <load_address>0x56ae</load_address>
         <run_address>0x56ae</run_address>
         <size>0xe</size>
         <input_file_ref idref="fl-e4"/>
      </object_component>
      <object_component id="oc-2b4">
         <name>.text:CPU_cpsie</name>
         <load_address>0x56bc</load_address>
         <run_address>0x56bc</run_address>
         <size>0xc</size>
         <input_file_ref idref="fl-1a"/>
      </object_component>
      <object_component id="oc-3fa">
         <name>.text:EUSCI_A_SPI_enable</name>
         <load_address>0x56c8</load_address>
         <run_address>0x56c8</run_address>
         <size>0xc</size>
         <input_file_ref idref="fl-18"/>
      </object_component>
      <object_component id="oc-3f4">
         <name>.text:EUSCI_B_SPI_enable</name>
         <load_address>0x56d4</load_address>
         <run_address>0x56d4</run_address>
         <size>0xc</size>
         <input_file_ref idref="fl-18"/>
      </object_component>
      <object_component id="oc-3b0">
         <name>.text:SysCtl_getNMISourceStatus</name>
         <load_address>0x56e0</load_address>
         <run_address>0x56e0</run_address>
         <size>0xc</size>
         <input_file_ref idref="fl-19"/>
      </object_component>
      <object_component id="oc-20">
         <name>.text:decompress:ZI</name>
         <load_address>0x56ec</load_address>
         <run_address>0x56ec</run_address>
         <size>0xc</size>
         <input_file_ref idref="fl-d3"/>
      </object_component>
      <object_component id="oc-185">
         <name>.text:CS_startHFXT</name>
         <load_address>0x56f8</load_address>
         <run_address>0x56f8</run_address>
         <size>0x6</size>
         <input_file_ref idref="fl-14"/>
      </object_component>
      <object_component id="oc-137">
         <name>.text:CS_startLFXT</name>
         <load_address>0x56fe</load_address>
         <run_address>0x56fe</run_address>
         <size>0x6</size>
         <input_file_ref idref="fl-14"/>
      </object_component>
      <object_component id="oc-2e0">
         <name>.text:EUSCI_A_SPI_receiveData</name>
         <load_address>0x5704</load_address>
         <run_address>0x5704</run_address>
         <size>0x6</size>
         <input_file_ref idref="fl-18"/>
      </object_component>
      <object_component id="oc-2e6">
         <name>.text:EUSCI_B_SPI_receiveData</name>
         <load_address>0x570a</load_address>
         <run_address>0x570a</run_address>
         <size>0x6</size>
         <input_file_ref idref="fl-18"/>
      </object_component>
      <object_component id="oc-2d7">
         <name>.text:EUSCI_A_SPI_transmitData</name>
         <load_address>0x5710</load_address>
         <run_address>0x5710</run_address>
         <size>0x4</size>
         <input_file_ref idref="fl-18"/>
      </object_component>
      <object_component id="oc-2d1">
         <name>.text:EUSCI_B_SPI_transmitData</name>
         <load_address>0x5714</load_address>
         <run_address>0x5714</run_address>
         <size>0x4</size>
         <input_file_ref idref="fl-18"/>
      </object_component>
      <object_component id="oc-41f">
         <name>.const:.string:_ctypes_</name>
         <load_address>0x5718</load_address>
         <run_address>0x5718</run_address>
         <size>0x101</size>
         <input_file_ref idref="fl-ee"/>
      </object_component>
      <object_component id="oc-2af">
         <name>.const</name>
         <load_address>0x581c</load_address>
         <run_address>0x581c</run_address>
         <size>0x40</size>
         <input_file_ref idref="fl-16"/>
      </object_component>
      <object_component id="oc-10f">
         <name>.const:uartConfig</name>
         <load_address>0x585c</load_address>
         <run_address>0x585c</run_address>
         <size>0x24</size>
         <input_file_ref idref="fl-b"/>
      </object_component>
      <object_component id="oc-315">
         <name>.const:spiMasterConfig</name>
         <load_address>0x5880</load_address>
         <run_address>0x5880</run_address>
         <size>0x1c</size>
         <input_file_ref idref="fl-a"/>
      </object_component>
      <object_component id="oc-560">
         <name>.cinit..data.load</name>
         <load_address>0x58a0</load_address>
         <run_address>0x58a0</run_address>
         <size>0xa3</size>
      </object_component>
      <object_component id="oc-55e">
         <name>__TI_handler_table</name>
         <load_address>0x5944</load_address>
         <run_address>0x5944</run_address>
         <size>0xc</size>
      </object_component>
      <object_component id="oc-561">
         <name>.cinit..bss.load</name>
         <load_address>0x5950</load_address>
         <run_address>0x5950</run_address>
         <size>0x8</size>
      </object_component>
      <object_component id="oc-55f">
         <name>__TI_cinit_table</name>
         <load_address>0x5958</load_address>
         <run_address>0x5958</run_address>
         <size>0x10</size>
      </object_component>
      <object_component id="oc-53b">
         <name>.binit</name>
         <load_address>0x0</load_address>
         <run_address>0x0</run_address>
         <size>0x0</size>
      </object_component>
      <object_component id="oc-ba">
         <name>.data</name>
         <load_address>0x20000ef8</load_address>
         <run_address>0x20000ef8</run_address>
         <size>0x1</size>
         <input_file_ref idref="fl-2"/>
      </object_component>
      <object_component id="oc-245">
         <name>.data</name>
         <load_address>0x20000ef4</load_address>
         <run_address>0x20000ef4</run_address>
         <size>0x4</size>
         <input_file_ref idref="fl-4"/>
      </object_component>
      <object_component id="oc-f5">
         <name>.data</name>
         <load_address>0x20000e9c</load_address>
         <run_address>0x20000e9c</run_address>
         <size>0x14</size>
         <input_file_ref idref="fl-8"/>
      </object_component>
      <object_component id="oc-115">
         <name>.data</name>
         <load_address>0x20000ee0</load_address>
         <run_address>0x20000ee0</run_address>
         <size>0x4</size>
         <input_file_ref idref="fl-b"/>
      </object_component>
      <object_component id="oc-194">
         <name>.data</name>
         <load_address>0x20000ef9</load_address>
         <run_address>0x20000ef9</run_address>
         <size>0x1</size>
         <input_file_ref idref="fl-e"/>
      </object_component>
      <object_component id="oc-249">
         <name>.data:GPIO_PORT_TO_BASE</name>
         <load_address>0x20000e6c</load_address>
         <run_address>0x20000e6c</run_address>
         <size>0x30</size>
         <input_file_ref idref="fl-15"/>
      </object_component>
      <object_component id="oc-dd">
         <name>.data:$O1$$</name>
         <load_address>0x20000ec0</load_address>
         <run_address>0x20000ec0</run_address>
         <size>0xc</size>
         <input_file_ref idref="fl-d4"/>
      </object_component>
      <object_component id="oc-4d7">
         <name>.data</name>
         <load_address>0x20000eec</load_address>
         <run_address>0x20000eec</run_address>
         <size>0x4</size>
         <input_file_ref idref="fl-df"/>
      </object_component>
      <object_component id="oc-74">
         <name>.data</name>
         <load_address>0x20000ef0</load_address>
         <run_address>0x20000ef0</run_address>
         <size>0x4</size>
         <input_file_ref idref="fl-e3"/>
      </object_component>
      <object_component id="oc-e0">
         <name>.data:$O1$$</name>
         <load_address>0x20000ed8</load_address>
         <run_address>0x20000ed8</run_address>
         <size>0x8</size>
         <input_file_ref idref="fl-e8"/>
      </object_component>
      <object_component id="oc-26e">
         <name>.data:_ftable</name>
         <load_address>0x20000cac</load_address>
         <run_address>0x20000cac</run_address>
         <size>0xf0</size>
         <input_file_ref idref="fl-ef"/>
      </object_component>
      <object_component id="oc-43b">
         <name>.data</name>
         <load_address>0x20000eb0</load_address>
         <run_address>0x20000eb0</run_address>
         <size>0x10</size>
         <input_file_ref idref="fl-ef"/>
      </object_component>
      <object_component id="oc-44c">
         <name>.data:$O1$$</name>
         <load_address>0x20000d9c</load_address>
         <run_address>0x20000d9c</run_address>
         <size>0xd0</size>
         <input_file_ref idref="fl-f3"/>
      </object_component>
      <object_component id="oc-418">
         <name>.data</name>
         <load_address>0x20000ee4</load_address>
         <run_address>0x20000ee4</run_address>
         <size>0x4</size>
         <input_file_ref idref="fl-101"/>
      </object_component>
      <object_component id="oc-4f8">
         <name>.data</name>
         <load_address>0x20000ee8</load_address>
         <run_address>0x20000ee8</run_address>
         <size>0x4</size>
         <input_file_ref idref="fl-106"/>
      </object_component>
      <object_component id="oc-4ee">
         <name>.data:$O1$$</name>
         <load_address>0x20000ecc</load_address>
         <run_address>0x20000ecc</run_address>
         <size>0xc</size>
         <input_file_ref idref="fl-107"/>
      </object_component>
      <object_component id="oc-472">
         <name>.bss:radioEvents</name>
         <uninitialized>true</uninitialized>
         <run_address>0x20000c50</run_address>
         <size>0x1c</size>
         <input_file_ref idref="fl-6"/>
      </object_component>
      <object_component id="oc-46f">
         <name>.bss</name>
         <uninitialized>true</uninitialized>
         <run_address>0x20000c8c</run_address>
         <size>0x5</size>
         <input_file_ref idref="fl-6"/>
      </object_component>
      <object_component id="oc-475">
         <name>.bss:myNode</name>
         <uninitialized>true</uninitialized>
         <run_address>0x20000c6c</run_address>
         <size>0xd</size>
         <input_file_ref idref="fl-6"/>
      </object_component>
      <object_component id="oc-3cb">
         <name>.bss</name>
         <uninitialized>true</uninitialized>
         <run_address>0x20000c94</run_address>
         <size>0x4</size>
         <input_file_ref idref="fl-7"/>
      </object_component>
      <object_component id="oc-3ce">
         <name>.bss:macEvents</name>
         <uninitialized>true</uninitialized>
         <run_address>0x20000bec</run_address>
         <size>0x24</size>
         <input_file_ref idref="fl-7"/>
      </object_component>
      <object_component id="oc-1ea">
         <name>.bss</name>
         <uninitialized>true</uninitialized>
         <run_address>0x20000c84</run_address>
         <size>0x8</size>
         <input_file_ref idref="fl-9"/>
      </object_component>
      <object_component id="oc-1b8">
         <name>.bss:RxTxBuffer</name>
         <uninitialized>true</uninitialized>
         <run_address>0x20000920</run_address>
         <size>0x100</size>
         <input_file_ref idref="fl-9"/>
      </object_component>
      <object_component id="oc-1af">
         <name>.bss:settings</name>
         <uninitialized>true</uninitialized>
         <run_address>0x20000bc0</run_address>
         <size>0x2c</size>
         <input_file_ref idref="fl-9"/>
      </object_component>
      <object_component id="oc-2a6">
         <name>.bss:nwkEvents</name>
         <uninitialized>true</uninitialized>
         <run_address>0x20000c10</run_address>
         <size>0x24</size>
         <input_file_ref idref="fl-c"/>
      </object_component>
      <object_component id="oc-2a3">
         <name>.bss</name>
         <uninitialized>true</uninitialized>
         <run_address>0x20000c81</run_address>
         <size>0x1</size>
         <input_file_ref idref="fl-c"/>
      </object_component>
      <object_component id="oc-191">
         <name>.bss:calendarTime</name>
         <uninitialized>true</uninitialized>
         <run_address>0x20000c34</run_address>
         <size>0x1c</size>
         <input_file_ref idref="fl-e"/>
      </object_component>
      <object_component id="oc-50d">
         <name>.bss:parmbuf</name>
         <uninitialized>true</uninitialized>
         <run_address>0x20000c79</run_address>
         <size>0x8</size>
         <input_file_ref idref="fl-e5"/>
      </object_component>
      <object_component id="oc-526">
         <name>.bss:_CIOBUF_</name>
         <uninitialized>true</uninitialized>
         <run_address>0x20000800</run_address>
         <size>0x120</size>
         <input_file_ref idref="fl-e6"/>
      </object_component>
      <object_component id="oc-126">
         <name>.common:lastMagnetic</name>
         <uninitialized>true</uninitialized>
         <run_address>0x20000c92</run_address>
         <size>0x2</size>
      </object_component>
      <object_component id="oc-12f">
         <name>.common:lastLight</name>
         <uninitialized>true</uninitialized>
         <run_address>0x20000c82</run_address>
         <size>0x2</size>
      </object_component>
      <object_component id="oc-fb">
         <name>.common:tickFrequency</name>
         <uninitialized>true</uninitialized>
         <run_address>0x20000ca8</run_address>
         <size>0x4</size>
      </object_component>
      <object_component id="oc-f8">
         <name>.common:AlarmWentOff</name>
         <uninitialized>true</uninitialized>
         <run_address>0x20000c98</run_address>
         <size>0x4</size>
      </object_component>
      <object_component id="oc-118">
         <name>.common:UARTrx</name>
         <uninitialized>true</uninitialized>
         <run_address>0x20000c9c</run_address>
         <size>0x4</size>
      </object_component>
      <object_component id="oc-112">
         <name>.common:UARTBuffer</name>
         <uninitialized>true</uninitialized>
         <run_address>0x20000a20</run_address>
         <size>0x100</size>
      </object_component>
      <object_component id="oc-2bd">
         <name>.common:hfxtFreq</name>
         <uninitialized>true</uninitialized>
         <run_address>0x20000ca0</run_address>
         <size>0x4</size>
      </object_component>
      <object_component id="oc-2bc">
         <name>.common:lfxtFreq</name>
         <uninitialized>true</uninitialized>
         <run_address>0x20000ca4</run_address>
         <size>0x4</size>
      </object_component>
      <object_component id="oc-521">
         <name>.common:__TI_tmpnams</name>
         <uninitialized>true</uninitialized>
         <run_address>0x20000b20</run_address>
         <size>0xa0</size>
      </object_component>
      <object_component id="oc-30">
         <name>.sysmem</name>
         <uninitialized>true</uninitialized>
         <run_address>0x20000000</run_address>
         <size>0x8</size>
         <input_file_ref idref="fl-107"/>
      </object_component>
      <object_component id="oc-563">
         <name>.sysmem</name>
         <uninitialized>true</uninitialized>
         <run_address>0x20000000</run_address>
         <size>0x0</size>
      </object_component>
      <object_component id="oc-2f">
         <name>.stack</name>
         <uninitialized>true</uninitialized>
         <run_address>0x2000fe00</run_address>
         <size>0x0</size>
         <input_file_ref idref="fl-d0"/>
      </object_component>
      <object_component id="oc-562">
         <name>.stack</name>
         <uninitialized>true</uninitialized>
         <run_address>0x2000fe00</run_address>
         <size>0x0</size>
      </object_component>
      <object_component id="oc-127">
         <name>.debug_info</name>
         <load_address>0x0</load_address>
         <run_address>0x0</run_address>
         <size>0x7e5</size>
         <input_file_ref idref="fl-2"/>
      </object_component>
      <object_component id="oc-bb">
         <name>.debug_info</name>
         <load_address>0x7e5</load_address>
         <run_address>0x7e5</run_address>
         <size>0xf7</size>
         <input_file_ref idref="fl-2"/>
      </object_component>
      <object_component id="oc-5d">
         <name>.debug_info</name>
         <load_address>0x8dc</load_address>
         <run_address>0x8dc</run_address>
         <size>0x23d</size>
         <input_file_ref idref="fl-2"/>
      </object_component>
      <object_component id="oc-21c">
         <name>.debug_info</name>
         <load_address>0xb19</load_address>
         <run_address>0xb19</run_address>
         <size>0x100</size>
         <input_file_ref idref="fl-2"/>
      </object_component>
      <object_component id="oc-1fb">
         <name>.debug_info</name>
         <load_address>0xc19</load_address>
         <run_address>0xc19</run_address>
         <size>0x2f2</size>
         <input_file_ref idref="fl-2"/>
      </object_component>
      <object_component id="oc-282">
         <name>.debug_info</name>
         <load_address>0xf0b</load_address>
         <run_address>0xf0b</run_address>
         <size>0x74a</size>
         <input_file_ref idref="fl-2"/>
      </object_component>
      <object_component id="oc-c8">
         <name>.debug_info</name>
         <load_address>0x1655</load_address>
         <run_address>0x1655</run_address>
         <size>0x89</size>
         <input_file_ref idref="fl-2"/>
      </object_component>
      <object_component id="oc-207">
         <name>.debug_info</name>
         <load_address>0x16de</load_address>
         <run_address>0x16de</run_address>
         <size>0x1055</size>
         <input_file_ref idref="fl-2"/>
      </object_component>
      <object_component id="oc-202">
         <name>.debug_info</name>
         <load_address>0x2733</load_address>
         <run_address>0x2733</run_address>
         <size>0x37cd</size>
         <input_file_ref idref="fl-2"/>
      </object_component>
      <object_component id="oc-338">
         <name>.debug_info</name>
         <load_address>0x5f00</load_address>
         <run_address>0x5f00</run_address>
         <size>0x1b5</size>
         <input_file_ref idref="fl-2"/>
      </object_component>
      <object_component id="oc-289">
         <name>.debug_info</name>
         <load_address>0x60b5</load_address>
         <run_address>0x60b5</run_address>
         <size>0x190</size>
         <input_file_ref idref="fl-2"/>
      </object_component>
      <object_component id="oc-198">
         <name>.debug_info</name>
         <load_address>0x6245</load_address>
         <run_address>0x6245</run_address>
         <size>0xc6</size>
         <input_file_ref idref="fl-2"/>
      </object_component>
      <object_component id="oc-be">
         <name>.debug_info</name>
         <load_address>0x630b</load_address>
         <run_address>0x630b</run_address>
         <size>0x8b</size>
         <input_file_ref idref="fl-2"/>
      </object_component>
      <object_component id="oc-c3">
         <name>.debug_info</name>
         <load_address>0x6396</load_address>
         <run_address>0x6396</run_address>
         <size>0x18b</size>
         <input_file_ref idref="fl-2"/>
      </object_component>
      <object_component id="oc-25d">
         <name>.debug_info</name>
         <load_address>0x6521</load_address>
         <run_address>0x6521</run_address>
         <size>0x4e</size>
         <input_file_ref idref="fl-2"/>
      </object_component>
      <object_component id="oc-3e8">
         <name>.debug_info</name>
         <load_address>0x656f</load_address>
         <run_address>0x656f</run_address>
         <size>0x131</size>
         <input_file_ref idref="fl-2"/>
      </object_component>
      <object_component id="oc-277">
         <name>.debug_info</name>
         <load_address>0x66a0</load_address>
         <run_address>0x66a0</run_address>
         <size>0xee</size>
         <input_file_ref idref="fl-2"/>
      </object_component>
      <object_component id="oc-9e">
         <name>.debug_info</name>
         <load_address>0x678e</load_address>
         <run_address>0x678e</run_address>
         <size>0x4fb</size>
         <input_file_ref idref="fl-3"/>
      </object_component>
      <object_component id="oc-2d">
         <name>.debug_info</name>
         <load_address>0x6c89</load_address>
         <run_address>0x6c89</run_address>
         <size>0x10b</size>
         <input_file_ref idref="fl-3"/>
      </object_component>
      <object_component id="oc-79">
         <name>.debug_info</name>
         <load_address>0x6d94</load_address>
         <run_address>0x6d94</run_address>
         <size>0x296</size>
         <input_file_ref idref="fl-3"/>
      </object_component>
      <object_component id="oc-39">
         <name>.debug_info</name>
         <load_address>0x702a</load_address>
         <run_address>0x702a</run_address>
         <size>0x84</size>
         <input_file_ref idref="fl-3"/>
      </object_component>
      <object_component id="oc-246">
         <name>.debug_info</name>
         <load_address>0x70ae</load_address>
         <run_address>0x70ae</run_address>
         <size>0x104</size>
         <input_file_ref idref="fl-4"/>
      </object_component>
      <object_component id="oc-ea">
         <name>.debug_info</name>
         <load_address>0x71b2</load_address>
         <run_address>0x71b2</run_address>
         <size>0x270</size>
         <input_file_ref idref="fl-4"/>
      </object_component>
      <object_component id="oc-4e9">
         <name>.debug_info</name>
         <load_address>0x7422</load_address>
         <run_address>0x7422</run_address>
         <size>0x70b</size>
         <input_file_ref idref="fl-5"/>
      </object_component>
      <object_component id="oc-480">
         <name>.debug_info</name>
         <load_address>0x7b2d</load_address>
         <run_address>0x7b2d</run_address>
         <size>0x37cd</size>
         <input_file_ref idref="fl-5"/>
      </object_component>
      <object_component id="oc-479">
         <name>.debug_info</name>
         <load_address>0xb2fa</load_address>
         <run_address>0xb2fa</run_address>
         <size>0x866</size>
         <input_file_ref idref="fl-6"/>
      </object_component>
      <object_component id="oc-473">
         <name>.debug_info</name>
         <load_address>0xbb60</load_address>
         <run_address>0xbb60</run_address>
         <size>0x105</size>
         <input_file_ref idref="fl-6"/>
      </object_component>
      <object_component id="oc-470">
         <name>.debug_info</name>
         <load_address>0xbc65</load_address>
         <run_address>0xbc65</run_address>
         <size>0x129</size>
         <input_file_ref idref="fl-6"/>
      </object_component>
      <object_component id="oc-476">
         <name>.debug_info</name>
         <load_address>0xbd8e</load_address>
         <run_address>0xbd8e</run_address>
         <size>0xfb</size>
         <input_file_ref idref="fl-6"/>
      </object_component>
      <object_component id="oc-3c6">
         <name>.debug_info</name>
         <load_address>0xbe89</load_address>
         <run_address>0xbe89</run_address>
         <size>0x96b</size>
         <input_file_ref idref="fl-6"/>
      </object_component>
      <object_component id="oc-4e4">
         <name>.debug_info</name>
         <load_address>0xc7f4</load_address>
         <run_address>0xc7f4</run_address>
         <size>0x48</size>
         <input_file_ref idref="fl-6"/>
      </object_component>
      <object_component id="oc-3d2">
         <name>.debug_info</name>
         <load_address>0xc83c</load_address>
         <run_address>0xc83c</run_address>
         <size>0x7ca</size>
         <input_file_ref idref="fl-7"/>
      </object_component>
      <object_component id="oc-3cc">
         <name>.debug_info</name>
         <load_address>0xd006</load_address>
         <run_address>0xd006</run_address>
         <size>0x101</size>
         <input_file_ref idref="fl-7"/>
      </object_component>
      <object_component id="oc-3cf">
         <name>.debug_info</name>
         <load_address>0xd107</load_address>
         <run_address>0xd107</run_address>
         <size>0x101</size>
         <input_file_ref idref="fl-7"/>
      </object_component>
      <object_component id="oc-29e">
         <name>.debug_info</name>
         <load_address>0xd208</load_address>
         <run_address>0xd208</run_address>
         <size>0x93d</size>
         <input_file_ref idref="fl-7"/>
      </object_component>
      <object_component id="oc-f9">
         <name>.debug_info</name>
         <load_address>0xdb45</load_address>
         <run_address>0xdb45</run_address>
         <size>0x479</size>
         <input_file_ref idref="fl-8"/>
      </object_component>
      <object_component id="oc-f6">
         <name>.debug_info</name>
         <load_address>0xdfbe</load_address>
         <run_address>0xdfbe</run_address>
         <size>0x1d3</size>
         <input_file_ref idref="fl-8"/>
      </object_component>
      <object_component id="oc-7f">
         <name>.debug_info</name>
         <load_address>0xe191</load_address>
         <run_address>0xe191</run_address>
         <size>0x49e</size>
         <input_file_ref idref="fl-8"/>
      </object_component>
      <object_component id="oc-1fa">
         <name>.debug_info</name>
         <load_address>0xe62f</load_address>
         <run_address>0xe62f</run_address>
         <size>0x8d7</size>
         <input_file_ref idref="fl-9"/>
      </object_component>
      <object_component id="oc-1eb">
         <name>.debug_info</name>
         <load_address>0xef06</load_address>
         <run_address>0xef06</run_address>
         <size>0x122</size>
         <input_file_ref idref="fl-9"/>
      </object_component>
      <object_component id="oc-1b9">
         <name>.debug_info</name>
         <load_address>0xf028</load_address>
         <run_address>0xf028</run_address>
         <size>0xfa</size>
         <input_file_ref idref="fl-9"/>
      </object_component>
      <object_component id="oc-1b0">
         <name>.debug_info</name>
         <load_address>0xf122</load_address>
         <run_address>0xf122</run_address>
         <size>0xf6</size>
         <input_file_ref idref="fl-9"/>
      </object_component>
      <object_component id="oc-97">
         <name>.debug_info</name>
         <load_address>0xf218</load_address>
         <run_address>0xf218</run_address>
         <size>0x2060</size>
         <input_file_ref idref="fl-9"/>
      </object_component>
      <object_component id="oc-2ef">
         <name>.debug_info</name>
         <load_address>0x11278</load_address>
         <run_address>0x11278</run_address>
         <size>0x20e</size>
         <input_file_ref idref="fl-9"/>
      </object_component>
      <object_component id="oc-403">
         <name>.debug_info</name>
         <load_address>0x11486</load_address>
         <run_address>0x11486</run_address>
         <size>0x49c</size>
         <input_file_ref idref="fl-a"/>
      </object_component>
      <object_component id="oc-316">
         <name>.debug_info</name>
         <load_address>0x11922</load_address>
         <run_address>0x11922</run_address>
         <size>0x10e</size>
         <input_file_ref idref="fl-a"/>
      </object_component>
      <object_component id="oc-1ee">
         <name>.debug_info</name>
         <load_address>0x11a30</load_address>
         <run_address>0x11a30</run_address>
         <size>0x1b5</size>
         <input_file_ref idref="fl-a"/>
      </object_component>
      <object_component id="oc-113">
         <name>.debug_info</name>
         <load_address>0x11be5</load_address>
         <run_address>0x11be5</run_address>
         <size>0x4c0</size>
         <input_file_ref idref="fl-b"/>
      </object_component>
      <object_component id="oc-116">
         <name>.debug_info</name>
         <load_address>0x120a5</load_address>
         <run_address>0x120a5</run_address>
         <size>0x107</size>
         <input_file_ref idref="fl-b"/>
      </object_component>
      <object_component id="oc-110">
         <name>.debug_info</name>
         <load_address>0x121ac</load_address>
         <run_address>0x121ac</run_address>
         <size>0x105</size>
         <input_file_ref idref="fl-b"/>
      </object_component>
      <object_component id="oc-86">
         <name>.debug_info</name>
         <load_address>0x122b1</load_address>
         <run_address>0x122b1</run_address>
         <size>0x4ea</size>
         <input_file_ref idref="fl-b"/>
      </object_component>
      <object_component id="oc-129">
         <name>.debug_info</name>
         <load_address>0x1279b</load_address>
         <run_address>0x1279b</run_address>
         <size>0x849</size>
         <input_file_ref idref="fl-c"/>
      </object_component>
      <object_component id="oc-2a7">
         <name>.debug_info</name>
         <load_address>0x12fe4</load_address>
         <run_address>0x12fe4</run_address>
         <size>0x109</size>
         <input_file_ref idref="fl-c"/>
      </object_component>
      <object_component id="oc-2a4">
         <name>.debug_info</name>
         <load_address>0x130ed</load_address>
         <run_address>0x130ed</run_address>
         <size>0x125</size>
         <input_file_ref idref="fl-c"/>
      </object_component>
      <object_component id="oc-14a">
         <name>.debug_info</name>
         <load_address>0x13212</load_address>
         <run_address>0x13212</run_address>
         <size>0x97d</size>
         <input_file_ref idref="fl-c"/>
      </object_component>
      <object_component id="oc-12b">
         <name>.debug_info</name>
         <load_address>0x13b8f</load_address>
         <run_address>0x13b8f</run_address>
         <size>0x4b5</size>
         <input_file_ref idref="fl-d"/>
      </object_component>
      <object_component id="oc-8b">
         <name>.debug_info</name>
         <load_address>0x14044</load_address>
         <run_address>0x14044</run_address>
         <size>0x5ee</size>
         <input_file_ref idref="fl-d"/>
      </object_component>
      <object_component id="oc-12d">
         <name>.debug_info</name>
         <load_address>0x14632</load_address>
         <run_address>0x14632</run_address>
         <size>0xc76</size>
         <input_file_ref idref="fl-e"/>
      </object_component>
      <object_component id="oc-192">
         <name>.debug_info</name>
         <load_address>0x152a8</load_address>
         <run_address>0x152a8</run_address>
         <size>0x10a</size>
         <input_file_ref idref="fl-e"/>
      </object_component>
      <object_component id="oc-195">
         <name>.debug_info</name>
         <load_address>0x153b2</load_address>
         <run_address>0x153b2</run_address>
         <size>0xfd</size>
         <input_file_ref idref="fl-e"/>
      </object_component>
      <object_component id="oc-93">
         <name>.debug_info</name>
         <load_address>0x154af</load_address>
         <run_address>0x154af</run_address>
         <size>0x8b4</size>
         <input_file_ref idref="fl-e"/>
      </object_component>
      <object_component id="oc-253">
         <name>.debug_info</name>
         <load_address>0x15d63</load_address>
         <run_address>0x15d63</run_address>
         <size>0x5ef</size>
         <input_file_ref idref="fl-14"/>
      </object_component>
      <object_component id="oc-295">
         <name>.debug_info</name>
         <load_address>0x16352</load_address>
         <run_address>0x16352</run_address>
         <size>0x21a</size>
         <input_file_ref idref="fl-14"/>
      </object_component>
      <object_component id="oc-139">
         <name>.debug_info</name>
         <load_address>0x1656c</load_address>
         <run_address>0x1656c</run_address>
         <size>0x11c</size>
         <input_file_ref idref="fl-14"/>
      </object_component>
      <object_component id="oc-3de">
         <name>.debug_info</name>
         <load_address>0x16688</load_address>
         <run_address>0x16688</run_address>
         <size>0xfc</size>
         <input_file_ref idref="fl-14"/>
      </object_component>
      <object_component id="oc-2c1">
         <name>.debug_info</name>
         <load_address>0x16784</load_address>
         <run_address>0x16784</run_address>
         <size>0x23c</size>
         <input_file_ref idref="fl-14"/>
      </object_component>
      <object_component id="oc-188">
         <name>.debug_info</name>
         <load_address>0x169c0</load_address>
         <run_address>0x169c0</run_address>
         <size>0x122</size>
         <input_file_ref idref="fl-14"/>
      </object_component>
      <object_component id="oc-182">
         <name>.debug_info</name>
         <load_address>0x16ae2</load_address>
         <run_address>0x16ae2</run_address>
         <size>0x1dd</size>
         <input_file_ref idref="fl-14"/>
      </object_component>
      <object_component id="oc-100">
         <name>.debug_info</name>
         <load_address>0x16cbf</load_address>
         <run_address>0x16cbf</run_address>
         <size>0x132</size>
         <input_file_ref idref="fl-14"/>
      </object_component>
      <object_component id="oc-331">
         <name>.debug_info</name>
         <load_address>0x16df1</load_address>
         <run_address>0x16df1</run_address>
         <size>0x103e</size>
         <input_file_ref idref="fl-14"/>
      </object_component>
      <object_component id="oc-24d">
         <name>.debug_info</name>
         <load_address>0x17e2f</load_address>
         <run_address>0x17e2f</run_address>
         <size>0x4a4</size>
         <input_file_ref idref="fl-15"/>
      </object_component>
      <object_component id="oc-24a">
         <name>.debug_info</name>
         <load_address>0x182d3</load_address>
         <run_address>0x182d3</run_address>
         <size>0xd0</size>
         <input_file_ref idref="fl-15"/>
      </object_component>
      <object_component id="oc-f0">
         <name>.debug_info</name>
         <load_address>0x183a3</load_address>
         <run_address>0x183a3</run_address>
         <size>0x183</size>
         <input_file_ref idref="fl-15"/>
      </object_component>
      <object_component id="oc-144">
         <name>.debug_info</name>
         <load_address>0x18526</load_address>
         <run_address>0x18526</run_address>
         <size>0x183</size>
         <input_file_ref idref="fl-15"/>
      </object_component>
      <object_component id="oc-1a4">
         <name>.debug_info</name>
         <load_address>0x186a9</load_address>
         <run_address>0x186a9</run_address>
         <size>0x185</size>
         <input_file_ref idref="fl-15"/>
      </object_component>
      <object_component id="oc-132">
         <name>.debug_info</name>
         <load_address>0x1882e</load_address>
         <run_address>0x1882e</run_address>
         <size>0x1db</size>
         <input_file_ref idref="fl-15"/>
      </object_component>
      <object_component id="oc-1b3">
         <name>.debug_info</name>
         <load_address>0x18a09</load_address>
         <run_address>0x18a09</run_address>
         <size>0x19c</size>
         <input_file_ref idref="fl-15"/>
      </object_component>
      <object_component id="oc-11b">
         <name>.debug_info</name>
         <load_address>0x18ba5</load_address>
         <run_address>0x18ba5</run_address>
         <size>0x1c2</size>
         <input_file_ref idref="fl-15"/>
      </object_component>
      <object_component id="oc-1f4">
         <name>.debug_info</name>
         <load_address>0x18d67</load_address>
         <run_address>0x18d67</run_address>
         <size>0x1e3</size>
         <input_file_ref idref="fl-15"/>
      </object_component>
      <object_component id="oc-121">
         <name>.debug_info</name>
         <load_address>0x18f4a</load_address>
         <run_address>0x18f4a</run_address>
         <size>0x185</size>
         <input_file_ref idref="fl-15"/>
      </object_component>
      <object_component id="oc-2b3">
         <name>.debug_info</name>
         <load_address>0x190cf</load_address>
         <run_address>0x190cf</run_address>
         <size>0x432</size>
         <input_file_ref idref="fl-16"/>
      </object_component>
      <object_component id="oc-2b0">
         <name>.debug_info</name>
         <load_address>0x19501</load_address>
         <run_address>0x19501</run_address>
         <size>0x173</size>
         <input_file_ref idref="fl-16"/>
      </object_component>
      <object_component id="oc-174">
         <name>.debug_info</name>
         <load_address>0x19674</load_address>
         <run_address>0x19674</run_address>
         <size>0x122</size>
         <input_file_ref idref="fl-16"/>
      </object_component>
      <object_component id="oc-16e">
         <name>.debug_info</name>
         <load_address>0x19796</load_address>
         <run_address>0x19796</run_address>
         <size>0x16b</size>
         <input_file_ref idref="fl-16"/>
      </object_component>
[...]
         <object_component_ref idref="oc-2f"/>
      </symbol>
      <symbol id="sm-5a1">
         <name>__TI_decompress_lzss</name>
         <value>0x4be5</value>
         <object_component_ref idref="oc-14"/>
      </symbol>
      <symbol id="sm-5b8">
         <name>__TI_decompress_none</name>
         <value>0x56a1</value>
         <object_component_ref idref="oc-1a"/>
      </symbol>
      <symbol id="sm-5cf">
         <name>__TI_zero_init</name>
         <value>0x56ed</value>
         <object_component_ref idref="oc-20"/>
      </symbol>
      <symbol id="sm-5f0">
         <name>C$$EXIT</name>
         <value>0x4f55</value>
         <object_component_ref idref="oc-6e"/>
      </symbol>
      <symbol id="sm-5f1">
         <name>abort</name>
         <value>0x4f59</value>
         <object_component_ref idref="oc-6e"/>
      </symbol>
      <symbol id="sm-5f2">
         <name>exit</name>
         <value>0x4f61</value>
         <object_component_ref idref="oc-6e"/>
      </symbol>
      <symbol id="sm-5f3">
         <name>__TI_dtors_ptr</name>
         <value>0x20000ec4</value>
         <object_component_ref idref="oc-dd"/>
      </symbol>
      <symbol id="sm-5f4">
         <name>__TI_cleanup_ptr</name>
         <value>0x20000ec0</value>
         <object_component_ref idref="oc-dd"/>
      </symbol>
      <symbol id="sm-5f5">
         <name>__TI_enable_exit_profile_output</name>
         <value>0x20000ec8</value>
         <object_component_ref idref="oc-dd"/>
      </symbol>
      <symbol id="sm-60c">
         <name>__aeabi_dsub</name>
         <value>0x36b5</value>
         <object_component_ref idref="oc-1ca"/>
      </symbol>
      <symbol id="sm-60d">
         <name>__aeabi_dadd</name>
         <value>0x36bf</value>
         <object_component_ref idref="oc-1ca"/>
      </symbol>
      <symbol id="sm-62f">
         <name>__aeabi_cdcmpeq</name>
         <value>0x490d</value>
         <object_component_ref idref="oc-348"/>
      </symbol>
      <symbol id="sm-630">
         <name>__aeabi_cdcmple</name>
         <value>0x490d</value>
         <object_component_ref idref="oc-348"/>
      </symbol>
      <symbol id="sm-631">
         <name>__aeabi_cdrcmple</name>
         <value>0x4993</value>
         <object_component_ref idref="oc-1da"/>
      </symbol>
      <symbol id="sm-645">
         <name>__aeabi_ddiv</name>
         <value>0x3cdd</value>
         <object_component_ref idref="oc-1c0"/>
      </symbol>
      <symbol id="sm-650">
         <name>__aeabi_dmul</name>
         <value>0x3f49</value>
         <object_component_ref idref="oc-1cf"/>
      </symbol>
      <symbol id="sm-65a">
         <name>__aeabi_d2uiz</name>
         <value>0x5209</value>
         <object_component_ref idref="oc-1e5"/>
      </symbol>
      <symbol id="sm-664">
         <name>__aeabi_i2d</name>
         <value>0x5389</value>
         <object_component_ref idref="oc-1bb"/>
      </symbol>
      <symbol id="sm-67f">
         <name>memcpy</name>
         <value>0x46b9</value>
         <object_component_ref idref="oc-3e"/>
      </symbol>
      <symbol id="sm-680">
         <name>__aeabi_memcpy</name>
         <value>0x46b9</value>
         <object_component_ref idref="oc-3e"/>
      </symbol>
      <symbol id="sm-681">
         <name>__aeabi_memcpy8</name>
         <value>0x46b9</value>
         <object_component_ref idref="oc-3e"/>
      </symbol>
      <symbol id="sm-682">
         <name>__aeabi_memcpy4</name>
         <value>0x46b9</value>
         <object_component_ref idref="oc-3e"/>
      </symbol>
      <symbol id="sm-691">
         <name>__aeabi_memset</name>
         <value>0x4a1b</value>
         <object_component_ref idref="oc-4a"/>
      </symbol>
      <symbol id="sm-692">
         <name>memset</name>
         <value>0x4a21</value>
         <object_component_ref idref="oc-4a"/>
      </symbol>
      <symbol id="sm-693">
         <name>__aeabi_memset8</name>
         <value>0x4a1b</value>
         <object_component_ref idref="oc-4a"/>
      </symbol>
      <symbol id="sm-694">
         <name>__aeabi_memset4</name>
         <value>0x4a1b</value>
         <object_component_ref idref="oc-4a"/>
      </symbol>
      <symbol id="sm-695">
         <name>__aeabi_memclr8</name>
         <value>0x4a19</value>
         <object_component_ref idref="oc-4a"/>
      </symbol>
      <symbol id="sm-696">
         <name>__aeabi_memclr4</name>
         <value>0x4a19</value>
         <object_component_ref idref="oc-4a"/>
      </symbol>
      <symbol id="sm-697">
         <name>__aeabi_memclr</name>
         <value>0x4a19</value>
         <object_component_ref idref="oc-4a"/>
      </symbol>
      <symbol id="sm-6a1">
         <name>__mpu_init</name>
         <value>0x127f</value>
         <object_component_ref idref="oc-56"/>
      </symbol>
      <symbol id="sm-6bf">
         <name>printf</name>
         <value>0x4b7d</value>
         <object_component_ref idref="oc-109"/>
      </symbol>
      <symbol id="sm-6d9">
         <name>rand</name>
         <value>0x50fb</value>
         <object_component_ref idref="oc-469"/>
      </symbol>
      <symbol id="sm-6da">
         <name>srand</name>
         <value>0x50e5</value>
         <object_component_ref idref="oc-469"/>
      </symbol>
      <symbol id="sm-6fc">
         <name>ceil</name>
         <value>0x4141</value>
         <object_component_ref idref="oc-1d4"/>
      </symbol>
      <symbol id="sm-6fd">
         <name>ceill</name>
         <value>0x4141</value>
         <object_component_ref idref="oc-1d4"/>
      </symbol>
      <symbol id="sm-71a">
         <name>floorl</name>
         <value>0x4239</value>
         <object_component_ref idref="oc-1df"/>
      </symbol>
      <symbol id="sm-71b">
         <name>floor</name>
         <value>0x4239</value>
         <object_component_ref idref="oc-1df"/>
      </symbol>
      <symbol id="sm-734">
         <name>sprintf</name>
         <value>0x4e45</value>
         <object_component_ref idref="oc-103"/>
      </symbol>
      <symbol id="sm-73c">
         <name>main_func_sp</name>
         <value>0x20000ef0</value>
         <object_component_ref idref="oc-74"/>
      </symbol>
      <symbol id="sm-74f">
         <name>__time32</name>
         <value>0x56af</value>
         <object_component_ref idref="oc-463"/>
      </symbol>
      <symbol id="sm-750">
         <name>time</name>
         <value>0x56af</value>
         <object_component_ref idref="oc-463"/>
      </symbol>
      <symbol id="sm-77c">
         <name>HOSTgetenv</name>
         <value>0x268d</value>
         <object_component_ref idref="oc-4bd"/>
      </symbol>
      <symbol id="sm-77d">
         <name>HOSTrename</name>
         <value>0x2535</value>
         <object_component_ref idref="oc-4bd"/>
      </symbol>
      <symbol id="sm-77e">
         <name>HOSTclose</name>
         <value>0x26cb</value>
         <object_component_ref idref="oc-4bd"/>
      </symbol>
      <symbol id="sm-77f">
         <name>HOSTtime64</name>
         <value>0x24ad</value>
         <object_component_ref idref="oc-4bd"/>
      </symbol>
      <symbol id="sm-780">
         <name>HOSTunlink</name>
         <value>0x2475</value>
         <object_component_ref idref="oc-4bd"/>
      </symbol>
      <symbol id="sm-781">
         <name>HOSTlseek</name>
         <value>0x2631</value>
         <object_component_ref idref="oc-4bd"/>
      </symbol>
      <symbol id="sm-782">
         <name>HOSTopen</name>
         <value>0x25df</value>
         <object_component_ref idref="oc-4bd"/>
      </symbol>
      <symbol id="sm-783">
         <name>HOSTclock</name>
         <value>0x2703</value>
         <object_component_ref idref="oc-4bd"/>
      </symbol>
      <symbol id="sm-784">
         <name>HOSTwrite</name>
         <value>0x2429</value>
         <object_component_ref idref="oc-4bd"/>
      </symbol>
      <symbol id="sm-785">
         <name>HOSTread</name>
         <value>0x2593</value>
         <object_component_ref idref="oc-4bd"/>
      </symbol>
      <symbol id="sm-786">
         <name>HOSTtime</name>
         <value>0x24fb</value>
         <object_component_ref idref="oc-4bd"/>
      </symbol>
      <symbol id="sm-7a1">
         <name>__TI_readmsg</name>
         <value>0x4c7f</value>
         <object_component_ref idref="oc-501"/>
      </symbol>
      <symbol id="sm-7a2">
         <name>C$$IO$$</name>
         <value>0x4c7b</value>
         <object_component_ref idref="oc-501"/>
      </symbol>
      <symbol id="sm-7a3">
         <name>__CIOBUF_</name>
         <value>0x20000800</value>
         <object_component_ref idref="oc-526"/>
      </symbol>
      <symbol id="sm-7a4">
         <name>__TI_writemsg</name>
         <value>0x4c4d</value>
         <object_component_ref idref="oc-501"/>
      </symbol>
      <symbol id="sm-7ae">
         <name>__aeabi_ui2d</name>
         <value>0x54fd</value>
         <object_component_ref idref="oc-1c5"/>
      </symbol>
      <symbol id="sm-7c7">
         <name>_nop</name>
         <value>0x562f</value>
         <object_component_ref idref="oc-239"/>
      </symbol>
      <symbol id="sm-7c8">
         <name>_lock</name>
         <value>0x20000ed8</value>
         <object_component_ref idref="oc-e0"/>
      </symbol>
      <symbol id="sm-7c9">
         <name>_unlock</name>
         <value>0x20000edc</value>
         <object_component_ref idref="oc-e0"/>
      </symbol>
      <symbol id="sm-7ca">
         <name>_register_lock</name>
         <value>0x5627</value>
         <object_component_ref idref="oc-239"/>
      </symbol>
      <symbol id="sm-7cb">
         <name>_register_unlock</name>
         <value>0x5621</value>
         <object_component_ref idref="oc-239"/>
      </symbol>
      <symbol id="sm-8cc">
         <name>__TI_printfi</name>
         <value>0x985</value>
         <object_component_ref idref="oc-255"/>
      </symbol>
      <symbol id="sm-8e0">
         <name>_args_main</name>
         <value>0x559d</value>
         <object_component_ref idref="oc-68"/>
      </symbol>
      <symbol id="sm-8f6">
         <name>atoi</name>
         <value>0x504d</value>
         <object_component_ref idref="oc-36a"/>
      </symbol>
      <symbol id="sm-920">
         <name>__TI_auto_init</name>
         <value>0x4b05</value>
         <object_component_ref idref="oc-62"/>
      </symbol>
      <symbol id="sm-93a">
         <name>copy_in</name>
         <value>0x5099</value>
         <object_component_ref idref="oc-cd"/>
      </symbol>
      <symbol id="sm-945">
         <name>_ctypes_</name>
         <value>0x5718</value>
         <object_component_ref idref="oc-41f"/>
      </symbol>
      <symbol id="sm-95a">
         <name>__TI_tmpnams</name>
         <value>0x20000b20</value>
      </symbol>
      <symbol id="sm-95b">
         <name>__aeabi_stdout</name>
         <value>0x20000eb8</value>
         <object_component_ref idref="oc-43b"/>
      </symbol>
      <symbol id="sm-95c">
         <name>__aeabi_stderr</name>
         <value>0x20000ebc</value>
         <object_component_ref idref="oc-43b"/>
      </symbol>
      <symbol id="sm-95d">
         <name>__aeabi_stdin</name>
         <value>0x20000eb4</value>
         <object_component_ref idref="oc-43b"/>
      </symbol>
      <symbol id="sm-95e">
         <name>_ftable</name>
         <value>0x20000cac</value>
         <object_component_ref idref="oc-26e"/>
      </symbol>
      <symbol id="sm-95f">
         <name>__TI_ft_end</name>
         <value>0x20000eb0</value>
         <object_component_ref idref="oc-43b"/>
      </symbol>
      <symbol id="sm-969">
         <name>__aeabi_d2iz</name>
         <value>0x51c1</value>
         <object_component_ref idref="oc-34d"/>
      </symbol>
      <symbol id="sm-980">
         <name>putc</name>
         <value>0x47ed</value>
         <object_component_ref idref="oc-262"/>
      </symbol>
      <symbol id="sm-981">
         <name>fputc</name>
         <value>0x47ed</value>
         <object_component_ref idref="oc-262"/>
      </symbol>
      <symbol id="sm-982">
         <name>putchar</name>
         <value>0x4871</value>
         <object_component_ref idref="oc-262"/>
      </symbol>
      <symbol id="sm-9a4">
         <name>puts</name>
         <value>0x3f21</value>
         <object_component_ref idref="oc-268"/>
      </symbol>
      <symbol id="sm-9a5">
         <name>fputs</name>
         <value>0x3e15</value>
         <object_component_ref idref="oc-268"/>
      </symbol>
      <symbol id="sm-9ee">
         <name>open</name>
         <value>0x288b</value>
         <object_component_ref idref="oc-395"/>
      </symbol>
      <symbol id="sm-9ef">
         <name>add_device</name>
         <value>0x29ad</value>
         <object_component_ref idref="oc-395"/>
      </symbol>
      <symbol id="sm-9f0">
         <name>remove_device</name>
         <value>0x283f</value>
         <object_component_ref idref="oc-395"/>
      </symbol>
      <symbol id="sm-9f1">
         <name>lseek</name>
         <value>0x2939</value>
         <object_component_ref idref="oc-395"/>
      </symbol>
      <symbol id="sm-9f2">
         <name>read</name>
         <value>0x2867</value>
         <object_component_ref idref="oc-395"/>
      </symbol>
      <symbol id="sm-9f3">
         <name>rename</name>
         <value>0x2801</value>
         <object_component_ref idref="oc-395"/>
      </symbol>
      <symbol id="sm-9f4">
         <name>write</name>
         <value>0x274d</value>
         <object_component_ref idref="oc-395"/>
      </symbol>
      <symbol id="sm-9f5">
         <name>close</name>
         <value>0x295d</value>
         <object_component_ref idref="oc-395"/>
      </symbol>
      <symbol id="sm-9f6">
         <name>unlink</name>
         <value>0x27dd</value>
         <object_component_ref idref="oc-395"/>
      </symbol>
      <symbol id="sm-a05">
         <name>ltoa</name>
         <value>0x4fa9</value>
         <object_component_ref idref="oc-352"/>
      </symbol>
      <symbol id="sm-a15">
         <name>memccpy</name>
         <value>0x551d</value>
         <object_component_ref idref="oc-370"/>
      </symbol>
      <symbol id="sm-a25">
         <name>memchr</name>
         <value>0x54dd</value>
         <object_component_ref idref="oc-39d"/>
      </symbol>
      <symbol id="sm-a40">
         <name>frexpl</name>
         <value>0x4de1</value>
         <object_component_ref idref="oc-358"/>
      </symbol>
      <symbol id="sm-a41">
         <name>frexp</name>
         <value>0x4de1</value>
         <object_component_ref idref="oc-358"/>
      </symbol>
      <symbol id="sm-a5e">
         <name>scalbn</name>
         <value>0x4045</value>
         <object_component_ref idref="oc-35e"/>
      </symbol>
      <symbol id="sm-a5f">
         <name>scalbnl</name>
         <value>0x4045</value>
         <object_component_ref idref="oc-35e"/>
      </symbol>
      <symbol id="sm-a60">
         <name>ldexpl</name>
         <value>0x4045</value>
         <object_component_ref idref="oc-35e"/>
      </symbol>
      <symbol id="sm-a61">
         <name>ldexp</name>
         <value>0x4045</value>
         <object_component_ref idref="oc-35e"/>
      </symbol>
      <symbol id="sm-a6b">
         <name>_system_post_cinit</name>
         <value>0x386b</value>
         <object_component_ref idref="oc-d3"/>
      </symbol>
      <symbol id="sm-a7b">
         <name>strchr</name>
         <value>0x55cd</value>
         <object_component_ref idref="oc-364"/>
      </symbol>
      <symbol id="sm-a8a">
         <name>strcmp</name>
         <value>0x55b5</value>
         <object_component_ref idref="oc-440"/>
      </symbol>
      <symbol id="sm-a98">
         <name>strcpy</name>
         <value>0x5649</value>
         <object_component_ref idref="oc-507"/>
      </symbol>
      <symbol id="sm-aa6">
         <name>strlen</name>
         <value>0x565d</value>
         <object_component_ref idref="oc-342"/>
      </symbol>
      <symbol id="sm-ab6">
         <name>strncpy</name>
         <value>0x528d</value>
         <object_component_ref idref="oc-446"/>
      </symbol>
      <symbol id="sm-ad2">
         <name>__aeabi_uldivmod</name>
         <value>0x3119</value>
         <object_component_ref idref="oc-33d"/>
      </symbol>
      <symbol id="sm-af0">
         <name>__TI_wrt_ok</name>
         <value>0x44d5</value>
         <object_component_ref idref="oc-389"/>
      </symbol>
      <symbol id="sm-af1">
         <name>__TI_rd_ok</name>
         <value>0x4537</value>
         <object_component_ref idref="oc-389"/>
      </symbol>
      <symbol id="sm-af9">
         <name>errno</name>
         <value>0x20000ee4</value>
         <object_component_ref idref="oc-418"/>
      </symbol>
      <symbol id="sm-b13">
         <name>__TI_doflush</name>
         <value>0x440d</value>
         <object_component_ref idref="oc-38f"/>
      </symbol>
      <symbol id="sm-b14">
         <name>fflush</name>
         <value>0x4459</value>
         <object_component_ref idref="oc-38f"/>
      </symbol>
      <symbol id="sm-b26">
         <name>fseek</name>
         <value>0x4d7d</value>
         <object_component_ref idref="oc-42d"/>
      </symbol>
      <symbol id="sm-b30">
         <name>copysign</name>
         <value>0x5635</value>
         <object_component_ref idref="oc-412"/>
      </symbol>
      <symbol id="sm-b31">
         <name>copysignl</name>
         <value>0x5635</value>
         <object_component_ref idref="oc-412"/>
      </symbol>
      <symbol id="sm-b4d">
         <name>setvbuf</name>
         <value>0x4331</value>
         <object_component_ref idref="oc-433"/>
      </symbol>
      <symbol id="sm-b84">
         <name>__TI_cleanup</name>
         <value>0x35b9</value>
         <object_component_ref idref="oc-4a6"/>
      </symbol>
      <symbol id="sm-b85">
         <name>freopen</name>
         <value>0x35e5</value>
         <object_component_ref idref="oc-4a6"/>
      </symbol>
      <symbol id="sm-b86">
         <name>fopen</name>
         <value>0x360f</value>
         <object_component_ref idref="oc-4a6"/>
      </symbol>
      <symbol id="sm-bf5">
         <name>_sys_memory</name>
         <value>0x20000000</value>
         <object_component_ref idref="oc-30"/>
      </symbol>
      <symbol id="sm-bf6">
         <name>free</name>
         <value>0x1e13</value>
         <object_component_ref idref="oc-4a0"/>
      </symbol>
      <symbol id="sm-bf7">
         <name>realloc</name>
         <value>0x1ed5</value>
         <object_component_ref idref="oc-4a0"/>
      </symbol>
      <symbol id="sm-bf8">
         <name>memalign</name>
         <value>0x1fdd</value>
         <object_component_ref idref="oc-4a0"/>
      </symbol>
      <symbol id="sm-bf9">
         <name>calloc</name>
         <value>0x20c9</value>
         <object_component_ref idref="oc-4a0"/>
      </symbol>
      <symbol id="sm-bfa">
         <name>malloc</name>
         <value>0x1da9</value>
         <object_component_ref idref="oc-4a0"/>
      </symbol>
      <symbol id="sm-bfb">
         <name>minit</name>
         <value>0x1d29</value>
         <object_component_ref idref="oc-4a0"/>
      </symbol>
      <symbol id="sm-c11">
         <name>__TI_closefile</name>
         <value>0x4755</value>
         <object_component_ref idref="oc-4f2"/>
      </symbol>
      <symbol id="sm-c12">
         <name>fclose</name>
         <value>0x47bb</value>
         <object_component_ref idref="oc-4f2"/>
      </symbol>
      <symbol id="sm-c14">
         <name>__TI_static_base__</name>
         <value>0x0</value>
      </symbol>
      <symbol id="sm-c17">
         <name>SHT$$INIT_ARRAY$$Limit</name>
         <value>0x0</value>
      </symbol>
      <symbol id="sm-c18">
         <name>SHT$$INIT_ARRAY$$Base</name>
         <value>0x0</value>
      </symbol>
      <symbol id="sm-c19">
         <name>remove</name>
         <value>0x27dd</value>
      </symbol>
   </symbol_table>
   <title>Link successful</title>
</link_info>
