******************************************************************************
                  TI ARM Linker PC v16.9.1                     
******************************************************************************
>> Linked Wed Aug 02 14:44:25 2017

OUTPUT FILE NAME:   <Velapulsar.out>
ENTRY POINT SYMBOL: "_c_int00"  address: 00004e75


MEMORY CONFIGURATION

         name            origin    length      used     unused   attr    fill
----------------------  --------  ---------  --------  --------  ----  --------
  MAIN                  00000000   00040000  00005890  0003a770  R  X
  INFO                  00200000   00004000  00000000  00004000  R  X
  SRAM_CODE             01000000   00010000  000010ef  0000ef11  RW X
  SRAM_DATA             20000000   00010000  000010ef  0000ef11  RW  


SEGMENT ALLOCATION MAP

run origin  load origin   length   init length attrs members
----------  ----------- ---------- ----------- ----- -------
00000000    00000000    00005890   00005890    r-x
  00000000    00000000    00000140   00000140    r-- .intvecs
  00000140    00000140    00005504   00005504    r-x .text
  00005644    00005644    00000184   00000184    r-- .const
  000057c8    000057c8    000000c8   000000c8    r-- .cinit
20000000    20000000    00000eef   00000000    rw-
  20000000    20000000    00000800   00000000    rw- .sysmem
  20000800    20000800    000004a8   00000000    rw- .bss
  20000ca8    20000ca8    00000247   00000000    rw- .data
2000fe00    2000fe00    00000200   00000000    rw-
  2000fe00    2000fe00    00000200   00000000    rw- .stack


SECTION ALLOCATION MAP

 output                                  attributes/
section   page    origin      length       input sections
--------  ----  ----------  ----------   ----------------
.intvecs   0    00000000    00000140     
                  00000000    00000140     startup_msp432p401r_ccs.obj (.intvecs:retain)

.binit     0    00000000    00000000     

.text      0    00000140    00005504     
                  00000140    0000113e     rtsv7M4_T_le_v4SPD16_eabi.lib : _printfi.obj (.text)
                  0000127e    00000002                                   : mpu_init.obj (.text)
                  00001280    00000a00     rf95.obj (.text)
                  00001c80    00000404     velapulsar_mac.obj (.text)
                  00002084    000003d0     rtsv7M4_T_le_v4SPD16_eabi.lib : memory.obj (.text)
                  00002454    00000324                                   : trgdrv.obj (.text)
                  00002778    0000031c     velapulsar.obj (.text)
                  00002a94    0000030c     rtsv7M4_T_le_v4SPD16_eabi.lib : lowlev.obj (.text)
                  00002da0    000001f4                                   : ull_div_t2.obj (.text)
                  00002f94    000001ec     UART_interface.obj (.text)
                  00003180    000001e4     system_msp432p401r.obj (.text)
                  00003364    000001cc     comms_interface.obj (.text)
                  00003530    000001c4     rtsv7M4_T_le_v4SPD16_eabi.lib : fopen.obj (.text)
                  000036f4    000001c0     sensor_interface.obj (.text)
                  000038b4    000001b6     rtsv7M4_T_le_v4SPD16_eabi.lib : fd_add_t2.obj (.text)
                  00003a6a    00000002                                   : startup.obj (.text)
                  00003a6c    00000138     velapulsar_nwk.obj (.text)
                  00003ba4    00000136     rtsv7M4_T_le_v4SPD16_eabi.lib : fd_div_t2.obj (.text)
                  00003cda    00000002     --HOLE-- [fill = 0]
                  00003cdc    00000134                                   : fputs.obj (.text)
                  00003e10    000000fc                                   : fd_mul_t2.obj (.text)
                  00003f0c    000000fc                                   : s_scalbn.obj (.text)
                  00004008    000000f8                                   : s_ceil.obj (.text)
                  00004100    000000f8                                   : s_floor.obj (.text)
                  000041f8    000000dc                                   : setvbuf.obj (.text)
                  000042d4    000000c8                                   : fflush.obj (.text)
                  0000439c    000000ac     delay.obj (.text)
                  00004448    000000ac     rtsv7M4_T_le_v4SPD16_eabi.lib : _io_perm.obj (.text)
                  000044f4    0000009c     msp432p4xx_driverlib.lib : cs.o (.text:CS_startHFXTWithTimeout)
                  00004590    0000009c                              : cs.o (.text:CS_startLFXTWithTimeout)
                  0000462c    0000009c     rtsv7M4_T_le_v4SPD16_eabi.lib : memcpy_t2.obj (.text)
                  000046c8    00000098                                   : fclose.obj (.text)
                  00004760    00000098                                   : fputc.obj (.text)
                  000047f8    00000088     msp432p4xx_driverlib.lib : spi.o (.text:SPI_initMaster)
                  00004880    00000086     rtsv7M4_T_le_v4SPD16_eabi.lib : fd_cmp_t2.obj (.text:__aeabi_cdcmple)
                  00004906    00000086                                   : fd_cmp_t2.obj (.text:__aeabi_cdrcmple)
                  0000498c    0000007a                                   : memset_t2.obj (.text)
                  00004a06    00000002     --HOLE-- [fill = 0]
                  00004a08    00000070     msp432p4xx_driverlib.lib : cs.o (.text:_CSGetHFXTFrequency)
                  00004a78    00000070     rtsv7M4_T_le_v4SPD16_eabi.lib : autoinit.obj (.text)
                  00004ae8    00000070                                   : printf.obj (.text)
                  00004b58    00000068                                   : copy_decompress_lzss.obj (.text:decompress:lzss)
                  00004bc0    00000068                                   : trgmsg.obj (.text)
                  00004c28    00000064     msp432p4xx_driverlib.lib : interrupt.o (.text:Interrupt_enableInterrupt)
                  00004c8c    00000064                              : rtc_c.o (.text:RTC_C_getCalendarTime)
                  00004cf0    00000064     rtsv7M4_T_le_v4SPD16_eabi.lib : fseek.obj (.text)
                  00004d54    00000064                                   : s_frexp.obj (.text)
                  00004db8    00000060                                   : sprintf.obj (.text)
                  00004e18    0000005c     msp432p4xx_driverlib.lib : rtc_c.o (.text:RTC_C_initCalendar)
                  00004e74    00000054     rtsv7M4_T_le_v4SPD16_eabi.lib : boot.obj (.text)
                  00004ec8    00000054                                   : exit.obj (.text)
                  00004f1c    00000054                                   : ltoa.obj (.text)
                  00004f70    00000050     msp432p4xx_driverlib.lib : rtc_c.o (.text:RTC_C_clearInterruptFlag)
                  00004fc0    0000004c     rtsv7M4_T_le_v4SPD16_eabi.lib : atoi.obj (.text)
                  0000500c    0000004c                                   : cpy_tbl.obj (.text)
                  00005058    00000048     msp432p4xx_driverlib.lib : gpio.o (.text:GPIO_setAsPeripheralModuleFunctionInputPin)
                  000050a0    00000048                              : rtc_c.o (.text:RTC_C_getEnabledInterruptStatus)
                  000050e8    00000048     rtsv7M4_T_le_v4SPD16_eabi.lib : fd_toi_t2.obj (.text)
                  00005130    00000044                                   : fd_tou_t2.obj (.text)
                  00005174    00000040     msp432p4xx_driverlib.lib : rtc_c.o (.text:RTC_C_enableInterrupt)
                  000051b4    00000040     Sniffer_main.obj (.text)
                  000051f4    00000036     rtsv7M4_T_le_v4SPD16_eabi.lib : strncpy.obj (.text)
                  0000522a    00000002     --HOLE-- [fill = 0]
                  0000522c    00000034     startup_msp432p401r_ccs.obj (.text)
                  00005260    00000030     msp432p4xx_driverlib.lib : gpio.o (.text:GPIO_setAsInputPinWithPullDownResistor)
                  00005290    00000030                              : spi.o (.text:is_A_Module)
                  000052c0    0000002e     rtsv7M4_T_le_v4SPD16_eabi.lib : i_tofd_t2.obj (.text)
                  000052ee    00000002     --HOLE-- [fill = 0]
                  000052f0    0000002c     msp432p4xx_driverlib.lib : rtc_c.o (.text:RTC_C_getInterruptStatus)
                  0000531c    00000028     spi_interface.obj (.text)
                  00005344    00000024     msp432p4xx_driverlib.lib : cs.o (.text:CS_setDCOCenteredFrequency)
                  00005368    00000024                              : gpio.o (.text:GPIO_setAsOutputPin)
                  0000538c    00000024                              : rtc_c.o (.text:RTC_C_setCalendarAlarm)
                  000053b0    00000024                              : rtc_c.o (.text:RTC_C_startClock)
                  000053d4    00000020                              : gpio.o (.text:GPIO_interruptEdgeSelect)
                  000053f4    00000020                              : spi.o (.text:SPI_transmitData)
                  00005414    00000020     rtsv7M4_T_le_v4SPD16_eabi.lib : memchr.obj (.text)
                  00005434    00000020                                   : u_tofd_t2.obj (.text)
                  00005454    0000001c                                   : memccpy.obj (.text)
                  00005470    0000001a     msp432p4xx_driverlib.lib : spi.o (.text:SPI_enableModule)
                  0000548a    0000001a                              : spi.o (.text:SPI_receiveData)
                  000054a4    00000018                              : gpio.o (.text:GPIO_getInputPinValue)
                  000054bc    00000018                              : gpio.o (.text:GPIO_setOutputLowOnPin)
                  000054d4    00000018     rtsv7M4_T_le_v4SPD16_eabi.lib : args_main.obj (.text)
                  000054ec    00000018                                   : strcmp.obj (.text)
                  00005504    00000016                                   : strchr.obj (.text)
                  0000551a    00000002     --HOLE-- [fill = 0]
                  0000551c    00000014     msp432p4xx_driverlib.lib : cs.o (.text:CS_setExternalClockSourceFrequency)
                  00005530    00000014                              : gpio.o (.text:GPIO_setOutputHighOnPin)
                  00005544    00000014                              : gpio.o (.text:GPIO_toggleOutputOnPin)
                  00005558    00000014     rtsv7M4_T_le_v4SPD16_eabi.lib : _lock.obj (.text)
                  0000556c    00000014                                   : s_copysign.obj (.text)
                  00005580    00000014                                   : strcpy.obj (.text)
                  00005594    00000014                                   : strlen.obj (.text)
                  000055a8    00000010     msp432p4xx_driverlib.lib : interrupt.o (.text:Interrupt_enableMaster)
                  000055b8    00000010                              : sysctl.o (.text:SysCtl_disableNMISource)
                  000055c8    00000010                              : sysctl.o (.text:SysCtl_enableNMISource)
                  000055d8    0000000e     rtsv7M4_T_le_v4SPD16_eabi.lib : copy_decompress_none.obj (.text:decompress:none)
                  000055e6    0000000c     msp432p4xx_driverlib.lib : cpu.o (.text:CPU_cpsie)
                  000055f2    0000000c                              : spi.o (.text:EUSCI_A_SPI_enable)
                  000055fe    0000000c                              : spi.o (.text:EUSCI_B_SPI_enable)
                  0000560a    00000002     --HOLE-- [fill = 0]
                  0000560c    0000000c                              : sysctl.o (.text:SysCtl_getNMISourceStatus)
                  00005618    0000000c     rtsv7M4_T_le_v4SPD16_eabi.lib : copy_zero_init.obj (.text:decompress:ZI)
                  00005624    00000006     msp432p4xx_driverlib.lib : cs.o (.text:CS_startHFXT)
                  0000562a    00000006                              : cs.o (.text:CS_startLFXT)
                  00005630    00000006                              : spi.o (.text:EUSCI_A_SPI_receiveData)
                  00005636    00000006                              : spi.o (.text:EUSCI_B_SPI_receiveData)
                  0000563c    00000004                              : spi.o (.text:EUSCI_A_SPI_transmitData)
                  00005640    00000004                              : spi.o (.text:EUSCI_B_SPI_transmitData)

.const     0    00005644    00000184     
                  00005644    00000101     rtsv7M4_T_le_v4SPD16_eabi.lib : ctype.obj (.const:.string:_ctypes_)
                  00005745    00000003     --HOLE-- [fill = 0]
                  00005748    00000040     msp432p4xx_driverlib.lib : interrupt.o (.const)
                  00005788    00000024     UART_interface.obj (.const:uartConfig)
                  000057ac    0000001c     spi_interface.obj (.const:spiMasterConfig)

.cinit     0    000057c8    000000c8     
                  000057c8    0000009e     (.cinit..data.load) [load image, compression = lzss]
                  00005866    00000002     --HOLE-- [fill = 0]
                  00005868    0000000c     (__TI_handler_table)
                  00005874    00000004     --HOLE-- [fill = 0]
                  00005878    00000008     (.cinit..bss.load) [load image, compression = zero_init]
                  00005880    00000010     (__TI_cinit_table)

.init_array 
*          0    00000000    00000000     UNINITIALIZED

.sysmem    0    20000000    00000800     UNINITIALIZED
                  20000000    00000008     rtsv7M4_T_le_v4SPD16_eabi.lib : memory.obj (.sysmem)
                  20000008    000007f8     --HOLE--

.bss       0    20000800    000004a8     UNINITIALIZED
                  20000800    00000120     rtsv7M4_T_le_v4SPD16_eabi.lib : trgmsg.obj (.bss:_CIOBUF_)
                  20000920    00000100     rf95.obj (.bss:RxTxBuffer)
                  20000a20    00000100     (.common:UARTBuffer)
                  20000b20    000000a0     (.common:__TI_tmpnams)
                  20000bc0    0000002c     rf95.obj (.bss:settings)
                  20000bec    0000001c     velapulsar.obj (.bss:calendarTime)
                  20000c08    0000001c     velapulsar_mac.obj (.bss:radioEvents)
                  20000c24    00000015     (.common:rxPkt)
                  20000c39    00000015     (.common:txPkt)
                  20000c4e    00000014     velapulsar_nwk.obj (.bss:macEvents)
                  20000c62    00000014     comms_interface.obj (.bss:nwkEvents)
                  20000c76    00000008     rtsv7M4_T_le_v4SPD16_eabi.lib : trgdrv.obj (.bss:parmbuf)
                  20000c7e    00000002     (.common:lastLight)
                  20000c80    00000005     velapulsar_mac.obj (.bss)
                  20000c85    00000001     (.common:rxSnr)
                  20000c86    00000002     (.common:lastMagnetic)
                  20000c88    00000004     rf95.obj (.bss)
                  20000c8c    00000004     velapulsar_nwk.obj (.bss)
                  20000c90    00000004     (.common:PktReceived)
                  20000c94    00000004     (.common:UARTrx)
                  20000c98    00000004     (.common:hfxtFreq)
                  20000c9c    00000004     (.common:lfxtFreq)
                  20000ca0    00000002     (.common:pktID)
                  20000ca2    00000002     (.common:rxRssi)
                  20000ca4    00000002     (.common:rxSize)
                  20000ca6    00000002     (.common:txSize)

.data      0    20000ca8    00000247     UNINITIALIZED
                  20000ca8    000000f0     rtsv7M4_T_le_v4SPD16_eabi.lib : defs.obj (.data:_ftable)
                  20000d98    000000d0                                   : lowlev.obj (.data:$O1$$)
                  20000e68    00000030     msp432p4xx_driverlib.lib : gpio.o (.data:GPIO_PORT_TO_BASE)
                  20000e98    00000010     rtsv7M4_T_le_v4SPD16_eabi.lib : defs.obj (.data)
                  20000ea8    0000000c                                   : exit.obj (.data:$O1$$)
                  20000eb4    0000000c                                   : memory.obj (.data:$O1$$)
                  20000ec0    0000000c     delay.obj (.data)
                  20000ecc    00000008     rtsv7M4_T_le_v4SPD16_eabi.lib : _lock.obj (.data:$O1$$)
                  20000ed4    00000004     UART_interface.obj (.data)
                  20000ed8    00000004     rtsv7M4_T_le_v4SPD16_eabi.lib : errno.obj (.data)
                  20000edc    00000004                                   : fopen.obj (.data)
                  20000ee0    00000004                                   : stkdepth_vars.obj (.data)
                  20000ee4    00000004     system_msp432p401r.obj (.data)
                  20000ee8    00000003     velapulsar_mac.obj (.data)
                  20000eeb    00000002     comms_interface.obj (.data)
                  20000eed    00000001     Sniffer_main.obj (.data)
                  20000eee    00000001     velapulsar.obj (.data)

.stack     0    2000fe00    00000200     UNINITIALIZED
                  2000fe00    00000200     --HOLE--

MODULE SUMMARY

       Module                        code    ro data   rw data
       ------                        ----    -------   -------
    .\
       system_msp432p401r.obj        484     0         8      
       startup_msp432p401r_ccs.obj   52      320       0      
       Sniffer_main.obj              64      0         18     
    +--+-----------------------------+-------+---------+---------+
       Total:                        600     320       26     
                                                              
    .\Libraries\Mac\
       velapulsar_mac.obj            1028    0         174    
    +--+-----------------------------+-------+---------+---------+
       Total:                        1028    0         174    
                                                              
    .\Libraries\Nwk\
       velapulsar_nwk.obj            312     0         48     
    +--+-----------------------------+-------+---------+---------+
       Total:                        312     0         48     
                                                              
    .\Libraries\RF95\
       rf95.obj                      2560    0         608    
       delay.obj                     172     0         24     
       spi_interface.obj             40      28        0      
    +--+-----------------------------+-------+---------+---------+
       Total:                        2772    28        632    
                                                              
    .\Libraries\UART\
       UART_interface.obj            492     36        528    
    +--+-----------------------------+-------+---------+---------+
       Total:                        492     36        528    
                                                              
    .\Libraries\Velapulsar\
       velapulsar.obj                796     0         58     
       comms_interface.obj           460     0         44     
       sensor_interface.obj          448     0         0      
    +--+-----------------------------+-------+---------+---------+
       Total:                        1704    0         102    
                                                              
    C:/ti/msp/msp432ware__3.50.00.02/driverlib/driverlib/MSP432P4xx/ccs/msp432p4xx_driverlib.lib
       rtc_c.o                       524     0         0      
       cs.o                          492     0         16     
       gpio.o                        276     0         96     
       spi.o                         312     0         0      
       interrupt.o                   116     64        0      
       sysctl.o                      44      0         0      
       cpu.o                         12      0         0      
    +--+-----------------------------+-------+---------+---------+
       Total:                        1776    64        112    
                                                              
    C:\ti\ccsv7\tools\compiler\ti-cgt-arm_16.9.1.LTS\lib\rtsv7M4_T_le_v4SPD16_eabi.lib
       _printfi.obj                  4414    0         0      
       lowlev.obj                    780     0         416    
       memory.obj                    976     0         24     
       defs.obj                      0       0         832    
       trgdrv.obj                    804     0         16     
       trgmsg.obj                    104     0         576    
       ull_div_t2.obj                500     0         0      
       fopen.obj                     452     0         8      
       fd_add_t2.obj                 438     0         0      
       fd_div_t2.obj                 310     0         0      
       fputs.obj                     308     0         0      
       fd_cmp_t2.obj                 268     0         0      
       ctype.obj                     0       257       0      
       fd_mul_t2.obj                 252     0         0      
       s_scalbn.obj                  252     0         0      
       s_ceil.obj                    248     0         0      
       s_floor.obj                   248     0         0      
       setvbuf.obj                   220     0         0      
       fflush.obj                    200     0         0      
       _io_perm.obj                  172     0         0      
       memcpy_t2.obj                 156     0         0      
       fclose.obj                    152     0         0      
       fputc.obj                     152     0         0      
       memset_t2.obj                 122     0         0      
       autoinit.obj                  112     0         0      
       printf.obj                    112     0         0      
       exit.obj                      84      0         24     
       copy_decompress_lzss.obj      104     0         0      
       fseek.obj                     100     0         0      
       s_frexp.obj                   100     0         0      
       sprintf.obj                   96      0         0      
       boot.obj                      84      0         0      
       ltoa.obj                      84      0         0      
       atoi.obj                      76      0         0      
       cpy_tbl.obj                   76      0         0      
       fd_toi_t2.obj                 72      0         0      
       fd_tou_t2.obj                 68      0         0      
       strncpy.obj                   54      0         0      
       i_tofd_t2.obj                 46      0         0      
       _lock.obj                     20      0         16     
       memchr.obj                    32      0         0      
       u_tofd_t2.obj                 32      0         0      
       memccpy.obj                   28      0         0      
       args_main.obj                 24      0         0      
       strcmp.obj                    24      0         0      
       strchr.obj                    22      0         0      
       s_copysign.obj                20      0         0      
       strcpy.obj                    20      0         0      
       strlen.obj                    20      0         0      
       copy_decompress_none.obj      14      0         0      
       copy_zero_init.obj            12      0         0      
       errno.obj                     0       0         8      
       stkdepth_vars.obj             0       0         8      
       mpu_init.obj                  2       0         0      
       startup.obj                   2       0         0      
    +--+-----------------------------+-------+---------+---------+
       Total:                        13068   257       1928   
                                                              
       Heap:                         0       0         4096   
       Stack:                        0       0         1024   
       Linker Generated:             0       194       0      
    +--+-----------------------------+-------+---------+---------+
       Grand Total:                  21752   899       8670   


LINKER GENERATED COPY TABLES

__TI_cinit_table @ 00005880 records: 2, size/record: 8, table size: 16
	.data: load addr=000057c8, load size=0000009e bytes, run addr=20000ca8, run size=00000247 bytes, compression=lzss
	.bss: load addr=00005878, load size=00000008 bytes, run addr=20000800, run size=000004a8 bytes, compression=zero_init


LINKER GENERATED HANDLER TABLE

__TI_handler_table @ 00005868 records: 3, size/record: 4, table size: 12
	index: 0, handler: __TI_decompress_lzss
	index: 1, handler: __TI_decompress_none
	index: 2, handler: __TI_zero_init


GLOBAL SYMBOLS: SORTED ALPHABETICALLY BY Name 

address   name                                      
-------   ----                                      
00003825  ADC14_IRQHandler                          
00004ec9  C$$EXIT                                   
00004bef  C$$IO$$                                   
000055e7  CPU_cpsie                                 
00005345  CS_setDCOCenteredFrequency                
0000551d  CS_setExternalClockSourceFrequency        
00005625  CS_startHFXT                              
000044f5  CS_startHFXTWithTimeout                   
0000562b  CS_startLFXT                              
00004591  CS_startLFXTWithTimeout                   
0000344f  CommsInit                                 
00003415  CommsSend                                 
0000338d  CommsStartContinuousRx                    
000055f3  EUSCI_A_SPI_enable                        
00005631  EUSCI_A_SPI_receiveData                   
0000563d  EUSCI_A_SPI_transmitData                  
000055ff  EUSCI_B_SPI_enable                        
00005637  EUSCI_B_SPI_receiveData                   
00005641  EUSCI_B_SPI_transmitData                  
000054a5  GPIO_getInputPinValue                     
000053d5  GPIO_interruptEdgeSelect                  
00005261  GPIO_setAsInputPinWithPullDownResistor    
00005369  GPIO_setAsOutputPin                       
00005059  GPIO_setAsPeripheralModuleFunctionInputPin
00005531  GPIO_setOutputHighOnPin                   
000054bd  GPIO_setOutputLowOnPin                    
00005545  GPIO_toggleOutputOnPin                    
00003811  Get_Claw                                  
00003801  Get_Light                                 
000037fb  Get_Magnetic                              
0000272f  HOSTclock                                 
000026f7  HOSTclose                                 
000026b9  HOSTgetenv                                
0000265d  HOSTlseek                                 
0000260b  HOSTopen                                  
000025bf  HOSTread                                  
00002561  HOSTrename                                
00002527  HOSTtime                                  
000024d9  HOSTtime64                                
000024a1  HOSTunlink                                
00002455  HOSTwrite                                 
000037e7  Init_Claw                                 
000036f5  Init_LightandMagnetic                     
000037ef  Init_Sensors                              
000043d5  Init_SysTick                              
00004c29  Interrupt_enableInterrupt                 
000055a9  Interrupt_enableMaster                    
00001a79  PORT2_IRQHandler                          
20000c90  PktReceived                               
00001875  RFCheckRfFrequency                        
000018df  RFGetStatus                               
000019dd  RFGetSymbolTime                           
0000172b  RFGetTimeOnAir                            
000018e9  RFInit                                    
0000187d  RFInitModem                               
00001931  RFIrqInit                                 
00001701  RFIsChannelFree                           
000016cb  RFRandom                                  
00001333  RFRead                                    
00001679  RFReadBuffer                              
00001651  RFReadRssi                                
00001621  RFReset                                   
000015e5  RFSend                                    
00001373  RFSetChannel                              
0000130b  RFSetOpMode                               
0000159d  RFSetRx                                   
000014e1  RFSetRxConfig                             
000014d1  RFSetSleep                                
000014c1  RFSetStby                                 
0000149d  RFSetTx                                   
00001395  RFSetTxConfig                             
00001313  RFStartCad                                
000012d7  RFWrite                                   
00001281  RFWriteBuffer                             
000012cb  RFWriteFifo                               
00002a03  RTC_AlarmHandler                          
00004f71  RTC_C_clearInterruptFlag                  
00005175  RTC_C_enableInterrupt                     
00004c8d  RTC_C_getCalendarTime                     
000050a1  RTC_C_getEnabledInterruptStatus           
000052f1  RTC_C_getInterruptStatus                  
00004e19  RTC_C_initCalendar                        
0000538d  RTC_C_setCalendarAlarm                    
000053b1  RTC_C_startClock                          
00003365  ReceivedCmd                               
000051df  ReceivedPkt                               
UNDEFED   SHT$$INIT_ARRAY$$Base                     
UNDEFED   SHT$$INIT_ARRAY$$Limit                    
00005471  SPI_enableModule                          
000047f9  SPI_initMaster                            
0000548b  SPI_receiveData                           
000053f5  SPI_transmitData                          
00001d5f  SendAck                                   
000055b9  SysCtl_disableNMISource                   
000055c9  SysCtl_enableNMISource                    
0000560d  SysCtl_getNMISourceStatus                 
000043bb  SysTick_Handler                           
20000ee4  SystemCoreClock                           
000031d3  SystemCoreClockUpdate                     
00003181  SystemInit                                
000030cd  UARTA0_Handler                            
20000a20  UARTBuffer                                
00003057  UARTSend                                  
00002ff3  UARTSendRssi                              
00002f95  UARTinit                                  
20000c94  UARTrx                                    
00001d2b  VelaMacInitialization                     
00001c81  VelaMacSend                               
00003aa9  VelaNwkInitialization                     
00003a6d  VelaNwkSend                               
4000480c  WDTCTL_SYM                                
20000800  __CIOBUF_                                 
20010000  __STACK_END                               
00000200  __STACK_SIZE                              
00000800  __SYSMEM_SIZE                             
00005880  __TI_CINIT_Base                           
00005890  __TI_CINIT_Limit                          
00005868  __TI_Handler_Table_Base                   
00005874  __TI_Handler_Table_Limit                  
00004a79  __TI_auto_init                            
000035f9  __TI_cleanup                              
20000ea8  __TI_cleanup_ptr                          
000046c9  __TI_closefile                            
00004b59  __TI_decompress_lzss                      
000055d9  __TI_decompress_none                      
000042d5  __TI_doflush                              
20000eac  __TI_dtors_ptr                            
20000eb0  __TI_enable_exit_profile_output           
20000e98  __TI_ft_end                               
ffffffff  __TI_pprof_out_hndl                       
00000985  __TI_printfi                              
ffffffff  __TI_prof_data_size                       
ffffffff  __TI_prof_data_start                      
000044ab  __TI_rd_ok                                
00004bf3  __TI_readmsg                              
00000000  __TI_static_base__                        
20000b20  __TI_tmpnams                              
00004bc1  __TI_writemsg                             
00004449  __TI_wrt_ok                               
00005619  __TI_zero_init                            
00004881  __aeabi_cdcmpeq                           
00004881  __aeabi_cdcmple                           
00004907  __aeabi_cdrcmple                          
000050e9  __aeabi_d2iz                              
00005131  __aeabi_d2uiz                             
000038bf  __aeabi_dadd                              
00003ba5  __aeabi_ddiv                              
00003e11  __aeabi_dmul                              
000038b5  __aeabi_dsub                              
000052c1  __aeabi_i2d                               
0000498d  __aeabi_memclr                            
0000498d  __aeabi_memclr4                           
0000498d  __aeabi_memclr8                           
0000462d  __aeabi_memcpy                            
0000462d  __aeabi_memcpy4                           
0000462d  __aeabi_memcpy8                           
0000498f  __aeabi_memset                            
0000498f  __aeabi_memset4                           
0000498f  __aeabi_memset8                           
20000ea4  __aeabi_stderr                            
20000e9c  __aeabi_stdin                             
20000ea0  __aeabi_stdout                            
00005435  __aeabi_ui2d                              
00002da1  __aeabi_uldivmod                          
ffffffff  __binit__                                 
ffffffff  __c_args__                                
0000127f  __mpu_init                                
2000fe00  __stack                                   
000054d5  _args_main                                
00004e75  _c_int00                                  
00005644  _ctypes_                                  
20000ca8  _ftable                                   
20000ec4  _hTime                                    
20000ecc  _lock                                     
20000ec3  _mTime                                    
20000ec0  _msTime                                   
00005567  _nop                                      
0000555f  _register_lock                            
00005559  _register_unlock                          
20000ec2  _sTime                                    
20000000  _sys_memory                               
00003a6b  _system_post_cinit                        
000051d3  _system_pre_init                          
20000ec8  _totalms                                  
20000ed0  _unlock                                   
00004ecd  abort                                     
00002cf5  add_device                                
00004fc1  atoi                                      
20000eee  awake                                     
ffffffff  binit                                     
00002425  calloc                                    
00004009  ceil                                      
00004009  ceill                                     
00002ca5  close                                     
0000500d  copy_in                                   
0000556d  copysign                                  
0000556d  copysignl                                 
000029e3  debug_print_pkt                           
000043a3  delay_ms                                  
20000ed8  errno                                     
00004ed5  exit                                      
0000472f  fclose                                    
00004321  fflush                                    
00004101  floor                                     
00004101  floorl                                    
0000364f  fopen                                     
00004761  fputc                                     
00003cdd  fputs                                     
0000216f  free                                      
00003625  freopen                                   
00004d55  frexp                                     
00004d55  frexpl                                    
00004cf1  fseek                                     
0000439d  getTotal_ms                               
00002779  initCalendar                              
0000296b  initClocks                                
000027bb  initPeripherals                           
000027af  initPorts                                 
0000531d  initSPI                                   
00000000  interruptVectors                          
20000c7e  lastLight                                 
20000c86  lastMagnetic                              
00003f0d  ldexp                                     
00003f0d  ldexpl                                    
00002c81  lseek                                     
00004f1d  ltoa                                      
000051b5  main                                      
20000ee0  main_func_sp                              
00002105  malloc                                    
00002339  memalign                                  
00005455  memccpy                                   
00005415  memchr                                    
0000462d  memcpy                                    
00004995  memset                                    
00002085  minit                                     
20000ee8  numOfFailed                               
00002bd3  open                                      
20000ca0  pktID                                     
00004af1  printf                                    
00004761  putc                                      
000047e5  putchar                                   
00003de9  puts                                      
00002baf  read                                      
00002231  realloc                                   
00002b25  remove                                    
00002b87  remove_device                             
00002b49  rename                                    
20000ed4  rxAvailable                               
20000c24  rxPkt                                     
20000ca2  rxRssi                                    
20000ca4  rxSize                                    
20000c85  rxSnr                                     
00003f0d  scalbn                                    
00003f0d  scalbnl                                   
000041f9  setvbuf                                   
000027ed  sleepFor                                  
000057ac  spiMasterConfig                           
00004db9  sprintf                                   
00005505  strchr                                    
000054ed  strcmp                                    
00005581  strcpy                                    
00005595  strlen                                    
000051f5  strncpy                                   
20000c39  txPkt                                     
20000ca6  txSize                                    
00005788  uartConfig                                
00002b25  unlink                                    
20000ee9  waitForAck                                
00002a95  write                                     


GLOBAL SYMBOLS: SORTED BY Symbol Address 

address   name                                      
-------   ----                                      
00000000  __TI_static_base__                        
00000000  interruptVectors                          
00000200  __STACK_SIZE                              
00000800  __SYSMEM_SIZE                             
00000985  __TI_printfi                              
0000127f  __mpu_init                                
00001281  RFWriteBuffer                             
000012cb  RFWriteFifo                               
000012d7  RFWrite                                   
0000130b  RFSetOpMode                               
00001313  RFStartCad                                
00001333  RFRead                                    
00001373  RFSetChannel                              
00001395  RFSetTxConfig                             
0000149d  RFSetTx                                   
000014c1  RFSetStby                                 
000014d1  RFSetSleep                                
000014e1  RFSetRxConfig                             
0000159d  RFSetRx                                   
000015e5  RFSend                                    
00001621  RFReset                                   
00001651  RFReadRssi                                
00001679  RFReadBuffer                              
000016cb  RFRandom                                  
00001701  RFIsChannelFree                           
0000172b  RFGetTimeOnAir                            
00001875  RFCheckRfFrequency                        
0000187d  RFInitModem                               
000018df  RFGetStatus                               
000018e9  RFInit                                    
00001931  RFIrqInit                                 
000019dd  RFGetSymbolTime                           
00001a79  PORT2_IRQHandler                          
00001c81  VelaMacSend                               
00001d2b  VelaMacInitialization                     
00001d5f  SendAck                                   
00002085  minit                                     
00002105  malloc                                    
0000216f  free                                      
00002231  realloc                                   
00002339  memalign                                  
00002425  calloc                                    
00002455  HOSTwrite                                 
000024a1  HOSTunlink                                
000024d9  HOSTtime64                                
00002527  HOSTtime                                  
00002561  HOSTrename                                
000025bf  HOSTread                                  
0000260b  HOSTopen                                  
0000265d  HOSTlseek                                 
000026b9  HOSTgetenv                                
000026f7  HOSTclose                                 
0000272f  HOSTclock                                 
00002779  initCalendar                              
000027af  initPorts                                 
000027bb  initPeripherals                           
000027ed  sleepFor                                  
0000296b  initClocks                                
000029e3  debug_print_pkt                           
00002a03  RTC_AlarmHandler                          
00002a95  write                                     
00002b25  remove                                    
00002b25  unlink                                    
00002b49  rename                                    
00002b87  remove_device                             
00002baf  read                                      
00002bd3  open                                      
00002c81  lseek                                     
00002ca5  close                                     
00002cf5  add_device                                
00002da1  __aeabi_uldivmod                          
00002f95  UARTinit                                  
00002ff3  UARTSendRssi                              
00003057  UARTSend                                  
000030cd  UARTA0_Handler                            
00003181  SystemInit                                
000031d3  SystemCoreClockUpdate                     
00003365  ReceivedCmd                               
0000338d  CommsStartContinuousRx                    
00003415  CommsSend                                 
0000344f  CommsInit                                 
000035f9  __TI_cleanup                              
00003625  freopen                                   
0000364f  fopen                                     
000036f5  Init_LightandMagnetic                     
000037e7  Init_Claw                                 
000037ef  Init_Sensors                              
000037fb  Get_Magnetic                              
00003801  Get_Light                                 
00003811  Get_Claw                                  
00003825  ADC14_IRQHandler                          
000038b5  __aeabi_dsub                              
000038bf  __aeabi_dadd                              
00003a6b  _system_post_cinit                        
00003a6d  VelaNwkSend                               
00003aa9  VelaNwkInitialization                     
00003ba5  __aeabi_ddiv                              
00003cdd  fputs                                     
00003de9  puts                                      
00003e11  __aeabi_dmul                              
00003f0d  ldexp                                     
00003f0d  ldexpl                                    
00003f0d  scalbn                                    
00003f0d  scalbnl                                   
00004009  ceil                                      
00004009  ceill                                     
00004101  floor                                     
00004101  floorl                                    
000041f9  setvbuf                                   
000042d5  __TI_doflush                              
00004321  fflush                                    
0000439d  getTotal_ms                               
000043a3  delay_ms                                  
000043bb  SysTick_Handler                           
000043d5  Init_SysTick                              
00004449  __TI_wrt_ok                               
000044ab  __TI_rd_ok                                
000044f5  CS_startHFXTWithTimeout                   
00004591  CS_startLFXTWithTimeout                   
0000462d  __aeabi_memcpy                            
0000462d  __aeabi_memcpy4                           
0000462d  __aeabi_memcpy8                           
0000462d  memcpy                                    
000046c9  __TI_closefile                            
0000472f  fclose                                    
00004761  fputc                                     
00004761  putc                                      
000047e5  putchar                                   
000047f9  SPI_initMaster                            
00004881  __aeabi_cdcmpeq                           
00004881  __aeabi_cdcmple                           
00004907  __aeabi_cdrcmple                          
0000498d  __aeabi_memclr                            
0000498d  __aeabi_memclr4                           
0000498d  __aeabi_memclr8                           
0000498f  __aeabi_memset                            
0000498f  __aeabi_memset4                           
0000498f  __aeabi_memset8                           
00004995  memset                                    
00004a79  __TI_auto_init                            
00004af1  printf                                    
00004b59  __TI_decompress_lzss                      
00004bc1  __TI_writemsg                             
00004bef  C$$IO$$                                   
00004bf3  __TI_readmsg                              
00004c29  Interrupt_enableInterrupt                 
00004c8d  RTC_C_getCalendarTime                     
00004cf1  fseek                                     
00004d55  frexp                                     
00004d55  frexpl                                    
00004db9  sprintf                                   
00004e19  RTC_C_initCalendar                        
00004e75  _c_int00                                  
00004ec9  C$$EXIT                                   
00004ecd  abort                                     
00004ed5  exit                                      
00004f1d  ltoa                                      
00004f71  RTC_C_clearInterruptFlag                  
00004fc1  atoi                                      
0000500d  copy_in                                   
00005059  GPIO_setAsPeripheralModuleFunctionInputPin
000050a1  RTC_C_getEnabledInterruptStatus           
000050e9  __aeabi_d2iz                              
00005131  __aeabi_d2uiz                             
00005175  RTC_C_enableInterrupt                     
000051b5  main                                      
000051d3  _system_pre_init                          
000051df  ReceivedPkt                               
000051f5  strncpy                                   
00005261  GPIO_setAsInputPinWithPullDownResistor    
000052c1  __aeabi_i2d                               
000052f1  RTC_C_getInterruptStatus                  
0000531d  initSPI                                   
00005345  CS_setDCOCenteredFrequency                
00005369  GPIO_setAsOutputPin                       
0000538d  RTC_C_setCalendarAlarm                    
000053b1  RTC_C_startClock                          
000053d5  GPIO_interruptEdgeSelect                  
000053f5  SPI_transmitData                          
00005415  memchr                                    
00005435  __aeabi_ui2d                              
00005455  memccpy                                   
00005471  SPI_enableModule                          
0000548b  SPI_receiveData                           
000054a5  GPIO_getInputPinValue                     
000054bd  GPIO_setOutputLowOnPin                    
000054d5  _args_main                                
000054ed  strcmp                                    
00005505  strchr                                    
0000551d  CS_setExternalClockSourceFrequency        
00005531  GPIO_setOutputHighOnPin                   
00005545  GPIO_toggleOutputOnPin                    
00005559  _register_unlock                          
0000555f  _register_lock                            
00005567  _nop                                      
0000556d  copysign                                  
0000556d  copysignl                                 
00005581  strcpy                                    
00005595  strlen                                    
000055a9  Interrupt_enableMaster                    
000055b9  SysCtl_disableNMISource                   
000055c9  SysCtl_enableNMISource                    
000055d9  __TI_decompress_none                      
000055e7  CPU_cpsie                                 
000055f3  EUSCI_A_SPI_enable                        
000055ff  EUSCI_B_SPI_enable                        
0000560d  SysCtl_getNMISourceStatus                 
00005619  __TI_zero_init                            
00005625  CS_startHFXT                              
0000562b  CS_startLFXT                              
00005631  EUSCI_A_SPI_receiveData                   
00005637  EUSCI_B_SPI_receiveData                   
0000563d  EUSCI_A_SPI_transmitData                  
00005641  EUSCI_B_SPI_transmitData                  
00005644  _ctypes_                                  
00005788  uartConfig                                
000057ac  spiMasterConfig                           
00005868  __TI_Handler_Table_Base                   
00005874  __TI_Handler_Table_Limit                  
00005880  __TI_CINIT_Base                           
00005890  __TI_CINIT_Limit                          
20000000  _sys_memory                               
20000800  __CIOBUF_                                 
20000a20  UARTBuffer                                
20000b20  __TI_tmpnams                              
20000c24  rxPkt                                     
20000c39  txPkt                                     
20000c7e  lastLight                                 
20000c85  rxSnr                                     
20000c86  lastMagnetic                              
20000c90  PktReceived                               
20000c94  UARTrx                                    
20000ca0  pktID                                     
20000ca2  rxRssi                                    
20000ca4  rxSize                                    
20000ca6  txSize                                    
20000ca8  _ftable                                   
20000e98  __TI_ft_end                               
20000e9c  __aeabi_stdin                             
20000ea0  __aeabi_stdout                            
20000ea4  __aeabi_stderr                            
20000ea8  __TI_cleanup_ptr                          
20000eac  __TI_dtors_ptr                            
20000eb0  __TI_enable_exit_profile_output           
20000ec0  _msTime                                   
20000ec2  _sTime                                    
20000ec3  _mTime                                    
20000ec4  _hTime                                    
20000ec8  _totalms                                  
20000ecc  _lock                                     
20000ed0  _unlock                                   
20000ed4  rxAvailable                               
20000ed8  errno                                     
20000ee0  main_func_sp                              
20000ee4  SystemCoreClock                           
20000ee8  numOfFailed                               
20000ee9  waitForAck                                
20000eee  awake                                     
2000fe00  __stack                                   
20010000  __STACK_END                               
4000480c  WDTCTL_SYM                                
ffffffff  __TI_pprof_out_hndl                       
ffffffff  __TI_prof_data_size                       
ffffffff  __TI_prof_data_start                      
ffffffff  __binit__                                 
ffffffff  __c_args__                                
ffffffff  binit                                     
UNDEFED   SHT$$INIT_ARRAY$$Base                     
UNDEFED   SHT$$INIT_ARRAY$$Limit                    

[269 symbols]
