******************************************************************************
                  TI ARM Linker PC v15.12.3                    
******************************************************************************
>> Linked Wed Jun 07 16:15:32 2017

OUTPUT FILE NAME:   <Velapulsar.out>
ENTRY POINT SYMBOL: "_c_int00"  address: 00004e4d


MEMORY CONFIGURATION

         name            origin    length      used     unused   attr    fill
----------------------  --------  ---------  --------  --------  ----  --------
  MAIN                  00000000   00040000  0000581e  0003a7e2  R  X
  INFO                  00200000   00004000  00000000  00004000  R  X
  SRAM_CODE             01000000   00010000  000010ef  0000ef11  RW X
  SRAM_DATA             20000000   00010000  000010ef  0000ef11  RW  


SEGMENT ALLOCATION MAP

run origin  load origin   length   init length attrs members
----------  ----------- ---------- ----------- ----- -------
00000000    00000000    00005824   00005824    r-x
  00000000    00000000    00000140   00000140    r-- .intvecs
  00000140    00000140    0000547e   0000547e    r-x .text
  000055c0    000055c0    00000184   00000184    r-- .const
  00005748    00005748    000000dc   000000dc    r-- .cinit
20000000    20000000    00000eef   00000000    rw-
  20000000    20000000    00000800   00000000    rw- .sysmem
  20000800    20000800    000004a8   00000000    rw- .bss
  20000ca8    20000ca8    00000247   00000000    rw- .data
2000fe00    2000fe00    00000200   00000000    rw-
  2000fe00    2000fe00    00000200   00000000    rw- .stack


SECTION ALLOCATION MAP

 output                                  attributes/
section   page    origin      length       input sections
--------  ----  ----------  ----------   ----------------
.intvecs   0    00000000    00000140     
                  00000000    00000140     startup_msp432p401r_ccs.obj (.intvecs:retain)

.binit     0    00000000    00000000     

.text      0    00000140    0000547e     
                  00000140    00001110     rtsv7M4_T_le_v4SPD16_eabi.lib : _printfi.obj (.text)
                  00001250    00000994     rf95.obj (.text)
                  00001be4    00000404     velapulsar_mac.obj (.text)
                  00001fe8    000003dc     rtsv7M4_T_le_v4SPD16_eabi.lib : memory.obj (.text)
                  000023c4    00000324                                   : trgdrv.obj (.text)
                  000026e8    0000031c     velapulsar.obj (.text)
                  00002a04    0000030c     rtsv7M4_T_le_v4SPD16_eabi.lib : lowlev.obj (.text)
                  00002d10    000001f8     UART_interface.obj (.text)
                  00002f08    000001f4     rtsv7M4_T_le_v4SPD16_eabi.lib : ull_div_t2.obj (.text)
                  000030fc    000001e4     system_msp432p401r.obj (.text)
                  000032e0    000001cc     comms_interface.obj (.text)
                  000034ac    000001c4     rtsv7M4_T_le_v4SPD16_eabi.lib : fopen.obj (.text)
                  00003670    000001c0     sensor_interface.obj (.text)
                  00003830    000001b6     rtsv7M4_T_le_v4SPD16_eabi.lib : fd_add_t2.obj (.text)
                  000039e6    00000002                                   : mpu_init.obj (.text)
                  000039e8    00000138     velapulsar_nwk.obj (.text)
                  00003b20    00000136     rtsv7M4_T_le_v4SPD16_eabi.lib : fd_div_t2.obj (.text)
                  00003c56    00000002                                   : startup.obj (.text)
                  00003c58    00000134                                   : fputs.obj (.text)
                  00003d8c    000000fc                                   : fd_mul_t2.obj (.text)
                  00003e88    000000fc                                   : s_scalbn.obj (.text)
                  00003f84    000000f8                                   : s_ceil.obj (.text)
                  0000407c    000000f8                                   : s_floor.obj (.text)
                  00004174    000000dc                                   : setvbuf.obj (.text)
                  00004250    000000c8                                   : fflush.obj (.text)
                  00004318    000000ac     delay.obj (.text)
                  000043c4    000000ac     rtsv7M4_T_le_v4SPD16_eabi.lib : _io_perm.obj (.text)
                  00004470    0000009c     msp432p4xx_driverlib.lib : cs.o (.text:CS_startHFXTWithTimeout)
                  0000450c    0000009c                              : cs.o (.text:CS_startLFXTWithTimeout)
                  000045a8    0000009c     rtsv7M4_T_le_v4SPD16_eabi.lib : memcpy_t2.obj (.text)
                  00004644    00000098                                   : fclose.obj (.text)
                  000046dc    00000098                                   : fputc.obj (.text)
                  00004774    00000088     msp432p4xx_driverlib.lib : spi.o (.text:SPI_initMaster)
                  000047fc    00000086     rtsv7M4_T_le_v4SPD16_eabi.lib : fd_cmp_t2.obj (.text:__aeabi_cdcmple)
                  00004882    00000086                                   : fd_cmp_t2.obj (.text:__aeabi_cdrcmple)
                  00004908    0000007a                                   : memset_t2.obj (.text)
                  00004982    00000002     --HOLE-- [fill = 0]
                  00004984    00000070     msp432p4xx_driverlib.lib : cs.o (.text:_CSGetHFXTFrequency)
                  000049f4    00000070     rtsv7M4_T_le_v4SPD16_eabi.lib : autoinit.obj (.text)
                  00004a64    00000070                                   : printf.obj (.text)
                  00004ad4    0000006a                                   : copy_decompress_rle.obj (.text)
                  00004b3e    00000002     --HOLE-- [fill = 0]
                  00004b40    00000068                                   : trgmsg.obj (.text)
                  00004ba8    00000064     msp432p4xx_driverlib.lib : interrupt.o (.text:Interrupt_enableInterrupt)
                  00004c0c    00000064                              : rtc_c.o (.text:RTC_C_getCalendarTime)
                  00004c70    00000064     rtsv7M4_T_le_v4SPD16_eabi.lib : fseek.obj (.text)
                  00004cd4    00000064                                   : s_frexp.obj (.text)
                  00004d38    00000060                                   : sprintf.obj (.text)
                  00004d98    0000005c     msp432p4xx_driverlib.lib : rtc_c.o (.text:RTC_C_initCalendar)
                  00004df4    00000056     rtsv7M4_T_le_v4SPD16_eabi.lib : ltoa.obj (.text)
                  00004e4a    00000002     --HOLE-- [fill = 0]
                  00004e4c    00000054                                   : boot.obj (.text)
                  00004ea0    00000054                                   : exit.obj (.text)
                  00004ef4    00000050     msp432p4xx_driverlib.lib : rtc_c.o (.text:RTC_C_clearInterruptFlag)
                  00004f44    0000004c     rtsv7M4_T_le_v4SPD16_eabi.lib : atoi.obj (.text)
                  00004f90    0000004c                                   : cpy_tbl.obj (.text)
                  00004fdc    00000048     msp432p4xx_driverlib.lib : gpio.o (.text:GPIO_setAsPeripheralModuleFunctionInputPin)
                  00005024    00000048                              : rtc_c.o (.text:RTC_C_getEnabledInterruptStatus)
                  0000506c    00000048     rtsv7M4_T_le_v4SPD16_eabi.lib : fd_toi_t2.obj (.text)
                  000050b4    00000044     Sniffer_main.obj (.text)
                  000050f8    00000044     rtsv7M4_T_le_v4SPD16_eabi.lib : fd_tou_t2.obj (.text)
                  0000513c    00000040     msp432p4xx_driverlib.lib : rtc_c.o (.text:RTC_C_enableInterrupt)
                  0000517c    00000034     startup_msp432p401r_ccs.obj (.text)
                  000051b0    00000030     msp432p4xx_driverlib.lib : gpio.o (.text:GPIO_setAsInputPinWithPullDownResistor)
                  000051e0    00000030                              : spi.o (.text:is_A_Module)
                  00005210    00000030     rtsv7M4_T_le_v4SPD16_eabi.lib : strncpy.obj (.text)
                  00005240    0000002e                                   : i_tofd_t2.obj (.text)
                  0000526e    00000002     --HOLE-- [fill = 0]
                  00005270    0000002c     msp432p4xx_driverlib.lib : rtc_c.o (.text:RTC_C_getInterruptStatus)
                  0000529c    00000028     spi_interface.obj (.text)
                  000052c4    00000024     msp432p4xx_driverlib.lib : cs.o (.text:CS_setDCOCenteredFrequency)
                  000052e8    00000024                              : gpio.o (.text:GPIO_setAsOutputPin)
                  0000530c    00000024                              : rtc_c.o (.text:RTC_C_setCalendarAlarm)
                  00005330    00000024                              : rtc_c.o (.text:RTC_C_startClock)
                  00005354    00000020                              : gpio.o (.text:GPIO_interruptEdgeSelect)
                  00005374    00000020                              : spi.o (.text:SPI_transmitData)
                  00005394    00000020     rtsv7M4_T_le_v4SPD16_eabi.lib : memchr.obj (.text)
                  000053b4    00000020                                   : u_tofd_t2.obj (.text)
                  000053d4    0000001c                                   : memccpy.obj (.text)
                  000053f0    0000001a     msp432p4xx_driverlib.lib : spi.o (.text:SPI_enableModule)
                  0000540a    0000001a                              : spi.o (.text:SPI_receiveData)
                  00005424    00000018                              : gpio.o (.text:GPIO_getInputPinValue)
                  0000543c    00000018                              : gpio.o (.text:GPIO_setOutputLowOnPin)
                  00005454    00000018     rtsv7M4_T_le_v4SPD16_eabi.lib : args_main.obj (.text)
                  0000546c    00000018                                   : strcmp.obj (.text)
                  00005484    00000016                                   : strchr.obj (.text)
                  0000549a    00000002     --HOLE-- [fill = 0]
                  0000549c    00000014     msp432p4xx_driverlib.lib : cs.o (.text:CS_setExternalClockSourceFrequency)
                  000054b0    00000014                              : gpio.o (.text:GPIO_setOutputHighOnPin)
                  000054c4    00000014                              : gpio.o (.text:GPIO_toggleOutputOnPin)
                  000054d8    00000014     rtsv7M4_T_le_v4SPD16_eabi.lib : _lock.obj (.text)
                  000054ec    00000014                                   : s_copysign.obj (.text)
                  00005500    00000014                                   : strcpy.obj (.text)
                  00005514    00000014                                   : strlen.obj (.text)
                  00005528    00000010     msp432p4xx_driverlib.lib : interrupt.o (.text:Interrupt_enableMaster)
                  00005538    00000010                              : sysctl.o (.text:SysCtl_disableNMISource)
                  00005548    00000010                              : sysctl.o (.text:SysCtl_enableNMISource)
                  00005558    0000000e     rtsv7M4_T_le_v4SPD16_eabi.lib : copy_decompress_none.obj (.text:decompress:none)
                  00005566    0000000c     msp432p4xx_driverlib.lib : cpu.o (.text:CPU_cpsie)
                  00005572    0000000c                              : spi.o (.text:EUSCI_A_SPI_enable)
                  0000557e    0000000c                              : spi.o (.text:EUSCI_B_SPI_enable)
                  0000558a    00000002     --HOLE-- [fill = 0]
                  0000558c    0000000c                              : sysctl.o (.text:SysCtl_getNMISourceStatus)
                  00005598    00000006                              : cs.o (.text:CS_startHFXT)
                  0000559e    00000006                              : cs.o (.text:CS_startLFXT)
                  000055a4    00000006                              : spi.o (.text:EUSCI_A_SPI_receiveData)
                  000055aa    00000006                              : spi.o (.text:EUSCI_B_SPI_receiveData)
                  000055b0    00000006     rtsv7M4_T_le_v4SPD16_eabi.lib : copy_decompress_rle.obj (.text:decompress:rle24)
                  000055b6    00000004     msp432p4xx_driverlib.lib : spi.o (.text:EUSCI_A_SPI_transmitData)
                  000055ba    00000004                              : spi.o (.text:EUSCI_B_SPI_transmitData)

.const     0    000055c0    00000184     
                  000055c0    00000101     rtsv7M4_T_le_v4SPD16_eabi.lib : ctype.obj (.const:.string:_ctypes_)
                  000056c1    00000003     --HOLE-- [fill = 0]
                  000056c4    00000040     msp432p4xx_driverlib.lib : interrupt.o (.const)
                  00005704    00000024     UART_interface.obj (.const:uartConfig)
                  00005728    0000001c     spi_interface.obj (.const:spiMasterConfig)

.cinit     0    00005748    000000dc     
                  00005748    000000b4     (.cinit..data.load) [load image, compression = rle]
                  000057fc    00000004     --HOLE-- [fill = 0]
                  00005800    0000000b     (.cinit..bss.load) [load image, compression = rle]
                  0000580b    00000001     --HOLE-- [fill = 0]
                  0000580c    00000008     (__TI_handler_table)
                  00005814    00000010     (__TI_cinit_table)

.init_array 
*          0    00000000    00000000     UNINITIALIZED

.sysmem    0    20000000    00000800     UNINITIALIZED
                  20000000    00000008     rtsv7M4_T_le_v4SPD16_eabi.lib : memory.obj (.sysmem)
                  20000008    000007f8     --HOLE--

.bss       0    20000800    000004a8     UNINITIALIZED
                  20000800    00000120     rtsv7M4_T_le_v4SPD16_eabi.lib : trgmsg.obj (.bss:_CIOBUF_)
                  20000920    00000100     rf95.obj (.bss:RxTxBuffer)
                  20000a20    00000100     (.common:UARTBuffer)
                  20000b20    000000a0     (.common:__TI_tmpnams)
                  20000bc0    0000002c     rf95.obj (.bss:settings)
                  20000bec    0000001c     velapulsar.obj (.bss:calendarTime)
                  20000c08    0000001c     velapulsar_mac.obj (.bss:radioEvents)
                  20000c24    00000015     (.common:rxPkt)
                  20000c39    00000015     (.common:txPkt)
                  20000c4e    00000014     velapulsar_nwk.obj (.bss:macEvents)
                  20000c62    00000014     comms_interface.obj (.bss:nwkEvents)
                  20000c76    00000008     rtsv7M4_T_le_v4SPD16_eabi.lib : trgdrv.obj (.bss:parmbuf)
                  20000c7e    00000002     (.common:lastLight)
                  20000c80    00000005     velapulsar_mac.obj (.bss)
                  20000c85    00000001     (.common:rxSnr)
                  20000c86    00000002     (.common:lastMagnetic)
                  20000c88    00000004     rf95.obj (.bss)
                  20000c8c    00000004     velapulsar_nwk.obj (.bss)
                  20000c90    00000004     (.common:PktReceived)
                  20000c94    00000004     (.common:UARTrx)
                  20000c98    00000004     (.common:hfxtFreq)
                  20000c9c    00000004     (.common:lfxtFreq)
                  20000ca0    00000002     (.common:pktID)
                  20000ca2    00000002     (.common:rxRssi)
                  20000ca4    00000002     (.common:rxSize)
                  20000ca6    00000002     (.common:txSize)

.data      0    20000ca8    00000247     UNINITIALIZED
                  20000ca8    000000f0     rtsv7M4_T_le_v4SPD16_eabi.lib : defs.obj (.data:_ftable)
                  20000d98    000000d0                                   : lowlev.obj (.data:$O1$$)
                  20000e68    00000030     msp432p4xx_driverlib.lib : gpio.o (.data:GPIO_PORT_TO_BASE)
                  20000e98    00000010     rtsv7M4_T_le_v4SPD16_eabi.lib : defs.obj (.data)
                  20000ea8    0000000c                                   : exit.obj (.data:$O1$$)
                  20000eb4    0000000c                                   : memory.obj (.data:$O1$$)
                  20000ec0    0000000c     delay.obj (.data)
                  20000ecc    00000008     rtsv7M4_T_le_v4SPD16_eabi.lib : _lock.obj (.data:$O1$$)
                  20000ed4    00000004     UART_interface.obj (.data)
                  20000ed8    00000004     rtsv7M4_T_le_v4SPD16_eabi.lib : errno.obj (.data)
                  20000edc    00000004                                   : fopen.obj (.data)
                  20000ee0    00000004                                   : stkdepth_vars.obj (.data)
                  20000ee4    00000004     system_msp432p401r.obj (.data)
                  20000ee8    00000003     velapulsar_mac.obj (.data)
                  20000eeb    00000002     comms_interface.obj (.data)
                  20000eed    00000001     Sniffer_main.obj (.data)
                  20000eee    00000001     velapulsar.obj (.data)

.stack     0    2000fe00    00000200     UNINITIALIZED
                  2000fe00    00000200     --HOLE--

MODULE SUMMARY

       Module                        code    ro data   rw data
       ------                        ----    -------   -------
    .\
       system_msp432p401r.obj        484     0         8      
       startup_msp432p401r_ccs.obj   52      320       0      
       Sniffer_main.obj              68      0         18     
    +--+-----------------------------+-------+---------+---------+
       Total:                        604     320       26     
                                                              
    .\Libraries\Mac\
       velapulsar_mac.obj            1028    0         174    
    +--+-----------------------------+-------+---------+---------+
       Total:                        1028    0         174    
                                                              
    .\Libraries\Nwk\
       velapulsar_nwk.obj            312     0         48     
    +--+-----------------------------+-------+---------+---------+
       Total:                        312     0         48     
                                                              
    .\Libraries\RF95\
       rf95.obj                      2452    0         608    
       delay.obj                     172     0         24     
       spi_interface.obj             40      28        0      
    +--+-----------------------------+-------+---------+---------+
       Total:                        2664    28        632    
                                                              
    .\Libraries\UART\
       UART_interface.obj            504     36        528    
    +--+-----------------------------+-------+---------+---------+
       Total:                        504     36        528    
                                                              
    .\Libraries\Velapulsar\
       velapulsar.obj                796     0         58     
       comms_interface.obj           460     0         44     
       sensor_interface.obj          448     0         0      
    +--+-----------------------------+-------+---------+---------+
       Total:                        1704    0         102    
                                                              
    C:/ti/msp/msp432ware__3.50.00.02/driverlib/driverlib/MSP432P4xx/ccs/msp432p4xx_driverlib.lib
       rtc_c.o                       524     0         0      
       cs.o                          492     0         16     
       gpio.o                        276     0         96     
       spi.o                         312     0         0      
       interrupt.o                   116     64        0      
       sysctl.o                      44      0         0      
       cpu.o                         12      0         0      
    +--+-----------------------------+-------+---------+---------+
       Total:                        1776    64        112    
                                                              
    C:\ti\ccsv6\tools\compiler\arm_15.12.3.LTS\lib\rtsv7M4_T_le_v4SPD16_eabi.lib
       _printfi.obj                  4368    0         0      
       lowlev.obj                    780     0         416    
       memory.obj                    988     0         24     
       defs.obj                      0       0         832    
       trgdrv.obj                    804     0         16     
       trgmsg.obj                    104     0         576    
       ull_div_t2.obj                500     0         0      
       fopen.obj                     452     0         8      
       fd_add_t2.obj                 438     0         0      
       fd_div_t2.obj                 310     0         0      
       fputs.obj                     308     0         0      
       fd_cmp_t2.obj                 268     0         0      
       ctype.obj                     0       257       0      
       fd_mul_t2.obj                 252     0         0      
       s_scalbn.obj                  252     0         0      
       s_ceil.obj                    248     0         0      
       s_floor.obj                   248     0         0      
       setvbuf.obj                   220     0         0      
       fflush.obj                    200     0         0      
       _io_perm.obj                  172     0         0      
       memcpy_t2.obj                 156     0         0      
       fclose.obj                    152     0         0      
       fputc.obj                     152     0         0      
       memset_t2.obj                 122     0         0      
       autoinit.obj                  112     0         0      
       copy_decompress_rle.obj       112     0         0      
       printf.obj                    112     0         0      
       exit.obj                      84      0         24     
       fseek.obj                     100     0         0      
       s_frexp.obj                   100     0         0      
       sprintf.obj                   96      0         0      
       ltoa.obj                      86      0         0      
       boot.obj                      84      0         0      
       atoi.obj                      76      0         0      
       cpy_tbl.obj                   76      0         0      
       fd_toi_t2.obj                 72      0         0      
       fd_tou_t2.obj                 68      0         0      
       strncpy.obj                   48      0         0      
       i_tofd_t2.obj                 46      0         0      
       _lock.obj                     20      0         16     
       memchr.obj                    32      0         0      
       u_tofd_t2.obj                 32      0         0      
       memccpy.obj                   28      0         0      
       args_main.obj                 24      0         0      
       strcmp.obj                    24      0         0      
       strchr.obj                    22      0         0      
       s_copysign.obj                20      0         0      
       strcpy.obj                    20      0         0      
       strlen.obj                    20      0         0      
       copy_decompress_none.obj      14      0         0      
       errno.obj                     0       0         8      
       stkdepth_vars.obj             0       0         8      
       mpu_init.obj                  2       0         0      
       startup.obj                   2       0         0      
    +--+-----------------------------+-------+---------+---------+
       Total:                        13026   257       1928   
                                                              
       Heap:                         0       0         4096   
       Stack:                        0       0         1024   
       Linker Generated:             0       215       0      
    +--+-----------------------------+-------+---------+---------+
       Grand Total:                  21618   920       8670   


LINKER GENERATED COPY TABLES

__TI_cinit_table @ 00005814 records: 2, size/record: 8, table size: 16
	.data: load addr=00005748, load size=000000b4 bytes, run addr=20000ca8, run size=00000247 bytes, compression=rle
	.bss: load addr=00005800, load size=0000000b bytes, run addr=20000800, run size=000004a8 bytes, compression=rle


LINKER GENERATED HANDLER TABLE

__TI_handler_table @ 0000580c records: 2, size/record: 4, table size: 8
	index: 0, handler: __TI_decompress_rle24
	index: 1, handler: __TI_decompress_none


GLOBAL SYMBOLS: SORTED ALPHABETICALLY BY Name 

address   name                                      
-------   ----                                      
000037a1  ADC14_IRQHandler                          
00004ea1  C$$EXIT                                   
00004b6f  C$$IO$$                                   
00005567  CPU_cpsie                                 
000052c5  CS_setDCOCenteredFrequency                
0000549d  CS_setExternalClockSourceFrequency        
00005599  CS_startHFXT                              
00004471  CS_startHFXTWithTimeout                   
0000559f  CS_startLFXT                              
0000450d  CS_startLFXTWithTimeout                   
000033cb  CommsInit                                 
00003391  CommsSend                                 
00003309  CommsStartContinuousRx                    
00005573  EUSCI_A_SPI_enable                        
000055a5  EUSCI_A_SPI_receiveData                   
000055b7  EUSCI_A_SPI_transmitData                  
0000557f  EUSCI_B_SPI_enable                        
000055ab  EUSCI_B_SPI_receiveData                   
000055bb  EUSCI_B_SPI_transmitData                  
00005425  GPIO_getInputPinValue                     
00005355  GPIO_interruptEdgeSelect                  
000051b1  GPIO_setAsInputPinWithPullDownResistor    
000052e9  GPIO_setAsOutputPin                       
00004fdd  GPIO_setAsPeripheralModuleFunctionInputPin
000054b1  GPIO_setOutputHighOnPin                   
0000543d  GPIO_setOutputLowOnPin                    
000054c5  GPIO_toggleOutputOnPin                    
0000378d  Get_Claw                                  
0000377d  Get_Light                                 
00003777  Get_Magnetic                              
0000269b  HOSTclock                                 
00002663  HOSTclose                                 
00002625  HOSTgetenv                                
000025c9  HOSTlseek                                 
00002577  HOSTopen                                  
0000252b  HOSTread                                  
000024cd  HOSTrename                                
00002493  HOSTtime                                  
00002449  HOSTtime64                                
00002411  HOSTunlink                                
000023c5  HOSTwrite                                 
00003763  Init_Claw                                 
00003671  Init_LightandMagnetic                     
0000376b  Init_Sensors                              
00004351  Init_SysTick                              
00004ba9  Interrupt_enableInterrupt                 
00005529  Interrupt_enableMaster                    
000019dd  PORT2_IRQHandler                          
20000c90  PktReceived                               
0000181b  RFCheckRfFrequency                        
00001881  RFGetStatus                               
00001985  RFGetSymbolTime                           
000016fb  RFGetTimeOnAir                            
0000188d  RFInit                                    
0000181f  RFInitModem                               
000018d9  RFIrqInit                                 
000016d1  RFIsChannelFree                           
0000169b  RFRandom                                  
00001303  RFRead                                    
00001649  RFReadBuffer                              
00001621  RFReadRssi                                
000015f1  RFReset                                   
000015b5  RFSend                                    
00001343  RFSetChannel                              
000012db  RFSetOpMode                               
0000156d  RFSetRx                                   
000014b1  RFSetRxConfig                             
000014a1  RFSetSleep                                
00001491  RFSetStby                                 
0000146d  RFSetTx                                   
00001365  RFSetTxConfig                             
000012e3  RFStartCad                                
000012a7  RFWrite                                   
00001251  RFWriteBuffer                             
0000129b  RFWriteFifo                               
00002975  RTC_AlarmHandler                          
00004ef5  RTC_C_clearInterruptFlag                  
0000513d  RTC_C_enableInterrupt                     
00004c0d  RTC_C_getCalendarTime                     
00005025  RTC_C_getEnabledInterruptStatus           
00005271  RTC_C_getInterruptStatus                  
00004d99  RTC_C_initCalendar                        
0000530d  RTC_C_setCalendarAlarm                    
00005331  RTC_C_startClock                          
000032e1  ReceivedCmd                               
000050df  ReceivedPkt                               
UNDEFED   SHT$$INIT_ARRAY$$Base                     
UNDEFED   SHT$$INIT_ARRAY$$Limit                    
000053f1  SPI_enableModule                          
00004775  SPI_initMaster                            
0000540b  SPI_receiveData                           
00005375  SPI_transmitData                          
00001cc3  SendAck                                   
00005539  SysCtl_disableNMISource                   
00005549  SysCtl_enableNMISource                    
0000558d  SysCtl_getNMISourceStatus                 
00004337  SysTick_Handler                           
20000ee4  SystemCoreClock                           
0000314f  SystemCoreClockUpdate                     
000030fd  SystemInit                                
00002e55  UARTA0_Handler                            
20000a20  UARTBuffer                                
00002dd3  UARTSend                                  
00002d6f  UARTSendRssi                              
00002d11  UARTinit                                  
20000c94  UARTrx                                    
00001c8f  VelaMacInitialization                     
00001be5  VelaMacSend                               
00003a25  VelaNwkInitialization                     
000039e9  VelaNwkSend                               
4000480c  WDTCTL_SYM                                
20000800  __CIOBUF_                                 
20010000  __STACK_END                               
00000200  __STACK_SIZE                              
00000800  __SYSMEM_SIZE                             
00005814  __TI_CINIT_Base                           
00005824  __TI_CINIT_Limit                          
0000580c  __TI_Handler_Table_Base                   
00005814  __TI_Handler_Table_Limit                  
000049f5  __TI_auto_init                            
00003575  __TI_cleanup                              
20000ea8  __TI_cleanup_ptr                          
00004645  __TI_closefile                            
00005559  __TI_decompress_none                      
000055b1  __TI_decompress_rle24                     
00004251  __TI_doflush                              
20000eac  __TI_dtors_ptr                            
20000eb0  __TI_enable_exit_profile_output           
20000e98  __TI_ft_end                               
ffffffff  __TI_pprof_out_hndl                       
00000f4b  __TI_printfi                              
ffffffff  __TI_prof_data_size                       
ffffffff  __TI_prof_data_start                      
00004427  __TI_rd_ok                                
00004b73  __TI_readmsg                              
00000000  __TI_static_base__                        
20000b20  __TI_tmpnams                              
00004b41  __TI_writemsg                             
000043c5  __TI_wrt_ok                               
000047fd  __aeabi_cdcmpeq                           
000047fd  __aeabi_cdcmple                           
00004883  __aeabi_cdrcmple                          
0000506d  __aeabi_d2iz                              
000050f9  __aeabi_d2uiz                             
0000383b  __aeabi_dadd                              
00003b21  __aeabi_ddiv                              
00003d8d  __aeabi_dmul                              
00003831  __aeabi_dsub                              
00005241  __aeabi_i2d                               
00004909  __aeabi_memclr                            
00004909  __aeabi_memclr4                           
00004909  __aeabi_memclr8                           
000045a9  __aeabi_memcpy                            
000045a9  __aeabi_memcpy4                           
000045a9  __aeabi_memcpy8                           
0000490b  __aeabi_memset                            
0000490b  __aeabi_memset4                           
0000490b  __aeabi_memset8                           
20000ea4  __aeabi_stderr                            
20000e9c  __aeabi_stdin                             
20000ea0  __aeabi_stdout                            
000053b5  __aeabi_ui2d                              
00002f09  __aeabi_uldivmod                          
ffffffff  __binit__                                 
ffffffff  __c_args__                                
000039e7  __mpu_init                                
2000fe00  __stack                                   
00005455  _args_main                                
00004e4d  _c_int00                                  
000055c0  _ctypes_                                  
20000ca8  _ftable                                   
20000ec4  _hTime                                    
20000ecc  _lock                                     
20000ec3  _mTime                                    
20000ec0  _msTime                                   
000054e7  _nop                                      
000054df  _register_lock                            
000054d9  _register_unlock                          
20000ec2  _sTime                                    
20000000  _sys_memory                               
00003c57  _system_post_cinit                        
000050d3  _system_pre_init                          
20000ec8  _totalms                                  
20000ed0  _unlock                                   
00004ea5  abort                                     
00002c65  add_device                                
00004f45  atoi                                      
20000eee  awake                                     
ffffffff  binit                                     
00002391  calloc                                    
00003f85  ceil                                      
00003f85  ceill                                     
00002c15  close                                     
00004f91  copy_in                                   
000054ed  copysign                                  
000054ed  copysignl                                 
00002955  debug_print_pkt                           
0000431f  delay_ms                                  
20000ed8  errno                                     
00004ead  exit                                      
000046ab  fclose                                    
0000429d  fflush                                    
0000407d  floor                                     
0000407d  floorl                                    
000035cb  fopen                                     
000046dd  fputc                                     
00003c59  fputs                                     
000020df  free                                      
000035a1  freopen                                   
00004cd5  frexp                                     
00004cd5  frexpl                                    
00004c71  fseek                                     
00004319  getTotal_ms                               
000026e9  initCalendar                              
000028db  initClocks                                
0000272b  initPeripherals                           
0000271f  initPorts                                 
0000529d  initSPI                                   
00000000  interruptVectors                          
20000c7e  lastLight                                 
20000c86  lastMagnetic                              
00003e89  ldexp                                     
00003e89  ldexpl                                    
00002bf1  lseek                                     
00004df5  ltoa                                      
000050b5  main                                      
20000ee0  main_func_sp                              
00002077  malloc                                    
000022ad  memalign                                  
000053d5  memccpy                                   
00005395  memchr                                    
000045a9  memcpy                                    
00004911  memset                                    
00001fe9  minit                                     
20000ee8  numOfFailed                               
00002b43  open                                      
20000ca0  pktID                                     
00004a6d  printf                                    
000046dd  putc                                      
00004761  putchar                                   
00003d65  puts                                      
00002b1f  read                                      
000021a1  realloc                                   
00002a95  remove                                    
00002af7  remove_device                             
00002ab9  rename                                    
20000ed4  rxAvailable                               
20000c24  rxPkt                                     
20000ca2  rxRssi                                    
20000ca4  rxSize                                    
20000c85  rxSnr                                     
00003e89  scalbn                                    
00003e89  scalbnl                                   
00004175  setvbuf                                   
0000275d  sleepFor                                  
00005728  spiMasterConfig                           
00004d39  sprintf                                   
00005485  strchr                                    
0000546d  strcmp                                    
00005501  strcpy                                    
00005515  strlen                                    
00005211  strncpy                                   
20000c39  txPkt                                     
20000ca6  txSize                                    
00005704  uartConfig                                
00002a95  unlink                                    
20000ee9  waitForAck                                
00002a05  write                                     


GLOBAL SYMBOLS: SORTED BY Symbol Address 

address   name                                      
-------   ----                                      
00000000  __TI_static_base__                        
00000000  interruptVectors                          
00000200  __STACK_SIZE                              
00000800  __SYSMEM_SIZE                             
00000f4b  __TI_printfi                              
00001251  RFWriteBuffer                             
0000129b  RFWriteFifo                               
000012a7  RFWrite                                   
000012db  RFSetOpMode                               
000012e3  RFStartCad                                
00001303  RFRead                                    
00001343  RFSetChannel                              
00001365  RFSetTxConfig                             
0000146d  RFSetTx                                   
00001491  RFSetStby                                 
000014a1  RFSetSleep                                
000014b1  RFSetRxConfig                             
0000156d  RFSetRx                                   
000015b5  RFSend                                    
000015f1  RFReset                                   
00001621  RFReadRssi                                
00001649  RFReadBuffer                              
0000169b  RFRandom                                  
000016d1  RFIsChannelFree                           
000016fb  RFGetTimeOnAir                            
0000181b  RFCheckRfFrequency                        
0000181f  RFInitModem                               
00001881  RFGetStatus                               
0000188d  RFInit                                    
000018d9  RFIrqInit                                 
00001985  RFGetSymbolTime                           
000019dd  PORT2_IRQHandler                          
00001be5  VelaMacSend                               
00001c8f  VelaMacInitialization                     
00001cc3  SendAck                                   
00001fe9  minit                                     
00002077  malloc                                    
000020df  free                                      
000021a1  realloc                                   
000022ad  memalign                                  
00002391  calloc                                    
000023c5  HOSTwrite                                 
00002411  HOSTunlink                                
00002449  HOSTtime64                                
00002493  HOSTtime                                  
000024cd  HOSTrename                                
0000252b  HOSTread                                  
00002577  HOSTopen                                  
000025c9  HOSTlseek                                 
00002625  HOSTgetenv                                
00002663  HOSTclose                                 
0000269b  HOSTclock                                 
000026e9  initCalendar                              
0000271f  initPorts                                 
0000272b  initPeripherals                           
0000275d  sleepFor                                  
000028db  initClocks                                
00002955  debug_print_pkt                           
00002975  RTC_AlarmHandler                          
00002a05  write                                     
00002a95  remove                                    
00002a95  unlink                                    
00002ab9  rename                                    
00002af7  remove_device                             
00002b1f  read                                      
00002b43  open                                      
00002bf1  lseek                                     
00002c15  close                                     
00002c65  add_device                                
00002d11  UARTinit                                  
00002d6f  UARTSendRssi                              
00002dd3  UARTSend                                  
00002e55  UARTA0_Handler                            
00002f09  __aeabi_uldivmod                          
000030fd  SystemInit                                
0000314f  SystemCoreClockUpdate                     
000032e1  ReceivedCmd                               
00003309  CommsStartContinuousRx                    
00003391  CommsSend                                 
000033cb  CommsInit                                 
00003575  __TI_cleanup                              
000035a1  freopen                                   
000035cb  fopen                                     
00003671  Init_LightandMagnetic                     
00003763  Init_Claw                                 
0000376b  Init_Sensors                              
00003777  Get_Magnetic                              
0000377d  Get_Light                                 
0000378d  Get_Claw                                  
000037a1  ADC14_IRQHandler                          
00003831  __aeabi_dsub                              
0000383b  __aeabi_dadd                              
000039e7  __mpu_init                                
000039e9  VelaNwkSend                               
00003a25  VelaNwkInitialization                     
00003b21  __aeabi_ddiv                              
00003c57  _system_post_cinit                        
00003c59  fputs                                     
00003d65  puts                                      
00003d8d  __aeabi_dmul                              
00003e89  ldexp                                     
00003e89  ldexpl                                    
00003e89  scalbn                                    
00003e89  scalbnl                                   
00003f85  ceil                                      
00003f85  ceill                                     
0000407d  floor                                     
0000407d  floorl                                    
00004175  setvbuf                                   
00004251  __TI_doflush                              
0000429d  fflush                                    
00004319  getTotal_ms                               
0000431f  delay_ms                                  
00004337  SysTick_Handler                           
00004351  Init_SysTick                              
000043c5  __TI_wrt_ok                               
00004427  __TI_rd_ok                                
00004471  CS_startHFXTWithTimeout                   
0000450d  CS_startLFXTWithTimeout                   
000045a9  __aeabi_memcpy                            
000045a9  __aeabi_memcpy4                           
000045a9  __aeabi_memcpy8                           
000045a9  memcpy                                    
00004645  __TI_closefile                            
000046ab  fclose                                    
000046dd  fputc                                     
000046dd  putc                                      
00004761  putchar                                   
00004775  SPI_initMaster                            
000047fd  __aeabi_cdcmpeq                           
000047fd  __aeabi_cdcmple                           
00004883  __aeabi_cdrcmple                          
00004909  __aeabi_memclr                            
00004909  __aeabi_memclr4                           
00004909  __aeabi_memclr8                           
0000490b  __aeabi_memset                            
0000490b  __aeabi_memset4                           
0000490b  __aeabi_memset8                           
00004911  memset                                    
000049f5  __TI_auto_init                            
00004a6d  printf                                    
00004b41  __TI_writemsg                             
00004b6f  C$$IO$$                                   
00004b73  __TI_readmsg                              
00004ba9  Interrupt_enableInterrupt                 
00004c0d  RTC_C_getCalendarTime                     
00004c71  fseek                                     
00004cd5  frexp                                     
00004cd5  frexpl                                    
00004d39  sprintf                                   
00004d99  RTC_C_initCalendar                        
00004df5  ltoa                                      
00004e4d  _c_int00                                  
00004ea1  C$$EXIT                                   
00004ea5  abort                                     
00004ead  exit                                      
00004ef5  RTC_C_clearInterruptFlag                  
00004f45  atoi                                      
00004f91  copy_in                                   
00004fdd  GPIO_setAsPeripheralModuleFunctionInputPin
00005025  RTC_C_getEnabledInterruptStatus           
0000506d  __aeabi_d2iz                              
000050b5  main                                      
000050d3  _system_pre_init                          
000050df  ReceivedPkt                               
000050f9  __aeabi_d2uiz                             
0000513d  RTC_C_enableInterrupt                     
000051b1  GPIO_setAsInputPinWithPullDownResistor    
00005211  strncpy                                   
00005241  __aeabi_i2d                               
00005271  RTC_C_getInterruptStatus                  
0000529d  initSPI                                   
000052c5  CS_setDCOCenteredFrequency                
000052e9  GPIO_setAsOutputPin                       
0000530d  RTC_C_setCalendarAlarm                    
00005331  RTC_C_startClock                          
00005355  GPIO_interruptEdgeSelect                  
00005375  SPI_transmitData                          
00005395  memchr                                    
000053b5  __aeabi_ui2d                              
000053d5  memccpy                                   
000053f1  SPI_enableModule                          
0000540b  SPI_receiveData                           
00005425  GPIO_getInputPinValue                     
0000543d  GPIO_setOutputLowOnPin                    
00005455  _args_main                                
0000546d  strcmp                                    
00005485  strchr                                    
0000549d  CS_setExternalClockSourceFrequency        
000054b1  GPIO_setOutputHighOnPin                   
000054c5  GPIO_toggleOutputOnPin                    
000054d9  _register_unlock                          
000054df  _register_lock                            
000054e7  _nop                                      
000054ed  copysign                                  
000054ed  copysignl                                 
00005501  strcpy                                    
00005515  strlen                                    
00005529  Interrupt_enableMaster                    
00005539  SysCtl_disableNMISource                   
00005549  SysCtl_enableNMISource                    
00005559  __TI_decompress_none                      
00005567  CPU_cpsie                                 
00005573  EUSCI_A_SPI_enable                        
0000557f  EUSCI_B_SPI_enable                        
0000558d  SysCtl_getNMISourceStatus                 
00005599  CS_startHFXT                              
0000559f  CS_startLFXT                              
000055a5  EUSCI_A_SPI_receiveData                   
000055ab  EUSCI_B_SPI_receiveData                   
000055b1  __TI_decompress_rle24                     
000055b7  EUSCI_A_SPI_transmitData                  
000055bb  EUSCI_B_SPI_transmitData                  
000055c0  _ctypes_                                  
00005704  uartConfig                                
00005728  spiMasterConfig                           
0000580c  __TI_Handler_Table_Base                   
00005814  __TI_CINIT_Base                           
00005814  __TI_Handler_Table_Limit                  
00005824  __TI_CINIT_Limit                          
20000000  _sys_memory                               
20000800  __CIOBUF_                                 
20000a20  UARTBuffer                                
20000b20  __TI_tmpnams                              
20000c24  rxPkt                                     
20000c39  txPkt                                     
20000c7e  lastLight                                 
20000c85  rxSnr                                     
20000c86  lastMagnetic                              
20000c90  PktReceived                               
20000c94  UARTrx                                    
20000ca0  pktID                                     
20000ca2  rxRssi                                    
20000ca4  rxSize                                    
20000ca6  txSize                                    
20000ca8  _ftable                                   
20000e98  __TI_ft_end                               
20000e9c  __aeabi_stdin                             
20000ea0  __aeabi_stdout                            
20000ea4  __aeabi_stderr                            
20000ea8  __TI_cleanup_ptr                          
20000eac  __TI_dtors_ptr                            
20000eb0  __TI_enable_exit_profile_output           
20000ec0  _msTime                                   
20000ec2  _sTime                                    
20000ec3  _mTime                                    
20000ec4  _hTime                                    
20000ec8  _totalms                                  
20000ecc  _lock                                     
20000ed0  _unlock                                   
20000ed4  rxAvailable                               
20000ed8  errno                                     
20000ee0  main_func_sp                              
20000ee4  SystemCoreClock                           
20000ee8  numOfFailed                               
20000ee9  waitForAck                                
20000eee  awake                                     
2000fe00  __stack                                   
20010000  __STACK_END                               
4000480c  WDTCTL_SYM                                
ffffffff  __TI_pprof_out_hndl                       
ffffffff  __TI_prof_data_size                       
ffffffff  __TI_prof_data_start                      
ffffffff  __binit__                                 
ffffffff  __c_args__                                
ffffffff  binit                                     
UNDEFED   SHT$$INIT_ARRAY$$Base                     
UNDEFED   SHT$$INIT_ARRAY$$Limit                    

[268 symbols]
