******************************************************************************
                  TI ARM Linker PC v16.9.1                     
******************************************************************************
>> Linked Tue Aug 22 09:18:23 2017

OUTPUT FILE NAME:   <Velapulsar.out>
ENTRY POINT SYMBOL: "_c_int00"  address: 00004f01


MEMORY CONFIGURATION

         name            origin    length      used     unused   attr    fill
----------------------  --------  ---------  --------  --------  ----  --------
  MAIN                  00000000   00040000  00005964  0003a69c  R  X
  INFO                  00200000   00004000  00000000  00004000  R  X
  SRAM_CODE             01000000   00010000  000010fa  0000ef06  RW X
  SRAM_DATA             20000000   00010000  000010fa  0000ef06  RW  


SEGMENT ALLOCATION MAP

run origin  load origin   length   init length attrs members
----------  ----------- ---------- ----------- ----- -------
00000000    00000000    00005968   00005968    r-x
  00000000    00000000    00000140   00000140    r-- .intvecs
  00000140    00000140    000055d8   000055d8    r-x .text
  00005718    00005718    00000184   00000184    r-- .const
  000058a0    000058a0    000000c8   000000c8    r-- .cinit
20000000    20000000    00000efa   00000000    rw-
  20000000    20000000    00000800   00000000    rw- .sysmem
  20000800    20000800    000004ac   00000000    rw- .bss
  20000cac    20000cac    0000024e   00000000    rw- .data
2000fe00    2000fe00    00000200   00000000    rw-
  2000fe00    2000fe00    00000200   00000000    rw- .stack


SECTION ALLOCATION MAP

 output                                  attributes/
section   page    origin      length       input sections
--------  ----  ----------  ----------   ----------------
.intvecs   0    00000000    00000140     
                  00000000    00000140     startup_msp432p401r_ccs.obj (.intvecs:retain)

.binit     0    00000000    00000000     

.text      0    00000140    000055d8     
                  00000140    0000113e     rtsv7M4_T_le_v4SPD16_eabi.lib : _printfi.obj (.text)
                  0000127e    00000002                                   : mpu_init.obj (.text)
                  00001280    00000aa8     rf95.obj (.text)
                  00001d28    000003d0     rtsv7M4_T_le_v4SPD16_eabi.lib : memory.obj (.text)
                  000020f8    00000330     velapulsar.obj (.text)
                  00002428    00000324     rtsv7M4_T_le_v4SPD16_eabi.lib : trgdrv.obj (.text)
                  0000274c    0000030c                                   : lowlev.obj (.text)
                  00002a58    00000268     UART_interface.obj (.text)
                  00002cc0    00000234     velapulsar_nwk.obj (.text)
                  00002ef4    00000224     comms_interface.obj (.text)
                  00003118    000001f4     rtsv7M4_T_le_v4SPD16_eabi.lib : ull_div_t2.obj (.text)
                  0000330c    000001e4     system_msp432p401r.obj (.text)
                  000034f0    000001c4     rtsv7M4_T_le_v4SPD16_eabi.lib : fopen.obj (.text)
                  000036b4    000001b6                                   : fd_add_t2.obj (.text)
                  0000386a    00000002                                   : startup.obj (.text)
                  0000386c    00000184     sensor_interface.obj (.text)
                  000039f0    00000184     velapulsar_mac.obj (.text)
                  00003b74    00000168     delay.obj (.text)
                  00003cdc    00000136     rtsv7M4_T_le_v4SPD16_eabi.lib : fd_div_t2.obj (.text)
                  00003e12    00000002     --HOLE-- [fill = 0]
                  00003e14    00000134                                   : fputs.obj (.text)
                  00003f48    000000fc                                   : fd_mul_t2.obj (.text)
                  00004044    000000fc                                   : s_scalbn.obj (.text)
                  00004140    000000f8                                   : s_ceil.obj (.text)
                  00004238    000000f8                                   : s_floor.obj (.text)
                  00004330    000000dc                                   : setvbuf.obj (.text)
                  0000440c    000000c8                                   : fflush.obj (.text)
                  000044d4    000000ac                                   : _io_perm.obj (.text)
                  00004580    0000009c     msp432p4xx_driverlib.lib : cs.o (.text:CS_startHFXTWithTimeout)
                  0000461c    0000009c                              : cs.o (.text:CS_startLFXTWithTimeout)
                  000046b8    0000009c     rtsv7M4_T_le_v4SPD16_eabi.lib : memcpy_t2.obj (.text)
                  00004754    00000098                                   : fclose.obj (.text)
                  000047ec    00000098                                   : fputc.obj (.text)
                  00004884    00000088     msp432p4xx_driverlib.lib : spi.o (.text:SPI_initMaster)
                  0000490c    00000086     rtsv7M4_T_le_v4SPD16_eabi.lib : fd_cmp_t2.obj (.text:__aeabi_cdcmple)
                  00004992    00000086                                   : fd_cmp_t2.obj (.text:__aeabi_cdrcmple)
                  00004a18    0000007a                                   : memset_t2.obj (.text)
                  00004a92    00000002     --HOLE-- [fill = 0]
                  00004a94    00000070     msp432p4xx_driverlib.lib : cs.o (.text:_CSGetHFXTFrequency)
                  00004b04    00000070     rtsv7M4_T_le_v4SPD16_eabi.lib : autoinit.obj (.text)
                  00004b74    00000070                                   : printf.obj (.text)
                  00004be4    00000068                                   : copy_decompress_lzss.obj (.text:decompress:lzss)
                  00004c4c    00000068                                   : trgmsg.obj (.text)
                  00004cb4    00000064     msp432p4xx_driverlib.lib : interrupt.o (.text:Interrupt_enableInterrupt)
                  00004d18    00000064                              : rtc_c.o (.text:RTC_C_getCalendarTime)
                  00004d7c    00000064     rtsv7M4_T_le_v4SPD16_eabi.lib : fseek.obj (.text)
                  00004de0    00000064                                   : s_frexp.obj (.text)
                  00004e44    00000060                                   : sprintf.obj (.text)
                  00004ea4    0000005c     msp432p4xx_driverlib.lib : rtc_c.o (.text:RTC_C_initCalendar)
                  00004f00    00000054     rtsv7M4_T_le_v4SPD16_eabi.lib : boot.obj (.text)
                  00004f54    00000054                                   : exit.obj (.text)
                  00004fa8    00000054                                   : ltoa.obj (.text)
                  00004ffc    00000050     msp432p4xx_driverlib.lib : rtc_c.o (.text:RTC_C_clearInterruptFlag)
                  0000504c    0000004c     rtsv7M4_T_le_v4SPD16_eabi.lib : atoi.obj (.text)
                  00005098    0000004c                                   : cpy_tbl.obj (.text)
                  000050e4    0000004c                                   : rand.obj (.text)
                  00005130    00000048     msp432p4xx_driverlib.lib : gpio.o (.text:GPIO_setAsPeripheralModuleFunctionInputPin)
                  00005178    00000048                              : rtc_c.o (.text:RTC_C_getEnabledInterruptStatus)
                  000051c0    00000048     rtsv7M4_T_le_v4SPD16_eabi.lib : fd_toi_t2.obj (.text)
                  00005208    00000044                                   : fd_tou_t2.obj (.text)
                  0000524c    00000040     msp432p4xx_driverlib.lib : rtc_c.o (.text:RTC_C_enableInterrupt)
                  0000528c    00000036     rtsv7M4_T_le_v4SPD16_eabi.lib : strncpy.obj (.text)
                  000052c2    00000002     --HOLE-- [fill = 0]
                  000052c4    00000034     startup_msp432p401r_ccs.obj (.text)
                  000052f8    00000030     msp432p4xx_driverlib.lib : gpio.o (.text:GPIO_setAsInputPinWithPullDownResistor)
                  00005328    00000030     Sniffer_main.obj (.text)
                  00005358    00000030     msp432p4xx_driverlib.lib : spi.o (.text:is_A_Module)
                  00005388    0000002e     rtsv7M4_T_le_v4SPD16_eabi.lib : i_tofd_t2.obj (.text)
                  000053b6    00000002     --HOLE-- [fill = 0]
                  000053b8    0000002c     msp432p4xx_driverlib.lib : rtc_c.o (.text:RTC_C_getInterruptStatus)
                  000053e4    00000028     spi_interface.obj (.text)
                  0000540c    00000024     msp432p4xx_driverlib.lib : cs.o (.text:CS_setDCOCenteredFrequency)
                  00005430    00000024                              : gpio.o (.text:GPIO_setAsOutputPin)
                  00005454    00000024                              : rtc_c.o (.text:RTC_C_setCalendarAlarm)
                  00005478    00000024                              : rtc_c.o (.text:RTC_C_startClock)
                  0000549c    00000020                              : gpio.o (.text:GPIO_interruptEdgeSelect)
                  000054bc    00000020                              : spi.o (.text:SPI_transmitData)
                  000054dc    00000020     rtsv7M4_T_le_v4SPD16_eabi.lib : memchr.obj (.text)
                  000054fc    00000020                                   : u_tofd_t2.obj (.text)
                  0000551c    0000001c                                   : memccpy.obj (.text)
                  00005538    0000001a     msp432p4xx_driverlib.lib : spi.o (.text:SPI_enableModule)
                  00005552    0000001a                              : spi.o (.text:SPI_receiveData)
                  0000556c    00000018                              : gpio.o (.text:GPIO_getInputPinValue)
                  00005584    00000018                              : gpio.o (.text:GPIO_setOutputLowOnPin)
                  0000559c    00000018     rtsv7M4_T_le_v4SPD16_eabi.lib : args_main.obj (.text)
                  000055b4    00000018                                   : strcmp.obj (.text)
                  000055cc    00000016                                   : strchr.obj (.text)
                  000055e2    00000002     --HOLE-- [fill = 0]
                  000055e4    00000014     msp432p4xx_driverlib.lib : cs.o (.text:CS_setExternalClockSourceFrequency)
                  000055f8    00000014                              : gpio.o (.text:GPIO_setOutputHighOnPin)
                  0000560c    00000014                              : gpio.o (.text:GPIO_toggleOutputOnPin)
                  00005620    00000014     rtsv7M4_T_le_v4SPD16_eabi.lib : _lock.obj (.text)
                  00005634    00000014                                   : s_copysign.obj (.text)
                  00005648    00000014                                   : strcpy.obj (.text)
                  0000565c    00000014                                   : strlen.obj (.text)
                  00005670    00000010     msp432p4xx_driverlib.lib : interrupt.o (.text:Interrupt_enableMaster)
                  00005680    00000010                              : sysctl.o (.text:SysCtl_disableNMISource)
                  00005690    00000010                              : sysctl.o (.text:SysCtl_enableNMISource)
                  000056a0    0000000e     rtsv7M4_T_le_v4SPD16_eabi.lib : copy_decompress_none.obj (.text:decompress:none)
                  000056ae    0000000e                                   : time.obj (.text)
                  000056bc    0000000c     msp432p4xx_driverlib.lib : cpu.o (.text:CPU_cpsie)
                  000056c8    0000000c                              : spi.o (.text:EUSCI_A_SPI_enable)
                  000056d4    0000000c                              : spi.o (.text:EUSCI_B_SPI_enable)
                  000056e0    0000000c                              : sysctl.o (.text:SysCtl_getNMISourceStatus)
                  000056ec    0000000c     rtsv7M4_T_le_v4SPD16_eabi.lib : copy_zero_init.obj (.text:decompress:ZI)
                  000056f8    00000006     msp432p4xx_driverlib.lib : cs.o (.text:CS_startHFXT)
                  000056fe    00000006                              : cs.o (.text:CS_startLFXT)
                  00005704    00000006                              : spi.o (.text:EUSCI_A_SPI_receiveData)
                  0000570a    00000006                              : spi.o (.text:EUSCI_B_SPI_receiveData)
                  00005710    00000004                              : spi.o (.text:EUSCI_A_SPI_transmitData)
                  00005714    00000004                              : spi.o (.text:EUSCI_B_SPI_transmitData)

.const     0    00005718    00000184     
                  00005718    00000101     rtsv7M4_T_le_v4SPD16_eabi.lib : ctype.obj (.const:.string:_ctypes_)
                  00005819    00000003     --HOLE-- [fill = 0]
                  0000581c    00000040     msp432p4xx_driverlib.lib : interrupt.o (.const)
                  0000585c    00000024     UART_interface.obj (.const:uartConfig)
                  00005880    0000001c     spi_interface.obj (.const:spiMasterConfig)

.cinit     0    000058a0    000000c8     
                  000058a0    000000a3     (.cinit..data.load) [load image, compression = lzss]
                  00005943    00000001     --HOLE-- [fill = 0]
                  00005944    0000000c     (__TI_handler_table)
                  00005950    00000008     (.cinit..bss.load) [load image, compression = zero_init]
                  00005958    00000010     (__TI_cinit_table)

.init_array 
*          0    00000000    00000000     UNINITIALIZED

.sysmem    0    20000000    00000800     UNINITIALIZED
                  20000000    00000008     rtsv7M4_T_le_v4SPD16_eabi.lib : memory.obj (.sysmem)
                  20000008    000007f8     --HOLE--

.bss       0    20000800    000004ac     UNINITIALIZED
                  20000800    00000120     rtsv7M4_T_le_v4SPD16_eabi.lib : trgmsg.obj (.bss:_CIOBUF_)
                  20000920    00000100     rf95.obj (.bss:RxTxBuffer)
                  20000a20    00000100     (.common:UARTBuffer)
                  20000b20    000000a0     (.common:__TI_tmpnams)
                  20000bc0    0000002c     rf95.obj (.bss:settings)
                  20000bec    00000024     velapulsar_nwk.obj (.bss:macEvents)
                  20000c10    00000024     comms_interface.obj (.bss:nwkEvents)
                  20000c34    0000001c     velapulsar.obj (.bss:calendarTime)
                  20000c50    0000001c     velapulsar_mac.obj (.bss:radioEvents)
                  20000c6c    0000000d     velapulsar_mac.obj (.bss:myNode)
                  20000c79    00000008     rtsv7M4_T_le_v4SPD16_eabi.lib : trgdrv.obj (.bss:parmbuf)
                  20000c81    00000001     comms_interface.obj (.bss)
                  20000c82    00000002     (.common:lastLight)
                  20000c84    00000008     rf95.obj (.bss)
                  20000c8c    00000005     velapulsar_mac.obj (.bss)
                  20000c91    00000001     --HOLE--
                  20000c92    00000002     (.common:lastMagnetic)
                  20000c94    00000004     velapulsar_nwk.obj (.bss)
                  20000c98    00000004     (.common:AlarmWentOff)
                  20000c9c    00000004     (.common:UARTrx)
                  20000ca0    00000004     (.common:hfxtFreq)
                  20000ca4    00000004     (.common:lfxtFreq)
                  20000ca8    00000004     (.common:tickFrequency)

.data      0    20000cac    0000024e     UNINITIALIZED
                  20000cac    000000f0     rtsv7M4_T_le_v4SPD16_eabi.lib : defs.obj (.data:_ftable)
                  20000d9c    000000d0                                   : lowlev.obj (.data:$O1$$)
                  20000e6c    00000030     msp432p4xx_driverlib.lib : gpio.o (.data:GPIO_PORT_TO_BASE)
                  20000e9c    00000014     delay.obj (.data)
                  20000eb0    00000010     rtsv7M4_T_le_v4SPD16_eabi.lib : defs.obj (.data)
                  20000ec0    0000000c                                   : exit.obj (.data:$O1$$)
                  20000ecc    0000000c                                   : memory.obj (.data:$O1$$)
                  20000ed8    00000008                                   : _lock.obj (.data:$O1$$)
                  20000ee0    00000004     UART_interface.obj (.data)
                  20000ee4    00000004     rtsv7M4_T_le_v4SPD16_eabi.lib : errno.obj (.data)
                  20000ee8    00000004                                   : fopen.obj (.data)
                  20000eec    00000004                                   : rand.obj (.data)
                  20000ef0    00000004                                   : stkdepth_vars.obj (.data)
                  20000ef4    00000004     system_msp432p401r.obj (.data)
                  20000ef8    00000001     Sniffer_main.obj (.data)
                  20000ef9    00000001     velapulsar.obj (.data)

.stack     0    2000fe00    00000200     UNINITIALIZED
                  2000fe00    00000200     --HOLE--

MODULE SUMMARY

       Module                        code    ro data   rw data
       ------                        ----    -------   -------
    .\
       system_msp432p401r.obj        484     0         8      
       startup_msp432p401r_ccs.obj   52      320       0      
       Sniffer_main.obj              48      0         10     
    +--+-----------------------------+-------+---------+---------+
       Total:                        584     320       18     
                                                              
    .\Libraries\Mac\
       velapulsar_mac.obj            388     0         92     
    +--+-----------------------------+-------+---------+---------+
       Total:                        388     0         92     
                                                              
    .\Libraries\Nwk\
       velapulsar_nwk.obj            564     0         80     
    +--+-----------------------------+-------+---------+---------+
       Total:                        564     0         80     
                                                              
    .\Libraries\RF95\
       rf95.obj                      2728    0         616    
       delay.obj                     360     0         56     
       spi_interface.obj             40      28        0      
    +--+-----------------------------+-------+---------+---------+
       Total:                        3128    28        672    
                                                              
    .\Libraries\UART\
       UART_interface.obj            616     36        528    
    +--+-----------------------------+-------+---------+---------+
       Total:                        616     36        528    
                                                              
    .\Libraries\Velapulsar\
       velapulsar.obj                816     0         58     
       comms_interface.obj           548     0         74     
       sensor_interface.obj          388     0         0      
    +--+-----------------------------+-------+---------+---------+
       Total:                        1752    0         132    
                                                              
    C:/ti/msp/msp432ware__3.50.00.02/driverlib/driverlib/MSP432P4xx/ccs/msp432p4xx_driverlib.lib
       rtc_c.o                       524     0         0      
       cs.o                          492     0         16     
       gpio.o                        276     0         96     
       spi.o                         312     0         0      
       interrupt.o                   116     64        0      
       sysctl.o                      44      0         0      
       cpu.o                         12      0         0      
    +--+-----------------------------+-------+---------+---------+
       Total:                        1776    64        112    
                                                              
    C:\ti\ccsv7\tools\compiler\ti-cgt-arm_16.9.1.LTS\lib\rtsv7M4_T_le_v4SPD16_eabi.lib
       _printfi.obj                  4414    0         0      
       lowlev.obj                    780     0         416    
       memory.obj                    976     0         24     
       defs.obj                      0       0         832    
       trgdrv.obj                    804     0         16     
       trgmsg.obj                    104     0         576    
       ull_div_t2.obj                500     0         0      
       fopen.obj                     452     0         8      
       fd_add_t2.obj                 438     0         0      
       fd_div_t2.obj                 310     0         0      
       fputs.obj                     308     0         0      
       fd_cmp_t2.obj                 268     0         0      
       ctype.obj                     0       257       0      
       fd_mul_t2.obj                 252     0         0      
       s_scalbn.obj                  252     0         0      
       s_ceil.obj                    248     0         0      
       s_floor.obj                   248     0         0      
       setvbuf.obj                   220     0         0      
       fflush.obj                    200     0         0      
       _io_perm.obj                  172     0         0      
       memcpy_t2.obj                 156     0         0      
       fclose.obj                    152     0         0      
       fputc.obj                     152     0         0      
       memset_t2.obj                 122     0         0      
       autoinit.obj                  112     0         0      
       printf.obj                    112     0         0      
       exit.obj                      84      0         24     
       copy_decompress_lzss.obj      104     0         0      
       fseek.obj                     100     0         0      
       s_frexp.obj                   100     0         0      
       sprintf.obj                   96      0         0      
       boot.obj                      84      0         0      
       ltoa.obj                      84      0         0      
       rand.obj                      76      0         8      
       atoi.obj                      76      0         0      
       cpy_tbl.obj                   76      0         0      
       fd_toi_t2.obj                 72      0         0      
       fd_tou_t2.obj                 68      0         0      
       strncpy.obj                   54      0         0      
       i_tofd_t2.obj                 46      0         0      
       _lock.obj                     20      0         16     
       memchr.obj                    32      0         0      
       u_tofd_t2.obj                 32      0         0      
       memccpy.obj                   28      0         0      
       args_main.obj                 24      0         0      
       strcmp.obj                    24      0         0      
       strchr.obj                    22      0         0      
       s_copysign.obj                20      0         0      
       strcpy.obj                    20      0         0      
       strlen.obj                    20      0         0      
       copy_decompress_none.obj      14      0         0      
       time.obj                      14      0         0      
       copy_zero_init.obj            12      0         0      
       errno.obj                     0       0         8      
       stkdepth_vars.obj             0       0         8      
       mpu_init.obj                  2       0         0      
       startup.obj                   2       0         0      
    +--+-----------------------------+-------+---------+---------+
       Total:                        13158   257       1936   
                                                              
       Heap:                         0       0         4096   
       Stack:                        0       0         1024   
       Linker Generated:             0       199       0      
    +--+-----------------------------+-------+---------+---------+
       Grand Total:                  21966   904       8690   


LINKER GENERATED COPY TABLES

__TI_cinit_table @ 00005958 records: 2, size/record: 8, table size: 16
	.data: load addr=000058a0, load size=000000a3 bytes, run addr=20000cac, run size=0000024e bytes, compression=lzss
	.bss: load addr=00005950, load size=00000008 bytes, run addr=20000800, run size=000004ac bytes, compression=zero_init


LINKER GENERATED HANDLER TABLE

__TI_handler_table @ 00005944 records: 3, size/record: 4, table size: 12
	index: 0, handler: __TI_decompress_lzss
	index: 1, handler: __TI_decompress_none
	index: 2, handler: __TI_zero_init


GLOBAL SYMBOLS: SORTED ALPHABETICALLY BY Name 

address   name                                      
-------   ----                                      
0000399d  ADC14_IRQHandler                          
20000c98  AlarmWentOff                              
00004f55  C$$EXIT                                   
00004c7b  C$$IO$$                                   
000056bd  CPU_cpsie                                 
0000540d  CS_setDCOCenteredFrequency                
000055e5  CS_setExternalClockSourceFrequency        
000056f9  CS_startHFXT                              
00004581  CS_startHFXTWithTimeout                   
000056ff  CS_startLFXT                              
0000461d  CS_startLFXTWithTimeout                   
00002fbb  CommsInitCoordinator                      
00002f8d  CommsInitNode                             
00002f5f  CommsInitSniffer                          
000056c9  EUSCI_A_SPI_enable                        
00005705  EUSCI_A_SPI_receiveData                   
00005711  EUSCI_A_SPI_transmitData                  
000056d5  EUSCI_B_SPI_enable                        
0000570b  EUSCI_B_SPI_receiveData                   
00005715  EUSCI_B_SPI_transmitData                  
0000556d  GPIO_getInputPinValue                     
0000549d  GPIO_interruptEdgeSelect                  
000052f9  GPIO_setAsInputPinWithPullDownResistor    
00005431  GPIO_setAsOutputPin                       
00005131  GPIO_setAsPeripheralModuleFunctionInputPin
000055f9  GPIO_setOutputHighOnPin                   
00005585  GPIO_setOutputLowOnPin                    
0000560d  GPIO_toggleOutputOnPin                    
00003989  Get_Claw                                  
00003979  Get_Light                                 
00003973  Get_Magnetic                              
00002703  HOSTclock                                 
000026cb  HOSTclose                                 
0000268d  HOSTgetenv                                
00002631  HOSTlseek                                 
000025df  HOSTopen                                  
00002593  HOSTread                                  
00002535  HOSTrename                                
000024fb  HOSTtime                                  
000024ad  HOSTtime64                                
00002475  HOSTunlink                                
00002429  HOSTwrite                                 
0000395f  Init_Claw                                 
0000386d  Init_LightandMagnetic                     
00003967  Init_Sensors                              
00003c21  Init_SysTick                              
00004cb5  Interrupt_enableInterrupt                 
00005671  Interrupt_enableMaster                    
00001b09  PORT2_IRQHandler                          
00001903  RFCheckRfFrequency                        
0000196f  RFGetStatus                               
00001a6d  RFGetSymbolTime                           
000017b9  RFGetTimeOnAir                            
00001979  RFInit                                    
0000190d  RFInitModem                               
000019c1  RFIrqInit                                 
0000178b  RFIsChannelFree                           
00001755  RFRandom                                  
00001333  RFRead                                    
00001703  RFReadBuffer                              
000016e1  RFReadRssi                                
000016b1  RFReset                                   
00001687  RFRxWithDefault                           
0000165d  RFRxWithDefaultContinuous                 
000015e5  RFSend                                    
00001621  RFSendWithDefault                         
00001373  RFSetChannel                              
0000130b  RFSetOpMode                               
0000159d  RFSetRx                                   
000014e1  RFSetRxConfig                             
000014d1  RFSetSleep                                
000014c1  RFSetStby                                 
0000149d  RFSetTx                                   
00001395  RFSetTxConfig                             
00001313  RFStartCad                                
000012d7  RFWrite                                   
00001281  RFWriteBuffer                             
000012cb  RFWriteFifo                               
00002399  RTC_AlarmHandler                          
00004ffd  RTC_C_clearInterruptFlag                  
0000524d  RTC_C_enableInterrupt                     
00004d19  RTC_C_getCalendarTime                     
00005179  RTC_C_getEnabledInterruptStatus           
000053b9  RTC_C_getInterruptStatus                  
00004ea5  RTC_C_initCalendar                        
00005455  RTC_C_setCalendarAlarm                    
00005479  RTC_C_startClock                          
00005349  ReceivedPkt                               
UNDEFED   SHT$$INIT_ARRAY$$Base                     
UNDEFED   SHT$$INIT_ARRAY$$Limit                    
00005539  SPI_enableModule                          
00004885  SPI_initMaster                            
00005553  SPI_receiveData                           
000054bd  SPI_transmitData                          
00003a81  SendJoinReq                               
00003bd7  Set_Alarm                                 
00003a2b  SleepFor                                  
00005681  SysCtl_disableNMISource                   
00005691  SysCtl_enableNMISource                    
000056e1  SysCtl_getNMISourceStatus                 
00003bb7  SysTick_Handler                           
20000ef4  SystemCoreClock                           
0000335f  SystemCoreClockUpdate                     
0000330d  SystemInit                                
00003b93  T32_INT1_IRQHandler                       
00002c0d  UARTA0_Handler                            
20000a20  UARTBuffer                                
00002b97  UARTSend                                  
00002ab7  UARTSendRssi                              
00002a59  UARTinit                                  
20000c9c  UARTrx                                    
000039f7  VelaMacInit                               
000039f3  VelaMacReport                             
000039f1  VelaMacRetrieveListOfNodes                
00002cfd  VelaNwkInitialization                     
00002cc1  VelaNwkReport                             
4000480c  WDTCTL_SYM                                
20000800  __CIOBUF_                                 
20010000  __STACK_END                               
00000200  __STACK_SIZE                              
00000800  __SYSMEM_SIZE                             
00005958  __TI_CINIT_Base                           
00005968  __TI_CINIT_Limit                          
00005944  __TI_Handler_Table_Base                   
00005950  __TI_Handler_Table_Limit                  
00004b05  __TI_auto_init                            
000035b9  __TI_cleanup                              
20000ec0  __TI_cleanup_ptr                          
00004755  __TI_closefile                            
00004be5  __TI_decompress_lzss                      
000056a1  __TI_decompress_none                      
0000440d  __TI_doflush                              
20000ec4  __TI_dtors_ptr                            
20000ec8  __TI_enable_exit_profile_output           
20000eb0  __TI_ft_end                               
ffffffff  __TI_pprof_out_hndl                       
00000985  __TI_printfi                              
ffffffff  __TI_prof_data_size                       
ffffffff  __TI_prof_data_start                      
00004537  __TI_rd_ok                                
00004c7f  __TI_readmsg                              
00000000  __TI_static_base__                        
20000b20  __TI_tmpnams                              
00004c4d  __TI_writemsg                             
000044d5  __TI_wrt_ok                               
000056ed  __TI_zero_init                            
0000490d  __aeabi_cdcmpeq                           
0000490d  __aeabi_cdcmple                           
00004993  __aeabi_cdrcmple                          
000051c1  __aeabi_d2iz                              
00005209  __aeabi_d2uiz                             
000036bf  __aeabi_dadd                              
00003cdd  __aeabi_ddiv                              
00003f49  __aeabi_dmul                              
000036b5  __aeabi_dsub                              
00005389  __aeabi_i2d                               
00004a19  __aeabi_memclr                            
00004a19  __aeabi_memclr4                           
00004a19  __aeabi_memclr8                           
000046b9  __aeabi_memcpy                            
000046b9  __aeabi_memcpy4                           
000046b9  __aeabi_memcpy8                           
00004a1b  __aeabi_memset                            
00004a1b  __aeabi_memset4                           
00004a1b  __aeabi_memset8                           
20000ebc  __aeabi_stderr                            
20000eb4  __aeabi_stdin                             
20000eb8  __aeabi_stdout                            
000054fd  __aeabi_ui2d                              
00003119  __aeabi_uldivmod                          
ffffffff  __binit__                                 
ffffffff  __c_args__                                
0000127f  __mpu_init                                
2000fe00  __stack                                   
000056af  __time32                                  
0000559d  _args_main                                
00004f01  _c_int00                                  
00005718  _ctypes_                                  
20000cac  _ftable                                   
20000ea0  _hTime                                    
20000ed8  _lock                                     
20000e9f  _mTime                                    
20000e9c  _msTime                                   
0000562f  _nop                                      
00005627  _register_lock                            
00005621  _register_unlock                          
20000e9e  _sTime                                    
20000000  _sys_memory                               
0000386b  _system_post_cinit                        
0000533d  _system_pre_init                          
20000ea8  _totalDays                                
20000ea4  _totalms                                  
20000edc  _unlock                                   
00004f59  abort                                     
000029ad  add_device                                
20000eac  alarmIn                                   
20000eaa  alarmSet                                  
0000504d  atoi                                      
20000ef9  awake                                     
ffffffff  binit                                     
000020c9  calloc                                    
00004141  ceil                                      
00004141  ceill                                     
0000295d  close                                     
00005099  copy_in                                   
00005635  copysign                                  
00005635  copysignl                                 
00002379  debug_print_pkt                           
00003b7b  delay_ms                                  
20000ee4  errno                                     
00004f61  exit                                      
000047bb  fclose                                    
00004459  fflush                                    
00004239  floor                                     
00004239  floorl                                    
0000360f  fopen                                     
000047ed  fputc                                     
00003e15  fputs                                     
00001e13  free                                      
000035e5  freopen                                   
00004de1  frexp                                     
00004de1  frexpl                                    
00004d7d  fseek                                     
00003b75  getTotal_ms                               
000020f9  initCalendar                              
00002301  initClocks                                
00002155  initPeripherals                           
0000212f  initPorts                                 
000053e5  initSPI                                   
00000000  interruptVectors                          
20000c82  lastLight                                 
20000c92  lastMagnetic                              
00004045  ldexp                                     
00004045  ldexpl                                    
00002939  lseek                                     
00004fa9  ltoa                                      
00005329  main                                      
20000ef0  main_func_sp                              
00001da9  malloc                                    
00001fdd  memalign                                  
0000551d  memccpy                                   
000054dd  memchr                                    
000046b9  memcpy                                    
00004a21  memset                                    
00001d29  minit                                     
0000288b  open                                      
00004b7d  printf                                    
000047ed  putc                                      
00004871  putchar                                   
00003f21  puts                                      
000050fb  rand                                      
00002867  read                                      
00001ed5  realloc                                   
000027dd  remove                                    
0000283f  remove_device                             
00002801  rename                                    
20000ee0  rxAvailable                               
00004045  scalbn                                    
00004045  scalbnl                                   
00004331  setvbuf                                   
00002183  sleepFor                                  
00005880  spiMasterConfig                           
00004e45  sprintf                                   
000050e5  srand                                     
000055cd  strchr                                    
000055b5  strcmp                                    
00005649  strcpy                                    
0000565d  strlen                                    
0000528d  strncpy                                   
20000ca8  tickFrequency                             
000056af  time                                      
0000585c  uartConfig                                
000027dd  unlink                                    
0000274d  write                                     


GLOBAL SYMBOLS: SORTED BY Symbol Address 

address   name                                      
-------   ----                                      
00000000  __TI_static_base__                        
00000000  interruptVectors                          
00000200  __STACK_SIZE                              
00000800  __SYSMEM_SIZE                             
00000985  __TI_printfi                              
0000127f  __mpu_init                                
00001281  RFWriteBuffer                             
000012cb  RFWriteFifo                               
000012d7  RFWrite                                   
0000130b  RFSetOpMode                               
00001313  RFStartCad                                
00001333  RFRead                                    
00001373  RFSetChannel                              
00001395  RFSetTxConfig                             
0000149d  RFSetTx                                   
000014c1  RFSetStby                                 
000014d1  RFSetSleep                                
000014e1  RFSetRxConfig                             
0000159d  RFSetRx                                   
000015e5  RFSend                                    
00001621  RFSendWithDefault                         
0000165d  RFRxWithDefaultContinuous                 
00001687  RFRxWithDefault                           
000016b1  RFReset                                   
000016e1  RFReadRssi                                
00001703  RFReadBuffer                              
00001755  RFRandom                                  
0000178b  RFIsChannelFree                           
000017b9  RFGetTimeOnAir                            
00001903  RFCheckRfFrequency                        
0000190d  RFInitModem                               
0000196f  RFGetStatus                               
00001979  RFInit                                    
000019c1  RFIrqInit                                 
00001a6d  RFGetSymbolTime                           
00001b09  PORT2_IRQHandler                          
00001d29  minit                                     
00001da9  malloc                                    
00001e13  free                                      
00001ed5  realloc                                   
00001fdd  memalign                                  
000020c9  calloc                                    
000020f9  initCalendar                              
0000212f  initPorts                                 
00002155  initPeripherals                           
00002183  sleepFor                                  
00002301  initClocks                                
00002379  debug_print_pkt                           
00002399  RTC_AlarmHandler                          
00002429  HOSTwrite                                 
00002475  HOSTunlink                                
000024ad  HOSTtime64                                
000024fb  HOSTtime                                  
00002535  HOSTrename                                
00002593  HOSTread                                  
000025df  HOSTopen                                  
00002631  HOSTlseek                                 
0000268d  HOSTgetenv                                
000026cb  HOSTclose                                 
00002703  HOSTclock                                 
0000274d  write                                     
000027dd  remove                                    
000027dd  unlink                                    
00002801  rename                                    
0000283f  remove_device                             
00002867  read                                      
0000288b  open                                      
00002939  lseek                                     
0000295d  close                                     
000029ad  add_device                                
00002a59  UARTinit                                  
00002ab7  UARTSendRssi                              
00002b97  UARTSend                                  
00002c0d  UARTA0_Handler                            
00002cc1  VelaNwkReport                             
00002cfd  VelaNwkInitialization                     
00002f5f  CommsInitSniffer                          
00002f8d  CommsInitNode                             
00002fbb  CommsInitCoordinator                      
00003119  __aeabi_uldivmod                          
0000330d  SystemInit                                
0000335f  SystemCoreClockUpdate                     
000035b9  __TI_cleanup                              
000035e5  freopen                                   
0000360f  fopen                                     
000036b5  __aeabi_dsub                              
000036bf  __aeabi_dadd                              
0000386b  _system_post_cinit                        
0000386d  Init_LightandMagnetic                     
0000395f  Init_Claw                                 
00003967  Init_Sensors                              
00003973  Get_Magnetic                              
00003979  Get_Light                                 
00003989  Get_Claw                                  
0000399d  ADC14_IRQHandler                          
000039f1  VelaMacRetrieveListOfNodes                
000039f3  VelaMacReport                             
000039f7  VelaMacInit                               
00003a2b  SleepFor                                  
00003a81  SendJoinReq                               
00003b75  getTotal_ms                               
00003b7b  delay_ms                                  
00003b93  T32_INT1_IRQHandler                       
00003bb7  SysTick_Handler                           
00003bd7  Set_Alarm                                 
00003c21  Init_SysTick                              
00003cdd  __aeabi_ddiv                              
00003e15  fputs                                     
00003f21  puts                                      
00003f49  __aeabi_dmul                              
00004045  ldexp                                     
00004045  ldexpl                                    
00004045  scalbn                                    
00004045  scalbnl                                   
00004141  ceil                                      
00004141  ceill                                     
00004239  floor                                     
00004239  floorl                                    
00004331  setvbuf                                   
0000440d  __TI_doflush                              
00004459  fflush                                    
000044d5  __TI_wrt_ok                               
00004537  __TI_rd_ok                                
00004581  CS_startHFXTWithTimeout                   
0000461d  CS_startLFXTWithTimeout                   
000046b9  __aeabi_memcpy                            
000046b9  __aeabi_memcpy4                           
000046b9  __aeabi_memcpy8                           
000046b9  memcpy                                    
00004755  __TI_closefile                            
000047bb  fclose                                    
000047ed  fputc                                     
000047ed  putc                                      
00004871  putchar                                   
00004885  SPI_initMaster                            
0000490d  __aeabi_cdcmpeq                           
0000490d  __aeabi_cdcmple                           
00004993  __aeabi_cdrcmple                          
00004a19  __aeabi_memclr                            
00004a19  __aeabi_memclr4                           
00004a19  __aeabi_memclr8                           
00004a1b  __aeabi_memset                            
00004a1b  __aeabi_memset4                           
00004a1b  __aeabi_memset8                           
00004a21  memset                                    
00004b05  __TI_auto_init                            
00004b7d  printf                                    
00004be5  __TI_decompress_lzss                      
00004c4d  __TI_writemsg                             
00004c7b  C$$IO$$                                   
00004c7f  __TI_readmsg                              
00004cb5  Interrupt_enableInterrupt                 
00004d19  RTC_C_getCalendarTime                     
00004d7d  fseek                                     
00004de1  frexp                                     
00004de1  frexpl                                    
00004e45  sprintf                                   
00004ea5  RTC_C_initCalendar                        
00004f01  _c_int00                                  
00004f55  C$$EXIT                                   
00004f59  abort                                     
00004f61  exit                                      
00004fa9  ltoa                                      
00004ffd  RTC_C_clearInterruptFlag                  
0000504d  atoi                                      
00005099  copy_in                                   
000050e5  srand                                     
000050fb  rand                                      
00005131  GPIO_setAsPeripheralModuleFunctionInputPin
00005179  RTC_C_getEnabledInterruptStatus           
000051c1  __aeabi_d2iz                              
00005209  __aeabi_d2uiz                             
0000524d  RTC_C_enableInterrupt                     
0000528d  strncpy                                   
000052f9  GPIO_setAsInputPinWithPullDownResistor    
00005329  main                                      
0000533d  _system_pre_init                          
00005349  ReceivedPkt                               
00005389  __aeabi_i2d                               
000053b9  RTC_C_getInterruptStatus                  
000053e5  initSPI                                   
0000540d  CS_setDCOCenteredFrequency                
00005431  GPIO_setAsOutputPin                       
00005455  RTC_C_setCalendarAlarm                    
00005479  RTC_C_startClock                          
0000549d  GPIO_interruptEdgeSelect                  
000054bd  SPI_transmitData                          
000054dd  memchr                                    
000054fd  __aeabi_ui2d                              
0000551d  memccpy                                   
00005539  SPI_enableModule                          
00005553  SPI_receiveData                           
0000556d  GPIO_getInputPinValue                     
00005585  GPIO_setOutputLowOnPin                    
0000559d  _args_main                                
000055b5  strcmp                                    
000055cd  strchr                                    
000055e5  CS_setExternalClockSourceFrequency        
000055f9  GPIO_setOutputHighOnPin                   
0000560d  GPIO_toggleOutputOnPin                    
00005621  _register_unlock                          
00005627  _register_lock                            
0000562f  _nop                                      
00005635  copysign                                  
00005635  copysignl                                 
00005649  strcpy                                    
0000565d  strlen                                    
00005671  Interrupt_enableMaster                    
00005681  SysCtl_disableNMISource                   
00005691  SysCtl_enableNMISource                    
000056a1  __TI_decompress_none                      
000056af  __time32                                  
000056af  time                                      
000056bd  CPU_cpsie                                 
000056c9  EUSCI_A_SPI_enable                        
000056d5  EUSCI_B_SPI_enable                        
000056e1  SysCtl_getNMISourceStatus                 
000056ed  __TI_zero_init                            
000056f9  CS_startHFXT                              
000056ff  CS_startLFXT                              
00005705  EUSCI_A_SPI_receiveData                   
0000570b  EUSCI_B_SPI_receiveData                   
00005711  EUSCI_A_SPI_transmitData                  
00005715  EUSCI_B_SPI_transmitData                  
00005718  _ctypes_                                  
0000585c  uartConfig                                
00005880  spiMasterConfig                           
00005944  __TI_Handler_Table_Base                   
00005950  __TI_Handler_Table_Limit                  
00005958  __TI_CINIT_Base                           
00005968  __TI_CINIT_Limit                          
20000000  _sys_memory                               
20000800  __CIOBUF_                                 
20000a20  UARTBuffer                                
20000b20  __TI_tmpnams                              
20000c82  lastLight                                 
20000c92  lastMagnetic                              
20000c98  AlarmWentOff                              
20000c9c  UARTrx                                    
20000ca8  tickFrequency                             
20000cac  _ftable                                   
20000e9c  _msTime                                   
20000e9e  _sTime                                    
20000e9f  _mTime                                    
20000ea0  _hTime                                    
20000ea4  _totalms                                  
20000ea8  _totalDays                                
20000eaa  alarmSet                                  
20000eac  alarmIn                                   
20000eb0  __TI_ft_end                               
20000eb4  __aeabi_stdin                             
20000eb8  __aeabi_stdout                            
20000ebc  __aeabi_stderr                            
20000ec0  __TI_cleanup_ptr                          
20000ec4  __TI_dtors_ptr                            
20000ec8  __TI_enable_exit_profile_output           
20000ed8  _lock                                     
20000edc  _unlock                                   
20000ee0  rxAvailable                               
20000ee4  errno                                     
20000ef0  main_func_sp                              
20000ef4  SystemCoreClock                           
20000ef9  awake                                     
2000fe00  __stack                                   
20010000  __STACK_END                               
4000480c  WDTCTL_SYM                                
ffffffff  __TI_pprof_out_hndl                       
ffffffff  __TI_prof_data_size                       
ffffffff  __TI_prof_data_start                      
ffffffff  __binit__                                 
ffffffff  __c_args__                                
ffffffff  binit                                     
UNDEFED   SHT$$INIT_ARRAY$$Base                     
UNDEFED   SHT$$INIT_ARRAY$$Limit                    

[274 symbols]
