******************************************************************************
                  TI ARM Linker PC v15.12.3                    
******************************************************************************
>> Linked Sat Apr 08 11:30:03 2017

OUTPUT FILE NAME:   <Velapulsar.out>
ENTRY POINT SYMBOL: "_c_int00"  address: 00004e15


MEMORY CONFIGURATION

         name            origin    length      used     unused   attr    fill
----------------------  --------  ---------  --------  --------  ----  --------
  MAIN                  00000000   00040000  0000578a  0003a876  R  X
  INFO                  00200000   00004000  00000000  00004000  R  X
  SRAM_CODE             01000000   00010000  000010f6  0000ef0a  RW X
  SRAM_DATA             20000000   00010000  000010f6  0000ef0a  RW  


SEGMENT ALLOCATION MAP

run origin  load origin   length   init length attrs members
----------  ----------- ---------- ----------- ----- -------
00000000    00000000    0000578c   0000578c    r-x
  00000000    00000000    00000140   00000140    r-- .intvecs
  00000140    00000140    000053e2   000053e2    r-x .text
  00005524    00005524    00000184   00000184    r-- .const
  000056a8    000056a8    000000e4   000000e4    r-- .cinit
20000000    20000000    00000ef6   00000000    rw-
  20000000    20000000    00000800   00000000    rw- .sysmem
  20000800    20000800    000004a8   00000000    rw- .bss
  20000ca8    20000ca8    0000024e   00000000    rw- .data
2000fe00    2000fe00    00000200   00000000    rw-
  2000fe00    2000fe00    00000200   00000000    rw- .stack


SECTION ALLOCATION MAP

 output                                  attributes/
section   page    origin      length       input sections
--------  ----  ----------  ----------   ----------------
.intvecs   0    00000000    00000140     
                  00000000    00000140     startup_msp432p401r_ccs.obj (.intvecs:retain)

.binit     0    00000000    00000000     

.text      0    00000140    000053e2     
                  00000140    00001110     rtsv7M4_T_le_v4SPD16_eabi.lib : _printfi.obj (.text)
                  00001250    0000098c     rf95.obj (.text)
                  00001bdc    0000043c     velapulsar_mac.obj (.text)
                  00002018    000003dc     rtsv7M4_T_le_v4SPD16_eabi.lib : memory.obj (.text)
                  000023f4    00000324                                   : trgdrv.obj (.text)
                  00002718    00000318     velapulsar.obj (.text)
                  00002a30    0000030c     rtsv7M4_T_le_v4SPD16_eabi.lib : lowlev.obj (.text)
                  00002d3c    000001f4                                   : ull_div_t2.obj (.text)
                  00002f30    000001e4     system_msp432p401r.obj (.text)
                  00003114    000001cc     comms_interface.obj (.text)
                  000032e0    000001c4     rtsv7M4_T_le_v4SPD16_eabi.lib : fopen.obj (.text)
                  000034a4    000001c0     sensor_interface.obj (.text)
                  00003664    000001b6     rtsv7M4_T_le_v4SPD16_eabi.lib : fd_add_t2.obj (.text)
                  0000381a    00000002                                   : mpu_init.obj (.text)
                  0000381c    000001a0     UART_interface.obj (.text)
                  000039bc    00000138     velapulsar_nwk.obj (.text)
                  00003af4    00000136     rtsv7M4_T_le_v4SPD16_eabi.lib : fd_div_t2.obj (.text)
                  00003c2a    00000002                                   : startup.obj (.text)
                  00003c2c    00000134                                   : fputs.obj (.text)
                  00003d60    000000fc                                   : fd_mul_t2.obj (.text)
                  00003e5c    000000fc                                   : s_scalbn.obj (.text)
                  00003f58    000000f8                                   : s_ceil.obj (.text)
                  00004050    000000f8                                   : s_floor.obj (.text)
                  00004148    000000dc                                   : setvbuf.obj (.text)
                  00004224    000000c8                                   : fflush.obj (.text)
                  000042ec    000000ac     delay.obj (.text)
                  00004398    000000ac     rtsv7M4_T_le_v4SPD16_eabi.lib : _io_perm.obj (.text)
                  00004444    0000009c     msp432p4xx_driverlib.lib : cs.o (.text:CS_startHFXTWithTimeout)
                  000044e0    0000009c                              : cs.o (.text:CS_startLFXTWithTimeout)
                  0000457c    0000009c     rtsv7M4_T_le_v4SPD16_eabi.lib : memcpy_t2.obj (.text)
                  00004618    00000098                                   : fclose.obj (.text)
                  000046b0    00000098                                   : fputc.obj (.text)
                  00004748    00000088     msp432p4xx_driverlib.lib : spi.o (.text:SPI_initMaster)
                  000047d0    00000086     rtsv7M4_T_le_v4SPD16_eabi.lib : fd_cmp_t2.obj (.text:__aeabi_cdcmple)
                  00004856    00000086                                   : fd_cmp_t2.obj (.text:__aeabi_cdrcmple)
                  000048dc    0000007a                                   : memset_t2.obj (.text)
                  00004956    00000002     --HOLE-- [fill = 0]
                  00004958    00000070     msp432p4xx_driverlib.lib : cs.o (.text:_CSGetHFXTFrequency)
                  000049c8    00000070     rtsv7M4_T_le_v4SPD16_eabi.lib : autoinit.obj (.text)
                  00004a38    00000070                                   : printf.obj (.text)
                  00004aa8    0000006a                                   : copy_decompress_rle.obj (.text)
                  00004b12    00000002     --HOLE-- [fill = 0]
                  00004b14    00000068                                   : trgmsg.obj (.text)
                  00004b7c    00000064     msp432p4xx_driverlib.lib : interrupt.o (.text:Interrupt_enableInterrupt)
                  00004be0    00000064                              : rtc_c.o (.text:RTC_C_getCalendarTime)
                  00004c44    00000064     rtsv7M4_T_le_v4SPD16_eabi.lib : fseek.obj (.text)
                  00004ca8    00000064                                   : s_frexp.obj (.text)
                  00004d0c    0000005c     msp432p4xx_driverlib.lib : rtc_c.o (.text:RTC_C_initCalendar)
                  00004d68    00000056     rtsv7M4_T_le_v4SPD16_eabi.lib : ltoa.obj (.text)
                  00004dbe    00000002     --HOLE-- [fill = 0]
                  00004dc0    00000054     AdapterNode_main.obj (.text)
                  00004e14    00000054     rtsv7M4_T_le_v4SPD16_eabi.lib : boot.obj (.text)
                  00004e68    00000054                                   : exit.obj (.text)
                  00004ebc    00000050     msp432p4xx_driverlib.lib : rtc_c.o (.text:RTC_C_clearInterruptFlag)
                  00004f0c    0000004c     rtsv7M4_T_le_v4SPD16_eabi.lib : atoi.obj (.text)
                  00004f58    0000004c                                   : cpy_tbl.obj (.text)
                  00004fa4    00000048     msp432p4xx_driverlib.lib : gpio.o (.text:GPIO_setAsPeripheralModuleFunctionInputPin)
                  00004fec    00000048                              : rtc_c.o (.text:RTC_C_getEnabledInterruptStatus)
                  00005034    00000048     rtsv7M4_T_le_v4SPD16_eabi.lib : fd_toi_t2.obj (.text)
                  0000507c    00000044                                   : fd_tou_t2.obj (.text)
                  000050c0    00000040     msp432p4xx_driverlib.lib : rtc_c.o (.text:RTC_C_enableInterrupt)
                  00005100    00000034     startup_msp432p401r_ccs.obj (.text)
                  00005134    00000030     msp432p4xx_driverlib.lib : gpio.o (.text:GPIO_setAsInputPinWithPullDownResistor)
                  00005164    00000030                              : spi.o (.text:is_A_Module)
                  00005194    00000030     rtsv7M4_T_le_v4SPD16_eabi.lib : strncpy.obj (.text)
                  000051c4    0000002e                                   : i_tofd_t2.obj (.text)
                  000051f2    00000002     --HOLE-- [fill = 0]
                  000051f4    0000002c     msp432p4xx_driverlib.lib : rtc_c.o (.text:RTC_C_getInterruptStatus)
                  00005220    00000028     spi_interface.obj (.text)
                  00005248    00000024     msp432p4xx_driverlib.lib : gpio.o (.text:GPIO_setAsOutputPin)
                  0000526c    00000024                              : rtc_c.o (.text:RTC_C_setCalendarAlarm)
                  00005290    00000024                              : rtc_c.o (.text:RTC_C_startClock)
                  000052b4    00000020                              : gpio.o (.text:GPIO_interruptEdgeSelect)
                  000052d4    00000020                              : spi.o (.text:SPI_transmitData)
                  000052f4    00000020     rtsv7M4_T_le_v4SPD16_eabi.lib : memchr.obj (.text)
                  00005314    00000020                                   : u_tofd_t2.obj (.text)
                  00005334    0000001c                                   : memccpy.obj (.text)
                  00005350    0000001a     msp432p4xx_driverlib.lib : spi.o (.text:SPI_enableModule)
                  0000536a    0000001a                              : spi.o (.text:SPI_receiveData)
                  00005384    00000018                              : gpio.o (.text:GPIO_getInputPinValue)
                  0000539c    00000018                              : gpio.o (.text:GPIO_setOutputLowOnPin)
                  000053b4    00000018     rtsv7M4_T_le_v4SPD16_eabi.lib : args_main.obj (.text)
                  000053cc    00000018                                   : strcmp.obj (.text)
                  000053e4    00000016                                   : strchr.obj (.text)
                  000053fa    00000002     --HOLE-- [fill = 0]
                  000053fc    00000014     msp432p4xx_driverlib.lib : cs.o (.text:CS_setExternalClockSourceFrequency)
                  00005410    00000014                              : gpio.o (.text:GPIO_setOutputHighOnPin)
                  00005424    00000014                              : gpio.o (.text:GPIO_toggleOutputOnPin)
                  00005438    00000014     rtsv7M4_T_le_v4SPD16_eabi.lib : _lock.obj (.text)
                  0000544c    00000014                                   : s_copysign.obj (.text)
                  00005460    00000014                                   : strcpy.obj (.text)
                  00005474    00000014                                   : strlen.obj (.text)
                  00005488    00000010     msp432p4xx_driverlib.lib : interrupt.o (.text:Interrupt_enableMaster)
                  00005498    00000010                              : sysctl.o (.text:SysCtl_disableNMISource)
                  000054a8    00000010                              : sysctl.o (.text:SysCtl_enableNMISource)
                  000054b8    0000000e     rtsv7M4_T_le_v4SPD16_eabi.lib : copy_decompress_none.obj (.text:decompress:none)
                  000054c6    0000000c     msp432p4xx_driverlib.lib : cpu.o (.text:CPU_cpsie)
                  000054d2    0000000c                              : spi.o (.text:EUSCI_A_SPI_enable)
                  000054de    0000000c                              : spi.o (.text:EUSCI_B_SPI_enable)
                  000054ea    00000002     --HOLE-- [fill = 0]
                  000054ec    0000000c                              : sysctl.o (.text:SysCtl_getNMISourceStatus)
                  000054f8    00000006                              : cs.o (.text:CS_startHFXT)
                  000054fe    00000006                              : cs.o (.text:CS_startLFXT)
                  00005504    00000006                              : spi.o (.text:EUSCI_A_SPI_receiveData)
                  0000550a    00000006                              : spi.o (.text:EUSCI_B_SPI_receiveData)
                  00005510    00000006     rtsv7M4_T_le_v4SPD16_eabi.lib : copy_decompress_rle.obj (.text:decompress:rle24)
                  00005516    00000004     msp432p4xx_driverlib.lib : spi.o (.text:EUSCI_A_SPI_transmitData)
                  0000551a    00000004                              : spi.o (.text:EUSCI_B_SPI_transmitData)
                  0000551e    00000004     rtsv7M4_T_le_v4SPD16_eabi.lib : pre_init.obj (.text)

.const     0    00005524    00000184     
                  00005524    00000101     rtsv7M4_T_le_v4SPD16_eabi.lib : ctype.obj (.const:.string:_ctypes_)
                  00005625    00000003     --HOLE-- [fill = 0]
                  00005628    00000040     msp432p4xx_driverlib.lib : interrupt.o (.const)
                  00005668    00000024     UART_interface.obj (.const:uartConfig)
                  0000568c    0000001c     spi_interface.obj (.const:spiMasterConfig)

.cinit     0    000056a8    000000e4     
                  000056a8    000000ba     (.cinit..data.load) [load image, compression = rle]
                  00005762    00000006     --HOLE-- [fill = 0]
                  00005768    0000000b     (.cinit..bss.load) [load image, compression = rle]
                  00005773    00000001     --HOLE-- [fill = 0]
                  00005774    00000008     (__TI_handler_table)
                  0000577c    00000010     (__TI_cinit_table)

.init_array 
*          0    00000000    00000000     UNINITIALIZED

.sysmem    0    20000000    00000800     UNINITIALIZED
                  20000000    00000008     rtsv7M4_T_le_v4SPD16_eabi.lib : memory.obj (.sysmem)
                  20000008    000007f8     --HOLE--

.bss       0    20000800    000004a8     UNINITIALIZED
                  20000800    00000120     rtsv7M4_T_le_v4SPD16_eabi.lib : trgmsg.obj (.bss:_CIOBUF_)
                  20000920    00000100     rf95.obj (.bss:RxTxBuffer)
                  20000a20    00000100     (.common:UARTBuffer)
                  20000b20    000000a0     (.common:__TI_tmpnams)
                  20000bc0    0000002c     rf95.obj (.bss:settings)
                  20000bec    0000001c     velapulsar.obj (.bss:calendarTime)
                  20000c08    0000001c     velapulsar_mac.obj (.bss:radioEvents)
                  20000c24    00000015     (.common:rxPkt)
                  20000c39    00000015     (.common:txPkt)
                  20000c4e    00000014     velapulsar_nwk.obj (.bss:macEvents)
                  20000c62    00000014     comms_interface.obj (.bss:nwkEvents)
                  20000c76    00000008     rtsv7M4_T_le_v4SPD16_eabi.lib : trgdrv.obj (.bss:parmbuf)
                  20000c7e    00000002     (.common:lastLight)
                  20000c80    00000005     velapulsar_mac.obj (.bss)
                  20000c85    00000001     (.common:rxSnr)
                  20000c86    00000002     (.common:lastMagnetic)
                  20000c88    00000004     rf95.obj (.bss)
                  20000c8c    00000004     velapulsar_nwk.obj (.bss)
                  20000c90    00000004     (.common:PktReceived)
                  20000c94    00000004     (.common:UARTrx)
                  20000c98    00000004     (.common:hfxtFreq)
                  20000c9c    00000004     (.common:lfxtFreq)
                  20000ca0    00000002     (.common:pktID)
                  20000ca2    00000002     (.common:rxRssi)
                  20000ca4    00000002     (.common:rxSize)
                  20000ca6    00000002     (.common:txSize)

.data      0    20000ca8    0000024e     UNINITIALIZED
                  20000ca8    000000f0     rtsv7M4_T_le_v4SPD16_eabi.lib : defs.obj (.data:_ftable)
                  20000d98    000000d0                                   : lowlev.obj (.data:$O1$$)
                  20000e68    00000030     msp432p4xx_driverlib.lib : gpio.o (.data:GPIO_PORT_TO_BASE)
                  20000e98    00000010     rtsv7M4_T_le_v4SPD16_eabi.lib : defs.obj (.data)
                  20000ea8    0000000c                                   : exit.obj (.data:$O1$$)
                  20000eb4    0000000c                                   : memory.obj (.data:$O1$$)
                  20000ec0    0000000c     delay.obj (.data)
                  20000ecc    00000008     rtsv7M4_T_le_v4SPD16_eabi.lib : _lock.obj (.data:$O1$$)
                  20000ed4    00000008     AdapterNode_main.obj (.data)
                  20000edc    00000004     UART_interface.obj (.data)
                  20000ee0    00000004     rtsv7M4_T_le_v4SPD16_eabi.lib : errno.obj (.data)
                  20000ee4    00000004                                   : fopen.obj (.data)
                  20000ee8    00000004                                   : stkdepth_vars.obj (.data)
                  20000eec    00000004     system_msp432p401r.obj (.data)
                  20000ef0    00000003     velapulsar_mac.obj (.data)
                  20000ef3    00000002     comms_interface.obj (.data)
                  20000ef5    00000001     velapulsar.obj (.data)

.stack     0    2000fe00    00000200     UNINITIALIZED
                  2000fe00    00000200     --HOLE--

MODULE SUMMARY

       Module                        code    ro data   rw data
       ------                        ----    -------   -------
    .\
       system_msp432p401r.obj        484     0         8      
       startup_msp432p401r_ccs.obj   52      320       0      
       AdapterNode_main.obj          84      0         32     
    +--+-----------------------------+-------+---------+---------+
       Total:                        620     320       40     
                                                              
    .\Libraries\Mac\
       velapulsar_mac.obj            1084    0         174    
    +--+-----------------------------+-------+---------+---------+
       Total:                        1084    0         174    
                                                              
    .\Libraries\Nwk\
       velapulsar_nwk.obj            312     0         48     
    +--+-----------------------------+-------+---------+---------+
       Total:                        312     0         48     
                                                              
    .\Libraries\RF95\
       rf95.obj                      2444    0         608    
       delay.obj                     172     0         24     
       spi_interface.obj             40      28        0      
    +--+-----------------------------+-------+---------+---------+
       Total:                        2656    28        632    
                                                              
    .\Libraries\UART\
       UART_interface.obj            416     36        528    
    +--+-----------------------------+-------+---------+---------+
       Total:                        416     36        528    
                                                              
    .\Libraries\Velapulsar\
       velapulsar.obj                792     0         58     
       comms_interface.obj           460     0         44     
       sensor_interface.obj          448     0         0      
    +--+-----------------------------+-------+---------+---------+
       Total:                        1700    0         102    
                                                              
    C:/ti/msp/msp432ware__3.50.00.02/driverlib/driverlib/MSP432P4xx/ccs/msp432p4xx_driverlib.lib
       rtc_c.o                       524     0         0      
       cs.o                          456     0         16     
       gpio.o                        276     0         96     
       spi.o                         312     0         0      
       interrupt.o                   116     64        0      
       sysctl.o                      44      0         0      
       cpu.o                         12      0         0      
    +--+-----------------------------+-------+---------+---------+
       Total:                        1740    64        112    
                                                              
    C:\ti\ccsv6\tools\compiler\arm_15.12.3.LTS\lib\rtsv7M4_T_le_v4SPD16_eabi.lib
       _printfi.obj                  4368    0         0      
       lowlev.obj                    780     0         416    
       memory.obj                    988     0         24     
       defs.obj                      0       0         832    
       trgdrv.obj                    804     0         16     
       trgmsg.obj                    104     0         576    
       ull_div_t2.obj                500     0         0      
       fopen.obj                     452     0         8      
       fd_add_t2.obj                 438     0         0      
       fd_div_t2.obj                 310     0         0      
       fputs.obj                     308     0         0      
       fd_cmp_t2.obj                 268     0         0      
       ctype.obj                     0       257       0      
       fd_mul_t2.obj                 252     0         0      
       s_scalbn.obj                  252     0         0      
       s_ceil.obj                    248     0         0      
       s_floor.obj                   248     0         0      
       setvbuf.obj                   220     0         0      
       fflush.obj                    200     0         0      
       _io_perm.obj                  172     0         0      
       memcpy_t2.obj                 156     0         0      
       fclose.obj                    152     0         0      
       fputc.obj                     152     0         0      
       memset_t2.obj                 122     0         0      
       autoinit.obj                  112     0         0      
       copy_decompress_rle.obj       112     0         0      
       printf.obj                    112     0         0      
       exit.obj                      84      0         24     
       fseek.obj                     100     0         0      
       s_frexp.obj                   100     0         0      
       ltoa.obj                      86      0         0      
       boot.obj                      84      0         0      
       atoi.obj                      76      0         0      
       cpy_tbl.obj                   76      0         0      
       fd_toi_t2.obj                 72      0         0      
       fd_tou_t2.obj                 68      0         0      
       strncpy.obj                   48      0         0      
       i_tofd_t2.obj                 46      0         0      
       _lock.obj                     20      0         16     
       memchr.obj                    32      0         0      
       u_tofd_t2.obj                 32      0         0      
       memccpy.obj                   28      0         0      
       args_main.obj                 24      0         0      
       strcmp.obj                    24      0         0      
       strchr.obj                    22      0         0      
       s_copysign.obj                20      0         0      
       strcpy.obj                    20      0         0      
       strlen.obj                    20      0         0      
       copy_decompress_none.obj      14      0         0      
       errno.obj                     0       0         8      
       stkdepth_vars.obj             0       0         8      
       pre_init.obj                  4       0         0      
       mpu_init.obj                  2       0         0      
       startup.obj                   2       0         0      
    +--+-----------------------------+-------+---------+---------+
       Total:                        12934   257       1928   
                                                              
       Heap:                         0       0         4096   
       Stack:                        0       0         1024   
       Linker Generated:             0       221       0      
    +--+-----------------------------+-------+---------+---------+
       Grand Total:                  21462   926       8684   


LINKER GENERATED COPY TABLES

__TI_cinit_table @ 0000577c records: 2, size/record: 8, table size: 16
	.data: load addr=000056a8, load size=000000ba bytes, run addr=20000ca8, run size=0000024e bytes, compression=rle
	.bss: load addr=00005768, load size=0000000b bytes, run addr=20000800, run size=000004a8 bytes, compression=rle


LINKER GENERATED HANDLER TABLE

__TI_handler_table @ 00005774 records: 2, size/record: 4, table size: 8
	index: 0, handler: __TI_decompress_rle24
	index: 1, handler: __TI_decompress_none


GLOBAL SYMBOLS: SORTED ALPHABETICALLY BY Name 

address   name                                      
-------   ----                                      
000035d5  ADC14_IRQHandler                          
00004e69  C$$EXIT                                   
00004b43  C$$IO$$                                   
000054c7  CPU_cpsie                                 
000053fd  CS_setExternalClockSourceFrequency        
000054f9  CS_startHFXT                              
00004445  CS_startHFXTWithTimeout                   
000054ff  CS_startLFXT                              
000044e1  CS_startLFXTWithTimeout                   
000031ff  CommsInit                                 
000031c5  CommsSend                                 
0000313d  CommsStartContinuousRx                    
000054d3  EUSCI_A_SPI_enable                        
00005505  EUSCI_A_SPI_receiveData                   
00005517  EUSCI_A_SPI_transmitData                  
000054df  EUSCI_B_SPI_enable                        
0000550b  EUSCI_B_SPI_receiveData                   
0000551b  EUSCI_B_SPI_transmitData                  
00005385  GPIO_getInputPinValue                     
000052b5  GPIO_interruptEdgeSelect                  
00005135  GPIO_setAsInputPinWithPullDownResistor    
00005249  GPIO_setAsOutputPin                       
00004fa5  GPIO_setAsPeripheralModuleFunctionInputPin
00005411  GPIO_setOutputHighOnPin                   
0000539d  GPIO_setOutputLowOnPin                    
00005425  GPIO_toggleOutputOnPin                    
000035c1  Get_Claw                                  
000035b1  Get_Light                                 
000035ab  Get_Magnetic                              
000026cb  HOSTclock                                 
00002693  HOSTclose                                 
00002655  HOSTgetenv                                
000025f9  HOSTlseek                                 
000025a7  HOSTopen                                  
0000255b  HOSTread                                  
000024fd  HOSTrename                                
000024c3  HOSTtime                                  
00002479  HOSTtime64                                
00002441  HOSTunlink                                
000023f5  HOSTwrite                                 
00003597  Init_Claw                                 
000034a5  Init_LightandMagnetic                     
0000359f  Init_Sensors                              
00004325  Init_SysTick                              
00004b7d  Interrupt_enableInterrupt                 
00005489  Interrupt_enableMaster                    
000019c9  PORT2_IRQHandler                          
20000c90  PktReceived                               
0000180f  RFCheckRfFrequency                        
00001875  RFGetStatus                               
0000196d  RFGetSymbolTime                           
000016ef  RFGetTimeOnAir                            
00001885  RFInit                                    
00001813  RFInitModem                               
000018c1  RFIrqInit                                 
000016c5  RFIsChannelFree                           
0000168f  RFRandom                                  
00001303  RFRead                                    
0000163d  RFReadBuffer                              
00001615  RFReadRssi                                
000015e5  RFReset                                   
000015a9  RFSend                                    
00001585  RFSetChannel                              
000012db  RFSetOpMode                               
00001543  RFSetRx                                   
00001487  RFSetRxConfig                             
00001477  RFSetSleep                                
00001467  RFSetStby                                 
00001443  RFSetTx                                   
00001343  RFSetTxConfig                             
000012e3  RFStartCad                                
000012a7  RFWrite                                   
00001251  RFWriteBuffer                             
0000129b  RFWriteFifo                               
000029a1  RTC_AlarmHandler                          
00004ebd  RTC_C_clearInterruptFlag                  
000050c1  RTC_C_enableInterrupt                     
00004be1  RTC_C_getCalendarTime                     
00004fed  RTC_C_getEnabledInterruptStatus           
000051f5  RTC_C_getInterruptStatus                  
00004d0d  RTC_C_initCalendar                        
0000526d  RTC_C_setCalendarAlarm                    
00005291  RTC_C_startClock                          
00003115  ReceivedCmd                               
UNDEFED   SHT$$INIT_ARRAY$$Base                     
UNDEFED   SHT$$INIT_ARRAY$$Limit                    
00005351  SPI_enableModule                          
00004749  SPI_initMaster                            
0000536b  SPI_receiveData                           
000052d5  SPI_transmitData                          
00001cbb  SendAck                                   
00005499  SysCtl_disableNMISource                   
000054a9  SysCtl_enableNMISource                    
000054ed  SysCtl_getNMISourceStatus                 
0000430b  SysTick_Handler                           
20000eec  SystemCoreClock                           
00002f83  SystemCoreClockUpdate                     
00002f31  SystemInit                                
0000391d  UARTA0_Handler                            
20000a20  UARTBuffer                                
000038d7  UARTSend                                  
00003873  UARTSendRssi                              
0000381d  UARTinit                                  
20000c94  UARTrx                                    
00001c87  VelaMacInitialization                     
00001bdd  VelaMacSend                               
000039f9  VelaNwkInitialization                     
000039bd  VelaNwkSend                               
4000480c  WDTCTL_SYM                                
20000800  __CIOBUF_                                 
20010000  __STACK_END                               
00000200  __STACK_SIZE                              
00000800  __SYSMEM_SIZE                             
0000577c  __TI_CINIT_Base                           
0000578c  __TI_CINIT_Limit                          
00005774  __TI_Handler_Table_Base                   
0000577c  __TI_Handler_Table_Limit                  
000049c9  __TI_auto_init                            
000033a9  __TI_cleanup                              
20000ea8  __TI_cleanup_ptr                          
00004619  __TI_closefile                            
000054b9  __TI_decompress_none                      
00005511  __TI_decompress_rle24                     
00004225  __TI_doflush                              
20000eac  __TI_dtors_ptr                            
20000eb0  __TI_enable_exit_profile_output           
20000e98  __TI_ft_end                               
ffffffff  __TI_pprof_out_hndl                       
00000f4b  __TI_printfi                              
ffffffff  __TI_prof_data_size                       
ffffffff  __TI_prof_data_start                      
000043fb  __TI_rd_ok                                
00004b47  __TI_readmsg                              
00000000  __TI_static_base__                        
20000b20  __TI_tmpnams                              
00004b15  __TI_writemsg                             
00004399  __TI_wrt_ok                               
000047d1  __aeabi_cdcmpeq                           
000047d1  __aeabi_cdcmple                           
00004857  __aeabi_cdrcmple                          
00005035  __aeabi_d2iz                              
0000507d  __aeabi_d2uiz                             
0000366f  __aeabi_dadd                              
00003af5  __aeabi_ddiv                              
00003d61  __aeabi_dmul                              
00003665  __aeabi_dsub                              
000051c5  __aeabi_i2d                               
000048dd  __aeabi_memclr                            
000048dd  __aeabi_memclr4                           
000048dd  __aeabi_memclr8                           
0000457d  __aeabi_memcpy                            
0000457d  __aeabi_memcpy4                           
0000457d  __aeabi_memcpy8                           
000048df  __aeabi_memset                            
000048df  __aeabi_memset4                           
000048df  __aeabi_memset8                           
20000ea4  __aeabi_stderr                            
20000e9c  __aeabi_stdin                             
20000ea0  __aeabi_stdout                            
00005315  __aeabi_ui2d                              
00002d3d  __aeabi_uldivmod                          
ffffffff  __binit__                                 
ffffffff  __c_args__                                
0000381b  __mpu_init                                
2000fe00  __stack                                   
000053b5  _args_main                                
00004e15  _c_int00                                  
00005524  _ctypes_                                  
20000ca8  _ftable                                   
20000ec4  _hTime                                    
20000ecc  _lock                                     
20000ec3  _mTime                                    
20000ec0  _msTime                                   
00005447  _nop                                      
0000543f  _register_lock                            
00005439  _register_unlock                          
20000ec2  _sTime                                    
20000000  _sys_memory                               
00003c2b  _system_post_cinit                        
0000551f  _system_pre_init                          
20000ec8  _totalms                                  
20000ed0  _unlock                                   
20000ed5  ableToConnect                             
00004e6d  abort                                     
00002c91  add_device                                
00004f0d  atoi                                      
20000ef5  awake                                     
ffffffff  binit                                     
000023c1  calloc                                    
00003f59  ceil                                      
00003f59  ceill                                     
00002c41  close                                     
00004f59  copy_in                                   
0000544d  copysign                                  
0000544d  copysignl                                 
20000ed4  currentState                              
00002981  debug_print_pkt                           
000042f3  delay_ms                                  
20000ee0  errno                                     
00004e75  exit                                      
0000467f  fclose                                    
00004271  fflush                                    
00004051  floor                                     
00004051  floorl                                    
000033ff  fopen                                     
000046b1  fputc                                     
00003c2d  fputs                                     
0000210f  free                                      
000033d5  freopen                                   
00004ca9  frexp                                     
00004ca9  frexpl                                    
00004c45  fseek                                     
000042ed  getTotal_ms                               
20000ed8  goodPkts                                  
00002719  initCalendar                              
00002907  initClocks                                
00004ded  initEndNode                               
0000275b  initPeripherals                           
0000274f  initPorts                                 
00005221  initSPI                                   
00000000  interruptVectors                          
20000c7e  lastLight                                 
20000c86  lastMagnetic                              
00003e5d  ldexp                                     
00003e5d  ldexpl                                    
20000ed7  len                                       
20000ed6  lostConnection                            
00002c1d  lseek                                     
00004d69  ltoa                                      
00004dfd  main                                      
20000ee8  main_func_sp                              
000020a7  malloc                                    
000022dd  memalign                                  
00005335  memccpy                                   
000052f5  memchr                                    
0000457d  memcpy                                    
000048e5  memset                                    
00002019  minit                                     
20000ef0  numOfFailed                               
00002b6f  open                                      
00004dc1  operate                                   
20000ca0  pktID                                     
00004a41  printf                                    
000046b1  putc                                      
00004735  putchar                                   
00003d39  puts                                      
00002b4b  read                                      
000021d1  realloc                                   
00002ac1  remove                                    
00002b23  remove_device                             
00002ae5  rename                                    
20000edc  rxAvailable                               
20000c24  rxPkt                                     
20000ca2  rxRssi                                    
20000ca4  rxSize                                    
20000c85  rxSnr                                     
00003e5d  scalbn                                    
00003e5d  scalbnl                                   
00004149  setvbuf                                   
00002789  sleepFor                                  
0000568c  spiMasterConfig                           
000053e5  strchr                                    
000053cd  strcmp                                    
00005461  strcpy                                    
00005475  strlen                                    
00005195  strncpy                                   
20000c39  txPkt                                     
20000ca6  txSize                                    
00005668  uartConfig                                
00002ac1  unlink                                    
20000ef1  waitForAck                                
00002a31  write                                     


GLOBAL SYMBOLS: SORTED BY Symbol Address 

address   name                                      
-------   ----                                      
00000000  __TI_static_base__                        
00000000  interruptVectors                          
00000200  __STACK_SIZE                              
00000800  __SYSMEM_SIZE                             
00000f4b  __TI_printfi                              
00001251  RFWriteBuffer                             
0000129b  RFWriteFifo                               
000012a7  RFWrite                                   
000012db  RFSetOpMode                               
000012e3  RFStartCad                                
00001303  RFRead                                    
00001343  RFSetTxConfig                             
00001443  RFSetTx                                   
00001467  RFSetStby                                 
00001477  RFSetSleep                                
00001487  RFSetRxConfig                             
00001543  RFSetRx                                   
00001585  RFSetChannel                              
000015a9  RFSend                                    
000015e5  RFReset                                   
00001615  RFReadRssi                                
0000163d  RFReadBuffer                              
0000168f  RFRandom                                  
000016c5  RFIsChannelFree                           
000016ef  RFGetTimeOnAir                            
0000180f  RFCheckRfFrequency                        
00001813  RFInitModem                               
00001875  RFGetStatus                               
00001885  RFInit                                    
000018c1  RFIrqInit                                 
0000196d  RFGetSymbolTime                           
000019c9  PORT2_IRQHandler                          
00001bdd  VelaMacSend                               
00001c87  VelaMacInitialization                     
00001cbb  SendAck                                   
00002019  minit                                     
000020a7  malloc                                    
0000210f  free                                      
000021d1  realloc                                   
000022dd  memalign                                  
000023c1  calloc                                    
000023f5  HOSTwrite                                 
00002441  HOSTunlink                                
00002479  HOSTtime64                                
000024c3  HOSTtime                                  
000024fd  HOSTrename                                
0000255b  HOSTread                                  
000025a7  HOSTopen                                  
000025f9  HOSTlseek                                 
00002655  HOSTgetenv                                
00002693  HOSTclose                                 
000026cb  HOSTclock                                 
00002719  initCalendar                              
0000274f  initPorts                                 
0000275b  initPeripherals                           
00002789  sleepFor                                  
00002907  initClocks                                
00002981  debug_print_pkt                           
000029a1  RTC_AlarmHandler                          
00002a31  write                                     
00002ac1  remove                                    
00002ac1  unlink                                    
00002ae5  rename                                    
00002b23  remove_device                             
00002b4b  read                                      
00002b6f  open                                      
00002c1d  lseek                                     
00002c41  close                                     
00002c91  add_device                                
00002d3d  __aeabi_uldivmod                          
00002f31  SystemInit                                
00002f83  SystemCoreClockUpdate                     
00003115  ReceivedCmd                               
0000313d  CommsStartContinuousRx                    
000031c5  CommsSend                                 
000031ff  CommsInit                                 
000033a9  __TI_cleanup                              
000033d5  freopen                                   
000033ff  fopen                                     
000034a5  Init_LightandMagnetic                     
00003597  Init_Claw                                 
0000359f  Init_Sensors                              
000035ab  Get_Magnetic                              
000035b1  Get_Light                                 
000035c1  Get_Claw                                  
000035d5  ADC14_IRQHandler                          
00003665  __aeabi_dsub                              
0000366f  __aeabi_dadd                              
0000381b  __mpu_init                                
0000381d  UARTinit                                  
00003873  UARTSendRssi                              
000038d7  UARTSend                                  
0000391d  UARTA0_Handler                            
000039bd  VelaNwkSend                               
000039f9  VelaNwkInitialization                     
00003af5  __aeabi_ddiv                              
00003c2b  _system_post_cinit                        
00003c2d  fputs                                     
00003d39  puts                                      
00003d61  __aeabi_dmul                              
00003e5d  ldexp                                     
00003e5d  ldexpl                                    
00003e5d  scalbn                                    
00003e5d  scalbnl                                   
00003f59  ceil                                      
00003f59  ceill                                     
00004051  floor                                     
00004051  floorl                                    
00004149  setvbuf                                   
00004225  __TI_doflush                              
00004271  fflush                                    
000042ed  getTotal_ms                               
000042f3  delay_ms                                  
0000430b  SysTick_Handler                           
00004325  Init_SysTick                              
00004399  __TI_wrt_ok                               
000043fb  __TI_rd_ok                                
00004445  CS_startHFXTWithTimeout                   
000044e1  CS_startLFXTWithTimeout                   
0000457d  __aeabi_memcpy                            
0000457d  __aeabi_memcpy4                           
0000457d  __aeabi_memcpy8                           
0000457d  memcpy                                    
00004619  __TI_closefile                            
0000467f  fclose                                    
000046b1  fputc                                     
000046b1  putc                                      
00004735  putchar                                   
00004749  SPI_initMaster                            
000047d1  __aeabi_cdcmpeq                           
000047d1  __aeabi_cdcmple                           
00004857  __aeabi_cdrcmple                          
000048dd  __aeabi_memclr                            
000048dd  __aeabi_memclr4                           
000048dd  __aeabi_memclr8                           
000048df  __aeabi_memset                            
000048df  __aeabi_memset4                           
000048df  __aeabi_memset8                           
000048e5  memset                                    
000049c9  __TI_auto_init                            
00004a41  printf                                    
00004b15  __TI_writemsg                             
00004b43  C$$IO$$                                   
00004b47  __TI_readmsg                              
00004b7d  Interrupt_enableInterrupt                 
00004be1  RTC_C_getCalendarTime                     
00004c45  fseek                                     
00004ca9  frexp                                     
00004ca9  frexpl                                    
00004d0d  RTC_C_initCalendar                        
00004d69  ltoa                                      
00004dc1  operate                                   
00004ded  initEndNode                               
00004dfd  main                                      
00004e15  _c_int00                                  
00004e69  C$$EXIT                                   
00004e6d  abort                                     
00004e75  exit                                      
00004ebd  RTC_C_clearInterruptFlag                  
00004f0d  atoi                                      
00004f59  copy_in                                   
00004fa5  GPIO_setAsPeripheralModuleFunctionInputPin
00004fed  RTC_C_getEnabledInterruptStatus           
00005035  __aeabi_d2iz                              
0000507d  __aeabi_d2uiz                             
000050c1  RTC_C_enableInterrupt                     
00005135  GPIO_setAsInputPinWithPullDownResistor    
00005195  strncpy                                   
000051c5  __aeabi_i2d                               
000051f5  RTC_C_getInterruptStatus                  
00005221  initSPI                                   
00005249  GPIO_setAsOutputPin                       
0000526d  RTC_C_setCalendarAlarm                    
00005291  RTC_C_startClock                          
000052b5  GPIO_interruptEdgeSelect                  
000052d5  SPI_transmitData                          
000052f5  memchr                                    
00005315  __aeabi_ui2d                              
00005335  memccpy                                   
00005351  SPI_enableModule                          
0000536b  SPI_receiveData                           
00005385  GPIO_getInputPinValue                     
0000539d  GPIO_setOutputLowOnPin                    
000053b5  _args_main                                
000053cd  strcmp                                    
000053e5  strchr                                    
000053fd  CS_setExternalClockSourceFrequency        
00005411  GPIO_setOutputHighOnPin                   
00005425  GPIO_toggleOutputOnPin                    
00005439  _register_unlock                          
0000543f  _register_lock                            
00005447  _nop                                      
0000544d  copysign                                  
0000544d  copysignl                                 
00005461  strcpy                                    
00005475  strlen                                    
00005489  Interrupt_enableMaster                    
00005499  SysCtl_disableNMISource                   
000054a9  SysCtl_enableNMISource                    
000054b9  __TI_decompress_none                      
000054c7  CPU_cpsie                                 
000054d3  EUSCI_A_SPI_enable                        
000054df  EUSCI_B_SPI_enable                        
000054ed  SysCtl_getNMISourceStatus                 
000054f9  CS_startHFXT                              
000054ff  CS_startLFXT                              
00005505  EUSCI_A_SPI_receiveData                   
0000550b  EUSCI_B_SPI_receiveData                   
00005511  __TI_decompress_rle24                     
00005517  EUSCI_A_SPI_transmitData                  
0000551b  EUSCI_B_SPI_transmitData                  
0000551f  _system_pre_init                          
00005524  _ctypes_                                  
00005668  uartConfig                                
0000568c  spiMasterConfig                           
00005774  __TI_Handler_Table_Base                   
0000577c  __TI_CINIT_Base                           
0000577c  __TI_Handler_Table_Limit                  
0000578c  __TI_CINIT_Limit                          
20000000  _sys_memory                               
20000800  __CIOBUF_                                 
20000a20  UARTBuffer                                
20000b20  __TI_tmpnams                              
20000c24  rxPkt                                     
20000c39  txPkt                                     
20000c7e  lastLight                                 
20000c85  rxSnr                                     
20000c86  lastMagnetic                              
20000c90  PktReceived                               
20000c94  UARTrx                                    
20000ca0  pktID                                     
20000ca2  rxRssi                                    
20000ca4  rxSize                                    
20000ca6  txSize                                    
20000ca8  _ftable                                   
20000e98  __TI_ft_end                               
20000e9c  __aeabi_stdin                             
20000ea0  __aeabi_stdout                            
20000ea4  __aeabi_stderr                            
20000ea8  __TI_cleanup_ptr                          
20000eac  __TI_dtors_ptr                            
20000eb0  __TI_enable_exit_profile_output           
20000ec0  _msTime                                   
20000ec2  _sTime                                    
20000ec3  _mTime                                    
20000ec4  _hTime                                    
20000ec8  _totalms                                  
20000ecc  _lock                                     
20000ed0  _unlock                                   
20000ed4  currentState                              
20000ed5  ableToConnect                             
20000ed6  lostConnection                            
20000ed7  len                                       
20000ed8  goodPkts                                  
20000edc  rxAvailable                               
20000ee0  errno                                     
20000ee8  main_func_sp                              
20000eec  SystemCoreClock                           
20000ef0  numOfFailed                               
20000ef1  waitForAck                                
20000ef5  awake                                     
2000fe00  __stack                                   
20010000  __STACK_END                               
4000480c  WDTCTL_SYM                                
ffffffff  __TI_pprof_out_hndl                       
ffffffff  __TI_prof_data_size                       
ffffffff  __TI_prof_data_start                      
ffffffff  __binit__                                 
ffffffff  __c_args__                                
ffffffff  binit                                     
UNDEFED   SHT$$INIT_ARRAY$$Base                     
UNDEFED   SHT$$INIT_ARRAY$$Limit                    

[272 symbols]
