******************************************************************************
                  TI ARM Linker PC v16.9.1                     
******************************************************************************
>> Linked Wed Aug 16 14:06:56 2017

OUTPUT FILE NAME:   <Velapulsar.out>
ENTRY POINT SYMBOL: "_c_int00"  address: 00004d35


MEMORY CONFIGURATION

         name            origin    length      used     unused   attr    fill
----------------------  --------  ---------  --------  --------  ----  --------
  MAIN                  00000000   00040000  0000575c  0003a8a4  R  X
  INFO                  00200000   00004000  00000000  00004000  R  X
  SRAM_CODE             01000000   00010000  000010ed  0000ef13  RW X
  SRAM_DATA             20000000   00010000  000010ed  0000ef13  RW  


SEGMENT ALLOCATION MAP

run origin  load origin   length   init length attrs members
----------  ----------- ---------- ----------- ----- -------
00000000    00000000    00005760   00005760    r-x
  00000000    00000000    00000140   00000140    r-- .intvecs
  00000140    00000140    000053d0   000053d0    r-x .text
  00005510    00005510    00000184   00000184    r-- .const
  00005698    00005698    000000c8   000000c8    r-- .cinit
20000000    20000000    00000eed   00000000    rw-
  20000000    20000000    00000800   00000000    rw- .sysmem
  20000800    20000800    000004a4   00000000    rw- .bss
  20000ca4    20000ca4    00000249   00000000    rw- .data
2000fe00    2000fe00    00000200   00000000    rw-
  2000fe00    2000fe00    00000200   00000000    rw- .stack


SECTION ALLOCATION MAP

 output                                  attributes/
section   page    origin      length       input sections
--------  ----  ----------  ----------   ----------------
.intvecs   0    00000000    00000140     
                  00000000    00000140     startup_msp432p401r_ccs.obj (.intvecs:retain)

.binit     0    00000000    00000000     

.text      0    00000140    000053d0     
                  00000140    0000113e     rtsv7M4_T_le_v4SPD16_eabi.lib : _printfi.obj (.text)
                  0000127e    00000002                                   : mpu_init.obj (.text)
                  00001280    00000a90     rf95.obj (.text)
                  00001d10    000003d0     rtsv7M4_T_le_v4SPD16_eabi.lib : memory.obj (.text)
                  000020e0    00000324                                   : trgdrv.obj (.text)
                  00002404    00000318     velapulsar.obj (.text)
                  0000271c    0000030c     rtsv7M4_T_le_v4SPD16_eabi.lib : lowlev.obj (.text)
                  00002a28    0000021c     velapulsar_mac.obj (.text)
                  00002c44    000001f4     rtsv7M4_T_le_v4SPD16_eabi.lib : ull_div_t2.obj (.text)
                  00002e38    000001ec     UART_interface.obj (.text)
                  00003024    000001e4     system_msp432p401r.obj (.text)
                  00003208    000001c4     rtsv7M4_T_le_v4SPD16_eabi.lib : fopen.obj (.text)
                  000033cc    000001c0     sensor_interface.obj (.text)
                  0000358c    000001b6     rtsv7M4_T_le_v4SPD16_eabi.lib : fd_add_t2.obj (.text)
                  00003742    00000002                                   : startup.obj (.text)
                  00003744    000001a0     comms_interface.obj (.text)
                  000038e4    00000180     velapulsar_nwk.obj (.text)
                  00003a64    00000136     rtsv7M4_T_le_v4SPD16_eabi.lib : fd_div_t2.obj (.text)
                  00003b9a    00000002     --HOLE-- [fill = 0]
                  00003b9c    00000134                                   : fputs.obj (.text)
                  00003cd0    000000fc                                   : fd_mul_t2.obj (.text)
                  00003dcc    000000fc                                   : s_scalbn.obj (.text)
                  00003ec8    000000f8                                   : s_ceil.obj (.text)
                  00003fc0    000000f8                                   : s_floor.obj (.text)
                  000040b8    000000dc                                   : setvbuf.obj (.text)
                  00004194    000000c8                                   : fflush.obj (.text)
                  0000425c    000000ac     delay.obj (.text)
                  00004308    000000ac     rtsv7M4_T_le_v4SPD16_eabi.lib : _io_perm.obj (.text)
                  000043b4    0000009c     msp432p4xx_driverlib.lib : cs.o (.text:CS_startHFXTWithTimeout)
                  00004450    0000009c                              : cs.o (.text:CS_startLFXTWithTimeout)
                  000044ec    0000009c     rtsv7M4_T_le_v4SPD16_eabi.lib : memcpy_t2.obj (.text)
                  00004588    00000098                                   : fclose.obj (.text)
                  00004620    00000098                                   : fputc.obj (.text)
                  000046b8    00000088     msp432p4xx_driverlib.lib : spi.o (.text:SPI_initMaster)
                  00004740    00000086     rtsv7M4_T_le_v4SPD16_eabi.lib : fd_cmp_t2.obj (.text:__aeabi_cdcmple)
                  000047c6    00000086                                   : fd_cmp_t2.obj (.text:__aeabi_cdrcmple)
                  0000484c    0000007a                                   : memset_t2.obj (.text)
                  000048c6    00000002     --HOLE-- [fill = 0]
                  000048c8    00000070     msp432p4xx_driverlib.lib : cs.o (.text:_CSGetHFXTFrequency)
                  00004938    00000070     rtsv7M4_T_le_v4SPD16_eabi.lib : autoinit.obj (.text)
                  000049a8    00000070                                   : printf.obj (.text)
                  00004a18    00000068                                   : copy_decompress_lzss.obj (.text:decompress:lzss)
                  00004a80    00000068                                   : trgmsg.obj (.text)
                  00004ae8    00000064     msp432p4xx_driverlib.lib : interrupt.o (.text:Interrupt_enableInterrupt)
                  00004b4c    00000064                              : rtc_c.o (.text:RTC_C_getCalendarTime)
                  00004bb0    00000064     rtsv7M4_T_le_v4SPD16_eabi.lib : fseek.obj (.text)
                  00004c14    00000064                                   : s_frexp.obj (.text)
                  00004c78    00000060                                   : sprintf.obj (.text)
                  00004cd8    0000005c     msp432p4xx_driverlib.lib : rtc_c.o (.text:RTC_C_initCalendar)
                  00004d34    00000054     rtsv7M4_T_le_v4SPD16_eabi.lib : boot.obj (.text)
                  00004d88    00000054                                   : exit.obj (.text)
                  00004ddc    00000054                                   : ltoa.obj (.text)
                  00004e30    00000050     msp432p4xx_driverlib.lib : rtc_c.o (.text:RTC_C_clearInterruptFlag)
                  00004e80    0000004c     rtsv7M4_T_le_v4SPD16_eabi.lib : atoi.obj (.text)
                  00004ecc    0000004c                                   : cpy_tbl.obj (.text)
                  00004f18    00000048     AdapterNode_main.obj (.text)
                  00004f60    00000048     msp432p4xx_driverlib.lib : gpio.o (.text:GPIO_setAsPeripheralModuleFunctionInputPin)
                  00004fa8    00000048                              : rtc_c.o (.text:RTC_C_getEnabledInterruptStatus)
                  00004ff0    00000048     rtsv7M4_T_le_v4SPD16_eabi.lib : fd_toi_t2.obj (.text)
                  00005038    00000044                                   : fd_tou_t2.obj (.text)
                  0000507c    00000040     msp432p4xx_driverlib.lib : rtc_c.o (.text:RTC_C_enableInterrupt)
                  000050bc    00000036     rtsv7M4_T_le_v4SPD16_eabi.lib : strncpy.obj (.text)
                  000050f2    00000002     --HOLE-- [fill = 0]
                  000050f4    00000034     startup_msp432p401r_ccs.obj (.text)
                  00005128    00000030     msp432p4xx_driverlib.lib : gpio.o (.text:GPIO_setAsInputPinWithPullDownResistor)
                  00005158    00000030                              : spi.o (.text:is_A_Module)
                  00005188    0000002e     rtsv7M4_T_le_v4SPD16_eabi.lib : i_tofd_t2.obj (.text)
                  000051b6    00000002     --HOLE-- [fill = 0]
                  000051b8    0000002c     msp432p4xx_driverlib.lib : rtc_c.o (.text:RTC_C_getInterruptStatus)
                  000051e4    00000028     spi_interface.obj (.text)
                  0000520c    00000024     msp432p4xx_driverlib.lib : cs.o (.text:CS_setDCOCenteredFrequency)
                  00005230    00000024                              : gpio.o (.text:GPIO_setAsOutputPin)
                  00005254    00000024                              : rtc_c.o (.text:RTC_C_setCalendarAlarm)
                  00005278    00000024                              : rtc_c.o (.text:RTC_C_startClock)
                  0000529c    00000020                              : gpio.o (.text:GPIO_interruptEdgeSelect)
                  000052bc    00000020                              : spi.o (.text:SPI_transmitData)
                  000052dc    00000020     rtsv7M4_T_le_v4SPD16_eabi.lib : memchr.obj (.text)
                  000052fc    00000020                                   : u_tofd_t2.obj (.text)
                  0000531c    0000001c                                   : memccpy.obj (.text)
                  00005338    0000001a     msp432p4xx_driverlib.lib : spi.o (.text:SPI_enableModule)
                  00005352    0000001a                              : spi.o (.text:SPI_receiveData)
                  0000536c    00000018                              : gpio.o (.text:GPIO_getInputPinValue)
                  00005384    00000018                              : gpio.o (.text:GPIO_setOutputLowOnPin)
                  0000539c    00000018     rtsv7M4_T_le_v4SPD16_eabi.lib : args_main.obj (.text)
                  000053b4    00000018                                   : strcmp.obj (.text)
                  000053cc    00000016                                   : strchr.obj (.text)
                  000053e2    00000002     --HOLE-- [fill = 0]
                  000053e4    00000014     msp432p4xx_driverlib.lib : cs.o (.text:CS_setExternalClockSourceFrequency)
                  000053f8    00000014                              : gpio.o (.text:GPIO_setOutputHighOnPin)
                  0000540c    00000014                              : gpio.o (.text:GPIO_toggleOutputOnPin)
                  00005420    00000014     rtsv7M4_T_le_v4SPD16_eabi.lib : _lock.obj (.text)
                  00005434    00000014                                   : s_copysign.obj (.text)
                  00005448    00000014                                   : strcpy.obj (.text)
                  0000545c    00000014                                   : strlen.obj (.text)
                  00005470    00000010     msp432p4xx_driverlib.lib : interrupt.o (.text:Interrupt_enableMaster)
                  00005480    00000010                              : sysctl.o (.text:SysCtl_disableNMISource)
                  00005490    00000010                              : sysctl.o (.text:SysCtl_enableNMISource)
                  000054a0    0000000e     rtsv7M4_T_le_v4SPD16_eabi.lib : copy_decompress_none.obj (.text:decompress:none)
                  000054ae    0000000c     msp432p4xx_driverlib.lib : cpu.o (.text:CPU_cpsie)
                  000054ba    0000000c                              : spi.o (.text:EUSCI_A_SPI_enable)
                  000054c6    0000000c                              : spi.o (.text:EUSCI_B_SPI_enable)
                  000054d2    00000002     --HOLE-- [fill = 0]
                  000054d4    0000000c                              : sysctl.o (.text:SysCtl_getNMISourceStatus)
                  000054e0    0000000c     rtsv7M4_T_le_v4SPD16_eabi.lib : copy_zero_init.obj (.text:decompress:ZI)
                  000054ec    00000006     msp432p4xx_driverlib.lib : cs.o (.text:CS_startHFXT)
                  000054f2    00000006                              : cs.o (.text:CS_startLFXT)
                  000054f8    00000006                              : spi.o (.text:EUSCI_A_SPI_receiveData)
                  000054fe    00000006                              : spi.o (.text:EUSCI_B_SPI_receiveData)
                  00005504    00000004                              : spi.o (.text:EUSCI_A_SPI_transmitData)
                  00005508    00000004                              : spi.o (.text:EUSCI_B_SPI_transmitData)
                  0000550c    00000004     rtsv7M4_T_le_v4SPD16_eabi.lib : pre_init.obj (.text)

.const     0    00005510    00000184     
                  00005510    00000101     rtsv7M4_T_le_v4SPD16_eabi.lib : ctype.obj (.const:.string:_ctypes_)
                  00005611    00000003     --HOLE-- [fill = 0]
                  00005614    00000040     msp432p4xx_driverlib.lib : interrupt.o (.const)
                  00005654    00000024     UART_interface.obj (.const:uartConfig)
                  00005678    0000001c     spi_interface.obj (.const:spiMasterConfig)

.cinit     0    00005698    000000c8     
                  00005698    000000a4     (.cinit..data.load) [load image, compression = lzss]
                  0000573c    0000000c     (__TI_handler_table)
                  00005748    00000008     (.cinit..bss.load) [load image, compression = zero_init]
                  00005750    00000010     (__TI_cinit_table)

.init_array 
*          0    00000000    00000000     UNINITIALIZED

.sysmem    0    20000000    00000800     UNINITIALIZED
                  20000000    00000008     rtsv7M4_T_le_v4SPD16_eabi.lib : memory.obj (.sysmem)
                  20000008    000007f8     --HOLE--

.bss       0    20000800    000004a4     UNINITIALIZED
                  20000800    00000120     rtsv7M4_T_le_v4SPD16_eabi.lib : trgmsg.obj (.bss:_CIOBUF_)
                  20000920    00000100     rf95.obj (.bss:RxTxBuffer)
                  20000a20    00000100     (.common:UARTBuffer)
                  20000b20    000000a0     (.common:__TI_tmpnams)
                  20000bc0    0000002c     rf95.obj (.bss:settings)
                  20000bec    00000024     velapulsar_nwk.obj (.bss:macEvents)
                  20000c10    00000024     comms_interface.obj (.bss:nwkEvents)
                  20000c34    0000001c     velapulsar.obj (.bss:calendarTime)
                  20000c50    0000001c     velapulsar_mac.obj (.bss:radioEvents)
                  20000c6c    0000000d     velapulsar_mac.obj (.bss:myNode)
                  20000c79    00000008     rtsv7M4_T_le_v4SPD16_eabi.lib : trgdrv.obj (.bss:parmbuf)
                  20000c81    00000001     comms_interface.obj (.bss)
                  20000c82    00000002     (.common:lastLight)
                  20000c84    00000008     rf95.obj (.bss)
                  20000c8c    00000005     velapulsar_mac.obj (.bss)
                  20000c91    00000001     --HOLE--
                  20000c92    00000002     (.common:lastMagnetic)
                  20000c94    00000004     velapulsar_nwk.obj (.bss)
                  20000c98    00000004     (.common:UARTrx)
                  20000c9c    00000004     (.common:hfxtFreq)
                  20000ca0    00000004     (.common:lfxtFreq)

.data      0    20000ca4    00000249     UNINITIALIZED
                  20000ca4    000000f0     rtsv7M4_T_le_v4SPD16_eabi.lib : defs.obj (.data:_ftable)
                  20000d94    000000d0                                   : lowlev.obj (.data:$O1$$)
                  20000e64    00000030     msp432p4xx_driverlib.lib : gpio.o (.data:GPIO_PORT_TO_BASE)
                  20000e94    00000010     rtsv7M4_T_le_v4SPD16_eabi.lib : defs.obj (.data)
                  20000ea4    0000000c                                   : exit.obj (.data:$O1$$)
                  20000eb0    0000000c                                   : memory.obj (.data:$O1$$)
                  20000ebc    0000000c     delay.obj (.data)
                  20000ec8    00000008     rtsv7M4_T_le_v4SPD16_eabi.lib : _lock.obj (.data:$O1$$)
                  20000ed0    00000008     AdapterNode_main.obj (.data)
                  20000ed8    00000004     UART_interface.obj (.data)
                  20000edc    00000004     rtsv7M4_T_le_v4SPD16_eabi.lib : errno.obj (.data)
                  20000ee0    00000004                                   : fopen.obj (.data)
                  20000ee4    00000004                                   : stkdepth_vars.obj (.data)
                  20000ee8    00000004     system_msp432p401r.obj (.data)
                  20000eec    00000001     velapulsar.obj (.data)

.stack     0    2000fe00    00000200     UNINITIALIZED
                  2000fe00    00000200     --HOLE--

MODULE SUMMARY

       Module                        code    ro data   rw data
       ------                        ----    -------   -------
    .\
       system_msp432p401r.obj        484     0         8      
       startup_msp432p401r_ccs.obj   52      320       0      
       AdapterNode_main.obj          72      0         24     
    +--+-----------------------------+-------+---------+---------+
       Total:                        608     320       32     
                                                              
    .\Libraries\Mac\
       velapulsar_mac.obj            540     0         92     
    +--+-----------------------------+-------+---------+---------+
       Total:                        540     0         92     
                                                              
    .\Libraries\Nwk\
       velapulsar_nwk.obj            384     0         80     
    +--+-----------------------------+-------+---------+---------+
       Total:                        384     0         80     
                                                              
    .\Libraries\RF95\
       rf95.obj                      2704    0         616    
       delay.obj                     172     0         24     
       spi_interface.obj             40      28        0      
    +--+-----------------------------+-------+---------+---------+
       Total:                        2916    28        640    
                                                              
    .\Libraries\UART\
       UART_interface.obj            492     36        528    
    +--+-----------------------------+-------+---------+---------+
       Total:                        492     36        528    
                                                              
    .\Libraries\Velapulsar\
       velapulsar.obj                792     0         58     
       comms_interface.obj           416     0         74     
       sensor_interface.obj          448     0         0      
    +--+-----------------------------+-------+---------+---------+
       Total:                        1656    0         132    
                                                              
    C:/ti/msp/msp432ware__3.50.00.02/driverlib/driverlib/MSP432P4xx/ccs/msp432p4xx_driverlib.lib
       rtc_c.o                       524     0         0      
       cs.o                          492     0         16     
       gpio.o                        276     0         96     
       spi.o                         312     0         0      
       interrupt.o                   116     64        0      
       sysctl.o                      44      0         0      
       cpu.o                         12      0         0      
    +--+-----------------------------+-------+---------+---------+
       Total:                        1776    64        112    
                                                              
    C:\ti\ccsv7\tools\compiler\ti-cgt-arm_16.9.1.LTS\lib\rtsv7M4_T_le_v4SPD16_eabi.lib
       _printfi.obj                  4414    0         0      
       lowlev.obj                    780     0         416    
       memory.obj                    976     0         24     
       defs.obj                      0       0         832    
       trgdrv.obj                    804     0         16     
       trgmsg.obj                    104     0         576    
       ull_div_t2.obj                500     0         0      
       fopen.obj                     452     0         8      
       fd_add_t2.obj                 438     0         0      
       fd_div_t2.obj                 310     0         0      
       fputs.obj                     308     0         0      
       fd_cmp_t2.obj                 268     0         0      
       ctype.obj                     0       257       0      
       fd_mul_t2.obj                 252     0         0      
       s_scalbn.obj                  252     0         0      
       s_ceil.obj                    248     0         0      
       s_floor.obj                   248     0         0      
       setvbuf.obj                   220     0         0      
       fflush.obj                    200     0         0      
       _io_perm.obj                  172     0         0      
       memcpy_t2.obj                 156     0         0      
       fclose.obj                    152     0         0      
       fputc.obj                     152     0         0      
       memset_t2.obj                 122     0         0      
       autoinit.obj                  112     0         0      
       printf.obj                    112     0         0      
       exit.obj                      84      0         24     
       copy_decompress_lzss.obj      104     0         0      
       fseek.obj                     100     0         0      
       s_frexp.obj                   100     0         0      
       sprintf.obj                   96      0         0      
       boot.obj                      84      0         0      
       ltoa.obj                      84      0         0      
       atoi.obj                      76      0         0      
       cpy_tbl.obj                   76      0         0      
       fd_toi_t2.obj                 72      0         0      
       fd_tou_t2.obj                 68      0         0      
       strncpy.obj                   54      0         0      
       i_tofd_t2.obj                 46      0         0      
       _lock.obj                     20      0         16     
       memchr.obj                    32      0         0      
       u_tofd_t2.obj                 32      0         0      
       memccpy.obj                   28      0         0      
       args_main.obj                 24      0         0      
       strcmp.obj                    24      0         0      
       strchr.obj                    22      0         0      
       s_copysign.obj                20      0         0      
       strcpy.obj                    20      0         0      
       strlen.obj                    20      0         0      
       copy_decompress_none.obj      14      0         0      
       copy_zero_init.obj            12      0         0      
       errno.obj                     0       0         8      
       stkdepth_vars.obj             0       0         8      
       pre_init.obj                  4       0         0      
       mpu_init.obj                  2       0         0      
       startup.obj                   2       0         0      
    +--+-----------------------------+-------+---------+---------+
       Total:                        13072   257       1928   
                                                              
       Heap:                         0       0         4096   
       Stack:                        0       0         1024   
       Linker Generated:             0       200       0      
    +--+-----------------------------+-------+---------+---------+
       Grand Total:                  21444   905       8664   


LINKER GENERATED COPY TABLES

__TI_cinit_table @ 00005750 records: 2, size/record: 8, table size: 16
	.data: load addr=00005698, load size=000000a4 bytes, run addr=20000ca4, run size=00000249 bytes, compression=lzss
	.bss: load addr=00005748, load size=00000008 bytes, run addr=20000800, run size=000004a4 bytes, compression=zero_init


LINKER GENERATED HANDLER TABLE

__TI_handler_table @ 0000573c records: 3, size/record: 4, table size: 12
	index: 0, handler: __TI_decompress_lzss
	index: 1, handler: __TI_decompress_none
	index: 2, handler: __TI_zero_init


GLOBAL SYMBOLS: SORTED ALPHABETICALLY BY Name 

address   name                                      
-------   ----                                      
000034fd  ADC14_IRQHandler                          
00004d89  C$$EXIT                                   
00004aaf  C$$IO$$                                   
000054af  CPU_cpsie                                 
0000520d  CS_setDCOCenteredFrequency                
000053e5  CS_setExternalClockSourceFrequency        
000054ed  CS_startHFXT                              
000043b5  CS_startHFXTWithTimeout                   
000054f3  CS_startLFXT                              
00004451  CS_startLFXTWithTimeout                   
000037dd  CommsInitCoordinator                      
000037af  CommsInitNode                             
000054bb  EUSCI_A_SPI_enable                        
000054f9  EUSCI_A_SPI_receiveData                   
00005505  EUSCI_A_SPI_transmitData                  
000054c7  EUSCI_B_SPI_enable                        
000054ff  EUSCI_B_SPI_receiveData                   
00005509  EUSCI_B_SPI_transmitData                  
0000536d  GPIO_getInputPinValue                     
0000529d  GPIO_interruptEdgeSelect                  
00005129  GPIO_setAsInputPinWithPullDownResistor    
00005231  GPIO_setAsOutputPin                       
00004f61  GPIO_setAsPeripheralModuleFunctionInputPin
000053f9  GPIO_setOutputHighOnPin                   
00005385  GPIO_setOutputLowOnPin                    
0000540d  GPIO_toggleOutputOnPin                    
000034e9  Get_Claw                                  
000034d9  Get_Light                                 
000034d3  Get_Magnetic                              
000023bb  HOSTclock                                 
00002383  HOSTclose                                 
00002345  HOSTgetenv                                
000022e9  HOSTlseek                                 
00002297  HOSTopen                                  
0000224b  HOSTread                                  
000021ed  HOSTrename                                
000021b3  HOSTtime                                  
00002165  HOSTtime64                                
0000212d  HOSTunlink                                
000020e1  HOSTwrite                                 
000034bf  Init_Claw                                 
000033cd  Init_LightandMagnetic                     
000034c7  Init_Sensors                              
00004295  Init_SysTick                              
00004ae9  Interrupt_enableInterrupt                 
00005471  Interrupt_enableMaster                    
00001b09  PORT2_IRQHandler                          
00001903  RFCheckRfFrequency                        
0000196f  RFGetStatus                               
00001a6d  RFGetSymbolTime                           
000017b9  RFGetTimeOnAir                            
00001979  RFInit                                    
0000190d  RFInitModem                               
000019c1  RFIrqInit                                 
0000178b  RFIsChannelFree                           
00001755  RFRandom                                  
00001333  RFRead                                    
00001703  RFReadBuffer                              
000016e1  RFReadRssi                                
000016b1  RFReset                                   
00001687  RFRxWithDefault                           
0000165d  RFRxWithDefaultContinuous                 
000015e5  RFSend                                    
00001621  RFSendWithDefault                         
00001373  RFSetChannel                              
0000130b  RFSetOpMode                               
0000159d  RFSetRx                                   
000014e1  RFSetRxConfig                             
000014d1  RFSetSleep                                
000014c1  RFSetStby                                 
0000149d  RFSetTx                                   
00001395  RFSetTxConfig                             
00001313  RFStartCad                                
000012d7  RFWrite                                   
00001281  RFWriteBuffer                             
000012cb  RFWriteFifo                               
0000268b  RTC_AlarmHandler                          
00004e31  RTC_C_clearInterruptFlag                  
0000507d  RTC_C_enableInterrupt                     
00004b4d  RTC_C_getCalendarTime                     
00004fa9  RTC_C_getEnabledInterruptStatus           
000051b9  RTC_C_getInterruptStatus                  
00004cd9  RTC_C_initCalendar                        
00005255  RTC_C_setCalendarAlarm                    
00005279  RTC_C_startClock                          
UNDEFED   SHT$$INIT_ARRAY$$Base                     
UNDEFED   SHT$$INIT_ARRAY$$Limit                    
00005339  SPI_enableModule                          
000046b9  SPI_initMaster                            
00005353  SPI_receiveData                           
000052bd  SPI_transmitData                          
00002aa9  SendJoinReq                               
00002aa3  SleepFor                                  
00005481  SysCtl_disableNMISource                   
00005491  SysCtl_enableNMISource                    
000054d5  SysCtl_getNMISourceStatus                 
0000427b  SysTick_Handler                           
20000ee8  SystemCoreClock                           
00003077  SystemCoreClockUpdate                     
00003025  SystemInit                                
00002f71  UARTA0_Handler                            
20000a20  UARTBuffer                                
00002efb  UARTSend                                  
00002e97  UARTSendRssi                              
00002e39  UARTinit                                  
20000c98  UARTrx                                    
00002a6f  VelaMacInit                               
00002a2b  VelaMacReport                             
00002a29  VelaMacRetrieveListOfNodes                
00003921  VelaNwkInitialization                     
000038e5  VelaNwkReport                             
4000480c  WDTCTL_SYM                                
20000800  __CIOBUF_                                 
20010000  __STACK_END                               
00000200  __STACK_SIZE                              
00000800  __SYSMEM_SIZE                             
00005750  __TI_CINIT_Base                           
00005760  __TI_CINIT_Limit                          
0000573c  __TI_Handler_Table_Base                   
00005748  __TI_Handler_Table_Limit                  
00004939  __TI_auto_init                            
000032d1  __TI_cleanup                              
20000ea4  __TI_cleanup_ptr                          
00004589  __TI_closefile                            
00004a19  __TI_decompress_lzss                      
000054a1  __TI_decompress_none                      
00004195  __TI_doflush                              
20000ea8  __TI_dtors_ptr                            
20000eac  __TI_enable_exit_profile_output           
20000e94  __TI_ft_end                               
ffffffff  __TI_pprof_out_hndl                       
00000985  __TI_printfi                              
ffffffff  __TI_prof_data_size                       
ffffffff  __TI_prof_data_start                      
0000436b  __TI_rd_ok                                
00004ab3  __TI_readmsg                              
00000000  __TI_static_base__                        
20000b20  __TI_tmpnams                              
00004a81  __TI_writemsg                             
00004309  __TI_wrt_ok                               
000054e1  __TI_zero_init                            
00004741  __aeabi_cdcmpeq                           
00004741  __aeabi_cdcmple                           
000047c7  __aeabi_cdrcmple                          
00004ff1  __aeabi_d2iz                              
00005039  __aeabi_d2uiz                             
00003597  __aeabi_dadd                              
00003a65  __aeabi_ddiv                              
00003cd1  __aeabi_dmul                              
0000358d  __aeabi_dsub                              
00005189  __aeabi_i2d                               
0000484d  __aeabi_memclr                            
0000484d  __aeabi_memclr4                           
0000484d  __aeabi_memclr8                           
000044ed  __aeabi_memcpy                            
000044ed  __aeabi_memcpy4                           
000044ed  __aeabi_memcpy8                           
0000484f  __aeabi_memset                            
0000484f  __aeabi_memset4                           
0000484f  __aeabi_memset8                           
20000ea0  __aeabi_stderr                            
20000e98  __aeabi_stdin                             
20000e9c  __aeabi_stdout                            
000052fd  __aeabi_ui2d                              
00002c45  __aeabi_uldivmod                          
ffffffff  __binit__                                 
ffffffff  __c_args__                                
0000127f  __mpu_init                                
2000fe00  __stack                                   
0000539d  _args_main                                
00004d35  _c_int00                                  
00005510  _ctypes_                                  
20000ca4  _ftable                                   
20000ec0  _hTime                                    
20000ec8  _lock                                     
20000ebf  _mTime                                    
20000ebc  _msTime                                   
0000542f  _nop                                      
00005427  _register_lock                            
00005421  _register_unlock                          
20000ebe  _sTime                                    
20000000  _sys_memory                               
00003743  _system_post_cinit                        
0000550d  _system_pre_init                          
20000ec4  _totalms                                  
20000ecc  _unlock                                   
20000ed1  ableToConnect                             
00004d8d  abort                                     
0000297d  add_device                                
00004e81  atoi                                      
20000eec  awake                                     
ffffffff  binit                                     
000020b1  calloc                                    
00003ec9  ceil                                      
00003ec9  ceill                                     
0000292d  close                                     
00004ecd  copy_in                                   
00005435  copysign                                  
00005435  copysignl                                 
20000ed0  currentState                              
0000266b  debug_print_pkt                           
00004263  delay_ms                                  
20000edc  errno                                     
00004d95  exit                                      
000045ef  fclose                                    
000041e1  fflush                                    
00003fc1  floor                                     
00003fc1  floorl                                    
00003327  fopen                                     
00004621  fputc                                     
00003b9d  fputs                                     
00001dfb  free                                      
000032fd  freopen                                   
00004c15  frexp                                     
00004c15  frexpl                                    
00004bb1  fseek                                     
0000425d  getTotal_ms                               
20000ed4  goodPkts                                  
00002405  initCalendar                              
000025f1  initClocks                                
00004f39  initEndNode                               
00002447  initPeripherals                           
0000243b  initPorts                                 
000051e5  initSPI                                   
00000000  interruptVectors                          
20000c82  lastLight                                 
20000c92  lastMagnetic                              
00003dcd  ldexp                                     
00003dcd  ldexpl                                    
20000ed3  len                                       
20000ed2  lostConnection                            
00002909  lseek                                     
00004ddd  ltoa                                      
00004f49  main                                      
20000ee4  main_func_sp                              
00001d91  malloc                                    
00001fc5  memalign                                  
0000531d  memccpy                                   
000052dd  memchr                                    
000044ed  memcpy                                    
00004855  memset                                    
00001d11  minit                                     
0000285b  open                                      
00004f19  operate                                   
000049b1  printf                                    
00004621  putc                                      
000046a5  putchar                                   
00003ca9  puts                                      
00002837  read                                      
00001ebd  realloc                                   
000027ad  remove                                    
0000280f  remove_device                             
000027d1  rename                                    
20000ed8  rxAvailable                               
00003dcd  scalbn                                    
00003dcd  scalbnl                                   
000040b9  setvbuf                                   
00002473  sleepFor                                  
00005678  spiMasterConfig                           
00004c79  sprintf                                   
000053cd  strchr                                    
000053b5  strcmp                                    
00005449  strcpy                                    
0000545d  strlen                                    
000050bd  strncpy                                   
00005654  uartConfig                                
000027ad  unlink                                    
0000271d  write                                     


GLOBAL SYMBOLS: SORTED BY Symbol Address 

address   name                                      
-------   ----                                      
00000000  __TI_static_base__                        
00000000  interruptVectors                          
00000200  __STACK_SIZE                              
00000800  __SYSMEM_SIZE                             
00000985  __TI_printfi                              
0000127f  __mpu_init                                
00001281  RFWriteBuffer                             
000012cb  RFWriteFifo                               
000012d7  RFWrite                                   
0000130b  RFSetOpMode                               
00001313  RFStartCad                                
00001333  RFRead                                    
00001373  RFSetChannel                              
00001395  RFSetTxConfig                             
0000149d  RFSetTx                                   
000014c1  RFSetStby                                 
000014d1  RFSetSleep                                
000014e1  RFSetRxConfig                             
0000159d  RFSetRx                                   
000015e5  RFSend                                    
00001621  RFSendWithDefault                         
0000165d  RFRxWithDefaultContinuous                 
00001687  RFRxWithDefault                           
000016b1  RFReset                                   
000016e1  RFReadRssi                                
00001703  RFReadBuffer                              
00001755  RFRandom                                  
0000178b  RFIsChannelFree                           
000017b9  RFGetTimeOnAir                            
00001903  RFCheckRfFrequency                        
0000190d  RFInitModem                               
0000196f  RFGetStatus                               
00001979  RFInit                                    
000019c1  RFIrqInit                                 
00001a6d  RFGetSymbolTime                           
00001b09  PORT2_IRQHandler                          
00001d11  minit                                     
00001d91  malloc                                    
00001dfb  free                                      
00001ebd  realloc                                   
00001fc5  memalign                                  
000020b1  calloc                                    
000020e1  HOSTwrite                                 
0000212d  HOSTunlink                                
00002165  HOSTtime64                                
000021b3  HOSTtime                                  
000021ed  HOSTrename                                
0000224b  HOSTread                                  
00002297  HOSTopen                                  
000022e9  HOSTlseek                                 
00002345  HOSTgetenv                                
00002383  HOSTclose                                 
000023bb  HOSTclock                                 
00002405  initCalendar                              
0000243b  initPorts                                 
00002447  initPeripherals                           
00002473  sleepFor                                  
000025f1  initClocks                                
0000266b  debug_print_pkt                           
0000268b  RTC_AlarmHandler                          
0000271d  write                                     
000027ad  remove                                    
000027ad  unlink                                    
000027d1  rename                                    
0000280f  remove_device                             
00002837  read                                      
0000285b  open                                      
00002909  lseek                                     
0000292d  close                                     
0000297d  add_device                                
00002a29  VelaMacRetrieveListOfNodes                
00002a2b  VelaMacReport                             
00002a6f  VelaMacInit                               
00002aa3  SleepFor                                  
00002aa9  SendJoinReq                               
00002c45  __aeabi_uldivmod                          
00002e39  UARTinit                                  
00002e97  UARTSendRssi                              
00002efb  UARTSend                                  
00002f71  UARTA0_Handler                            
00003025  SystemInit                                
00003077  SystemCoreClockUpdate                     
000032d1  __TI_cleanup                              
000032fd  freopen                                   
00003327  fopen                                     
000033cd  Init_LightandMagnetic                     
000034bf  Init_Claw                                 
000034c7  Init_Sensors                              
000034d3  Get_Magnetic                              
000034d9  Get_Light                                 
000034e9  Get_Claw                                  
000034fd  ADC14_IRQHandler                          
0000358d  __aeabi_dsub                              
00003597  __aeabi_dadd                              
00003743  _system_post_cinit                        
000037af  CommsInitNode                             
000037dd  CommsInitCoordinator                      
000038e5  VelaNwkReport                             
00003921  VelaNwkInitialization                     
00003a65  __aeabi_ddiv                              
00003b9d  fputs                                     
00003ca9  puts                                      
00003cd1  __aeabi_dmul                              
00003dcd  ldexp                                     
00003dcd  ldexpl                                    
00003dcd  scalbn                                    
00003dcd  scalbnl                                   
00003ec9  ceil                                      
00003ec9  ceill                                     
00003fc1  floor                                     
00003fc1  floorl                                    
000040b9  setvbuf                                   
00004195  __TI_doflush                              
000041e1  fflush                                    
0000425d  getTotal_ms                               
00004263  delay_ms                                  
0000427b  SysTick_Handler                           
00004295  Init_SysTick                              
00004309  __TI_wrt_ok                               
0000436b  __TI_rd_ok                                
000043b5  CS_startHFXTWithTimeout                   
00004451  CS_startLFXTWithTimeout                   
000044ed  __aeabi_memcpy                            
000044ed  __aeabi_memcpy4                           
000044ed  __aeabi_memcpy8                           
000044ed  memcpy                                    
00004589  __TI_closefile                            
000045ef  fclose                                    
00004621  fputc                                     
00004621  putc                                      
000046a5  putchar                                   
000046b9  SPI_initMaster                            
00004741  __aeabi_cdcmpeq                           
00004741  __aeabi_cdcmple                           
000047c7  __aeabi_cdrcmple                          
0000484d  __aeabi_memclr                            
0000484d  __aeabi_memclr4                           
0000484d  __aeabi_memclr8                           
0000484f  __aeabi_memset                            
0000484f  __aeabi_memset4                           
0000484f  __aeabi_memset8                           
00004855  memset                                    
00004939  __TI_auto_init                            
000049b1  printf                                    
00004a19  __TI_decompress_lzss                      
00004a81  __TI_writemsg                             
00004aaf  C$$IO$$                                   
00004ab3  __TI_readmsg                              
00004ae9  Interrupt_enableInterrupt                 
00004b4d  RTC_C_getCalendarTime                     
00004bb1  fseek                                     
00004c15  frexp                                     
00004c15  frexpl                                    
00004c79  sprintf                                   
00004cd9  RTC_C_initCalendar                        
00004d35  _c_int00                                  
00004d89  C$$EXIT                                   
00004d8d  abort                                     
00004d95  exit                                      
00004ddd  ltoa                                      
00004e31  RTC_C_clearInterruptFlag                  
00004e81  atoi                                      
00004ecd  copy_in                                   
00004f19  operate                                   
00004f39  initEndNode                               
00004f49  main                                      
00004f61  GPIO_setAsPeripheralModuleFunctionInputPin
00004fa9  RTC_C_getEnabledInterruptStatus           
00004ff1  __aeabi_d2iz                              
00005039  __aeabi_d2uiz                             
0000507d  RTC_C_enableInterrupt                     
000050bd  strncpy                                   
00005129  GPIO_setAsInputPinWithPullDownResistor    
00005189  __aeabi_i2d                               
000051b9  RTC_C_getInterruptStatus                  
000051e5  initSPI                                   
0000520d  CS_setDCOCenteredFrequency                
00005231  GPIO_setAsOutputPin                       
00005255  RTC_C_setCalendarAlarm                    
00005279  RTC_C_startClock                          
0000529d  GPIO_interruptEdgeSelect                  
000052bd  SPI_transmitData                          
000052dd  memchr                                    
000052fd  __aeabi_ui2d                              
0000531d  memccpy                                   
00005339  SPI_enableModule                          
00005353  SPI_receiveData                           
0000536d  GPIO_getInputPinValue                     
00005385  GPIO_setOutputLowOnPin                    
0000539d  _args_main                                
000053b5  strcmp                                    
000053cd  strchr                                    
000053e5  CS_setExternalClockSourceFrequency        
000053f9  GPIO_setOutputHighOnPin                   
0000540d  GPIO_toggleOutputOnPin                    
00005421  _register_unlock                          
00005427  _register_lock                            
0000542f  _nop                                      
00005435  copysign                                  
00005435  copysignl                                 
00005449  strcpy                                    
0000545d  strlen                                    
00005471  Interrupt_enableMaster                    
00005481  SysCtl_disableNMISource                   
00005491  SysCtl_enableNMISource                    
000054a1  __TI_decompress_none                      
000054af  CPU_cpsie                                 
000054bb  EUSCI_A_SPI_enable                        
000054c7  EUSCI_B_SPI_enable                        
000054d5  SysCtl_getNMISourceStatus                 
000054e1  __TI_zero_init                            
000054ed  CS_startHFXT                              
000054f3  CS_startLFXT                              
000054f9  EUSCI_A_SPI_receiveData                   
000054ff  EUSCI_B_SPI_receiveData                   
00005505  EUSCI_A_SPI_transmitData                  
00005509  EUSCI_B_SPI_transmitData                  
0000550d  _system_pre_init                          
00005510  _ctypes_                                  
00005654  uartConfig                                
00005678  spiMasterConfig                           
0000573c  __TI_Handler_Table_Base                   
00005748  __TI_Handler_Table_Limit                  
00005750  __TI_CINIT_Base                           
00005760  __TI_CINIT_Limit                          
20000000  _sys_memory                               
20000800  __CIOBUF_                                 
20000a20  UARTBuffer                                
20000b20  __TI_tmpnams                              
20000c82  lastLight                                 
20000c92  lastMagnetic                              
20000c98  UARTrx                                    
20000ca4  _ftable                                   
20000e94  __TI_ft_end                               
20000e98  __aeabi_stdin                             
20000e9c  __aeabi_stdout                            
20000ea0  __aeabi_stderr                            
20000ea4  __TI_cleanup_ptr                          
20000ea8  __TI_dtors_ptr                            
20000eac  __TI_enable_exit_profile_output           
20000ebc  _msTime                                   
20000ebe  _sTime                                    
20000ebf  _mTime                                    
20000ec0  _hTime                                    
20000ec4  _totalms                                  
20000ec8  _lock                                     
20000ecc  _unlock                                   
20000ed0  currentState                              
20000ed1  ableToConnect                             
20000ed2  lostConnection                            
20000ed3  len                                       
20000ed4  goodPkts                                  
20000ed8  rxAvailable                               
20000edc  errno                                     
20000ee4  main_func_sp                              
20000ee8  SystemCoreClock                           
20000eec  awake                                     
2000fe00  __stack                                   
20010000  __STACK_END                               
4000480c  WDTCTL_SYM                                
ffffffff  __TI_pprof_out_hndl                       
ffffffff  __TI_prof_data_size                       
ffffffff  __TI_prof_data_start                      
ffffffff  __binit__                                 
ffffffff  __c_args__                                
ffffffff  binit                                     
UNDEFED   SHT$$INIT_ARRAY$$Base                     
UNDEFED   SHT$$INIT_ARRAY$$Limit                    

[268 symbols]
