******************************************************************************
                  TI ARM Linker PC v15.12.3                    
******************************************************************************
>> Linked Wed Mar 08 12:51:18 2017

OUTPUT FILE NAME:   <Velapulsar.out>
ENTRY POINT SYMBOL: "_c_int00"  address: 00004771


MEMORY CONFIGURATION

         name            origin    length      used     unused   attr    fill
----------------------  --------  ---------  --------  --------  ----  --------
  MAIN                  00000000   00020000  0000504e  0001afb2  R  X
  INFO                  00200000   00004000  00000000  00004000  R  X
  SRAM_CODE             01000000   00008000  00000fac  00007054  RW X
  SRAM_DATA             20000000   00008000  00000fac  00007054  RW  


SEGMENT ALLOCATION MAP

run origin  load origin   length   init length attrs members
----------  ----------- ---------- ----------- ----- -------
00000000    00000000    00005054   00005054    r-x
  00000000    00000000    00000140   00000140    r-- .intvecs
  00000140    00000140    00004cd2   00004cd2    r-x .text
  00004e14    00004e14    00000160   00000160    r-- .const
  00004f78    00004f78    000000dc   000000dc    r-- .cinit
20000000    20000000    00000dac   00000000    rw-
  20000000    20000000    00000800   00000000    rw- .sysmem
  20000800    20000800    00000368   00000000    rw- .bss
  20000b68    20000b68    00000244   00000000    rw- .data
20007e00    20007e00    00000200   00000000    rw-
  20007e00    20007e00    00000200   00000000    rw- .stack


SECTION ALLOCATION MAP

 output                                  attributes/
section   page    origin      length       input sections
--------  ----  ----------  ----------   ----------------
.intvecs   0    00000000    00000140     
                  00000000    00000140     startup_msp432p401r_ccs.obj (.intvecs:retain)

.binit     0    00000000    00000000     

.text      0    00000140    00004cd2     
                  00000140    00001110     rtsv7M4_T_le_v4SPD16_eabi.lib : _printfi.obj (.text)
                  00001250    00000968     rf95.obj (.text)
                  00001bb8    000003dc     rtsv7M4_T_le_v4SPD16_eabi.lib : memory.obj (.text)
                  00001f94    00000324                                   : trgdrv.obj (.text)
                  000022b8    00000318     velapulsar.obj (.text)
                  000025d0    0000030c     rtsv7M4_T_le_v4SPD16_eabi.lib : lowlev.obj (.text)
                  000028dc    000001f4                                   : ull_div_t2.obj (.text)
                  00002ad0    000001e4     system_msp432p401r.obj (.text)
                  00002cb4    000001e0     velapulsar_mac.obj (.text)
                  00002e94    000001c4     rtsv7M4_T_le_v4SPD16_eabi.lib : fopen.obj (.text)
                  00003058    000001b6                                   : fd_add_t2.obj (.text)
                  0000320e    00000136                                   : fd_div_t2.obj (.text)
                  00003344    00000134                                   : fputs.obj (.text)
                  00003478    0000011c     velapulsar_nwk.obj (.text)
                  00003594    000000fc     comms_interface.obj (.text)
                  00003690    000000fc     rtsv7M4_T_le_v4SPD16_eabi.lib : fd_mul_t2.obj (.text)
                  0000378c    000000fc                                   : s_scalbn.obj (.text)
                  00003888    000000f8                                   : s_ceil.obj (.text)
                  00003980    000000f8                                   : s_floor.obj (.text)
                  00003a78    000000dc                                   : setvbuf.obj (.text)
                  00003b54    000000c8                                   : fflush.obj (.text)
                  00003c1c    000000ac     delay.obj (.text)
                  00003cc8    000000ac     rtsv7M4_T_le_v4SPD16_eabi.lib : _io_perm.obj (.text)
                  00003d74    0000009c     msp432p4xx_driverlib.lib : cs.o (.text:CS_startHFXTWithTimeout)
                  00003e10    0000009c                              : cs.o (.text:CS_startLFXTWithTimeout)
                  00003eac    0000009c     rtsv7M4_T_le_v4SPD16_eabi.lib : memcpy_t2.obj (.text)
                  00003f48    00000098                                   : fclose.obj (.text)
                  00003fe0    00000098                                   : fputc.obj (.text)
                  00004078    00000088     msp432p4xx_driverlib.lib : spi.o (.text:SPI_initMaster)
                  00004100    00000086     rtsv7M4_T_le_v4SPD16_eabi.lib : fd_cmp_t2.obj (.text:__aeabi_cdcmple)
                  00004186    00000086                                   : fd_cmp_t2.obj (.text:__aeabi_cdrcmple)
                  0000420c    00000080     Coordinator_main.obj (.text)
                  0000428c    0000007a     rtsv7M4_T_le_v4SPD16_eabi.lib : memset_t2.obj (.text)
                  00004306    00000002                                   : mpu_init.obj (.text)
                  00004308    00000070     msp432p4xx_driverlib.lib : cs.o (.text:_CSGetHFXTFrequency)
                  00004378    00000070     rtsv7M4_T_le_v4SPD16_eabi.lib : autoinit.obj (.text)
                  000043e8    00000070                                   : printf.obj (.text)
                  00004458    0000006a                                   : copy_decompress_rle.obj (.text)
                  000044c2    00000002                                   : startup.obj (.text)
                  000044c4    00000068                                   : trgmsg.obj (.text)
                  0000452c    00000064     msp432p4xx_driverlib.lib : interrupt.o (.text:Interrupt_enableInterrupt)
                  00004590    00000064                              : rtc_c.o (.text:RTC_C_getCalendarTime)
                  000045f4    00000064     rtsv7M4_T_le_v4SPD16_eabi.lib : fseek.obj (.text)
                  00004658    00000064                                   : s_frexp.obj (.text)
                  000046bc    0000005c     msp432p4xx_driverlib.lib : rtc_c.o (.text:RTC_C_initCalendar)
                  00004718    00000056     rtsv7M4_T_le_v4SPD16_eabi.lib : ltoa.obj (.text)
                  0000476e    00000002     --HOLE-- [fill = 0]
                  00004770    00000054                                   : boot.obj (.text)
                  000047c4    00000054                                   : exit.obj (.text)
                  00004818    00000050     msp432p4xx_driverlib.lib : rtc_c.o (.text:RTC_C_clearInterruptFlag)
                  00004868    0000004c     rtsv7M4_T_le_v4SPD16_eabi.lib : atoi.obj (.text)
                  000048b4    0000004c                                   : cpy_tbl.obj (.text)
                  00004900    00000048     msp432p4xx_driverlib.lib : gpio.o (.text:GPIO_setAsPeripheralModuleFunctionInputPin)
                  00004948    00000048                              : rtc_c.o (.text:RTC_C_getEnabledInterruptStatus)
                  00004990    00000048     rtsv7M4_T_le_v4SPD16_eabi.lib : fd_toi_t2.obj (.text)
                  000049d8    00000044                                   : fd_tou_t2.obj (.text)
                  00004a1c    00000040     msp432p4xx_driverlib.lib : rtc_c.o (.text:RTC_C_enableInterrupt)
                  00004a5c    00000030                              : spi.o (.text:is_A_Module)
                  00004a8c    00000030     rtsv7M4_T_le_v4SPD16_eabi.lib : strncpy.obj (.text)
                  00004abc    0000002e                                   : i_tofd_t2.obj (.text)
                  00004aea    00000002     --HOLE-- [fill = 0]
                  00004aec    0000002c     msp432p4xx_driverlib.lib : rtc_c.o (.text:RTC_C_getInterruptStatus)
                  00004b18    00000028     spi_interface.obj (.text)
                  00004b40    00000024     msp432p4xx_driverlib.lib : gpio.o (.text:GPIO_setAsOutputPin)
                  00004b64    00000024                              : rtc_c.o (.text:RTC_C_setCalendarAlarm)
                  00004b88    00000024                              : rtc_c.o (.text:RTC_C_startClock)
                  00004bac    00000020                              : gpio.o (.text:GPIO_interruptEdgeSelect)
                  00004bcc    00000020                              : spi.o (.text:SPI_transmitData)
                  00004bec    00000020     rtsv7M4_T_le_v4SPD16_eabi.lib : memchr.obj (.text)
                  00004c0c    00000020                                   : u_tofd_t2.obj (.text)
                  00004c2c    0000001c                                   : memccpy.obj (.text)
                  00004c48    0000001a     msp432p4xx_driverlib.lib : spi.o (.text:SPI_enableModule)
                  00004c62    0000001a                              : spi.o (.text:SPI_receiveData)
                  00004c7c    00000018                              : gpio.o (.text:GPIO_setOutputLowOnPin)
                  00004c94    00000018     rtsv7M4_T_le_v4SPD16_eabi.lib : args_main.obj (.text)
                  00004cac    00000018                                   : strcmp.obj (.text)
                  00004cc4    00000016                                   : strchr.obj (.text)
                  00004cda    00000002     --HOLE-- [fill = 0]
                  00004cdc    00000014     msp432p4xx_driverlib.lib : cs.o (.text:CS_setExternalClockSourceFrequency)
                  00004cf0    00000014                              : gpio.o (.text:GPIO_setOutputHighOnPin)
                  00004d04    00000014                              : gpio.o (.text:GPIO_toggleOutputOnPin)
                  00004d18    00000014     rtsv7M4_T_le_v4SPD16_eabi.lib : _lock.obj (.text)
                  00004d2c    00000014                                   : s_copysign.obj (.text)
                  00004d40    00000014                                   : strcpy.obj (.text)
                  00004d54    00000014                                   : strlen.obj (.text)
                  00004d68    00000012     startup_msp432p401r_ccs.obj (.text)
                  00004d7a    00000010     msp432p4xx_driverlib.lib : interrupt.o (.text:Interrupt_enableMaster)
                  00004d8a    00000002     --HOLE-- [fill = 0]
                  00004d8c    00000010                              : sysctl.o (.text:SysCtl_disableNMISource)
                  00004d9c    00000010                              : sysctl.o (.text:SysCtl_enableNMISource)
                  00004dac    0000000e     rtsv7M4_T_le_v4SPD16_eabi.lib : copy_decompress_none.obj (.text:decompress:none)
                  00004dba    0000000c     msp432p4xx_driverlib.lib : cpu.o (.text:CPU_cpsie)
                  00004dc6    0000000c                              : spi.o (.text:EUSCI_A_SPI_enable)
                  00004dd2    0000000c                              : spi.o (.text:EUSCI_B_SPI_enable)
                  00004dde    00000002     --HOLE-- [fill = 0]
                  00004de0    0000000c                              : sysctl.o (.text:SysCtl_getNMISourceStatus)
                  00004dec    00000006                              : cs.o (.text:CS_startHFXT)
                  00004df2    00000006                              : cs.o (.text:CS_startLFXT)
                  00004df8    00000006                              : spi.o (.text:EUSCI_A_SPI_receiveData)
                  00004dfe    00000006                              : spi.o (.text:EUSCI_B_SPI_receiveData)
                  00004e04    00000006     rtsv7M4_T_le_v4SPD16_eabi.lib : copy_decompress_rle.obj (.text:decompress:rle24)
                  00004e0a    00000004     msp432p4xx_driverlib.lib : spi.o (.text:EUSCI_A_SPI_transmitData)
                  00004e0e    00000004                              : spi.o (.text:EUSCI_B_SPI_transmitData)

.const     0    00004e14    00000160     
                  00004e14    00000101     rtsv7M4_T_le_v4SPD16_eabi.lib : ctype.obj (.const:.string:_ctypes_)
                  00004f15    00000003     --HOLE-- [fill = 0]
                  00004f18    00000040     msp432p4xx_driverlib.lib : interrupt.o (.const)
                  00004f58    0000001c     spi_interface.obj (.const:spiMasterConfig)

.cinit     0    00004f78    000000dc     
                  00004f78    000000b5     (.cinit..data.load) [load image, compression = rle]
                  0000502d    00000003     --HOLE-- [fill = 0]
                  00005030    0000000b     (.cinit..bss.load) [load image, compression = rle]
                  0000503b    00000001     --HOLE-- [fill = 0]
                  0000503c    00000008     (__TI_handler_table)
                  00005044    00000010     (__TI_cinit_table)

.init_array 
*          0    00000000    00000000     UNINITIALIZED

.sysmem    0    20000000    00000800     UNINITIALIZED
                  20000000    00000008     rtsv7M4_T_le_v4SPD16_eabi.lib : memory.obj (.sysmem)
                  20000008    000007f8     --HOLE--

.bss       0    20000800    00000368     UNINITIALIZED
                  20000800    00000120     rtsv7M4_T_le_v4SPD16_eabi.lib : trgmsg.obj (.bss:_CIOBUF_)
                  20000920    00000100     rf95.obj (.bss:RxTxBuffer)
                  20000a20    000000a0     (.common:__TI_tmpnams)
                  20000ac0    00000028     rf95.obj (.bss:settings)
                  20000ae8    0000001c     velapulsar.obj (.bss:calendarTime)
                  20000b04    0000001c     velapulsar_mac.obj (.bss:radioEvents)
                  20000b20    00000014     velapulsar_nwk.obj (.bss:macEvents)
                  20000b34    00000014     comms_interface.obj (.bss:nwkEvents)
                  20000b48    00000008     rtsv7M4_T_le_v4SPD16_eabi.lib : trgdrv.obj (.bss:parmbuf)
                  20000b50    00000004     rf95.obj (.bss)
                  20000b54    00000004     velapulsar_mac.obj (.bss)
                  20000b58    00000004     velapulsar_nwk.obj (.bss)
                  20000b5c    00000004     (.common:PktReceived)
                  20000b60    00000004     (.common:hfxtFreq)
                  20000b64    00000004     (.common:lfxtFreq)

.data      0    20000b68    00000244     UNINITIALIZED
                  20000b68    000000f0     rtsv7M4_T_le_v4SPD16_eabi.lib : defs.obj (.data:_ftable)
                  20000c58    000000d0                                   : lowlev.obj (.data:$O1$$)
                  20000d28    00000030     msp432p4xx_driverlib.lib : gpio.o (.data:GPIO_PORT_TO_BASE)
                  20000d58    00000010     rtsv7M4_T_le_v4SPD16_eabi.lib : defs.obj (.data)
                  20000d68    0000000c                                   : exit.obj (.data:$O1$$)
                  20000d74    0000000c                                   : memory.obj (.data:$O1$$)
                  20000d80    0000000c     delay.obj (.data)
                  20000d8c    00000008     rtsv7M4_T_le_v4SPD16_eabi.lib : _lock.obj (.data:$O1$$)
                  20000d94    00000005     velapulsar_mac.obj (.data)
                  20000d99    00000001     velapulsar.obj (.data)
                  20000d9a    00000002     --HOLE--
                  20000d9c    00000004     rtsv7M4_T_le_v4SPD16_eabi.lib : errno.obj (.data)
                  20000da0    00000004                                   : fopen.obj (.data)
                  20000da4    00000004                                   : stkdepth_vars.obj (.data)
                  20000da8    00000004     system_msp432p401r.obj (.data)

.stack     0    20007e00    00000200     UNINITIALIZED
                  20007e00    00000200     --HOLE--

MODULE SUMMARY

       Module                        code    ro data   rw data
       ------                        ----    -------   -------
    .\
       system_msp432p401r.obj        484     0         8      
       startup_msp432p401r_ccs.obj   18      320       0      
       Coordinator_main.obj          128     0         8      
    +--+-----------------------------+-------+---------+---------+
       Total:                        630     320       16     
                                                              
    .\Libraries\Mac\
       velapulsar_mac.obj            480     0         74     
    +--+-----------------------------+-------+---------+---------+
       Total:                        480     0         74     
                                                              
    .\Libraries\Nwk\
       velapulsar_nwk.obj            284     0         48     
    +--+-----------------------------+-------+---------+---------+
       Total:                        284     0         48     
                                                              
    .\Libraries\RF95\
       rf95.obj                      2408    0         600    
       delay.obj                     172     0         24     
       spi_interface.obj             40      28        0      
    +--+-----------------------------+-------+---------+---------+
       Total:                        2620    28        624    
                                                              
    .\Libraries\Velapulsar\
       velapulsar.obj                792     0         58     
       comms_interface.obj           252     0         40     
    +--+-----------------------------+-------+---------+---------+
       Total:                        1044    0         98     
                                                              
    C:/ti/msp/msp432ware__3.50.00.02/driverlib/driverlib/MSP432P4xx/ccs/msp432p4xx_driverlib.lib
       rtc_c.o                       524     0         0      
       cs.o                          456     0         16     
       spi.o                         312     0         0      
       gpio.o                        204     0         96     
       interrupt.o                   116     64        0      
       sysctl.o                      44      0         0      
       cpu.o                         12      0         0      
    +--+-----------------------------+-------+---------+---------+
       Total:                        1668    64        112    
                                                              
    C:\ti\ccsv6\tools\compiler\arm_15.12.3.LTS\lib\rtsv7M4_T_le_v4SPD16_eabi.lib
       _printfi.obj                  4368    0         0      
       lowlev.obj                    780     0         416    
       memory.obj                    988     0         24     
       defs.obj                      0       0         832    
       trgdrv.obj                    804     0         16     
       trgmsg.obj                    104     0         576    
       ull_div_t2.obj                500     0         0      
       fopen.obj                     452     0         8      
       fd_add_t2.obj                 438     0         0      
       fd_div_t2.obj                 310     0         0      
       fputs.obj                     308     0         0      
       fd_cmp_t2.obj                 268     0         0      
       ctype.obj                     0       257       0      
       fd_mul_t2.obj                 252     0         0      
       s_scalbn.obj                  252     0         0      
       s_ceil.obj                    248     0         0      
       s_floor.obj                   248     0         0      
       setvbuf.obj                   220     0         0      
       fflush.obj                    200     0         0      
       _io_perm.obj                  172     0         0      
       memcpy_t2.obj                 156     0         0      
       fclose.obj                    152     0         0      
       fputc.obj                     152     0         0      
       memset_t2.obj                 122     0         0      
       autoinit.obj                  112     0         0      
       copy_decompress_rle.obj       112     0         0      
       printf.obj                    112     0         0      
       exit.obj                      84      0         24     
       fseek.obj                     100     0         0      
       s_frexp.obj                   100     0         0      
       ltoa.obj                      86      0         0      
       boot.obj                      84      0         0      
       atoi.obj                      76      0         0      
       cpy_tbl.obj                   76      0         0      
       fd_toi_t2.obj                 72      0         0      
       fd_tou_t2.obj                 68      0         0      
       strncpy.obj                   48      0         0      
       i_tofd_t2.obj                 46      0         0      
       _lock.obj                     20      0         16     
       memchr.obj                    32      0         0      
       u_tofd_t2.obj                 32      0         0      
       memccpy.obj                   28      0         0      
       args_main.obj                 24      0         0      
       strcmp.obj                    24      0         0      
       strchr.obj                    22      0         0      
       s_copysign.obj                20      0         0      
       strcpy.obj                    20      0         0      
       strlen.obj                    20      0         0      
       copy_decompress_none.obj      14      0         0      
       errno.obj                     0       0         8      
       stkdepth_vars.obj             0       0         8      
       mpu_init.obj                  2       0         0      
       startup.obj                   2       0         0      
    +--+-----------------------------+-------+---------+---------+
       Total:                        12930   257       1928   
                                                              
       Heap:                         0       0         4096   
       Stack:                        0       0         1024   
       Linker Generated:             0       216       0      
    +--+-----------------------------+-------+---------+---------+
       Grand Total:                  19656   885       8020   


LINKER GENERATED COPY TABLES

__TI_cinit_table @ 00005044 records: 2, size/record: 8, table size: 16
	.data: load addr=00004f78, load size=000000b5 bytes, run addr=20000b68, run size=00000244 bytes, compression=rle
	.bss: load addr=00005030, load size=0000000b bytes, run addr=20000800, run size=00000368 bytes, compression=rle


LINKER GENERATED HANDLER TABLE

__TI_handler_table @ 0000503c records: 2, size/record: 4, table size: 8
	index: 0, handler: __TI_decompress_rle24
	index: 1, handler: __TI_decompress_none


GLOBAL SYMBOLS: SORTED ALPHABETICALLY BY Name 

address   name                                      
-------   ----                                      
000047c5  C$$EXIT                                   
000044f3  C$$IO$$                                   
00004dbb  CPU_cpsie                                 
00004cdd  CS_setExternalClockSourceFrequency        
00004ded  CS_startHFXT                              
00003d75  CS_startHFXTWithTimeout                   
00004df3  CS_startLFXT                              
00003e11  CS_startLFXTWithTimeout                   
000035f9  CommsInit                                 
000035d7  CommsSend                                 
00004dc7  EUSCI_A_SPI_enable                        
00004df9  EUSCI_A_SPI_receiveData                   
00004e0b  EUSCI_A_SPI_transmitData                  
00004dd3  EUSCI_B_SPI_enable                        
00004dff  EUSCI_B_SPI_receiveData                   
00004e0f  EUSCI_B_SPI_transmitData                  
00004bad  GPIO_interruptEdgeSelect                  
00004b41  GPIO_setAsOutputPin                       
00004901  GPIO_setAsPeripheralModuleFunctionInputPin
00004cf1  GPIO_setOutputHighOnPin                   
00004c7d  GPIO_setOutputLowOnPin                    
00004d05  GPIO_toggleOutputOnPin                    
0000226b  HOSTclock                                 
00002233  HOSTclose                                 
000021f5  HOSTgetenv                                
00002199  HOSTlseek                                 
00002147  HOSTopen                                  
000020fb  HOSTread                                  
0000209d  HOSTrename                                
00002063  HOSTtime                                  
00002019  HOSTtime64                                
00001fe1  HOSTunlink                                
00001f95  HOSTwrite                                 
00003c55  Init_SysTick                              
0000452d  Interrupt_enableInterrupt                 
00004d7b  Interrupt_enableMaster                    
00001995  PORT2_IRQHandler                          
20000b5c  PktReceived                               
0000182b  RFCheckRfFrequency                        
00001891  RFGetStatus                               
0000170b  RFGetTimeOnAir                            
000018a1  RFInit                                    
0000182f  RFInitModem                               
000018d7  RFIrqInit                                 
000016d7  RFIsChannelFree                           
000016a1  RFRandom                                  
00001303  RFRead                                    
0000164f  RFReadBuffer                              
0000162d  RFReadRssi                                
000015f7  RFReset                                   
000015b5  RFSend                                    
0000158f  RFSetChannel                              
000012db  RFSetOpMode                               
0000154d  RFSetRx                                   
00001499  RFSetRxConfig                             
00001489  RFSetSleep                                
00001479  RFSetStby                                 
00001443  RFSetTx                                   
00001343  RFSetTxConfig                             
000012e3  RFStartCad                                
000012a7  RFWrite                                   
00001251  RFWriteBuffer                             
0000129b  RFWriteFifo                               
00002541  RTC_AlarmHandler                          
00004819  RTC_C_clearInterruptFlag                  
00004a1d  RTC_C_enableInterrupt                     
00004591  RTC_C_getCalendarTime                     
00004949  RTC_C_getEnabledInterruptStatus           
00004aed  RTC_C_getInterruptStatus                  
000046bd  RTC_C_initCalendar                        
00004b65  RTC_C_setCalendarAlarm                    
00004b89  RTC_C_startClock                          
00004251  ReceivedPkt                               
UNDEFED   SHT$$INIT_ARRAY$$Base                     
UNDEFED   SHT$$INIT_ARRAY$$Limit                    
00004c49  SPI_enableModule                          
00004079  SPI_initMaster                            
00004c63  SPI_receiveData                           
00004bcd  SPI_transmitData                          
00004d8d  SysCtl_disableNMISource                   
00004d9d  SysCtl_enableNMISource                    
00004de1  SysCtl_getNMISourceStatus                 
00003c3b  SysTick_Handler                           
20000da8  SystemCoreClock                           
00002b23  SystemCoreClockUpdate                     
00002ad1  SystemInit                                
00002d33  VelaMacInitialization                     
00002cb5  VelaMacSend                               
20000d94  VelaMacState                              
000034b5  VelaNwkInitialization                     
00003479  VelaNwkSend                               
4000480c  WDTCTL_SYM                                
20000800  __CIOBUF_                                 
20008000  __STACK_END                               
00000200  __STACK_SIZE                              
00000800  __SYSMEM_SIZE                             
00005044  __TI_CINIT_Base                           
00005054  __TI_CINIT_Limit                          
0000503c  __TI_Handler_Table_Base                   
00005044  __TI_Handler_Table_Limit                  
00004379  __TI_auto_init                            
00002f5d  __TI_cleanup                              
20000d68  __TI_cleanup_ptr                          
00003f49  __TI_closefile                            
00004dad  __TI_decompress_none                      
00004e05  __TI_decompress_rle24                     
00003b55  __TI_doflush                              
20000d6c  __TI_dtors_ptr                            
20000d70  __TI_enable_exit_profile_output           
20000d58  __TI_ft_end                               
ffffffff  __TI_pprof_out_hndl                       
00000f4b  __TI_printfi                              
ffffffff  __TI_prof_data_size                       
ffffffff  __TI_prof_data_start                      
00003d2b  __TI_rd_ok                                
000044f7  __TI_readmsg                              
00000000  __TI_static_base__                        
20000a20  __TI_tmpnams                              
000044c5  __TI_writemsg                             
00003cc9  __TI_wrt_ok                               
00004101  __aeabi_cdcmpeq                           
00004101  __aeabi_cdcmple                           
00004187  __aeabi_cdrcmple                          
00004991  __aeabi_d2iz                              
000049d9  __aeabi_d2uiz                             
00003063  __aeabi_dadd                              
0000320f  __aeabi_ddiv                              
00003691  __aeabi_dmul                              
00003059  __aeabi_dsub                              
00004abd  __aeabi_i2d                               
0000428d  __aeabi_memclr                            
0000428d  __aeabi_memclr4                           
0000428d  __aeabi_memclr8                           
00003ead  __aeabi_memcpy                            
00003ead  __aeabi_memcpy4                           
00003ead  __aeabi_memcpy8                           
0000428f  __aeabi_memset                            
0000428f  __aeabi_memset4                           
0000428f  __aeabi_memset8                           
20000d64  __aeabi_stderr                            
20000d5c  __aeabi_stdin                             
20000d60  __aeabi_stdout                            
00004c0d  __aeabi_ui2d                              
000028dd  __aeabi_uldivmod                          
ffffffff  __binit__                                 
ffffffff  __c_args__                                
00004307  __mpu_init                                
20007e00  __stack                                   
00004c95  _args_main                                
00004771  _c_int00                                  
00004e14  _ctypes_                                  
20000b68  _ftable                                   
20000d84  _hTime                                    
20000d8c  _lock                                     
20000d83  _mTime                                    
20000d80  _msTime                                   
00004d27  _nop                                      
00004d1f  _register_lock                            
00004d19  _register_unlock                          
20000d82  _sTime                                    
20000000  _sys_memory                               
000044c3  _system_post_cinit                        
00004245  _system_pre_init                          
20000d88  _totalms                                  
20000d90  _unlock                                   
000047c9  abort                                     
00002831  add_device                                
00004869  atoi                                      
20000d99  awake                                     
ffffffff  binit                                     
00001f61  calloc                                    
00003889  ceil                                      
00003889  ceill                                     
000027e1  close                                     
000048b5  copy_in                                   
00004d2d  copysign                                  
00004d2d  copysignl                                 
00002521  debug_print_pkt                           
00003c23  delay_ms                                  
20000d9c  errno                                     
000047d1  exit                                      
00003faf  fclose                                    
00003ba1  fflush                                    
00003981  floor                                     
00003981  floorl                                    
00002fb3  fopen                                     
00003fe1  fputc                                     
00003345  fputs                                     
00001caf  free                                      
00002f89  freopen                                   
00004659  frexp                                     
00004659  frexpl                                    
000045f5  fseek                                     
00003c1d  getTotal_ms                               
000022b9  initCalendar                              
000024a7  initClocks                                
000022fb  initPeripherals                           
000022ef  initPorts                                 
00004b19  initSPI                                   
00000000  interruptVectors                          
0000378d  ldexp                                     
0000378d  ldexpl                                    
000027bd  lseek                                     
00004719  ltoa                                      
0000420d  main                                      
20000da4  main_func_sp                              
00001c47  malloc                                    
00001e7d  memalign                                  
00004c2d  memccpy                                   
00004bed  memchr                                    
00003ead  memcpy                                    
00004295  memset                                    
00001bb9  minit                                     
0000270f  open                                      
000043f1  printf                                    
00003fe1  putc                                      
00004065  putchar                                   
00003451  puts                                      
000026eb  read                                      
00001d71  realloc                                   
00002661  remove                                    
000026c3  remove_device                             
00002685  rename                                    
0000378d  scalbn                                    
0000378d  scalbnl                                   
00003a79  setvbuf                                   
00002329  sleepFor                                  
00004f58  spiMasterConfig                           
00004cc5  strchr                                    
00004cad  strcmp                                    
00004d41  strcpy                                    
00004d55  strlen                                    
00004a8d  strncpy                                   
00002661  unlink                                    
000025d1  write                                     


GLOBAL SYMBOLS: SORTED BY Symbol Address 

address   name                                      
-------   ----                                      
00000000  __TI_static_base__                        
00000000  interruptVectors                          
00000200  __STACK_SIZE                              
00000800  __SYSMEM_SIZE                             
00000f4b  __TI_printfi                              
00001251  RFWriteBuffer                             
0000129b  RFWriteFifo                               
000012a7  RFWrite                                   
000012db  RFSetOpMode                               
000012e3  RFStartCad                                
00001303  RFRead                                    
00001343  RFSetTxConfig                             
00001443  RFSetTx                                   
00001479  RFSetStby                                 
00001489  RFSetSleep                                
00001499  RFSetRxConfig                             
0000154d  RFSetRx                                   
0000158f  RFSetChannel                              
000015b5  RFSend                                    
000015f7  RFReset                                   
0000162d  RFReadRssi                                
0000164f  RFReadBuffer                              
000016a1  RFRandom                                  
000016d7  RFIsChannelFree                           
0000170b  RFGetTimeOnAir                            
0000182b  RFCheckRfFrequency                        
0000182f  RFInitModem                               
00001891  RFGetStatus                               
000018a1  RFInit                                    
000018d7  RFIrqInit                                 
00001995  PORT2_IRQHandler                          
00001bb9  minit                                     
00001c47  malloc                                    
00001caf  free                                      
00001d71  realloc                                   
00001e7d  memalign                                  
00001f61  calloc                                    
00001f95  HOSTwrite                                 
00001fe1  HOSTunlink                                
00002019  HOSTtime64                                
00002063  HOSTtime                                  
0000209d  HOSTrename                                
000020fb  HOSTread                                  
00002147  HOSTopen                                  
00002199  HOSTlseek                                 
000021f5  HOSTgetenv                                
00002233  HOSTclose                                 
0000226b  HOSTclock                                 
000022b9  initCalendar                              
000022ef  initPorts                                 
000022fb  initPeripherals                           
00002329  sleepFor                                  
000024a7  initClocks                                
00002521  debug_print_pkt                           
00002541  RTC_AlarmHandler                          
000025d1  write                                     
00002661  remove                                    
00002661  unlink                                    
00002685  rename                                    
000026c3  remove_device                             
000026eb  read                                      
0000270f  open                                      
000027bd  lseek                                     
000027e1  close                                     
00002831  add_device                                
000028dd  __aeabi_uldivmod                          
00002ad1  SystemInit                                
00002b23  SystemCoreClockUpdate                     
00002cb5  VelaMacSend                               
00002d33  VelaMacInitialization                     
00002f5d  __TI_cleanup                              
00002f89  freopen                                   
00002fb3  fopen                                     
00003059  __aeabi_dsub                              
00003063  __aeabi_dadd                              
0000320f  __aeabi_ddiv                              
00003345  fputs                                     
00003451  puts                                      
00003479  VelaNwkSend                               
000034b5  VelaNwkInitialization                     
000035d7  CommsSend                                 
000035f9  CommsInit                                 
00003691  __aeabi_dmul                              
0000378d  ldexp                                     
0000378d  ldexpl                                    
0000378d  scalbn                                    
0000378d  scalbnl                                   
00003889  ceil                                      
00003889  ceill                                     
00003981  floor                                     
00003981  floorl                                    
00003a79  setvbuf                                   
00003b55  __TI_doflush                              
00003ba1  fflush                                    
00003c1d  getTotal_ms                               
00003c23  delay_ms                                  
00003c3b  SysTick_Handler                           
00003c55  Init_SysTick                              
00003cc9  __TI_wrt_ok                               
00003d2b  __TI_rd_ok                                
00003d75  CS_startHFXTWithTimeout                   
00003e11  CS_startLFXTWithTimeout                   
00003ead  __aeabi_memcpy                            
00003ead  __aeabi_memcpy4                           
00003ead  __aeabi_memcpy8                           
00003ead  memcpy                                    
00003f49  __TI_closefile                            
00003faf  fclose                                    
00003fe1  fputc                                     
00003fe1  putc                                      
00004065  putchar                                   
00004079  SPI_initMaster                            
00004101  __aeabi_cdcmpeq                           
00004101  __aeabi_cdcmple                           
00004187  __aeabi_cdrcmple                          
0000420d  main                                      
00004245  _system_pre_init                          
00004251  ReceivedPkt                               
0000428d  __aeabi_memclr                            
0000428d  __aeabi_memclr4                           
0000428d  __aeabi_memclr8                           
0000428f  __aeabi_memset                            
0000428f  __aeabi_memset4                           
0000428f  __aeabi_memset8                           
00004295  memset                                    
00004307  __mpu_init                                
00004379  __TI_auto_init                            
000043f1  printf                                    
000044c3  _system_post_cinit                        
000044c5  __TI_writemsg                             
000044f3  C$$IO$$                                   
000044f7  __TI_readmsg                              
0000452d  Interrupt_enableInterrupt                 
00004591  RTC_C_getCalendarTime                     
000045f5  fseek                                     
00004659  frexp                                     
00004659  frexpl                                    
000046bd  RTC_C_initCalendar                        
00004719  ltoa                                      
00004771  _c_int00                                  
000047c5  C$$EXIT                                   
000047c9  abort                                     
000047d1  exit                                      
00004819  RTC_C_clearInterruptFlag                  
00004869  atoi                                      
000048b5  copy_in                                   
00004901  GPIO_setAsPeripheralModuleFunctionInputPin
00004949  RTC_C_getEnabledInterruptStatus           
00004991  __aeabi_d2iz                              
000049d9  __aeabi_d2uiz                             
00004a1d  RTC_C_enableInterrupt                     
00004a8d  strncpy                                   
00004abd  __aeabi_i2d                               
00004aed  RTC_C_getInterruptStatus                  
00004b19  initSPI                                   
00004b41  GPIO_setAsOutputPin                       
00004b65  RTC_C_setCalendarAlarm                    
00004b89  RTC_C_startClock                          
00004bad  GPIO_interruptEdgeSelect                  
00004bcd  SPI_transmitData                          
00004bed  memchr                                    
00004c0d  __aeabi_ui2d                              
00004c2d  memccpy                                   
00004c49  SPI_enableModule                          
00004c63  SPI_receiveData                           
00004c7d  GPIO_setOutputLowOnPin                    
00004c95  _args_main                                
00004cad  strcmp                                    
00004cc5  strchr                                    
00004cdd  CS_setExternalClockSourceFrequency        
00004cf1  GPIO_setOutputHighOnPin                   
00004d05  GPIO_toggleOutputOnPin                    
00004d19  _register_unlock                          
00004d1f  _register_lock                            
00004d27  _nop                                      
00004d2d  copysign                                  
00004d2d  copysignl                                 
00004d41  strcpy                                    
00004d55  strlen                                    
00004d7b  Interrupt_enableMaster                    
00004d8d  SysCtl_disableNMISource                   
00004d9d  SysCtl_enableNMISource                    
00004dad  __TI_decompress_none                      
00004dbb  CPU_cpsie                                 
00004dc7  EUSCI_A_SPI_enable                        
00004dd3  EUSCI_B_SPI_enable                        
00004de1  SysCtl_getNMISourceStatus                 
00004ded  CS_startHFXT                              
00004df3  CS_startLFXT                              
00004df9  EUSCI_A_SPI_receiveData                   
00004dff  EUSCI_B_SPI_receiveData                   
00004e05  __TI_decompress_rle24                     
00004e0b  EUSCI_A_SPI_transmitData                  
00004e0f  EUSCI_B_SPI_transmitData                  
00004e14  _ctypes_                                  
00004f58  spiMasterConfig                           
0000503c  __TI_Handler_Table_Base                   
00005044  __TI_CINIT_Base                           
00005044  __TI_Handler_Table_Limit                  
00005054  __TI_CINIT_Limit                          
20000000  _sys_memory                               
20000800  __CIOBUF_                                 
20000a20  __TI_tmpnams                              
20000b5c  PktReceived                               
20000b68  _ftable                                   
20000d58  __TI_ft_end                               
20000d5c  __aeabi_stdin                             
20000d60  __aeabi_stdout                            
20000d64  __aeabi_stderr                            
20000d68  __TI_cleanup_ptr                          
20000d6c  __TI_dtors_ptr                            
20000d70  __TI_enable_exit_profile_output           
20000d80  _msTime                                   
20000d82  _sTime                                    
20000d83  _mTime                                    
20000d84  _hTime                                    
20000d88  _totalms                                  
20000d8c  _lock                                     
20000d90  _unlock                                   
20000d94  VelaMacState                              
20000d99  awake                                     
20000d9c  errno                                     
20000da4  main_func_sp                              
20000da8  SystemCoreClock                           
20007e00  __stack                                   
20008000  __STACK_END                               
4000480c  WDTCTL_SYM                                
ffffffff  __TI_pprof_out_hndl                       
ffffffff  __TI_prof_data_size                       
ffffffff  __TI_prof_data_start                      
ffffffff  __binit__                                 
ffffffff  __c_args__                                
ffffffff  binit                                     
UNDEFED   SHT$$INIT_ARRAY$$Base                     
UNDEFED   SHT$$INIT_ARRAY$$Limit                    

[235 symbols]
