******************************************************************************
                  TI ARM Linker PC v15.12.3                    
******************************************************************************
>> Linked Wed Jan 11 15:59:57 2017

OUTPUT FILE NAME:   <Velapulsar.out>
ENTRY POINT SYMBOL: "_c_int00"  address: 0000423d


MEMORY CONFIGURATION

         name            origin    length      used     unused   attr    fill
----------------------  --------  ---------  --------  --------  ----  --------
  MAIN                  00000000   00040000  00004b4e  0003b4b2  R  X
  INFO                  00200000   00004000  00000000  00004000  R  X
  SRAM_CODE             01000000   00010000  00000f71  0000f08f  RW X
  SRAM_DATA             20000000   00010000  00000f71  0000f08f  RW  


SEGMENT ALLOCATION MAP

run origin  load origin   length   init length attrs members
----------  ----------- ---------- ----------- ----- -------
00000000    00000000    00004b54   00004b54    r-x
  00000000    00000000    00000140   00000140    r-- .intvecs
  00000140    00000140    000047d2   000047d2    r-x .text
  00004914    00004914    00000160   00000160    r-- .const
  00004a78    00004a78    000000dc   000000dc    r-- .cinit
20000000    20000000    00000d71   00000000    rw-
  20000000    20000000    00000800   00000000    rw- .sysmem
  20000800    20000800    00000334   00000000    rw- .bss
  20000b34    20000b34    0000023d   00000000    rw- .data
2000fe00    2000fe00    00000200   00000000    rw-
  2000fe00    2000fe00    00000200   00000000    rw- .stack


SECTION ALLOCATION MAP

 output                                  attributes/
section   page    origin      length       input sections
--------  ----  ----------  ----------   ----------------
.intvecs   0    00000000    00000140     
                  00000000    00000140     startup_msp432p401r_ccs.obj (.intvecs:retain)

.binit     0    00000000    00000000     

.text      0    00000140    000047d2     
                  00000140    00001110     rtsv7M4_T_le_v4SPD16_eabi.lib : _printfi.obj (.text)
                  00001250    00000808     rf95.obj (.text)
                  00001a58    000003dc     rtsv7M4_T_le_v4SPD16_eabi.lib : memory.obj (.text)
                  00001e34    000003bc     velapulsar.obj (.text)
                  000021f0    00000324     rtsv7M4_T_le_v4SPD16_eabi.lib : trgdrv.obj (.text)
                  00002514    0000030c                                   : lowlev.obj (.text)
                  00002820    000001f4                                   : ull_div_t2.obj (.text)
                  00002a14    000001e4     system_msp432p401r.obj (.text)
                  00002bf8    000001c4     rtsv7M4_T_le_v4SPD16_eabi.lib : fopen.obj (.text)
                  00002dbc    000001b6                                   : fd_add_t2.obj (.text)
                  00002f72    00000136                                   : fd_div_t2.obj (.text)
                  000030a8    00000134                                   : fputs.obj (.text)
                  000031dc    000000fc                                   : fd_mul_t2.obj (.text)
                  000032d8    000000fc                                   : s_scalbn.obj (.text)
                  000033d4    000000f8                                   : s_ceil.obj (.text)
                  000034cc    000000f8                                   : s_floor.obj (.text)
                  000035c4    000000dc                                   : setvbuf.obj (.text)
                  000036a0    000000c8                                   : fflush.obj (.text)
                  00003768    000000ac     delay.obj (.text)
                  00003814    000000ac     rtsv7M4_T_le_v4SPD16_eabi.lib : _io_perm.obj (.text)
                  000038c0    0000009c     msp432p4xx_driverlib.lib : cs.o (.text:CS_startHFXTWithTimeout)
                  0000395c    0000009c                              : cs.o (.text:CS_startLFXTWithTimeout)
                  000039f8    0000009c     rtsv7M4_T_le_v4SPD16_eabi.lib : memcpy_t2.obj (.text)
                  00003a94    00000098                                   : fclose.obj (.text)
                  00003b2c    00000098                                   : fputc.obj (.text)
                  00003bc4    00000088     msp432p4xx_driverlib.lib : spi.o (.text:SPI_initMaster)
                  00003c4c    00000086     rtsv7M4_T_le_v4SPD16_eabi.lib : fd_cmp_t2.obj (.text:__aeabi_cdcmple)
                  00003cd2    00000086                                   : fd_cmp_t2.obj (.text:__aeabi_cdrcmple)
                  00003d58    0000007a                                   : memset_t2.obj (.text)
                  00003dd2    00000002                                   : mpu_init.obj (.text)
                  00003dd4    00000070     msp432p4xx_driverlib.lib : cs.o (.text:_CSGetHFXTFrequency)
                  00003e44    00000070     rtsv7M4_T_le_v4SPD16_eabi.lib : autoinit.obj (.text)
                  00003eb4    00000070                                   : printf.obj (.text)
                  00003f24    0000006a                                   : copy_decompress_rle.obj (.text)
                  00003f8e    00000002                                   : startup.obj (.text)
                  00003f90    00000068                                   : trgmsg.obj (.text)
                  00003ff8    00000064     msp432p4xx_driverlib.lib : interrupt.o (.text:Interrupt_enableInterrupt)
                  0000405c    00000064                              : rtc_c.o (.text:RTC_C_getCalendarTime)
                  000040c0    00000064     rtsv7M4_T_le_v4SPD16_eabi.lib : fseek.obj (.text)
                  00004124    00000064                                   : s_frexp.obj (.text)
                  00004188    0000005c     msp432p4xx_driverlib.lib : rtc_c.o (.text:RTC_C_initCalendar)
                  000041e4    00000056     rtsv7M4_T_le_v4SPD16_eabi.lib : ltoa.obj (.text)
                  0000423a    00000002     --HOLE-- [fill = 0]
                  0000423c    00000054                                   : boot.obj (.text)
                  00004290    00000054                                   : exit.obj (.text)
                  000042e4    00000050     msp432p4xx_driverlib.lib : rtc_c.o (.text:RTC_C_clearInterruptFlag)
                  00004334    0000004c     rtsv7M4_T_le_v4SPD16_eabi.lib : atoi.obj (.text)
                  00004380    0000004c                                   : cpy_tbl.obj (.text)
                  000043cc    00000048     msp432p4xx_driverlib.lib : gpio.o (.text:GPIO_setAsPeripheralModuleFunctionInputPin)
                  00004414    00000048                              : rtc_c.o (.text:RTC_C_getEnabledInterruptStatus)
                  0000445c    00000048     rtsv7M4_T_le_v4SPD16_eabi.lib : fd_toi_t2.obj (.text)
                  000044a4    00000044                                   : fd_tou_t2.obj (.text)
                  000044e8    00000040     msp432p4xx_driverlib.lib : rtc_c.o (.text:RTC_C_enableInterrupt)
                  00004528    00000030     Coordinator_main.obj (.text)
                  00004558    00000030     msp432p4xx_driverlib.lib : spi.o (.text:is_A_Module)
                  00004588    00000030     rtsv7M4_T_le_v4SPD16_eabi.lib : strncpy.obj (.text)
                  000045b8    0000002e                                   : i_tofd_t2.obj (.text)
                  000045e6    00000002     --HOLE-- [fill = 0]
                  000045e8    0000002c     msp432p4xx_driverlib.lib : rtc_c.o (.text:RTC_C_getInterruptStatus)
                  00004614    00000028     spi_interface.obj (.text)
                  0000463c    00000024     msp432p4xx_driverlib.lib : gpio.o (.text:GPIO_setAsOutputPin)
                  00004660    00000024                              : rtc_c.o (.text:RTC_C_setCalendarAlarm)
                  00004684    00000024                              : rtc_c.o (.text:RTC_C_startClock)
                  000046a8    00000020                              : gpio.o (.text:GPIO_interruptEdgeSelect)
                  000046c8    00000020                              : spi.o (.text:SPI_transmitData)
                  000046e8    00000020     rtsv7M4_T_le_v4SPD16_eabi.lib : memchr.obj (.text)
                  00004708    00000020                                   : u_tofd_t2.obj (.text)
                  00004728    0000001c                                   : memccpy.obj (.text)
                  00004744    0000001a     msp432p4xx_driverlib.lib : spi.o (.text:SPI_enableModule)
                  0000475e    0000001a                              : spi.o (.text:SPI_receiveData)
                  00004778    00000018                              : gpio.o (.text:GPIO_setOutputLowOnPin)
                  00004790    00000018     rtsv7M4_T_le_v4SPD16_eabi.lib : args_main.obj (.text)
                  000047a8    00000018                                   : strcmp.obj (.text)
                  000047c0    00000016                                   : strchr.obj (.text)
                  000047d6    00000002     --HOLE-- [fill = 0]
                  000047d8    00000014     msp432p4xx_driverlib.lib : cs.o (.text:CS_setExternalClockSourceFrequency)
                  000047ec    00000014                              : gpio.o (.text:GPIO_setOutputHighOnPin)
                  00004800    00000014                              : gpio.o (.text:GPIO_toggleOutputOnPin)
                  00004814    00000014     rtsv7M4_T_le_v4SPD16_eabi.lib : _lock.obj (.text)
                  00004828    00000014                                   : s_copysign.obj (.text)
                  0000483c    00000014                                   : strcpy.obj (.text)
                  00004850    00000014                                   : strlen.obj (.text)
                  00004864    00000012     startup_msp432p401r_ccs.obj (.text)
                  00004876    00000010     msp432p4xx_driverlib.lib : interrupt.o (.text:Interrupt_enableMaster)
                  00004886    00000002     --HOLE-- [fill = 0]
                  00004888    00000010                              : sysctl.o (.text:SysCtl_disableNMISource)
                  00004898    00000010                              : sysctl.o (.text:SysCtl_enableNMISource)
                  000048a8    0000000e     rtsv7M4_T_le_v4SPD16_eabi.lib : copy_decompress_none.obj (.text:decompress:none)
                  000048b6    0000000c     msp432p4xx_driverlib.lib : cpu.o (.text:CPU_cpsie)
                  000048c2    0000000c                              : spi.o (.text:EUSCI_A_SPI_enable)
                  000048ce    0000000c                              : spi.o (.text:EUSCI_B_SPI_enable)
                  000048da    00000002     --HOLE-- [fill = 0]
                  000048dc    0000000c                              : sysctl.o (.text:SysCtl_getNMISourceStatus)
                  000048e8    00000006                              : cs.o (.text:CS_startHFXT)
                  000048ee    00000006                              : cs.o (.text:CS_startLFXT)
                  000048f4    00000006                              : spi.o (.text:EUSCI_A_SPI_receiveData)
                  000048fa    00000006                              : spi.o (.text:EUSCI_B_SPI_receiveData)
                  00004900    00000006     rtsv7M4_T_le_v4SPD16_eabi.lib : copy_decompress_rle.obj (.text:decompress:rle24)
                  00004906    00000004     msp432p4xx_driverlib.lib : spi.o (.text:EUSCI_A_SPI_transmitData)
                  0000490a    00000004                              : spi.o (.text:EUSCI_B_SPI_transmitData)
                  0000490e    00000004     rtsv7M4_T_le_v4SPD16_eabi.lib : pre_init.obj (.text)

.const     0    00004914    00000160     
                  00004914    00000101     rtsv7M4_T_le_v4SPD16_eabi.lib : ctype.obj (.const:.string:_ctypes_)
                  00004a15    00000003     --HOLE-- [fill = 0]
                  00004a18    00000040     msp432p4xx_driverlib.lib : interrupt.o (.const)
                  00004a58    0000001c     spi_interface.obj (.const:spiMasterConfig)

.cinit     0    00004a78    000000dc     
                  00004a78    000000b2     (.cinit..data.load) [load image, compression = rle]
                  00004b2a    00000006     --HOLE-- [fill = 0]
                  00004b30    0000000b     (.cinit..bss.load) [load image, compression = rle]
                  00004b3b    00000001     --HOLE-- [fill = 0]
                  00004b3c    00000008     (__TI_handler_table)
                  00004b44    00000010     (__TI_cinit_table)

.init_array 
*          0    00000000    00000000     UNINITIALIZED

.sysmem    0    20000000    00000800     UNINITIALIZED
                  20000000    00000008     rtsv7M4_T_le_v4SPD16_eabi.lib : memory.obj (.sysmem)
                  20000008    000007f8     --HOLE--

.bss       0    20000800    00000334     UNINITIALIZED
                  20000800    00000120     rtsv7M4_T_le_v4SPD16_eabi.lib : trgmsg.obj (.bss:_CIOBUF_)
                  20000920    00000100     rf95.obj (.bss:RxTxBuffer)
                  20000a20    000000a0     (.common:__TI_tmpnams)
                  20000ac0    00000028     rf95.obj (.bss:settings)
                  20000ae8    0000001c     velapulsar.obj (.bss:calendarTime)
                  20000b04    0000001c     (.common:radioEvents)
                  20000b20    00000008     rtsv7M4_T_le_v4SPD16_eabi.lib : trgdrv.obj (.bss:parmbuf)
                  20000b28    00000004     rf95.obj (.bss)
                  20000b2c    00000004     (.common:hfxtFreq)
                  20000b30    00000004     (.common:lfxtFreq)

.data      0    20000b34    0000023d     UNINITIALIZED
                  20000b34    000000f0     rtsv7M4_T_le_v4SPD16_eabi.lib : defs.obj (.data:_ftable)
                  20000c24    000000d0                                   : lowlev.obj (.data:$O1$$)
                  20000cf4    00000030     msp432p4xx_driverlib.lib : gpio.o (.data:GPIO_PORT_TO_BASE)
                  20000d24    00000010     rtsv7M4_T_le_v4SPD16_eabi.lib : defs.obj (.data)
                  20000d34    0000000c                                   : exit.obj (.data:$O1$$)
                  20000d40    0000000c                                   : memory.obj (.data:$O1$$)
                  20000d4c    0000000c     delay.obj (.data)
                  20000d58    00000008     rtsv7M4_T_le_v4SPD16_eabi.lib : _lock.obj (.data:$O1$$)
                  20000d60    00000004                                   : errno.obj (.data)
                  20000d64    00000004                                   : fopen.obj (.data)
                  20000d68    00000004                                   : stkdepth_vars.obj (.data)
                  20000d6c    00000004     system_msp432p401r.obj (.data)
                  20000d70    00000001     velapulsar.obj (.data)

.stack     0    2000fe00    00000200     UNINITIALIZED
                  2000fe00    00000200     --HOLE--

MODULE SUMMARY

       Module                        code    ro data   rw data
       ------                        ----    -------   -------
    .\
       system_msp432p401r.obj        484     0         8      
       startup_msp432p401r_ccs.obj   18      320       0      
       Coordinator_main.obj          48      0         0      
    +--+-----------------------------+-------+---------+---------+
       Total:                        550     320       8      
                                                              
    .\Libraries\RF95\
       rf95.obj                      2056    0         600    
       delay.obj                     172     0         24     
       spi_interface.obj             40      28        0      
    +--+-----------------------------+-------+---------+---------+
       Total:                        2268    28        624    
                                                              
    .\Libraries\Velapulsar\
       velapulsar.obj                956     0         114    
    +--+-----------------------------+-------+---------+---------+
       Total:                        956     0         114    
                                                              
    C:/ti/msp/msp432ware__3.50.00.02/driverlib/driverlib/MSP432P4xx/ccs/msp432p4xx_driverlib.lib
       rtc_c.o                       524     0         0      
       cs.o                          456     0         16     
       spi.o                         312     0         0      
       gpio.o                        204     0         96     
       interrupt.o                   116     64        0      
       sysctl.o                      44      0         0      
       cpu.o                         12      0         0      
    +--+-----------------------------+-------+---------+---------+
       Total:                        1668    64        112    
                                                              
    C:\ti\ccsv6\tools\compiler\arm_15.12.3.LTS\lib\rtsv7M4_T_le_v4SPD16_eabi.lib
       _printfi.obj                  4368    0         0      
       lowlev.obj                    780     0         416    
       memory.obj                    988     0         24     
       defs.obj                      0       0         832    
       trgdrv.obj                    804     0         16     
       trgmsg.obj                    104     0         576    
       ull_div_t2.obj                500     0         0      
       fopen.obj                     452     0         8      
       fd_add_t2.obj                 438     0         0      
       fd_div_t2.obj                 310     0         0      
       fputs.obj                     308     0         0      
       fd_cmp_t2.obj                 268     0         0      
       ctype.obj                     0       257       0      
       fd_mul_t2.obj                 252     0         0      
       s_scalbn.obj                  252     0         0      
       s_ceil.obj                    248     0         0      
       s_floor.obj                   248     0         0      
       setvbuf.obj                   220     0         0      
       fflush.obj                    200     0         0      
       _io_perm.obj                  172     0         0      
       memcpy_t2.obj                 156     0         0      
       fclose.obj                    152     0         0      
       fputc.obj                     152     0         0      
       memset_t2.obj                 122     0         0      
       autoinit.obj                  112     0         0      
       copy_decompress_rle.obj       112     0         0      
       printf.obj                    112     0         0      
       exit.obj                      84      0         24     
       fseek.obj                     100     0         0      
       s_frexp.obj                   100     0         0      
       ltoa.obj                      86      0         0      
       boot.obj                      84      0         0      
       atoi.obj                      76      0         0      
       cpy_tbl.obj                   76      0         0      
       fd_toi_t2.obj                 72      0         0      
       fd_tou_t2.obj                 68      0         0      
       strncpy.obj                   48      0         0      
       i_tofd_t2.obj                 46      0         0      
       _lock.obj                     20      0         16     
       memchr.obj                    32      0         0      
       u_tofd_t2.obj                 32      0         0      
       memccpy.obj                   28      0         0      
       args_main.obj                 24      0         0      
       strcmp.obj                    24      0         0      
       strchr.obj                    22      0         0      
       s_copysign.obj                20      0         0      
       strcpy.obj                    20      0         0      
       strlen.obj                    20      0         0      
       copy_decompress_none.obj      14      0         0      
       errno.obj                     0       0         8      
       stkdepth_vars.obj             0       0         8      
       pre_init.obj                  4       0         0      
       mpu_init.obj                  2       0         0      
       startup.obj                   2       0         0      
    +--+-----------------------------+-------+---------+---------+
       Total:                        12934   257       1928   
                                                              
       Heap:                         0       0         4096   
       Stack:                        0       0         1024   
       Linker Generated:             0       213       0      
    +--+-----------------------------+-------+---------+---------+
       Grand Total:                  18376   882       7906   


LINKER GENERATED COPY TABLES

__TI_cinit_table @ 00004b44 records: 2, size/record: 8, table size: 16
	.data: load addr=00004a78, load size=000000b2 bytes, run addr=20000b34, run size=0000023d bytes, compression=rle
	.bss: load addr=00004b30, load size=0000000b bytes, run addr=20000800, run size=00000334 bytes, compression=rle


LINKER GENERATED HANDLER TABLE

__TI_handler_table @ 00004b3c records: 2, size/record: 4, table size: 8
	index: 0, handler: __TI_decompress_rle24
	index: 1, handler: __TI_decompress_none


GLOBAL SYMBOLS: SORTED ALPHABETICALLY BY Name 

address   name                                      
-------   ----                                      
00004291  C$$EXIT                                   
00003fbf  C$$IO$$                                   
000048b7  CPU_cpsie                                 
000047d9  CS_setExternalClockSourceFrequency        
000048e9  CS_startHFXT                              
000038c1  CS_startHFXTWithTimeout                   
000048ef  CS_startLFXT                              
0000395d  CS_startLFXTWithTimeout                   
000048c3  EUSCI_A_SPI_enable                        
000048f5  EUSCI_A_SPI_receiveData                   
00004907  EUSCI_A_SPI_transmitData                  
000048cf  EUSCI_B_SPI_enable                        
000048fb  EUSCI_B_SPI_receiveData                   
0000490b  EUSCI_B_SPI_transmitData                  
000046a9  GPIO_interruptEdgeSelect                  
0000463d  GPIO_setAsOutputPin                       
000043cd  GPIO_setAsPeripheralModuleFunctionInputPin
000047ed  GPIO_setOutputHighOnPin                   
00004779  GPIO_setOutputLowOnPin                    
00004801  GPIO_toggleOutputOnPin                    
000024c7  HOSTclock                                 
0000248f  HOSTclose                                 
00002451  HOSTgetenv                                
000023f5  HOSTlseek                                 
000023a3  HOSTopen                                  
00002357  HOSTread                                  
000022f9  HOSTrename                                
000022bf  HOSTtime                                  
00002275  HOSTtime64                                
0000223d  HOSTunlink                                
000021f1  HOSTwrite                                 
000037a1  Init_SysTick                              
00003ff9  Interrupt_enableInterrupt                 
00004877  Interrupt_enableMaster                    
000018dd  PORT2_IRQHandler                          
000017f7  RFCheckRfFrequency                        
00001835  RFGetStatus                               
000016d7  RFGetTimeOnAir                            
0000183b  RFInit                                    
000017fb  RFInitModem                               
00001879  RFIrqInit                                 
000016ad  RFIsChannelFree                           
00001677  RFRandom                                  
00001303  RFRead                                    
00001625  RFReadBuffer                              
000015ff  RFReadRssi                                
000015cf  RFReset                                   
00001595  RFSend                                    
00001571  RFSetChannel                              
000012db  RFSetOpMode                               
0000152f  RFSetRx                                   
0000147b  RFSetRxConfig                             
0000146b  RFSetSleep                                
0000145b  RFSetStby                                 
00001443  RFSetTx                                   
00001343  RFSetTxConfig                             
000012e3  RFStartCad                                
000012a7  RFWrite                                   
00001251  RFWriteBuffer                             
0000129b  RFWriteFifo                               
00002139  RTC_AlarmHandler                          
000042e5  RTC_C_clearInterruptFlag                  
000044e9  RTC_C_enableInterrupt                     
0000405d  RTC_C_getCalendarTime                     
00004415  RTC_C_getEnabledInterruptStatus           
000045e9  RTC_C_getInterruptStatus                  
00004189  RTC_C_initCalendar                        
00004661  RTC_C_setCalendarAlarm                    
00004685  RTC_C_startClock                          
UNDEFED   SHT$$INIT_ARRAY$$Base                     
UNDEFED   SHT$$INIT_ARRAY$$Limit                    
00004745  SPI_enableModule                          
00003bc5  SPI_initMaster                            
0000475f  SPI_receiveData                           
000046c9  SPI_transmitData                          
00004889  SysCtl_disableNMISource                   
00004899  SysCtl_enableNMISource                    
000048dd  SysCtl_getNMISourceStatus                 
00003787  SysTick_Handler                           
20000d6c  SystemCoreClock                           
00002a67  SystemCoreClockUpdate                     
00002a15  SystemInit                                
4000480c  WDTCTL_SYM                                
20000800  __CIOBUF_                                 
20010000  __STACK_END                               
00000200  __STACK_SIZE                              
00000800  __SYSMEM_SIZE                             
00004b44  __TI_CINIT_Base                           
00004b54  __TI_CINIT_Limit                          
00004b3c  __TI_Handler_Table_Base                   
00004b44  __TI_Handler_Table_Limit                  
00003e45  __TI_auto_init                            
00002cc1  __TI_cleanup                              
20000d34  __TI_cleanup_ptr                          
00003a95  __TI_closefile                            
000048a9  __TI_decompress_none                      
00004901  __TI_decompress_rle24                     
000036a1  __TI_doflush                              
20000d38  __TI_dtors_ptr                            
20000d3c  __TI_enable_exit_profile_output           
20000d24  __TI_ft_end                               
ffffffff  __TI_pprof_out_hndl                       
00000f4b  __TI_printfi                              
ffffffff  __TI_prof_data_size                       
ffffffff  __TI_prof_data_start                      
00003877  __TI_rd_ok                                
00003fc3  __TI_readmsg                              
00000000  __TI_static_base__                        
20000a20  __TI_tmpnams                              
00003f91  __TI_writemsg                             
00003815  __TI_wrt_ok                               
00003c4d  __aeabi_cdcmpeq                           
00003c4d  __aeabi_cdcmple                           
00003cd3  __aeabi_cdrcmple                          
0000445d  __aeabi_d2iz                              
000044a5  __aeabi_d2uiz                             
00002dc7  __aeabi_dadd                              
00002f73  __aeabi_ddiv                              
000031dd  __aeabi_dmul                              
00002dbd  __aeabi_dsub                              
000045b9  __aeabi_i2d                               
00003d59  __aeabi_memclr                            
00003d59  __aeabi_memclr4                           
00003d59  __aeabi_memclr8                           
000039f9  __aeabi_memcpy                            
000039f9  __aeabi_memcpy4                           
000039f9  __aeabi_memcpy8                           
00003d5b  __aeabi_memset                            
00003d5b  __aeabi_memset4                           
00003d5b  __aeabi_memset8                           
20000d30  __aeabi_stderr                            
20000d28  __aeabi_stdin                             
20000d2c  __aeabi_stdout                            
00004709  __aeabi_ui2d                              
00002821  __aeabi_uldivmod                          
ffffffff  __binit__                                 
ffffffff  __c_args__                                
00003dd3  __mpu_init                                
2000fe00  __stack                                   
00004791  _args_main                                
0000423d  _c_int00                                  
00004914  _ctypes_                                  
20000b34  _ftable                                   
20000d50  _hTime                                    
20000d58  _lock                                     
20000d4f  _mTime                                    
20000d4c  _msTime                                   
00004823  _nop                                      
0000481b  _register_lock                            
00004815  _register_unlock                          
20000d4e  _sTime                                    
20000000  _sys_memory                               
00003f8f  _system_post_cinit                        
0000490f  _system_pre_init                          
20000d54  _totalms                                  
20000d5c  _unlock                                   
00004295  abort                                     
00002775  add_device                                
00004335  atoi                                      
20000d70  awake                                     
ffffffff  binit                                     
00001e01  calloc                                    
000033d5  ceil                                      
000033d5  ceill                                     
00002725  close                                     
00004381  copy_in                                   
00004829  copysign                                  
00004829  copysignl                                 
0000376f  delay_ms                                  
20000d60  errno                                     
0000429d  exit                                      
00003afb  fclose                                    
000036ed  fflush                                    
000034cd  floor                                     
000034cd  floorl                                    
00002d17  fopen                                     
00003b2d  fputc                                     
000030a9  fputs                                     
00001b4f  free                                      
00002ced  freopen                                   
00004125  frexp                                     
00004125  frexpl                                    
000040c1  fseek                                     
00003769  getTotal_ms                               
00001e35  initCalendar                              
000020bf  initClocks                                
00001f09  initPeripherals                           
00001e8b  initPorts                                 
00004615  initSPI                                   
00000000  interruptVectors                          
000032d9  ldexp                                     
000032d9  ldexpl                                    
00002701  lseek                                     
000041e5  ltoa                                      
00004529  main                                      
20000d68  main_func_sp                              
00001ae7  malloc                                    
00001d1d  memalign                                  
00004729  memccpy                                   
000046e9  memchr                                    
000039f9  memcpy                                    
00003d61  memset                                    
00001a59  minit                                     
00002653  open                                      
00003ebd  printf                                    
00003b2d  putc                                      
00003bb1  putchar                                   
000031b5  puts                                      
20000b04  radioEvents                               
0000262f  read                                      
00001c11  realloc                                   
000025a5  remove                                    
00002607  remove_device                             
000025c9  rename                                    
000032d9  scalbn                                    
000032d9  scalbnl                                   
000035c5  setvbuf                                   
00001f41  sleepFor                                  
00004a58  spiMasterConfig                           
000047c1  strchr                                    
000047a9  strcmp                                    
0000483d  strcpy                                    
00004851  strlen                                    
00004589  strncpy                                   
000025a5  unlink                                    
00002515  write                                     


GLOBAL SYMBOLS: SORTED BY Symbol Address 

address   name                                      
-------   ----                                      
00000000  __TI_static_base__                        
00000000  interruptVectors                          
00000200  __STACK_SIZE                              
00000800  __SYSMEM_SIZE                             
00000f4b  __TI_printfi                              
00001251  RFWriteBuffer                             
0000129b  RFWriteFifo                               
000012a7  RFWrite                                   
000012db  RFSetOpMode                               
000012e3  RFStartCad                                
00001303  RFRead                                    
00001343  RFSetTxConfig                             
00001443  RFSetTx                                   
0000145b  RFSetStby                                 
0000146b  RFSetSleep                                
0000147b  RFSetRxConfig                             
0000152f  RFSetRx                                   
00001571  RFSetChannel                              
00001595  RFSend                                    
000015cf  RFReset                                   
000015ff  RFReadRssi                                
00001625  RFReadBuffer                              
00001677  RFRandom                                  
000016ad  RFIsChannelFree                           
000016d7  RFGetTimeOnAir                            
000017f7  RFCheckRfFrequency                        
000017fb  RFInitModem                               
00001835  RFGetStatus                               
0000183b  RFInit                                    
00001879  RFIrqInit                                 
000018dd  PORT2_IRQHandler                          
00001a59  minit                                     
00001ae7  malloc                                    
00001b4f  free                                      
00001c11  realloc                                   
00001d1d  memalign                                  
00001e01  calloc                                    
00001e35  initCalendar                              
00001e8b  initPorts                                 
00001f09  initPeripherals                           
00001f41  sleepFor                                  
000020bf  initClocks                                
00002139  RTC_AlarmHandler                          
000021f1  HOSTwrite                                 
0000223d  HOSTunlink                                
00002275  HOSTtime64                                
000022bf  HOSTtime                                  
000022f9  HOSTrename                                
00002357  HOSTread                                  
000023a3  HOSTopen                                  
000023f5  HOSTlseek                                 
00002451  HOSTgetenv                                
0000248f  HOSTclose                                 
000024c7  HOSTclock                                 
00002515  write                                     
000025a5  remove                                    
000025a5  unlink                                    
000025c9  rename                                    
00002607  remove_device                             
0000262f  read                                      
00002653  open                                      
00002701  lseek                                     
00002725  close                                     
00002775  add_device                                
00002821  __aeabi_uldivmod                          
00002a15  SystemInit                                
00002a67  SystemCoreClockUpdate                     
00002cc1  __TI_cleanup                              
00002ced  freopen                                   
00002d17  fopen                                     
00002dbd  __aeabi_dsub                              
00002dc7  __aeabi_dadd                              
00002f73  __aeabi_ddiv                              
000030a9  fputs                                     
000031b5  puts                                      
000031dd  __aeabi_dmul                              
000032d9  ldexp                                     
000032d9  ldexpl                                    
000032d9  scalbn                                    
000032d9  scalbnl                                   
000033d5  ceil                                      
000033d5  ceill                                     
000034cd  floor                                     
000034cd  floorl                                    
000035c5  setvbuf                                   
000036a1  __TI_doflush                              
000036ed  fflush                                    
00003769  getTotal_ms                               
0000376f  delay_ms                                  
00003787  SysTick_Handler                           
000037a1  Init_SysTick                              
00003815  __TI_wrt_ok                               
00003877  __TI_rd_ok                                
000038c1  CS_startHFXTWithTimeout                   
0000395d  CS_startLFXTWithTimeout                   
000039f9  __aeabi_memcpy                            
000039f9  __aeabi_memcpy4                           
000039f9  __aeabi_memcpy8                           
000039f9  memcpy                                    
00003a95  __TI_closefile                            
00003afb  fclose                                    
00003b2d  fputc                                     
00003b2d  putc                                      
00003bb1  putchar                                   
00003bc5  SPI_initMaster                            
00003c4d  __aeabi_cdcmpeq                           
00003c4d  __aeabi_cdcmple                           
00003cd3  __aeabi_cdrcmple                          
00003d59  __aeabi_memclr                            
00003d59  __aeabi_memclr4                           
00003d59  __aeabi_memclr8                           
00003d5b  __aeabi_memset                            
00003d5b  __aeabi_memset4                           
00003d5b  __aeabi_memset8                           
00003d61  memset                                    
00003dd3  __mpu_init                                
00003e45  __TI_auto_init                            
00003ebd  printf                                    
00003f8f  _system_post_cinit                        
00003f91  __TI_writemsg                             
00003fbf  C$$IO$$                                   
00003fc3  __TI_readmsg                              
00003ff9  Interrupt_enableInterrupt                 
0000405d  RTC_C_getCalendarTime                     
000040c1  fseek                                     
00004125  frexp                                     
00004125  frexpl                                    
00004189  RTC_C_initCalendar                        
000041e5  ltoa                                      
0000423d  _c_int00                                  
00004291  C$$EXIT                                   
00004295  abort                                     
0000429d  exit                                      
000042e5  RTC_C_clearInterruptFlag                  
00004335  atoi                                      
00004381  copy_in                                   
000043cd  GPIO_setAsPeripheralModuleFunctionInputPin
00004415  RTC_C_getEnabledInterruptStatus           
0000445d  __aeabi_d2iz                              
000044a5  __aeabi_d2uiz                             
000044e9  RTC_C_enableInterrupt                     
00004529  main                                      
00004589  strncpy                                   
000045b9  __aeabi_i2d                               
000045e9  RTC_C_getInterruptStatus                  
00004615  initSPI                                   
0000463d  GPIO_setAsOutputPin                       
00004661  RTC_C_setCalendarAlarm                    
00004685  RTC_C_startClock                          
000046a9  GPIO_interruptEdgeSelect                  
000046c9  SPI_transmitData                          
000046e9  memchr                                    
00004709  __aeabi_ui2d                              
00004729  memccpy                                   
00004745  SPI_enableModule                          
0000475f  SPI_receiveData                           
00004779  GPIO_setOutputLowOnPin                    
00004791  _args_main                                
000047a9  strcmp                                    
000047c1  strchr                                    
000047d9  CS_setExternalClockSourceFrequency        
000047ed  GPIO_setOutputHighOnPin                   
00004801  GPIO_toggleOutputOnPin                    
00004815  _register_unlock                          
0000481b  _register_lock                            
00004823  _nop                                      
00004829  copysign                                  
00004829  copysignl                                 
0000483d  strcpy                                    
00004851  strlen                                    
00004877  Interrupt_enableMaster                    
00004889  SysCtl_disableNMISource                   
00004899  SysCtl_enableNMISource                    
000048a9  __TI_decompress_none                      
000048b7  CPU_cpsie                                 
000048c3  EUSCI_A_SPI_enable                        
000048cf  EUSCI_B_SPI_enable                        
000048dd  SysCtl_getNMISourceStatus                 
000048e9  CS_startHFXT                              
000048ef  CS_startLFXT                              
000048f5  EUSCI_A_SPI_receiveData                   
000048fb  EUSCI_B_SPI_receiveData                   
00004901  __TI_decompress_rle24                     
00004907  EUSCI_A_SPI_transmitData                  
0000490b  EUSCI_B_SPI_transmitData                  
0000490f  _system_pre_init                          
00004914  _ctypes_                                  
00004a58  spiMasterConfig                           
00004b3c  __TI_Handler_Table_Base                   
00004b44  __TI_CINIT_Base                           
00004b44  __TI_Handler_Table_Limit                  
00004b54  __TI_CINIT_Limit                          
20000000  _sys_memory                               
20000800  __CIOBUF_                                 
20000a20  __TI_tmpnams                              
20000b04  radioEvents                               
20000b34  _ftable                                   
20000d24  __TI_ft_end                               
20000d28  __aeabi_stdin                             
20000d2c  __aeabi_stdout                            
20000d30  __aeabi_stderr                            
20000d34  __TI_cleanup_ptr                          
20000d38  __TI_dtors_ptr                            
20000d3c  __TI_enable_exit_profile_output           
20000d4c  _msTime                                   
20000d4e  _sTime                                    
20000d4f  _mTime                                    
20000d50  _hTime                                    
20000d54  _totalms                                  
20000d58  _lock                                     
20000d5c  _unlock                                   
20000d60  errno                                     
20000d68  main_func_sp                              
20000d6c  SystemCoreClock                           
20000d70  awake                                     
2000fe00  __stack                                   
20010000  __STACK_END                               
4000480c  WDTCTL_SYM                                
ffffffff  __TI_pprof_out_hndl                       
ffffffff  __TI_prof_data_size                       
ffffffff  __TI_prof_data_start                      
ffffffff  __binit__                                 
ffffffff  __c_args__                                
ffffffff  binit                                     
UNDEFED   SHT$$INIT_ARRAY$$Base                     
UNDEFED   SHT$$INIT_ARRAY$$Limit                    

[226 symbols]
