******************************************************************************
                  TI ARM Linker PC v15.12.3                    
******************************************************************************
>> Linked Fri Jan 13 16:59:10 2017

OUTPUT FILE NAME:   <Velapulsar.out>
ENTRY POINT SYMBOL: "_c_int00"  address: 00004501


MEMORY CONFIGURATION

         name            origin    length      used     unused   attr    fill
----------------------  --------  ---------  --------  --------  ----  --------
  MAIN                  00000000   00040000  00004e22  0003b1de  R  X
  INFO                  00200000   00004000  00000000  00004000  R  X
  SRAM_CODE             01000000   00010000  00001258  0000eda8  RW X
  SRAM_DATA             20000000   00010000  00001258  0000eda8  RW  


SEGMENT ALLOCATION MAP

run origin  load origin   length   init length attrs members
----------  ----------- ---------- ----------- ----- -------
00000000    00000000    00004e24   00004e24    r-x
  00000000    00000000    00000140   00000140    r-- .intvecs
  00000140    00000140    00004a96   00004a96    r-x .text
  00004bd8    00004bd8    00000160   00000160    r-- .const
  00004d38    00004d38    000000ec   000000ec    r-- .cinit
20000000    20000000    00001058   00000000    rw-
  20000000    20000000    00000800   00000000    rw- .sysmem
  20000800    20000800    000005f8   00000000    rw- .bss
  20000df8    20000df8    00000260   00000000    rw- .data
2000fe00    2000fe00    00000200   00000000    rw-
  2000fe00    2000fe00    00000200   00000000    rw- .stack


SECTION ALLOCATION MAP

 output                                  attributes/
section   page    origin      length       input sections
--------  ----  ----------  ----------   ----------------
.intvecs   0    00000000    00000140     
                  00000000    00000140     startup_msp432p401r_ccs.obj (.intvecs:retain)

.binit     0    00000000    00000000     

.text      0    00000140    00004a96     
                  00000140    00001110     rtsv7M4_T_le_v4SPD16_eabi.lib : _printfi.obj (.text)
                  00001250    00000820     rf95.obj (.text)
                  00001a70    000003dc     rtsv7M4_T_le_v4SPD16_eabi.lib : memory.obj (.text)
                  00001e4c    00000358     velapulsar.obj (.text)
                  000021a4    00000324     rtsv7M4_T_le_v4SPD16_eabi.lib : trgdrv.obj (.text)
                  000024c8    00000310     velapulsar_mac.obj (.text)
                  000027d8    0000030c     rtsv7M4_T_le_v4SPD16_eabi.lib : lowlev.obj (.text)
                  00002ae4    000001f4                                   : ull_div_t2.obj (.text)
                  00002cd8    000001e4     system_msp432p401r.obj (.text)
                  00002ebc    000001c4     rtsv7M4_T_le_v4SPD16_eabi.lib : fopen.obj (.text)
                  00003080    000001b6                                   : fd_add_t2.obj (.text)
                  00003236    00000136                                   : fd_div_t2.obj (.text)
                  0000336c    00000134                                   : fputs.obj (.text)
                  000034a0    000000fc                                   : fd_mul_t2.obj (.text)
                  0000359c    000000fc                                   : s_scalbn.obj (.text)
                  00003698    000000f8                                   : s_ceil.obj (.text)
                  00003790    000000f8                                   : s_floor.obj (.text)
                  00003888    000000dc                                   : setvbuf.obj (.text)
                  00003964    000000c8                                   : fflush.obj (.text)
                  00003a2c    000000ac     delay.obj (.text)
                  00003ad8    000000ac     rtsv7M4_T_le_v4SPD16_eabi.lib : _io_perm.obj (.text)
                  00003b84    0000009c     msp432p4xx_driverlib.lib : cs.o (.text:CS_startHFXTWithTimeout)
                  00003c20    0000009c                              : cs.o (.text:CS_startLFXTWithTimeout)
                  00003cbc    0000009c     rtsv7M4_T_le_v4SPD16_eabi.lib : memcpy_t2.obj (.text)
                  00003d58    00000098                                   : fclose.obj (.text)
                  00003df0    00000098                                   : fputc.obj (.text)
                  00003e88    00000088     msp432p4xx_driverlib.lib : spi.o (.text:SPI_initMaster)
                  00003f10    00000086     rtsv7M4_T_le_v4SPD16_eabi.lib : fd_cmp_t2.obj (.text:__aeabi_cdcmple)
                  00003f96    00000086                                   : fd_cmp_t2.obj (.text:__aeabi_cdrcmple)
                  0000401c    0000007a                                   : memset_t2.obj (.text)
                  00004096    00000002                                   : mpu_init.obj (.text)
                  00004098    00000070     msp432p4xx_driverlib.lib : cs.o (.text:_CSGetHFXTFrequency)
                  00004108    00000070     rtsv7M4_T_le_v4SPD16_eabi.lib : autoinit.obj (.text)
                  00004178    00000070                                   : printf.obj (.text)
                  000041e8    0000006a                                   : copy_decompress_rle.obj (.text)
                  00004252    00000002                                   : startup.obj (.text)
                  00004254    00000068                                   : trgmsg.obj (.text)
                  000042bc    00000064     msp432p4xx_driverlib.lib : interrupt.o (.text:Interrupt_enableInterrupt)
                  00004320    00000064                              : rtc_c.o (.text:RTC_C_getCalendarTime)
                  00004384    00000064     rtsv7M4_T_le_v4SPD16_eabi.lib : fseek.obj (.text)
                  000043e8    00000064                                   : s_frexp.obj (.text)
                  0000444c    0000005c     msp432p4xx_driverlib.lib : rtc_c.o (.text:RTC_C_initCalendar)
                  000044a8    00000056     rtsv7M4_T_le_v4SPD16_eabi.lib : ltoa.obj (.text)
                  000044fe    00000002     --HOLE-- [fill = 0]
                  00004500    00000054                                   : boot.obj (.text)
                  00004554    00000054                                   : exit.obj (.text)
                  000045a8    00000050     msp432p4xx_driverlib.lib : rtc_c.o (.text:RTC_C_clearInterruptFlag)
                  000045f8    0000004c     rtsv7M4_T_le_v4SPD16_eabi.lib : atoi.obj (.text)
                  00004644    0000004c                                   : cpy_tbl.obj (.text)
                  00004690    00000048     msp432p4xx_driverlib.lib : gpio.o (.text:GPIO_setAsPeripheralModuleFunctionInputPin)
                  000046d8    00000048                              : rtc_c.o (.text:RTC_C_getEnabledInterruptStatus)
                  00004720    00000048     rtsv7M4_T_le_v4SPD16_eabi.lib : fd_toi_t2.obj (.text)
                  00004768    00000044                                   : fd_tou_t2.obj (.text)
                  000047ac    00000040     msp432p4xx_driverlib.lib : rtc_c.o (.text:RTC_C_enableInterrupt)
                  000047ec    00000030     Coordinator_main.obj (.text)
                  0000481c    00000030     msp432p4xx_driverlib.lib : spi.o (.text:is_A_Module)
                  0000484c    00000030     rtsv7M4_T_le_v4SPD16_eabi.lib : strncpy.obj (.text)
                  0000487c    0000002e                                   : i_tofd_t2.obj (.text)
                  000048aa    00000002     --HOLE-- [fill = 0]
                  000048ac    0000002c     msp432p4xx_driverlib.lib : rtc_c.o (.text:RTC_C_getInterruptStatus)
                  000048d8    00000028     spi_interface.obj (.text)
                  00004900    00000024     msp432p4xx_driverlib.lib : gpio.o (.text:GPIO_setAsOutputPin)
                  00004924    00000024                              : rtc_c.o (.text:RTC_C_setCalendarAlarm)
                  00004948    00000024                              : rtc_c.o (.text:RTC_C_startClock)
                  0000496c    00000020                              : gpio.o (.text:GPIO_interruptEdgeSelect)
                  0000498c    00000020                              : spi.o (.text:SPI_transmitData)
                  000049ac    00000020     rtsv7M4_T_le_v4SPD16_eabi.lib : memchr.obj (.text)
                  000049cc    00000020                                   : u_tofd_t2.obj (.text)
                  000049ec    0000001c                                   : memccpy.obj (.text)
                  00004a08    0000001a     msp432p4xx_driverlib.lib : spi.o (.text:SPI_enableModule)
                  00004a22    0000001a                              : spi.o (.text:SPI_receiveData)
                  00004a3c    00000018                              : gpio.o (.text:GPIO_setOutputLowOnPin)
                  00004a54    00000018     rtsv7M4_T_le_v4SPD16_eabi.lib : args_main.obj (.text)
                  00004a6c    00000018                                   : strcmp.obj (.text)
                  00004a84    00000016                                   : strchr.obj (.text)
                  00004a9a    00000002     --HOLE-- [fill = 0]
                  00004a9c    00000014     msp432p4xx_driverlib.lib : cs.o (.text:CS_setExternalClockSourceFrequency)
                  00004ab0    00000014                              : gpio.o (.text:GPIO_setOutputHighOnPin)
                  00004ac4    00000014                              : gpio.o (.text:GPIO_toggleOutputOnPin)
                  00004ad8    00000014     rtsv7M4_T_le_v4SPD16_eabi.lib : _lock.obj (.text)
                  00004aec    00000014                                   : s_copysign.obj (.text)
                  00004b00    00000014                                   : strcpy.obj (.text)
                  00004b14    00000014                                   : strlen.obj (.text)
                  00004b28    00000012     startup_msp432p401r_ccs.obj (.text)
                  00004b3a    00000010     msp432p4xx_driverlib.lib : interrupt.o (.text:Interrupt_enableMaster)
                  00004b4a    00000002     --HOLE-- [fill = 0]
                  00004b4c    00000010                              : sysctl.o (.text:SysCtl_disableNMISource)
                  00004b5c    00000010                              : sysctl.o (.text:SysCtl_enableNMISource)
                  00004b6c    0000000e     rtsv7M4_T_le_v4SPD16_eabi.lib : copy_decompress_none.obj (.text:decompress:none)
                  00004b7a    0000000c     msp432p4xx_driverlib.lib : cpu.o (.text:CPU_cpsie)
                  00004b86    0000000c                              : spi.o (.text:EUSCI_A_SPI_enable)
                  00004b92    0000000c                              : spi.o (.text:EUSCI_B_SPI_enable)
                  00004b9e    00000002     --HOLE-- [fill = 0]
                  00004ba0    0000000c                              : sysctl.o (.text:SysCtl_getNMISourceStatus)
                  00004bac    00000006                              : cs.o (.text:CS_startHFXT)
                  00004bb2    00000006                              : cs.o (.text:CS_startLFXT)
                  00004bb8    00000006                              : spi.o (.text:EUSCI_A_SPI_receiveData)
                  00004bbe    00000006                              : spi.o (.text:EUSCI_B_SPI_receiveData)
                  00004bc4    00000006     rtsv7M4_T_le_v4SPD16_eabi.lib : copy_decompress_rle.obj (.text:decompress:rle24)
                  00004bca    00000004     msp432p4xx_driverlib.lib : spi.o (.text:EUSCI_A_SPI_transmitData)
                  00004bce    00000004                              : spi.o (.text:EUSCI_B_SPI_transmitData)
                  00004bd2    00000004     rtsv7M4_T_le_v4SPD16_eabi.lib : pre_init.obj (.text)

.const     0    00004bd8    00000160     
                  00004bd8    00000101     rtsv7M4_T_le_v4SPD16_eabi.lib : ctype.obj (.const:.string:_ctypes_)
                  00004cd9    00000003     --HOLE-- [fill = 0]
                  00004cdc    00000040     msp432p4xx_driverlib.lib : interrupt.o (.const)
                  00004d1c    0000001c     spi_interface.obj (.const:spiMasterConfig)

.cinit     0    00004d38    000000ec     
                  00004d38    000000c8     (.cinit..data.load) [load image, compression = rle]
                  00004e00    0000000b     (.cinit..bss.load) [load image, compression = rle]
                  00004e0b    00000001     --HOLE-- [fill = 0]
                  00004e0c    00000008     (__TI_handler_table)
                  00004e14    00000010     (__TI_cinit_table)

.init_array 
*          0    00000000    00000000     UNINITIALIZED

.sysmem    0    20000000    00000800     UNINITIALIZED
                  20000000    00000008     rtsv7M4_T_le_v4SPD16_eabi.lib : memory.obj (.sysmem)
                  20000008    000007f8     --HOLE--

.bss       0    20000800    000005f8     UNINITIALIZED
                  20000800    00000240     velapulsar_mac.obj (.bss:Channels)
                  20000a40    00000120     rtsv7M4_T_le_v4SPD16_eabi.lib : trgmsg.obj (.bss:_CIOBUF_)
                  20000b60    00000100     rf95.obj (.bss:RxTxBuffer)
                  20000c60    000000a0     (.common:__TI_tmpnams)
                  20000d00    00000030     (.common:VelaMacParams)
                  20000d30    00000030     (.common:VelaMacParamsDefaults)
                  20000d60    00000028     rf95.obj (.bss:settings)
                  20000d88    0000001c     velapulsar.obj (.bss:calendarTime)
                  20000da4    0000001c     velapulsar_mac.obj (.bss:radioEvents)
                  20000dc0    0000000c     velapulsar_mac.obj (.bss:ChannelsMaskRemaining)
                  20000dcc    0000000c     (.common:VelaMacPrimitives)
                  20000dd8    00000009     velapulsar_mac.obj (.bss)
                  20000de1    00000008     rtsv7M4_T_le_v4SPD16_eabi.lib : trgdrv.obj (.bss:parmbuf)
                  20000de9    00000001     (.common:VelaMacFlags)
                  20000dea    00000002     --HOLE--
                  20000dec    00000004     rf95.obj (.bss)
                  20000df0    00000004     (.common:hfxtFreq)
                  20000df4    00000004     (.common:lfxtFreq)

.data      0    20000df8    00000260     UNINITIALIZED
                  20000df8    000000f0     rtsv7M4_T_le_v4SPD16_eabi.lib : defs.obj (.data:_ftable)
                  20000ee8    000000d0                                   : lowlev.obj (.data:$O1$$)
                  20000fb8    00000030     msp432p4xx_driverlib.lib : gpio.o (.data:GPIO_PORT_TO_BASE)
                  20000fe8    00000023     velapulsar_mac.obj (.data)
                  2000100b    00000001     velapulsar.obj (.data)
                  2000100c    00000010     rtsv7M4_T_le_v4SPD16_eabi.lib : defs.obj (.data)
                  2000101c    0000000c                                   : exit.obj (.data:$O1$$)
                  20001028    0000000c                                   : memory.obj (.data:$O1$$)
                  20001034    0000000c     delay.obj (.data)
                  20001040    00000008     rtsv7M4_T_le_v4SPD16_eabi.lib : _lock.obj (.data:$O1$$)
                  20001048    00000004                                   : errno.obj (.data)
                  2000104c    00000004                                   : fopen.obj (.data)
                  20001050    00000004                                   : stkdepth_vars.obj (.data)
                  20001054    00000004     system_msp432p401r.obj (.data)

.stack     0    2000fe00    00000200     UNINITIALIZED
                  2000fe00    00000200     --HOLE--

MODULE SUMMARY

       Module                        code    ro data   rw data
       ------                        ----    -------   -------
    .\
       system_msp432p401r.obj        484     0         8      
       startup_msp432p401r_ccs.obj   18      320       0      
       Coordinator_main.obj          48      0         0      
    +--+-----------------------------+-------+---------+---------+
       Total:                        550     320       8      
                                                              
    .\Libraries\Mac\
       velapulsar_mac.obj            784     0         1514   
    +--+-----------------------------+-------+---------+---------+
       Total:                        784     0         1514   
                                                              
    .\Libraries\RF95\
       rf95.obj                      2080    0         600    
       delay.obj                     172     0         24     
       spi_interface.obj             40      28        0      
    +--+-----------------------------+-------+---------+---------+
       Total:                        2292    28        624    
                                                              
    .\Libraries\Velapulsar\
       velapulsar.obj                856     0         82     
    +--+-----------------------------+-------+---------+---------+
       Total:                        856     0         82     
                                                              
    C:/ti/msp/msp432ware__3.50.00.02/driverlib/driverlib/MSP432P4xx/ccs/msp432p4xx_driverlib.lib
       rtc_c.o                       524     0         0      
       cs.o                          456     0         16     
       spi.o                         312     0         0      
       gpio.o                        204     0         96     
       interrupt.o                   116     64        0      
       sysctl.o                      44      0         0      
       cpu.o                         12      0         0      
    +--+-----------------------------+-------+---------+---------+
       Total:                        1668    64        112    
                                                              
    C:\ti\ccsv6\tools\compiler\arm_15.12.3.LTS\lib\rtsv7M4_T_le_v4SPD16_eabi.lib
       _printfi.obj                  4368    0         0      
       lowlev.obj                    780     0         416    
       memory.obj                    988     0         24     
       defs.obj                      0       0         832    
       trgdrv.obj                    804     0         16     
       trgmsg.obj                    104     0         576    
       ull_div_t2.obj                500     0         0      
       fopen.obj                     452     0         8      
       fd_add_t2.obj                 438     0         0      
       fd_div_t2.obj                 310     0         0      
       fputs.obj                     308     0         0      
       fd_cmp_t2.obj                 268     0         0      
       ctype.obj                     0       257       0      
       fd_mul_t2.obj                 252     0         0      
       s_scalbn.obj                  252     0         0      
       s_ceil.obj                    248     0         0      
       s_floor.obj                   248     0         0      
       setvbuf.obj                   220     0         0      
       fflush.obj                    200     0         0      
       _io_perm.obj                  172     0         0      
       memcpy_t2.obj                 156     0         0      
       fclose.obj                    152     0         0      
       fputc.obj                     152     0         0      
       memset_t2.obj                 122     0         0      
       autoinit.obj                  112     0         0      
       copy_decompress_rle.obj       112     0         0      
       printf.obj                    112     0         0      
       exit.obj                      84      0         24     
       fseek.obj                     100     0         0      
       s_frexp.obj                   100     0         0      
       ltoa.obj                      86      0         0      
       boot.obj                      84      0         0      
       atoi.obj                      76      0         0      
       cpy_tbl.obj                   76      0         0      
       fd_toi_t2.obj                 72      0         0      
       fd_tou_t2.obj                 68      0         0      
       strncpy.obj                   48      0         0      
       i_tofd_t2.obj                 46      0         0      
       _lock.obj                     20      0         16     
       memchr.obj                    32      0         0      
       u_tofd_t2.obj                 32      0         0      
       memccpy.obj                   28      0         0      
       args_main.obj                 24      0         0      
       strcmp.obj                    24      0         0      
       strchr.obj                    22      0         0      
       s_copysign.obj                20      0         0      
       strcpy.obj                    20      0         0      
       strlen.obj                    20      0         0      
       copy_decompress_none.obj      14      0         0      
       errno.obj                     0       0         8      
       stkdepth_vars.obj             0       0         8      
       pre_init.obj                  4       0         0      
       mpu_init.obj                  2       0         0      
       startup.obj                   2       0         0      
    +--+-----------------------------+-------+---------+---------+
       Total:                        12934   257       1928   
                                                              
       Heap:                         0       0         4096   
       Stack:                        0       0         1024   
       Linker Generated:             0       235       0      
    +--+-----------------------------+-------+---------+---------+
       Grand Total:                  19084   904       9388   


LINKER GENERATED COPY TABLES

__TI_cinit_table @ 00004e14 records: 2, size/record: 8, table size: 16
	.data: load addr=00004d38, load size=000000c8 bytes, run addr=20000df8, run size=00000260 bytes, compression=rle
	.bss: load addr=00004e00, load size=0000000b bytes, run addr=20000800, run size=000005f8 bytes, compression=rle


LINKER GENERATED HANDLER TABLE

__TI_handler_table @ 00004e0c records: 2, size/record: 4, table size: 8
	index: 0, handler: __TI_decompress_rle24
	index: 1, handler: __TI_decompress_none


GLOBAL SYMBOLS: SORTED ALPHABETICALLY BY Name 

address   name                                      
-------   ----                                      
00004555  C$$EXIT                                   
00004283  C$$IO$$                                   
00004b7b  CPU_cpsie                                 
00004a9d  CS_setExternalClockSourceFrequency        
00004bad  CS_startHFXT                              
00003b85  CS_startHFXTWithTimeout                   
00004bb3  CS_startLFXT                              
00003c21  CS_startLFXTWithTimeout                   
00004b87  EUSCI_A_SPI_enable                        
00004bb9  EUSCI_A_SPI_receiveData                   
00004bcb  EUSCI_A_SPI_transmitData                  
00004b93  EUSCI_B_SPI_enable                        
00004bbf  EUSCI_B_SPI_receiveData                   
00004bcf  EUSCI_B_SPI_transmitData                  
0000496d  GPIO_interruptEdgeSelect                  
00004901  GPIO_setAsOutputPin                       
00004691  GPIO_setAsPeripheralModuleFunctionInputPin
00004ab1  GPIO_setOutputHighOnPin                   
00004a3d  GPIO_setOutputLowOnPin                    
00004ac5  GPIO_toggleOutputOnPin                    
0000247b  HOSTclock                                 
00002443  HOSTclose                                 
00002405  HOSTgetenv                                
000023a9  HOSTlseek                                 
00002357  HOSTopen                                  
0000230b  HOSTread                                  
000022ad  HOSTrename                                
00002273  HOSTtime                                  
00002229  HOSTtime64                                
000021f1  HOSTunlink                                
000021a5  HOSTwrite                                 
00003a65  Init_SysTick                              
000042bd  Interrupt_enableInterrupt                 
00004b3b  Interrupt_enableMaster                    
000018e9  PORT2_IRQHandler                          
000017f7  RFCheckRfFrequency                        
0000183f  RFGetStatus                               
000016d7  RFGetTimeOnAir                            
00001849  RFInit                                    
000017fb  RFInitModem                               
00001885  RFIrqInit                                 
000016ad  RFIsChannelFree                           
00001677  RFRandom                                  
00001303  RFRead                                    
00001625  RFReadBuffer                              
000015ff  RFReadRssi                                
000015cf  RFReset                                   
00001595  RFSend                                    
00001571  RFSetChannel                              
000012db  RFSetOpMode                               
0000152f  RFSetRx                                   
0000147b  RFSetRxConfig                             
0000146b  RFSetSleep                                
0000145b  RFSetStby                                 
00001443  RFSetTx                                   
00001343  RFSetTxConfig                             
000012e3  RFStartCad                                
000012a7  RFWrite                                   
00001251  RFWriteBuffer                             
0000129b  RFWriteFifo                               
00002135  RTC_AlarmHandler                          
000045a9  RTC_C_clearInterruptFlag                  
000047ad  RTC_C_enableInterrupt                     
00004321  RTC_C_getCalendarTime                     
000046d9  RTC_C_getEnabledInterruptStatus           
000048ad  RTC_C_getInterruptStatus                  
0000444d  RTC_C_initCalendar                        
00004925  RTC_C_setCalendarAlarm                    
00004949  RTC_C_startClock                          
UNDEFED   SHT$$INIT_ARRAY$$Base                     
UNDEFED   SHT$$INIT_ARRAY$$Limit                    
00004a09  SPI_enableModule                          
00003e89  SPI_initMaster                            
00004a23  SPI_receiveData                           
0000498d  SPI_transmitData                          
00004b4d  SysCtl_disableNMISource                   
00004b5d  SysCtl_enableNMISource                    
00004ba1  SysCtl_getNMISourceStatus                 
00003a4b  SysTick_Handler                           
20001054  SystemCoreClock                           
00002d2b  SystemCoreClockUpdate                     
00002cd9  SystemInit                                
20000de9  VelaMacFlags                              
00002589  VelaMacInitialization                     
20000d00  VelaMacParams                             
20000d30  VelaMacParamsDefaults                     
20000dcc  VelaMacPrimitives                         
20000fe8  VelaMacState                              
4000480c  WDTCTL_SYM                                
20000a40  __CIOBUF_                                 
20010000  __STACK_END                               
00000200  __STACK_SIZE                              
00000800  __SYSMEM_SIZE                             
00004e14  __TI_CINIT_Base                           
00004e24  __TI_CINIT_Limit                          
00004e0c  __TI_Handler_Table_Base                   
00004e14  __TI_Handler_Table_Limit                  
00004109  __TI_auto_init                            
00002f85  __TI_cleanup                              
2000101c  __TI_cleanup_ptr                          
00003d59  __TI_closefile                            
00004b6d  __TI_decompress_none                      
00004bc5  __TI_decompress_rle24                     
00003965  __TI_doflush                              
20001020  __TI_dtors_ptr                            
20001024  __TI_enable_exit_profile_output           
2000100c  __TI_ft_end                               
ffffffff  __TI_pprof_out_hndl                       
00000f4b  __TI_printfi                              
ffffffff  __TI_prof_data_size                       
ffffffff  __TI_prof_data_start                      
00003b3b  __TI_rd_ok                                
00004287  __TI_readmsg                              
00000000  __TI_static_base__                        
20000c60  __TI_tmpnams                              
00004255  __TI_writemsg                             
00003ad9  __TI_wrt_ok                               
00003f11  __aeabi_cdcmpeq                           
00003f11  __aeabi_cdcmple                           
00003f97  __aeabi_cdrcmple                          
00004721  __aeabi_d2iz                              
00004769  __aeabi_d2uiz                             
0000308b  __aeabi_dadd                              
00003237  __aeabi_ddiv                              
000034a1  __aeabi_dmul                              
00003081  __aeabi_dsub                              
0000487d  __aeabi_i2d                               
0000401d  __aeabi_memclr                            
0000401d  __aeabi_memclr4                           
0000401d  __aeabi_memclr8                           
00003cbd  __aeabi_memcpy                            
00003cbd  __aeabi_memcpy4                           
00003cbd  __aeabi_memcpy8                           
0000401f  __aeabi_memset                            
0000401f  __aeabi_memset4                           
0000401f  __aeabi_memset8                           
20001018  __aeabi_stderr                            
20001010  __aeabi_stdin                             
20001014  __aeabi_stdout                            
000049cd  __aeabi_ui2d                              
00002ae5  __aeabi_uldivmod                          
ffffffff  __binit__                                 
ffffffff  __c_args__                                
00004097  __mpu_init                                
2000fe00  __stack                                   
00004a55  _args_main                                
00004501  _c_int00                                  
00004bd8  _ctypes_                                  
20000df8  _ftable                                   
20001038  _hTime                                    
20001040  _lock                                     
20001037  _mTime                                    
20001034  _msTime                                   
00004ae7  _nop                                      
00004adf  _register_lock                            
00004ad9  _register_unlock                          
20001036  _sTime                                    
20000000  _sys_memory                               
00004253  _system_post_cinit                        
00004bd3  _system_pre_init                          
2000103c  _totalms                                  
20001044  _unlock                                   
00004559  abort                                     
00002a39  add_device                                
000045f9  atoi                                      
2000100b  awake                                     
ffffffff  binit                                     
00001e19  calloc                                    
00003699  ceil                                      
00003699  ceill                                     
000029e9  close                                     
00004645  copy_in                                   
00004aed  copysign                                  
00004aed  copysignl                                 
00003a33  delay_ms                                  
20001048  errno                                     
00004561  exit                                      
00003dbf  fclose                                    
000039b1  fflush                                    
00003791  floor                                     
00003791  floorl                                    
00002fdb  fopen                                     
00003df1  fputc                                     
0000336d  fputs                                     
00001b67  free                                      
00002fb1  freopen                                   
000043e9  frexp                                     
000043e9  frexpl                                    
00004385  fseek                                     
00003a2d  getTotal_ms                               
00001e4d  initCalendar                              
000020bb  initClocks                                
00001f07  initPeripherals                           
00001e89  initPorts                                 
000048d9  initSPI                                   
00000000  interruptVectors                          
0000359d  ldexp                                     
0000359d  ldexpl                                    
000029c5  lseek                                     
000044a9  ltoa                                      
000047ed  main                                      
20001050  main_func_sp                              
00001aff  malloc                                    
00001d35  memalign                                  
000049ed  memccpy                                   
000049ad  memchr                                    
00003cbd  memcpy                                    
00004025  memset                                    
00001a71  minit                                     
00002917  open                                      
00004181  printf                                    
00003df1  putc                                      
00003e75  putchar                                   
00003479  puts                                      
000028f3  read                                      
00001c29  realloc                                   
00002869  remove                                    
000028cb  remove_device                             
0000288d  rename                                    
0000359d  scalbn                                    
0000359d  scalbnl                                   
00003889  setvbuf                                   
00001f3d  sleepFor                                  
00004d1c  spiMasterConfig                           
00004a85  strchr                                    
00004a6d  strcmp                                    
00004b01  strcpy                                    
00004b15  strlen                                    
0000484d  strncpy                                   
00002869  unlink                                    
000027d9  write                                     


GLOBAL SYMBOLS: SORTED BY Symbol Address 

address   name                                      
-------   ----                                      
00000000  __TI_static_base__                        
00000000  interruptVectors                          
00000200  __STACK_SIZE                              
00000800  __SYSMEM_SIZE                             
00000f4b  __TI_printfi                              
00001251  RFWriteBuffer                             
0000129b  RFWriteFifo                               
000012a7  RFWrite                                   
000012db  RFSetOpMode                               
000012e3  RFStartCad                                
00001303  RFRead                                    
00001343  RFSetTxConfig                             
00001443  RFSetTx                                   
0000145b  RFSetStby                                 
0000146b  RFSetSleep                                
0000147b  RFSetRxConfig                             
0000152f  RFSetRx                                   
00001571  RFSetChannel                              
00001595  RFSend                                    
000015cf  RFReset                                   
000015ff  RFReadRssi                                
00001625  RFReadBuffer                              
00001677  RFRandom                                  
000016ad  RFIsChannelFree                           
000016d7  RFGetTimeOnAir                            
000017f7  RFCheckRfFrequency                        
000017fb  RFInitModem                               
0000183f  RFGetStatus                               
00001849  RFInit                                    
00001885  RFIrqInit                                 
000018e9  PORT2_IRQHandler                          
00001a71  minit                                     
00001aff  malloc                                    
00001b67  free                                      
00001c29  realloc                                   
00001d35  memalign                                  
00001e19  calloc                                    
00001e4d  initCalendar                              
00001e89  initPorts                                 
00001f07  initPeripherals                           
00001f3d  sleepFor                                  
000020bb  initClocks                                
00002135  RTC_AlarmHandler                          
000021a5  HOSTwrite                                 
000021f1  HOSTunlink                                
00002229  HOSTtime64                                
00002273  HOSTtime                                  
000022ad  HOSTrename                                
0000230b  HOSTread                                  
00002357  HOSTopen                                  
000023a9  HOSTlseek                                 
00002405  HOSTgetenv                                
00002443  HOSTclose                                 
0000247b  HOSTclock                                 
00002589  VelaMacInitialization                     
000027d9  write                                     
00002869  remove                                    
00002869  unlink                                    
0000288d  rename                                    
000028cb  remove_device                             
000028f3  read                                      
00002917  open                                      
000029c5  lseek                                     
000029e9  close                                     
00002a39  add_device                                
00002ae5  __aeabi_uldivmod                          
00002cd9  SystemInit                                
00002d2b  SystemCoreClockUpdate                     
00002f85  __TI_cleanup                              
00002fb1  freopen                                   
00002fdb  fopen                                     
00003081  __aeabi_dsub                              
0000308b  __aeabi_dadd                              
00003237  __aeabi_ddiv                              
0000336d  fputs                                     
00003479  puts                                      
000034a1  __aeabi_dmul                              
0000359d  ldexp                                     
0000359d  ldexpl                                    
0000359d  scalbn                                    
0000359d  scalbnl                                   
00003699  ceil                                      
00003699  ceill                                     
00003791  floor                                     
00003791  floorl                                    
00003889  setvbuf                                   
00003965  __TI_doflush                              
000039b1  fflush                                    
00003a2d  getTotal_ms                               
00003a33  delay_ms                                  
00003a4b  SysTick_Handler                           
00003a65  Init_SysTick                              
00003ad9  __TI_wrt_ok                               
00003b3b  __TI_rd_ok                                
00003b85  CS_startHFXTWithTimeout                   
00003c21  CS_startLFXTWithTimeout                   
00003cbd  __aeabi_memcpy                            
00003cbd  __aeabi_memcpy4                           
00003cbd  __aeabi_memcpy8                           
00003cbd  memcpy                                    
00003d59  __TI_closefile                            
00003dbf  fclose                                    
00003df1  fputc                                     
00003df1  putc                                      
00003e75  putchar                                   
00003e89  SPI_initMaster                            
00003f11  __aeabi_cdcmpeq                           
00003f11  __aeabi_cdcmple                           
00003f97  __aeabi_cdrcmple                          
0000401d  __aeabi_memclr                            
0000401d  __aeabi_memclr4                           
0000401d  __aeabi_memclr8                           
0000401f  __aeabi_memset                            
0000401f  __aeabi_memset4                           
0000401f  __aeabi_memset8                           
00004025  memset                                    
00004097  __mpu_init                                
00004109  __TI_auto_init                            
00004181  printf                                    
00004253  _system_post_cinit                        
00004255  __TI_writemsg                             
00004283  C$$IO$$                                   
00004287  __TI_readmsg                              
000042bd  Interrupt_enableInterrupt                 
00004321  RTC_C_getCalendarTime                     
00004385  fseek                                     
000043e9  frexp                                     
000043e9  frexpl                                    
0000444d  RTC_C_initCalendar                        
000044a9  ltoa                                      
00004501  _c_int00                                  
00004555  C$$EXIT                                   
00004559  abort                                     
00004561  exit                                      
000045a9  RTC_C_clearInterruptFlag                  
000045f9  atoi                                      
00004645  copy_in                                   
00004691  GPIO_setAsPeripheralModuleFunctionInputPin
000046d9  RTC_C_getEnabledInterruptStatus           
00004721  __aeabi_d2iz                              
00004769  __aeabi_d2uiz                             
000047ad  RTC_C_enableInterrupt                     
000047ed  main                                      
0000484d  strncpy                                   
0000487d  __aeabi_i2d                               
000048ad  RTC_C_getInterruptStatus                  
000048d9  initSPI                                   
00004901  GPIO_setAsOutputPin                       
00004925  RTC_C_setCalendarAlarm                    
00004949  RTC_C_startClock                          
0000496d  GPIO_interruptEdgeSelect                  
0000498d  SPI_transmitData                          
000049ad  memchr                                    
000049cd  __aeabi_ui2d                              
000049ed  memccpy                                   
00004a09  SPI_enableModule                          
00004a23  SPI_receiveData                           
00004a3d  GPIO_setOutputLowOnPin                    
00004a55  _args_main                                
00004a6d  strcmp                                    
00004a85  strchr                                    
00004a9d  CS_setExternalClockSourceFrequency        
00004ab1  GPIO_setOutputHighOnPin                   
00004ac5  GPIO_toggleOutputOnPin                    
00004ad9  _register_unlock                          
00004adf  _register_lock                            
00004ae7  _nop                                      
00004aed  copysign                                  
00004aed  copysignl                                 
00004b01  strcpy                                    
00004b15  strlen                                    
00004b3b  Interrupt_enableMaster                    
00004b4d  SysCtl_disableNMISource                   
00004b5d  SysCtl_enableNMISource                    
00004b6d  __TI_decompress_none                      
00004b7b  CPU_cpsie                                 
00004b87  EUSCI_A_SPI_enable                        
00004b93  EUSCI_B_SPI_enable                        
00004ba1  SysCtl_getNMISourceStatus                 
00004bad  CS_startHFXT                              
00004bb3  CS_startLFXT                              
00004bb9  EUSCI_A_SPI_receiveData                   
00004bbf  EUSCI_B_SPI_receiveData                   
00004bc5  __TI_decompress_rle24                     
00004bcb  EUSCI_A_SPI_transmitData                  
00004bcf  EUSCI_B_SPI_transmitData                  
00004bd3  _system_pre_init                          
00004bd8  _ctypes_                                  
00004d1c  spiMasterConfig                           
00004e0c  __TI_Handler_Table_Base                   
00004e14  __TI_CINIT_Base                           
00004e14  __TI_Handler_Table_Limit                  
00004e24  __TI_CINIT_Limit                          
20000000  _sys_memory                               
20000a40  __CIOBUF_                                 
20000c60  __TI_tmpnams                              
20000d00  VelaMacParams                             
20000d30  VelaMacParamsDefaults                     
20000dcc  VelaMacPrimitives                         
20000de9  VelaMacFlags                              
20000df8  _ftable                                   
20000fe8  VelaMacState                              
2000100b  awake                                     
2000100c  __TI_ft_end                               
20001010  __aeabi_stdin                             
20001014  __aeabi_stdout                            
20001018  __aeabi_stderr                            
2000101c  __TI_cleanup_ptr                          
20001020  __TI_dtors_ptr                            
20001024  __TI_enable_exit_profile_output           
20001034  _msTime                                   
20001036  _sTime                                    
20001037  _mTime                                    
20001038  _hTime                                    
2000103c  _totalms                                  
20001040  _lock                                     
20001044  _unlock                                   
20001048  errno                                     
20001050  main_func_sp                              
20001054  SystemCoreClock                           
2000fe00  __stack                                   
20010000  __STACK_END                               
4000480c  WDTCTL_SYM                                
ffffffff  __TI_pprof_out_hndl                       
ffffffff  __TI_prof_data_size                       
ffffffff  __TI_prof_data_start                      
ffffffff  __binit__                                 
ffffffff  __c_args__                                
ffffffff  binit                                     
UNDEFED   SHT$$INIT_ARRAY$$Base                     
UNDEFED   SHT$$INIT_ARRAY$$Limit                    

[231 symbols]
