******************************************************************************
                  TI ARM Linker PC v15.12.3                    
******************************************************************************
>> Linked Wed Jan 18 21:32:10 2017

OUTPUT FILE NAME:   <Velapulsar.out>
ENTRY POINT SYMBOL: "_c_int00"  address: 00004145


MEMORY CONFIGURATION

         name            origin    length      used     unused   attr    fill
----------------------  --------  ---------  --------  --------  ----  --------
  MAIN                  00000000   00040000  000049e2  0003b61e  R  X
  INFO                  00200000   00004000  00000000  00004000  R  X
  SRAM_CODE             01000000   00010000  00000f61  0000f09f  RW X
  SRAM_DATA             20000000   00010000  00000f61  0000f09f  RW  


SEGMENT ALLOCATION MAP

run origin  load origin   length   init length attrs members
----------  ----------- ---------- ----------- ----- -------
00000000    00000000    000049e4   000049e4    r-x
  00000000    00000000    00000140   00000140    r-- .intvecs
  00000140    00000140    00004682   00004682    r-x .text
  000047c4    000047c4    00000144   00000144    r-- .const
  00004908    00004908    000000dc   000000dc    r-- .cinit
20000000    20000000    00000d61   00000000    rw-
  20000000    20000000    00000800   00000000    rw- .sysmem
  20000800    20000800    00000324   00000000    rw- .bss
  20000b24    20000b24    0000023d   00000000    rw- .data
2000fe00    2000fe00    00000200   00000000    rw-
  2000fe00    2000fe00    00000200   00000000    rw- .stack


SECTION ALLOCATION MAP

 output                                  attributes/
section   page    origin      length       input sections
--------  ----  ----------  ----------   ----------------
.intvecs   0    00000000    00000140     
                  00000000    00000140     startup_msp432p401r_ccs.obj (.intvecs:retain)

.binit     0    00000000    00000000     

.text      0    00000140    00004682     
                  00000140    00001110     rtsv7M4_T_le_v4SPD16_eabi.lib : _printfi.obj (.text)
                  00001250    00000820     rf95.obj (.text)
                  00001a70    000003dc     rtsv7M4_T_le_v4SPD16_eabi.lib : memory.obj (.text)
                  00001e4c    00000334     velapulsar.obj (.text)
                  00002180    00000324     rtsv7M4_T_le_v4SPD16_eabi.lib : trgdrv.obj (.text)
                  000024a4    0000030c                                   : lowlev.obj (.text)
                  000027b0    000001f4                                   : ull_div_t2.obj (.text)
                  000029a4    000001e4     system_msp432p401r.obj (.text)
                  00002b88    000001c4     rtsv7M4_T_le_v4SPD16_eabi.lib : fopen.obj (.text)
                  00002d4c    000001b6                                   : fd_add_t2.obj (.text)
                  00002f02    00000136                                   : fd_div_t2.obj (.text)
                  00003038    00000134                                   : fputs.obj (.text)
                  0000316c    000000fc                                   : fd_mul_t2.obj (.text)
                  00003268    000000fc                                   : s_scalbn.obj (.text)
                  00003364    000000f8                                   : s_ceil.obj (.text)
                  0000345c    000000f8                                   : s_floor.obj (.text)
                  00003554    000000dc                                   : setvbuf.obj (.text)
                  00003630    000000c8                                   : fflush.obj (.text)
                  000036f8    000000ac     delay.obj (.text)
                  000037a4    000000ac     rtsv7M4_T_le_v4SPD16_eabi.lib : _io_perm.obj (.text)
                  00003850    0000009c     msp432p4xx_driverlib.lib : cs.o (.text:CS_startHFXTWithTimeout)
                  000038ec    0000009c                              : cs.o (.text:CS_startLFXTWithTimeout)
                  00003988    0000009c     rtsv7M4_T_le_v4SPD16_eabi.lib : memcpy_t2.obj (.text)
                  00003a24    00000098                                   : fclose.obj (.text)
                  00003abc    00000098                                   : fputc.obj (.text)
                  00003b54    00000086                                   : fd_cmp_t2.obj (.text:__aeabi_cdcmple)
                  00003bda    00000086                                   : fd_cmp_t2.obj (.text:__aeabi_cdrcmple)
                  00003c60    0000007a                                   : memset_t2.obj (.text)
                  00003cda    00000002                                   : mpu_init.obj (.text)
                  00003cdc    00000070     msp432p4xx_driverlib.lib : cs.o (.text:_CSGetHFXTFrequency)
                  00003d4c    00000070     rtsv7M4_T_le_v4SPD16_eabi.lib : autoinit.obj (.text)
                  00003dbc    00000070                                   : printf.obj (.text)
                  00003e2c    0000006a                                   : copy_decompress_rle.obj (.text)
                  00003e96    00000002                                   : startup.obj (.text)
                  00003e98    00000068                                   : trgmsg.obj (.text)
                  00003f00    00000064     msp432p4xx_driverlib.lib : interrupt.o (.text:Interrupt_enableInterrupt)
                  00003f64    00000064                              : rtc_c.o (.text:RTC_C_getCalendarTime)
                  00003fc8    00000064     rtsv7M4_T_le_v4SPD16_eabi.lib : fseek.obj (.text)
                  0000402c    00000064                                   : s_frexp.obj (.text)
                  00004090    0000005c     msp432p4xx_driverlib.lib : rtc_c.o (.text:RTC_C_initCalendar)
                  000040ec    00000056     rtsv7M4_T_le_v4SPD16_eabi.lib : ltoa.obj (.text)
                  00004142    00000002     spi_interface.obj (.text)
                  00004144    00000054     rtsv7M4_T_le_v4SPD16_eabi.lib : boot.obj (.text)
                  00004198    00000054                                   : exit.obj (.text)
                  000041ec    00000050     msp432p4xx_driverlib.lib : rtc_c.o (.text:RTC_C_clearInterruptFlag)
                  0000423c    0000004c     rtsv7M4_T_le_v4SPD16_eabi.lib : atoi.obj (.text)
                  00004288    0000004c                                   : cpy_tbl.obj (.text)
                  000042d4    00000048     msp432p4xx_driverlib.lib : gpio.o (.text:GPIO_setAsPeripheralModuleFunctionInputPin)
                  0000431c    00000048                              : rtc_c.o (.text:RTC_C_getEnabledInterruptStatus)
                  00004364    00000048     rtsv7M4_T_le_v4SPD16_eabi.lib : fd_toi_t2.obj (.text)
                  000043ac    00000044                                   : fd_tou_t2.obj (.text)
                  000043f0    00000040     msp432p4xx_driverlib.lib : rtc_c.o (.text:RTC_C_enableInterrupt)
                  00004430    00000030     Coordinator_main.obj (.text)
                  00004460    00000030     msp432p4xx_driverlib.lib : spi.o (.text:is_A_Module)
                  00004490    00000030     rtsv7M4_T_le_v4SPD16_eabi.lib : strncpy.obj (.text)
                  000044c0    0000002e                                   : i_tofd_t2.obj (.text)
                  000044ee    00000002     --HOLE-- [fill = 0]
                  000044f0    0000002c     msp432p4xx_driverlib.lib : rtc_c.o (.text:RTC_C_getInterruptStatus)
                  0000451c    00000024                              : gpio.o (.text:GPIO_setAsOutputPin)
                  00004540    00000024                              : rtc_c.o (.text:RTC_C_setCalendarAlarm)
                  00004564    00000024                              : rtc_c.o (.text:RTC_C_startClock)
                  00004588    00000020                              : gpio.o (.text:GPIO_interruptEdgeSelect)
                  000045a8    00000020                              : spi.o (.text:SPI_transmitData)
                  000045c8    00000020     rtsv7M4_T_le_v4SPD16_eabi.lib : memchr.obj (.text)
                  000045e8    00000020                                   : u_tofd_t2.obj (.text)
                  00004608    0000001c                                   : memccpy.obj (.text)
                  00004624    0000001a     msp432p4xx_driverlib.lib : spi.o (.text:SPI_receiveData)
                  0000463e    00000002     --HOLE-- [fill = 0]
                  00004640    00000018                              : gpio.o (.text:GPIO_setOutputLowOnPin)
                  00004658    00000018     rtsv7M4_T_le_v4SPD16_eabi.lib : args_main.obj (.text)
                  00004670    00000018                                   : strcmp.obj (.text)
                  00004688    00000016                                   : strchr.obj (.text)
                  0000469e    00000002     --HOLE-- [fill = 0]
                  000046a0    00000014     msp432p4xx_driverlib.lib : cs.o (.text:CS_setExternalClockSourceFrequency)
                  000046b4    00000014                              : gpio.o (.text:GPIO_setOutputHighOnPin)
                  000046c8    00000014                              : gpio.o (.text:GPIO_toggleOutputOnPin)
                  000046dc    00000014     rtsv7M4_T_le_v4SPD16_eabi.lib : _lock.obj (.text)
                  000046f0    00000014                                   : s_copysign.obj (.text)
                  00004704    00000014                                   : strcpy.obj (.text)
                  00004718    00000014                                   : strlen.obj (.text)
                  0000472c    00000012     startup_msp432p401r_ccs.obj (.text)
                  0000473e    00000010     msp432p4xx_driverlib.lib : interrupt.o (.text:Interrupt_enableMaster)
                  0000474e    00000002     --HOLE-- [fill = 0]
                  00004750    00000010                              : sysctl.o (.text:SysCtl_disableNMISource)
                  00004760    00000010                              : sysctl.o (.text:SysCtl_enableNMISource)
                  00004770    0000000e     rtsv7M4_T_le_v4SPD16_eabi.lib : copy_decompress_none.obj (.text:decompress:none)
                  0000477e    0000000c     msp432p4xx_driverlib.lib : cpu.o (.text:CPU_cpsie)
                  0000478a    00000002     --HOLE-- [fill = 0]
                  0000478c    0000000c                              : sysctl.o (.text:SysCtl_getNMISourceStatus)
                  00004798    00000006                              : cs.o (.text:CS_startHFXT)
                  0000479e    00000006                              : cs.o (.text:CS_startLFXT)
                  000047a4    00000006                              : spi.o (.text:EUSCI_A_SPI_receiveData)
                  000047aa    00000006                              : spi.o (.text:EUSCI_B_SPI_receiveData)
                  000047b0    00000006     rtsv7M4_T_le_v4SPD16_eabi.lib : copy_decompress_rle.obj (.text:decompress:rle24)
                  000047b6    00000004     msp432p4xx_driverlib.lib : spi.o (.text:EUSCI_A_SPI_transmitData)
                  000047ba    00000004                              : spi.o (.text:EUSCI_B_SPI_transmitData)
                  000047be    00000004     rtsv7M4_T_le_v4SPD16_eabi.lib : pre_init.obj (.text)

.const     0    000047c4    00000144     
                  000047c4    00000101     rtsv7M4_T_le_v4SPD16_eabi.lib : ctype.obj (.const:.string:_ctypes_)
                  000048c5    00000003     --HOLE-- [fill = 0]
                  000048c8    00000040     msp432p4xx_driverlib.lib : interrupt.o (.const)

.cinit     0    00004908    000000dc     
                  00004908    000000b2     (.cinit..data.load) [load image, compression = rle]
                  000049ba    00000006     --HOLE-- [fill = 0]
                  000049c0    0000000b     (.cinit..bss.load) [load image, compression = rle]
                  000049cb    00000001     --HOLE-- [fill = 0]
                  000049cc    00000008     (__TI_handler_table)
                  000049d4    00000010     (__TI_cinit_table)

.init_array 
*          0    00000000    00000000     UNINITIALIZED

.sysmem    0    20000000    00000800     UNINITIALIZED
                  20000000    00000008     rtsv7M4_T_le_v4SPD16_eabi.lib : memory.obj (.sysmem)
                  20000008    000007f8     --HOLE--

.bss       0    20000800    00000324     UNINITIALIZED
                  20000800    00000120     rtsv7M4_T_le_v4SPD16_eabi.lib : trgmsg.obj (.bss:_CIOBUF_)
                  20000920    00000100     rf95.obj (.bss:RxTxBuffer)
                  20000a20    000000a0     (.common:__TI_tmpnams)
                  20000ac0    00000028     rf95.obj (.bss:settings)
                  20000ae8    0000001c     velapulsar.obj (.bss:calendarTime)
                  20000b04    0000000c     (.common:VelaMacPrimitives)
                  20000b10    00000008     rtsv7M4_T_le_v4SPD16_eabi.lib : trgdrv.obj (.bss:parmbuf)
                  20000b18    00000004     rf95.obj (.bss)
                  20000b1c    00000004     (.common:hfxtFreq)
                  20000b20    00000004     (.common:lfxtFreq)

.data      0    20000b24    0000023d     UNINITIALIZED
                  20000b24    000000f0     rtsv7M4_T_le_v4SPD16_eabi.lib : defs.obj (.data:_ftable)
                  20000c14    000000d0                                   : lowlev.obj (.data:$O1$$)
                  20000ce4    00000030     msp432p4xx_driverlib.lib : gpio.o (.data:GPIO_PORT_TO_BASE)
                  20000d14    00000010     rtsv7M4_T_le_v4SPD16_eabi.lib : defs.obj (.data)
                  20000d24    0000000c                                   : exit.obj (.data:$O1$$)
                  20000d30    0000000c                                   : memory.obj (.data:$O1$$)
                  20000d3c    0000000c     delay.obj (.data)
                  20000d48    00000008     rtsv7M4_T_le_v4SPD16_eabi.lib : _lock.obj (.data:$O1$$)
                  20000d50    00000004                                   : errno.obj (.data)
                  20000d54    00000004                                   : fopen.obj (.data)
                  20000d58    00000004                                   : stkdepth_vars.obj (.data)
                  20000d5c    00000004     system_msp432p401r.obj (.data)
                  20000d60    00000001     velapulsar.obj (.data)

.stack     0    2000fe00    00000200     UNINITIALIZED
                  2000fe00    00000200     --HOLE--

MODULE SUMMARY

       Module                        code    ro data   rw data
       ------                        ----    -------   -------
    .\
       system_msp432p401r.obj        484     0         8      
       startup_msp432p401r_ccs.obj   18      320       0      
       Coordinator_main.obj          48      0         0      
    +--+-----------------------------+-------+---------+---------+
       Total:                        550     320       8      
                                                              
    .\Libraries\RF95\
       rf95.obj                      2080    0         600    
       delay.obj                     172     0         24     
       spi_interface.obj             2       0         0      
    +--+-----------------------------+-------+---------+---------+
       Total:                        2254    0         624    
                                                              
    .\Libraries\Velapulsar\
       velapulsar.obj                820     0         82     
    +--+-----------------------------+-------+---------+---------+
       Total:                        820     0         82     
                                                              
    C:/ti/msp/msp432ware__3.50.00.02/driverlib/driverlib/MSP432P4xx/ccs/msp432p4xx_driverlib.lib
       rtc_c.o                       524     0         0      
       cs.o                          456     0         16     
       gpio.o                        204     0         96     
       interrupt.o                   116     64        0      
       spi.o                         126     0         0      
       sysctl.o                      44      0         0      
       cpu.o                         12      0         0      
    +--+-----------------------------+-------+---------+---------+
       Total:                        1482    64        112    
                                                              
    C:\ti\ccsv6\tools\compiler\arm_15.12.3.LTS\lib\rtsv7M4_T_le_v4SPD16_eabi.lib
       _printfi.obj                  4368    0         0      
       lowlev.obj                    780     0         416    
       memory.obj                    988     0         24     
       defs.obj                      0       0         832    
       trgdrv.obj                    804     0         16     
       trgmsg.obj                    104     0         576    
       ull_div_t2.obj                500     0         0      
       fopen.obj                     452     0         8      
       fd_add_t2.obj                 438     0         0      
       fd_div_t2.obj                 310     0         0      
       fputs.obj                     308     0         0      
       fd_cmp_t2.obj                 268     0         0      
       ctype.obj                     0       257       0      
       fd_mul_t2.obj                 252     0         0      
       s_scalbn.obj                  252     0         0      
       s_ceil.obj                    248     0         0      
       s_floor.obj                   248     0         0      
       setvbuf.obj                   220     0         0      
       fflush.obj                    200     0         0      
       _io_perm.obj                  172     0         0      
       memcpy_t2.obj                 156     0         0      
       fclose.obj                    152     0         0      
       fputc.obj                     152     0         0      
       memset_t2.obj                 122     0         0      
       autoinit.obj                  112     0         0      
       copy_decompress_rle.obj       112     0         0      
       printf.obj                    112     0         0      
       exit.obj                      84      0         24     
       fseek.obj                     100     0         0      
       s_frexp.obj                   100     0         0      
       ltoa.obj                      86      0         0      
       boot.obj                      84      0         0      
       atoi.obj                      76      0         0      
       cpy_tbl.obj                   76      0         0      
       fd_toi_t2.obj                 72      0         0      
       fd_tou_t2.obj                 68      0         0      
       strncpy.obj                   48      0         0      
       i_tofd_t2.obj                 46      0         0      
       _lock.obj                     20      0         16     
       memchr.obj                    32      0         0      
       u_tofd_t2.obj                 32      0         0      
       memccpy.obj                   28      0         0      
       args_main.obj                 24      0         0      
       strcmp.obj                    24      0         0      
       strchr.obj                    22      0         0      
       s_copysign.obj                20      0         0      
       strcpy.obj                    20      0         0      
       strlen.obj                    20      0         0      
       copy_decompress_none.obj      14      0         0      
       errno.obj                     0       0         8      
       stkdepth_vars.obj             0       0         8      
       pre_init.obj                  4       0         0      
       mpu_init.obj                  2       0         0      
       startup.obj                   2       0         0      
    +--+-----------------------------+-------+---------+---------+
       Total:                        12934   257       1928   
                                                              
       Heap:                         0       0         4096   
       Stack:                        0       0         1024   
       Linker Generated:             0       213       0      
    +--+-----------------------------+-------+---------+---------+
       Grand Total:                  18040   854       7874   


LINKER GENERATED COPY TABLES

__TI_cinit_table @ 000049d4 records: 2, size/record: 8, table size: 16
	.data: load addr=00004908, load size=000000b2 bytes, run addr=20000b24, run size=0000023d bytes, compression=rle
	.bss: load addr=000049c0, load size=0000000b bytes, run addr=20000800, run size=00000324 bytes, compression=rle


LINKER GENERATED HANDLER TABLE

__TI_handler_table @ 000049cc records: 2, size/record: 4, table size: 8
	index: 0, handler: __TI_decompress_rle24
	index: 1, handler: __TI_decompress_none


GLOBAL SYMBOLS: SORTED ALPHABETICALLY BY Name 

address   name                                      
-------   ----                                      
00004199  C$$EXIT                                   
00003ec7  C$$IO$$                                   
0000477f  CPU_cpsie                                 
000046a1  CS_setExternalClockSourceFrequency        
00004799  CS_startHFXT                              
00003851  CS_startHFXTWithTimeout                   
0000479f  CS_startLFXT                              
000038ed  CS_startLFXTWithTimeout                   
000047a5  EUSCI_A_SPI_receiveData                   
000047b7  EUSCI_A_SPI_transmitData                  
000047ab  EUSCI_B_SPI_receiveData                   
000047bb  EUSCI_B_SPI_transmitData                  
00004589  GPIO_interruptEdgeSelect                  
0000451d  GPIO_setAsOutputPin                       
000042d5  GPIO_setAsPeripheralModuleFunctionInputPin
000046b5  GPIO_setOutputHighOnPin                   
00004641  GPIO_setOutputLowOnPin                    
000046c9  GPIO_toggleOutputOnPin                    
00002457  HOSTclock                                 
0000241f  HOSTclose                                 
000023e1  HOSTgetenv                                
00002385  HOSTlseek                                 
00002333  HOSTopen                                  
000022e7  HOSTread                                  
00002289  HOSTrename                                
0000224f  HOSTtime                                  
00002205  HOSTtime64                                
000021cd  HOSTunlink                                
00002181  HOSTwrite                                 
00003731  Init_SysTick                              
00003f01  Interrupt_enableInterrupt                 
0000473f  Interrupt_enableMaster                    
000018e9  PORT2_IRQHandler                          
000017f7  RFCheckRfFrequency                        
0000183f  RFGetStatus                               
000016d7  RFGetTimeOnAir                            
00001849  RFInit                                    
000017fb  RFInitModem                               
00001885  RFIrqInit                                 
000016ad  RFIsChannelFree                           
00001677  RFRandom                                  
00001303  RFRead                                    
00001625  RFReadBuffer                              
000015ff  RFReadRssi                                
000015cf  RFReset                                   
00001595  RFSend                                    
00001571  RFSetChannel                              
000012db  RFSetOpMode                               
0000152f  RFSetRx                                   
0000147b  RFSetRxConfig                             
0000146b  RFSetSleep                                
0000145b  RFSetStby                                 
00001443  RFSetTx                                   
00001343  RFSetTxConfig                             
000012e3  RFStartCad                                
000012a7  RFWrite                                   
00001251  RFWriteBuffer                             
0000129b  RFWriteFifo                               
00002121  RTC_AlarmHandler                          
000041ed  RTC_C_clearInterruptFlag                  
000043f1  RTC_C_enableInterrupt                     
00003f65  RTC_C_getCalendarTime                     
0000431d  RTC_C_getEnabledInterruptStatus           
000044f1  RTC_C_getInterruptStatus                  
00004091  RTC_C_initCalendar                        
00004541  RTC_C_setCalendarAlarm                    
00004565  RTC_C_startClock                          
UNDEFED   SHT$$INIT_ARRAY$$Base                     
UNDEFED   SHT$$INIT_ARRAY$$Limit                    
00004625  SPI_receiveData                           
000045a9  SPI_transmitData                          
00004751  SysCtl_disableNMISource                   
00004761  SysCtl_enableNMISource                    
0000478d  SysCtl_getNMISourceStatus                 
00003717  SysTick_Handler                           
20000d5c  SystemCoreClock                           
000029f7  SystemCoreClockUpdate                     
000029a5  SystemInit                                
20000b04  VelaMacPrimitives                         
4000480c  WDTCTL_SYM                                
20000800  __CIOBUF_                                 
20010000  __STACK_END                               
00000200  __STACK_SIZE                              
00000800  __SYSMEM_SIZE                             
000049d4  __TI_CINIT_Base                           
000049e4  __TI_CINIT_Limit                          
000049cc  __TI_Handler_Table_Base                   
000049d4  __TI_Handler_Table_Limit                  
00003d4d  __TI_auto_init                            
00002c51  __TI_cleanup                              
20000d24  __TI_cleanup_ptr                          
00003a25  __TI_closefile                            
00004771  __TI_decompress_none                      
000047b1  __TI_decompress_rle24                     
00003631  __TI_doflush                              
20000d28  __TI_dtors_ptr                            
20000d2c  __TI_enable_exit_profile_output           
20000d14  __TI_ft_end                               
ffffffff  __TI_pprof_out_hndl                       
00000f4b  __TI_printfi                              
ffffffff  __TI_prof_data_size                       
ffffffff  __TI_prof_data_start                      
00003807  __TI_rd_ok                                
00003ecb  __TI_readmsg                              
00000000  __TI_static_base__                        
20000a20  __TI_tmpnams                              
00003e99  __TI_writemsg                             
000037a5  __TI_wrt_ok                               
00003b55  __aeabi_cdcmpeq                           
00003b55  __aeabi_cdcmple                           
00003bdb  __aeabi_cdrcmple                          
00004365  __aeabi_d2iz                              
000043ad  __aeabi_d2uiz                             
00002d57  __aeabi_dadd                              
00002f03  __aeabi_ddiv                              
0000316d  __aeabi_dmul                              
00002d4d  __aeabi_dsub                              
000044c1  __aeabi_i2d                               
00003c61  __aeabi_memclr                            
00003c61  __aeabi_memclr4                           
00003c61  __aeabi_memclr8                           
00003989  __aeabi_memcpy                            
00003989  __aeabi_memcpy4                           
00003989  __aeabi_memcpy8                           
00003c63  __aeabi_memset                            
00003c63  __aeabi_memset4                           
00003c63  __aeabi_memset8                           
20000d20  __aeabi_stderr                            
20000d18  __aeabi_stdin                             
20000d1c  __aeabi_stdout                            
000045e9  __aeabi_ui2d                              
000027b1  __aeabi_uldivmod                          
ffffffff  __binit__                                 
ffffffff  __c_args__                                
00003cdb  __mpu_init                                
2000fe00  __stack                                   
00004659  _args_main                                
00004145  _c_int00                                  
000047c4  _ctypes_                                  
20000b24  _ftable                                   
20000d40  _hTime                                    
20000d48  _lock                                     
20000d3f  _mTime                                    
20000d3c  _msTime                                   
000046eb  _nop                                      
000046e3  _register_lock                            
000046dd  _register_unlock                          
20000d3e  _sTime                                    
20000000  _sys_memory                               
00003e97  _system_post_cinit                        
000047bf  _system_pre_init                          
20000d44  _totalms                                  
20000d4c  _unlock                                   
0000419d  abort                                     
00002705  add_device                                
0000423d  atoi                                      
20000d60  awake                                     
ffffffff  binit                                     
00001e19  calloc                                    
00003365  ceil                                      
00003365  ceill                                     
000026b5  close                                     
00004289  copy_in                                   
000046f1  copysign                                  
000046f1  copysignl                                 
000036ff  delay_ms                                  
20000d50  errno                                     
000041a5  exit                                      
00003a8b  fclose                                    
0000367d  fflush                                    
0000345d  floor                                     
0000345d  floorl                                    
00002ca7  fopen                                     
00003abd  fputc                                     
00003039  fputs                                     
00001b67  free                                      
00002c7d  freopen                                   
0000402d  frexp                                     
0000402d  frexpl                                    
00003fc9  fseek                                     
000036f9  getTotal_ms                               
00001e4d  initCalendar                              
000020a7  initClocks                                
00001f07  initPeripherals                           
00001e89  initPorts                                 
00004143  initSPI                                   
00000000  interruptVectors                          
00003269  ldexp                                     
00003269  ldexpl                                    
00002691  lseek                                     
000040ed  ltoa                                      
00004431  main                                      
20000d58  main_func_sp                              
00001aff  malloc                                    
00001d35  memalign                                  
00004609  memccpy                                   
000045c9  memchr                                    
00003989  memcpy                                    
00003c69  memset                                    
00001a71  minit                                     
000025e3  open                                      
00003dc5  printf                                    
00003abd  putc                                      
00003b41  putchar                                   
00003145  puts                                      
000025bf  read                                      
00001c29  realloc                                   
00002535  remove                                    
00002597  remove_device                             
00002559  rename                                    
00003269  scalbn                                    
00003269  scalbnl                                   
00003555  setvbuf                                   
00001f29  sleepFor                                  
00004689  strchr                                    
00004671  strcmp                                    
00004705  strcpy                                    
00004719  strlen                                    
00004491  strncpy                                   
00002535  unlink                                    
000024a5  write                                     


GLOBAL SYMBOLS: SORTED BY Symbol Address 

address   name                                      
-------   ----                                      
00000000  __TI_static_base__                        
00000000  interruptVectors                          
00000200  __STACK_SIZE                              
00000800  __SYSMEM_SIZE                             
00000f4b  __TI_printfi                              
00001251  RFWriteBuffer                             
0000129b  RFWriteFifo                               
000012a7  RFWrite                                   
000012db  RFSetOpMode                               
000012e3  RFStartCad                                
00001303  RFRead                                    
00001343  RFSetTxConfig                             
00001443  RFSetTx                                   
0000145b  RFSetStby                                 
0000146b  RFSetSleep                                
0000147b  RFSetRxConfig                             
0000152f  RFSetRx                                   
00001571  RFSetChannel                              
00001595  RFSend                                    
000015cf  RFReset                                   
000015ff  RFReadRssi                                
00001625  RFReadBuffer                              
00001677  RFRandom                                  
000016ad  RFIsChannelFree                           
000016d7  RFGetTimeOnAir                            
000017f7  RFCheckRfFrequency                        
000017fb  RFInitModem                               
0000183f  RFGetStatus                               
00001849  RFInit                                    
00001885  RFIrqInit                                 
000018e9  PORT2_IRQHandler                          
00001a71  minit                                     
00001aff  malloc                                    
00001b67  free                                      
00001c29  realloc                                   
00001d35  memalign                                  
00001e19  calloc                                    
00001e4d  initCalendar                              
00001e89  initPorts                                 
00001f07  initPeripherals                           
00001f29  sleepFor                                  
000020a7  initClocks                                
00002121  RTC_AlarmHandler                          
00002181  HOSTwrite                                 
000021cd  HOSTunlink                                
00002205  HOSTtime64                                
0000224f  HOSTtime                                  
00002289  HOSTrename                                
000022e7  HOSTread                                  
00002333  HOSTopen                                  
00002385  HOSTlseek                                 
000023e1  HOSTgetenv                                
0000241f  HOSTclose                                 
00002457  HOSTclock                                 
000024a5  write                                     
00002535  remove                                    
00002535  unlink                                    
00002559  rename                                    
00002597  remove_device                             
000025bf  read                                      
000025e3  open                                      
00002691  lseek                                     
000026b5  close                                     
00002705  add_device                                
000027b1  __aeabi_uldivmod                          
000029a5  SystemInit                                
000029f7  SystemCoreClockUpdate                     
00002c51  __TI_cleanup                              
00002c7d  freopen                                   
00002ca7  fopen                                     
00002d4d  __aeabi_dsub                              
00002d57  __aeabi_dadd                              
00002f03  __aeabi_ddiv                              
00003039  fputs                                     
00003145  puts                                      
0000316d  __aeabi_dmul                              
00003269  ldexp                                     
00003269  ldexpl                                    
00003269  scalbn                                    
00003269  scalbnl                                   
00003365  ceil                                      
00003365  ceill                                     
0000345d  floor                                     
0000345d  floorl                                    
00003555  setvbuf                                   
00003631  __TI_doflush                              
0000367d  fflush                                    
000036f9  getTotal_ms                               
000036ff  delay_ms                                  
00003717  SysTick_Handler                           
00003731  Init_SysTick                              
000037a5  __TI_wrt_ok                               
00003807  __TI_rd_ok                                
00003851  CS_startHFXTWithTimeout                   
000038ed  CS_startLFXTWithTimeout                   
00003989  __aeabi_memcpy                            
00003989  __aeabi_memcpy4                           
00003989  __aeabi_memcpy8                           
00003989  memcpy                                    
00003a25  __TI_closefile                            
00003a8b  fclose                                    
00003abd  fputc                                     
00003abd  putc                                      
00003b41  putchar                                   
00003b55  __aeabi_cdcmpeq                           
00003b55  __aeabi_cdcmple                           
00003bdb  __aeabi_cdrcmple                          
00003c61  __aeabi_memclr                            
00003c61  __aeabi_memclr4                           
00003c61  __aeabi_memclr8                           
00003c63  __aeabi_memset                            
00003c63  __aeabi_memset4                           
00003c63  __aeabi_memset8                           
00003c69  memset                                    
00003cdb  __mpu_init                                
00003d4d  __TI_auto_init                            
00003dc5  printf                                    
00003e97  _system_post_cinit                        
00003e99  __TI_writemsg                             
00003ec7  C$$IO$$                                   
00003ecb  __TI_readmsg                              
00003f01  Interrupt_enableInterrupt                 
00003f65  RTC_C_getCalendarTime                     
00003fc9  fseek                                     
0000402d  frexp                                     
0000402d  frexpl                                    
00004091  RTC_C_initCalendar                        
000040ed  ltoa                                      
00004143  initSPI                                   
00004145  _c_int00                                  
00004199  C$$EXIT                                   
0000419d  abort                                     
000041a5  exit                                      
000041ed  RTC_C_clearInterruptFlag                  
0000423d  atoi                                      
00004289  copy_in                                   
000042d5  GPIO_setAsPeripheralModuleFunctionInputPin
0000431d  RTC_C_getEnabledInterruptStatus           
00004365  __aeabi_d2iz                              
000043ad  __aeabi_d2uiz                             
000043f1  RTC_C_enableInterrupt                     
00004431  main                                      
00004491  strncpy                                   
000044c1  __aeabi_i2d                               
000044f1  RTC_C_getInterruptStatus                  
0000451d  GPIO_setAsOutputPin                       
00004541  RTC_C_setCalendarAlarm                    
00004565  RTC_C_startClock                          
00004589  GPIO_interruptEdgeSelect                  
000045a9  SPI_transmitData                          
000045c9  memchr                                    
000045e9  __aeabi_ui2d                              
00004609  memccpy                                   
00004625  SPI_receiveData                           
00004641  GPIO_setOutputLowOnPin                    
00004659  _args_main                                
00004671  strcmp                                    
00004689  strchr                                    
000046a1  CS_setExternalClockSourceFrequency        
000046b5  GPIO_setOutputHighOnPin                   
000046c9  GPIO_toggleOutputOnPin                    
000046dd  _register_unlock                          
000046e3  _register_lock                            
000046eb  _nop                                      
000046f1  copysign                                  
000046f1  copysignl                                 
00004705  strcpy                                    
00004719  strlen                                    
0000473f  Interrupt_enableMaster                    
00004751  SysCtl_disableNMISource                   
00004761  SysCtl_enableNMISource                    
00004771  __TI_decompress_none                      
0000477f  CPU_cpsie                                 
0000478d  SysCtl_getNMISourceStatus                 
00004799  CS_startHFXT                              
0000479f  CS_startLFXT                              
000047a5  EUSCI_A_SPI_receiveData                   
000047ab  EUSCI_B_SPI_receiveData                   
000047b1  __TI_decompress_rle24                     
000047b7  EUSCI_A_SPI_transmitData                  
000047bb  EUSCI_B_SPI_transmitData                  
000047bf  _system_pre_init                          
000047c4  _ctypes_                                  
000049cc  __TI_Handler_Table_Base                   
000049d4  __TI_CINIT_Base                           
000049d4  __TI_Handler_Table_Limit                  
000049e4  __TI_CINIT_Limit                          
20000000  _sys_memory                               
20000800  __CIOBUF_                                 
20000a20  __TI_tmpnams                              
20000b04  VelaMacPrimitives                         
20000b24  _ftable                                   
20000d14  __TI_ft_end                               
20000d18  __aeabi_stdin                             
20000d1c  __aeabi_stdout                            
20000d20  __aeabi_stderr                            
20000d24  __TI_cleanup_ptr                          
20000d28  __TI_dtors_ptr                            
20000d2c  __TI_enable_exit_profile_output           
20000d3c  _msTime                                   
20000d3e  _sTime                                    
20000d3f  _mTime                                    
20000d40  _hTime                                    
20000d44  _totalms                                  
20000d48  _lock                                     
20000d4c  _unlock                                   
20000d50  errno                                     
20000d58  main_func_sp                              
20000d5c  SystemCoreClock                           
20000d60  awake                                     
2000fe00  __stack                                   
20010000  __STACK_END                               
4000480c  WDTCTL_SYM                                
ffffffff  __TI_pprof_out_hndl                       
ffffffff  __TI_prof_data_size                       
ffffffff  __TI_prof_data_start                      
ffffffff  __binit__                                 
ffffffff  __c_args__                                
ffffffff  binit                                     
UNDEFED   SHT$$INIT_ARRAY$$Base                     
UNDEFED   SHT$$INIT_ARRAY$$Limit                    

[221 symbols]
