<?xml version="1.0"?>
<link_info>
   <banner>TI ARM Linker PC v15.12.3.LTS</banner>
   <copyright>Copyright (c) 1996-2015 Texas Instruments Incorporated</copyright>
   <link_time>0x58ea45b1</link_time>
   <link_errors>0x0</link_errors>
   <output_file>Velapulsar.out</output_file>
   <entry_point>
      <name>_c_int00</name>
      <address>0x4f95</address>
   </entry_point>
   <input_file_list>
      <input_file id="fl-2">
         <path>.\</path>
         <kind>object</kind>
         <file>Coordinator_main.obj</file>
         <name>Coordinator_main.obj</name>
      </input_file>
      <input_file id="fl-3">
         <path>.\</path>
         <kind>object</kind>
         <file>startup_msp432p401r_ccs.obj</file>
         <name>startup_msp432p401r_ccs.obj</name>
      </input_file>
      <input_file id="fl-4">
         <path>.\</path>
         <kind>object</kind>
         <file>system_msp432p401r.obj</file>
         <name>system_msp432p401r.obj</name>
      </input_file>
      <input_file id="fl-5">
         <path>.\Libraries\Mac\</path>
         <kind>object</kind>
         <file>velapulsar_mac.obj</file>
         <name>velapulsar_mac.obj</name>
      </input_file>
      <input_file id="fl-6">
         <path>.\Libraries\Nwk\</path>
         <kind>object</kind>
         <file>velapulsar_nwk.obj</file>
         <name>velapulsar_nwk.obj</name>
      </input_file>
      <input_file id="fl-7">
         <path>.\Libraries\RF95\</path>
         <kind>object</kind>
         <file>delay.obj</file>
         <name>delay.obj</name>
      </input_file>
      <input_file id="fl-8">
         <path>.\Libraries\RF95\</path>
         <kind>object</kind>
         <file>rf95.obj</file>
         <name>rf95.obj</name>
      </input_file>
      <input_file id="fl-9">
         <path>.\Libraries\RF95\</path>
         <kind>object</kind>
         <file>spi_interface.obj</file>
         <name>spi_interface.obj</name>
      </input_file>
      <input_file id="fl-a">
         <path>.\Libraries\UART\</path>
         <kind>object</kind>
         <file>UART_interface.obj</file>
         <name>UART_interface.obj</name>
      </input_file>
      <input_file id="fl-b">
         <path>.\Libraries\Velapulsar\</path>
         <kind>object</kind>
         <file>comms_interface.obj</file>
         <name>comms_interface.obj</name>
      </input_file>
      <input_file id="fl-c">
         <path>.\Libraries\Velapulsar\</path>
         <kind>object</kind>
         <file>sensor_interface.obj</file>
         <name>sensor_interface.obj</name>
      </input_file>
      <input_file id="fl-d">
         <path>.\Libraries\Velapulsar\</path>
         <kind>object</kind>
         <file>velapulsar.obj</file>
         <name>velapulsar.obj</name>
      </input_file>
      <input_file id="fl-13">
         <path>C:\ti\msp\msp432ware__3.50.00.02\driverlib\driverlib\MSP432P4xx\ccs\</path>
         <kind>archive</kind>
         <file>msp432p4xx_driverlib.lib</file>
         <name>cs.o</name>
      </input_file>
      <input_file id="fl-14">
         <path>C:\ti\msp\msp432ware__3.50.00.02\driverlib\driverlib\MSP432P4xx\ccs\</path>
         <kind>archive</kind>
         <file>msp432p4xx_driverlib.lib</file>
         <name>gpio.o</name>
      </input_file>
      <input_file id="fl-15">
         <path>C:\ti\msp\msp432ware__3.50.00.02\driverlib\driverlib\MSP432P4xx\ccs\</path>
         <kind>archive</kind>
         <file>msp432p4xx_driverlib.lib</file>
         <name>interrupt.o</name>
      </input_file>
      <input_file id="fl-16">
         <path>C:\ti\msp\msp432ware__3.50.00.02\driverlib\driverlib\MSP432P4xx\ccs\</path>
         <kind>archive</kind>
         <file>msp432p4xx_driverlib.lib</file>
         <name>rtc_c.o</name>
      </input_file>
      <input_file id="fl-17">
         <path>C:\ti\msp\msp432ware__3.50.00.02\driverlib\driverlib\MSP432P4xx\ccs\</path>
         <kind>archive</kind>
         <file>msp432p4xx_driverlib.lib</file>
         <name>spi.o</name>
      </input_file>
      <input_file id="fl-18">
         <path>C:\ti\msp\msp432ware__3.50.00.02\driverlib\driverlib\MSP432P4xx\ccs\</path>
         <kind>archive</kind>
         <file>msp432p4xx_driverlib.lib</file>
         <name>sysctl.o</name>
      </input_file>
      <input_file id="fl-19">
         <path>C:\ti\msp\msp432ware__3.50.00.02\driverlib\driverlib\MSP432P4xx\ccs\</path>
         <kind>archive</kind>
         <file>msp432p4xx_driverlib.lib</file>
         <name>cpu.o</name>
      </input_file>
      <input_file id="fl-cf">
         <path>C:\ti\ccsv6\tools\compiler\arm_15.12.3.LTS\lib\</path>
         <kind>archive</kind>
         <file>rtsv7M4_T_le_v4SPD16_eabi.lib</file>
         <name>boot.obj</name>
      </input_file>
      <input_file id="fl-d0">
         <path>C:\ti\ccsv6\tools\compiler\arm_15.12.3.LTS\lib\</path>
         <kind>archive</kind>
         <file>rtsv7M4_T_le_v4SPD16_eabi.lib</file>
         <name>copy_decompress_none.obj</name>
      </input_file>
      <input_file id="fl-d1">
         <path>C:\ti\ccsv6\tools\compiler\arm_15.12.3.LTS\lib\</path>
         <kind>archive</kind>
         <file>rtsv7M4_T_le_v4SPD16_eabi.lib</file>
         <name>copy_decompress_rle.obj</name>
      </input_file>
      <input_file id="fl-d2">
         <path>C:\ti\ccsv6\tools\compiler\arm_15.12.3.LTS\lib\</path>
         <kind>archive</kind>
         <file>rtsv7M4_T_le_v4SPD16_eabi.lib</file>
         <name>copy_zero_init.obj</name>
      </input_file>
      <input_file id="fl-d3">
         <path>C:\ti\ccsv6\tools\compiler\arm_15.12.3.LTS\lib\</path>
         <kind>archive</kind>
         <file>rtsv7M4_T_le_v4SPD16_eabi.lib</file>
         <name>exit.obj</name>
      </input_file>
      <input_file id="fl-d4">
         <path>C:\ti\ccsv6\tools\compiler\arm_15.12.3.LTS\lib\</path>
         <kind>archive</kind>
         <file>rtsv7M4_T_le_v4SPD16_eabi.lib</file>
         <name>fd_add_t2.obj</name>
      </input_file>
      <input_file id="fl-d5">
         <path>C:\ti\ccsv6\tools\compiler\arm_15.12.3.LTS\lib\</path>
         <kind>archive</kind>
         <file>rtsv7M4_T_le_v4SPD16_eabi.lib</file>
         <name>fd_cmp_t2.obj</name>
      </input_file>
      <input_file id="fl-d6">
         <path>C:\ti\ccsv6\tools\compiler\arm_15.12.3.LTS\lib\</path>
         <kind>archive</kind>
         <file>rtsv7M4_T_le_v4SPD16_eabi.lib</file>
         <name>fd_div_t2.obj</name>
      </input_file>
      <input_file id="fl-d7">
         <path>C:\ti\ccsv6\tools\compiler\arm_15.12.3.LTS\lib\</path>
         <kind>archive</kind>
         <file>rtsv7M4_T_le_v4SPD16_eabi.lib</file>
         <name>fd_mul_t2.obj</name>
      </input_file>
      <input_file id="fl-d8">
         <path>C:\ti\ccsv6\tools\compiler\arm_15.12.3.LTS\lib\</path>
         <kind>archive</kind>
         <file>rtsv7M4_T_le_v4SPD16_eabi.lib</file>
         <name>fd_tou_t2.obj</name>
      </input_file>
      <input_file id="fl-d9">
         <path>C:\ti\ccsv6\tools\compiler\arm_15.12.3.LTS\lib\</path>
         <kind>archive</kind>
         <file>rtsv7M4_T_le_v4SPD16_eabi.lib</file>
         <name>i_tofd_t2.obj</name>
      </input_file>
      <input_file id="fl-da">
         <path>C:\ti\ccsv6\tools\compiler\arm_15.12.3.LTS\lib\</path>
         <kind>archive</kind>
         <file>rtsv7M4_T_le_v4SPD16_eabi.lib</file>
         <name>memcpy_t2.obj</name>
      </input_file>
      <input_file id="fl-db">
         <path>C:\ti\ccsv6\tools\compiler\arm_15.12.3.LTS\lib\</path>
         <kind>archive</kind>
         <file>rtsv7M4_T_le_v4SPD16_eabi.lib</file>
         <name>memset_t2.obj</name>
      </input_file>
      <input_file id="fl-dc">
         <path>C:\ti\ccsv6\tools\compiler\arm_15.12.3.LTS\lib\</path>
         <kind>archive</kind>
         <file>rtsv7M4_T_le_v4SPD16_eabi.lib</file>
         <name>mpu_init.obj</name>
      </input_file>
      <input_file id="fl-dd">
         <path>C:\ti\ccsv6\tools\compiler\arm_15.12.3.LTS\lib\</path>
         <kind>archive</kind>
         <file>rtsv7M4_T_le_v4SPD16_eabi.lib</file>
         <name>printf.obj</name>
      </input_file>
      <input_file id="fl-de">
         <path>C:\ti\ccsv6\tools\compiler\arm_15.12.3.LTS\lib\</path>
         <kind>archive</kind>
         <file>rtsv7M4_T_le_v4SPD16_eabi.lib</file>
         <name>s_ceil.obj</name>
      </input_file>
      <input_file id="fl-df">
         <path>C:\ti\ccsv6\tools\compiler\arm_15.12.3.LTS\lib\</path>
         <kind>archive</kind>
         <file>rtsv7M4_T_le_v4SPD16_eabi.lib</file>
         <name>s_floor.obj</name>
      </input_file>
      <input_file id="fl-e0">
         <path>C:\ti\ccsv6\tools\compiler\arm_15.12.3.LTS\lib\</path>
         <kind>archive</kind>
         <file>rtsv7M4_T_le_v4SPD16_eabi.lib</file>
         <name>sprintf.obj</name>
      </input_file>
      <input_file id="fl-e1">
         <path>C:\ti\ccsv6\tools\compiler\arm_15.12.3.LTS\lib\</path>
         <kind>archive</kind>
         <file>rtsv7M4_T_le_v4SPD16_eabi.lib</file>
         <name>stkdepth_vars.obj</name>
      </input_file>
      <input_file id="fl-e2">
         <path>C:\ti\ccsv6\tools\compiler\arm_15.12.3.LTS\lib\</path>
         <kind>archive</kind>
         <file>rtsv7M4_T_le_v4SPD16_eabi.lib</file>
         <name>u_tofd_t2.obj</name>
      </input_file>
      <input_file id="fl-e3">
         <path>C:\ti\ccsv6\tools\compiler\arm_15.12.3.LTS\lib\</path>
         <kind>archive</kind>
         <file>rtsv7M4_T_le_v4SPD16_eabi.lib</file>
         <name>_lock.obj</name>
      </input_file>
      <input_file id="fl-e4">
         <path>C:\ti\ccsv6\tools\compiler\arm_15.12.3.LTS\lib\</path>
         <kind>archive</kind>
         <file>rtsv7M4_T_le_v4SPD16_eabi.lib</file>
         <name>_printfi.obj</name>
      </input_file>
      <input_file id="fl-e5">
         <path>C:\ti\ccsv6\tools\compiler\arm_15.12.3.LTS\lib\</path>
         <kind>archive</kind>
         <file>rtsv7M4_T_le_v4SPD16_eabi.lib</file>
         <name>args_main.obj</name>
      </input_file>
      <input_file id="fl-e6">
         <path>C:\ti\ccsv6\tools\compiler\arm_15.12.3.LTS\lib\</path>
         <kind>archive</kind>
         <file>rtsv7M4_T_le_v4SPD16_eabi.lib</file>
         <name>atoi.obj</name>
      </input_file>
      <input_file id="fl-e7">
         <path>C:\ti\ccsv6\tools\compiler\arm_15.12.3.LTS\lib\</path>
         <kind>archive</kind>
         <file>rtsv7M4_T_le_v4SPD16_eabi.lib</file>
         <name>autoinit.obj</name>
      </input_file>
      <input_file id="fl-e8">
         <path>C:\ti\ccsv6\tools\compiler\arm_15.12.3.LTS\lib\</path>
         <kind>archive</kind>
         <file>rtsv7M4_T_le_v4SPD16_eabi.lib</file>
         <name>cpy_tbl.obj</name>
      </input_file>
      <input_file id="fl-e9">
         <path>C:\ti\ccsv6\tools\compiler\arm_15.12.3.LTS\lib\</path>
         <kind>archive</kind>
         <file>rtsv7M4_T_le_v4SPD16_eabi.lib</file>
         <name>ctype.obj</name>
      </input_file>
      <input_file id="fl-ea">
         <path>C:\ti\ccsv6\tools\compiler\arm_15.12.3.LTS\lib\</path>
         <kind>archive</kind>
         <file>rtsv7M4_T_le_v4SPD16_eabi.lib</file>
         <name>defs.obj</name>
      </input_file>
      <input_file id="fl-eb">
         <path>C:\ti\ccsv6\tools\compiler\arm_15.12.3.LTS\lib\</path>
         <kind>archive</kind>
         <file>rtsv7M4_T_le_v4SPD16_eabi.lib</file>
         <name>fd_toi_t2.obj</name>
      </input_file>
      <input_file id="fl-ec">
         <path>C:\ti\ccsv6\tools\compiler\arm_15.12.3.LTS\lib\</path>
         <kind>archive</kind>
         <file>rtsv7M4_T_le_v4SPD16_eabi.lib</file>
         <name>fputc.obj</name>
      </input_file>
      <input_file id="fl-ed">
         <path>C:\ti\ccsv6\tools\compiler\arm_15.12.3.LTS\lib\</path>
         <kind>archive</kind>
         <file>rtsv7M4_T_le_v4SPD16_eabi.lib</file>
         <name>fputs.obj</name>
      </input_file>
      <input_file id="fl-ee">
         <path>C:\ti\ccsv6\tools\compiler\arm_15.12.3.LTS\lib\</path>
         <kind>archive</kind>
         <file>rtsv7M4_T_le_v4SPD16_eabi.lib</file>
         <name>lowlev.obj</name>
      </input_file>
      <input_file id="fl-ef">
         <path>C:\ti\ccsv6\tools\compiler\arm_15.12.3.LTS\lib\</path>
         <kind>archive</kind>
         <file>rtsv7M4_T_le_v4SPD16_eabi.lib</file>
         <name>ltoa.obj</name>
      </input_file>
      <input_file id="fl-f0">
         <path>C:\ti\ccsv6\tools\compiler\arm_15.12.3.LTS\lib\</path>
         <kind>archive</kind>
         <file>rtsv7M4_T_le_v4SPD16_eabi.lib</file>
         <name>memccpy.obj</name>
      </input_file>
      <input_file id="fl-f1">
         <path>C:\ti\ccsv6\tools\compiler\arm_15.12.3.LTS\lib\</path>
         <kind>archive</kind>
         <file>rtsv7M4_T_le_v4SPD16_eabi.lib</file>
         <name>memchr.obj</name>
      </input_file>
      <input_file id="fl-f2">
         <path>C:\ti\ccsv6\tools\compiler\arm_15.12.3.LTS\lib\</path>
         <kind>archive</kind>
         <file>rtsv7M4_T_le_v4SPD16_eabi.lib</file>
         <name>s_frexp.obj</name>
      </input_file>
      <input_file id="fl-f3">
         <path>C:\ti\ccsv6\tools\compiler\arm_15.12.3.LTS\lib\</path>
         <kind>archive</kind>
         <file>rtsv7M4_T_le_v4SPD16_eabi.lib</file>
         <name>s_scalbn.obj</name>
      </input_file>
      <input_file id="fl-f4">
         <path>C:\ti\ccsv6\tools\compiler\arm_15.12.3.LTS\lib\</path>
         <kind>archive</kind>
         <file>rtsv7M4_T_le_v4SPD16_eabi.lib</file>
         <name>startup.obj</name>
      </input_file>
      <input_file id="fl-f5">
         <path>C:\ti\ccsv6\tools\compiler\arm_15.12.3.LTS\lib\</path>
         <kind>archive</kind>
         <file>rtsv7M4_T_le_v4SPD16_eabi.lib</file>
         <name>strchr.obj</name>
      </input_file>
      <input_file id="fl-f6">
         <path>C:\ti\ccsv6\tools\compiler\arm_15.12.3.LTS\lib\</path>
         <kind>archive</kind>
         <file>rtsv7M4_T_le_v4SPD16_eabi.lib</file>
         <name>strcmp.obj</name>
      </input_file>
      <input_file id="fl-f7">
         <path>C:\ti\ccsv6\tools\compiler\arm_15.12.3.LTS\lib\</path>
         <kind>archive</kind>
         <file>rtsv7M4_T_le_v4SPD16_eabi.lib</file>
         <name>strlen.obj</name>
      </input_file>
      <input_file id="fl-f8">
         <path>C:\ti\ccsv6\tools\compiler\arm_15.12.3.LTS\lib\</path>
         <kind>archive</kind>
         <file>rtsv7M4_T_le_v4SPD16_eabi.lib</file>
         <name>strncpy.obj</name>
      </input_file>
      <input_file id="fl-f9">
         <path>C:\ti\ccsv6\tools\compiler\arm_15.12.3.LTS\lib\</path>
         <kind>archive</kind>
         <file>rtsv7M4_T_le_v4SPD16_eabi.lib</file>
         <name>trgdrv.obj</name>
      </input_file>
      <input_file id="fl-fa">
         <path>C:\ti\ccsv6\tools\compiler\arm_15.12.3.LTS\lib\</path>
         <kind>archive</kind>
         <file>rtsv7M4_T_le_v4SPD16_eabi.lib</file>
         <name>trgmsg.obj</name>
      </input_file>
      <input_file id="fl-fb">
         <path>C:\ti\ccsv6\tools\compiler\arm_15.12.3.LTS\lib\</path>
         <kind>archive</kind>
         <file>rtsv7M4_T_le_v4SPD16_eabi.lib</file>
         <name>ull_div_t2.obj</name>
      </input_file>
      <input_file id="fl-fc">
         <path>C:\ti\ccsv6\tools\compiler\arm_15.12.3.LTS\lib\</path>
         <kind>archive</kind>
         <file>rtsv7M4_T_le_v4SPD16_eabi.lib</file>
         <name>_io_perm.obj</name>
      </input_file>
      <input_file id="fl-fd">
         <path>C:\ti\ccsv6\tools\compiler\arm_15.12.3.LTS\lib\</path>
         <kind>archive</kind>
         <file>rtsv7M4_T_le_v4SPD16_eabi.lib</file>
         <name>errno.obj</name>
      </input_file>
      <input_file id="fl-fe">
         <path>C:\ti\ccsv6\tools\compiler\arm_15.12.3.LTS\lib\</path>
         <kind>archive</kind>
         <file>rtsv7M4_T_le_v4SPD16_eabi.lib</file>
         <name>fflush.obj</name>
      </input_file>
      <input_file id="fl-ff">
         <path>C:\ti\ccsv6\tools\compiler\arm_15.12.3.LTS\lib\</path>
         <kind>archive</kind>
         <file>rtsv7M4_T_le_v4SPD16_eabi.lib</file>
         <name>fseek.obj</name>
      </input_file>
      <input_file id="fl-100">
         <path>C:\ti\ccsv6\tools\compiler\arm_15.12.3.LTS\lib\</path>
         <kind>archive</kind>
         <file>rtsv7M4_T_le_v4SPD16_eabi.lib</file>
         <name>s_copysign.obj</name>
      </input_file>
      <input_file id="fl-101">
         <path>C:\ti\ccsv6\tools\compiler\arm_15.12.3.LTS\lib\</path>
         <kind>archive</kind>
         <file>rtsv7M4_T_le_v4SPD16_eabi.lib</file>
         <name>setvbuf.obj</name>
      </input_file>
      <input_file id="fl-102">
         <path>C:\ti\ccsv6\tools\compiler\arm_15.12.3.LTS\lib\</path>
         <kind>archive</kind>
         <file>rtsv7M4_T_le_v4SPD16_eabi.lib</file>
         <name>strcpy.obj</name>
      </input_file>
      <input_file id="fl-103">
         <path>C:\ti\ccsv6\tools\compiler\arm_15.12.3.LTS\lib\</path>
         <kind>archive</kind>
         <file>rtsv7M4_T_le_v4SPD16_eabi.lib</file>
         <name>fopen.obj</name>
      </input_file>
      <input_file id="fl-104">
         <path>C:\ti\ccsv6\tools\compiler\arm_15.12.3.LTS\lib\</path>
         <kind>archive</kind>
         <file>rtsv7M4_T_le_v4SPD16_eabi.lib</file>
         <name>memory.obj</name>
      </input_file>
      <input_file id="fl-105">
         <path>C:\ti\ccsv6\tools\compiler\arm_15.12.3.LTS\lib\</path>
         <kind>archive</kind>
         <file>rtsv7M4_T_le_v4SPD16_eabi.lib</file>
         <name>fclose.obj</name>
      </input_file>
      <input_file id="fl-106">
         <path>C:\ti\ccsv6\tools\compiler\arm_15.12.3.LTS\lib\</path>
         <kind>archive</kind>
         <file>rtsv7M4_T_le_v4SPD16_eabi.lib</file>
         <name>remove.obj</name>
      </input_file>
   </input_file_list>
   <object_component_list>
      <object_component id="oc-2c">
         <name>.intvecs:retain</name>
         <load_address>0x0</load_address>
         <run_address>0x0</run_address>
         <size>0x140</size>
         <input_file_ref idref="fl-3"/>
      </object_component>
      <object_component id="oc-230">
         <name>.text</name>
         <load_address>0x140</load_address>
         <run_address>0x140</run_address>
         <size>0x1110</size>
         <input_file_ref idref="fl-e4"/>
      </object_component>
      <object_component id="oc-98">
         <name>.text</name>
         <load_address>0x1250</load_address>
         <run_address>0x1250</run_address>
         <size>0x998</size>
         <input_file_ref idref="fl-8"/>
      </object_component>
      <object_component id="oc-334">
         <name>.text</name>
         <load_address>0x1be8</load_address>
         <run_address>0x1be8</run_address>
         <size>0x448</size>
         <input_file_ref idref="fl-5"/>
      </object_component>
      <object_component id="oc-4aa">
         <name>.text</name>
         <load_address>0x2030</load_address>
         <run_address>0x2030</run_address>
         <size>0x3dc</size>
         <input_file_ref idref="fl-104"/>
      </object_component>
      <object_component id="oc-4c7">
         <name>.text</name>
         <load_address>0x240c</load_address>
         <run_address>0x240c</run_address>
         <size>0x324</size>
         <input_file_ref idref="fl-f9"/>
      </object_component>
      <object_component id="oc-92">
         <name>.text</name>
         <load_address>0x2730</load_address>
         <run_address>0x2730</run_address>
         <size>0x31c</size>
         <input_file_ref idref="fl-d"/>
      </object_component>
      <object_component id="oc-39d">
         <name>.text</name>
         <load_address>0x2a4c</load_address>
         <run_address>0x2a4c</run_address>
         <size>0x30c</size>
         <input_file_ref idref="fl-ee"/>
      </object_component>
      <object_component id="oc-345">
         <name>.text</name>
         <load_address>0x2d58</load_address>
         <run_address>0x2d58</run_address>
         <size>0x1f4</size>
         <input_file_ref idref="fl-fb"/>
      </object_component>
      <object_component id="oc-105">
         <name>.text</name>
         <load_address>0x2f4c</load_address>
         <run_address>0x2f4c</run_address>
         <size>0x1e4</size>
         <input_file_ref idref="fl-4"/>
      </object_component>
      <object_component id="oc-be">
         <name>.text</name>
         <load_address>0x3130</load_address>
         <run_address>0x3130</run_address>
         <size>0x1dc</size>
         <input_file_ref idref="fl-b"/>
      </object_component>
      <object_component id="oc-4b0">
         <name>.text</name>
         <load_address>0x330c</load_address>
         <run_address>0x330c</run_address>
         <size>0x1c4</size>
         <input_file_ref idref="fl-103"/>
      </object_component>
      <object_component id="oc-8c">
         <name>.text</name>
         <load_address>0x34d0</load_address>
         <run_address>0x34d0</run_address>
         <size>0x1c0</size>
         <input_file_ref idref="fl-c"/>
      </object_component>
      <object_component id="oc-1cd">
         <name>.text</name>
         <load_address>0x3690</load_address>
         <run_address>0x3690</run_address>
         <size>0x1b6</size>
         <input_file_ref idref="fl-d4"/>
      </object_component>
      <object_component id="oc-58">
         <name>.text</name>
         <load_address>0x3846</load_address>
         <run_address>0x3846</run_address>
         <size>0x2</size>
         <input_file_ref idref="fl-dc"/>
      </object_component>
      <object_component id="oc-86">
         <name>.text</name>
         <load_address>0x3848</load_address>
         <run_address>0x3848</run_address>
         <size>0x1a8</size>
         <input_file_ref idref="fl-a"/>
      </object_component>
      <object_component id="oc-21e">
         <name>.text</name>
         <load_address>0x39f0</load_address>
         <run_address>0x39f0</run_address>
         <size>0x138</size>
         <input_file_ref idref="fl-6"/>
      </object_component>
      <object_component id="oc-1c3">
         <name>.text</name>
         <load_address>0x3b28</load_address>
         <run_address>0x3b28</run_address>
         <size>0x136</size>
         <input_file_ref idref="fl-d6"/>
      </object_component>
      <object_component id="oc-f0">
         <name>.text</name>
         <load_address>0x3c5e</load_address>
         <run_address>0x3c5e</run_address>
         <size>0x2</size>
         <input_file_ref idref="fl-f4"/>
      </object_component>
      <object_component id="oc-243">
         <name>.text</name>
         <load_address>0x3c60</load_address>
         <run_address>0x3c60</run_address>
         <size>0x134</size>
         <input_file_ref idref="fl-ed"/>
      </object_component>
      <object_component id="oc-1d2">
         <name>.text</name>
         <load_address>0x3d94</load_address>
         <run_address>0x3d94</run_address>
         <size>0xfc</size>
         <input_file_ref idref="fl-d7"/>
      </object_component>
      <object_component id="oc-366">
         <name>.text</name>
         <load_address>0x3e90</load_address>
         <run_address>0x3e90</run_address>
         <size>0xfc</size>
         <input_file_ref idref="fl-f3"/>
      </object_component>
      <object_component id="oc-1d7">
         <name>.text</name>
         <load_address>0x3f8c</load_address>
         <run_address>0x3f8c</run_address>
         <size>0xf8</size>
         <input_file_ref idref="fl-de"/>
      </object_component>
      <object_component id="oc-1e2">
         <name>.text</name>
         <load_address>0x4084</load_address>
         <run_address>0x4084</run_address>
         <size>0xf8</size>
         <input_file_ref idref="fl-df"/>
      </object_component>
      <object_component id="oc-45b">
         <name>.text</name>
         <load_address>0x417c</load_address>
         <run_address>0x417c</run_address>
         <size>0xdc</size>
         <input_file_ref idref="fl-101"/>
      </object_component>
      <object_component id="oc-397">
         <name>.text</name>
         <load_address>0x4258</load_address>
         <run_address>0x4258</run_address>
         <size>0xc8</size>
         <input_file_ref idref="fl-fe"/>
      </object_component>
      <object_component id="oc-80">
         <name>.text</name>
         <load_address>0x4320</load_address>
         <run_address>0x4320</run_address>
         <size>0xac</size>
         <input_file_ref idref="fl-7"/>
      </object_component>
      <object_component id="oc-391">
         <name>.text</name>
         <load_address>0x43cc</load_address>
         <run_address>0x43cc</run_address>
         <size>0xac</size>
         <input_file_ref idref="fl-fc"/>
      </object_component>
      <object_component id="oc-5e">
         <name>.text</name>
         <load_address>0x4478</load_address>
         <run_address>0x4478</run_address>
         <size>0xa0</size>
         <input_file_ref idref="fl-2"/>
      </object_component>
      <object_component id="oc-1f0">
         <name>.text</name>
         <load_address>0x4518</load_address>
         <run_address>0x4518</run_address>
         <size>0xa0</size>
         <input_file_ref idref="fl-9"/>
      </object_component>
      <object_component id="oc-2d0">
         <name>.text:CS_startHFXTWithTimeout</name>
         <load_address>0x45b8</load_address>
         <run_address>0x45b8</run_address>
         <size>0x9c</size>
         <input_file_ref idref="fl-13"/>
      </object_component>
      <object_component id="oc-2b2">
         <name>.text:CS_startLFXTWithTimeout</name>
         <load_address>0x4654</load_address>
         <run_address>0x4654</run_address>
         <size>0x9c</size>
         <input_file_ref idref="fl-13"/>
      </object_component>
      <object_component id="oc-33">
         <name>.text</name>
         <load_address>0x46f0</load_address>
         <run_address>0x46f0</run_address>
         <size>0x9c</size>
         <input_file_ref idref="fl-da"/>
      </object_component>
      <object_component id="oc-4e2">
         <name>.text</name>
         <load_address>0x478c</load_address>
         <run_address>0x478c</run_address>
         <size>0x98</size>
         <input_file_ref idref="fl-105"/>
      </object_component>
      <object_component id="oc-23d">
         <name>.text</name>
         <load_address>0x4824</load_address>
         <run_address>0x4824</run_address>
         <size>0x98</size>
         <input_file_ref idref="fl-ec"/>
      </object_component>
      <object_component id="oc-319">
         <name>.text:SPI_initMaster</name>
         <load_address>0x48bc</load_address>
         <run_address>0x48bc</run_address>
         <size>0x88</size>
         <input_file_ref idref="fl-17"/>
      </object_component>
      <object_component id="oc-350">
         <name>.text:__aeabi_cdcmple</name>
         <load_address>0x4944</load_address>
         <run_address>0x4944</run_address>
         <size>0x86</size>
         <input_file_ref idref="fl-d5"/>
      </object_component>
      <object_component id="oc-1dd">
         <name>.text:__aeabi_cdrcmple</name>
         <load_address>0x49ca</load_address>
         <run_address>0x49ca</run_address>
         <size>0x86</size>
         <input_file_ref idref="fl-d5"/>
      </object_component>
      <object_component id="oc-4c">
         <name>.text</name>
         <load_address>0x4a50</load_address>
         <run_address>0x4a50</run_address>
         <size>0x7a</size>
         <input_file_ref idref="fl-db"/>
      </object_component>
      <object_component id="oc-3ee">
         <name>.text:_CSGetHFXTFrequency</name>
         <load_address>0x4acc</load_address>
         <run_address>0x4acc</run_address>
         <size>0x70</size>
         <input_file_ref idref="fl-13"/>
      </object_component>
      <object_component id="oc-64">
         <name>.text</name>
         <load_address>0x4b3c</load_address>
         <run_address>0x4b3c</run_address>
         <size>0x70</size>
         <input_file_ref idref="fl-e7"/>
      </object_component>
      <object_component id="oc-ca">
         <name>.text</name>
         <load_address>0x4bac</load_address>
         <run_address>0x4bac</run_address>
         <size>0x70</size>
         <input_file_ref idref="fl-dd"/>
      </object_component>
      <object_component id="oc-3f">
         <name>.text</name>
         <load_address>0x4c1c</load_address>
         <run_address>0x4c1c</run_address>
         <size>0x6a</size>
         <input_file_ref idref="fl-d1"/>
      </object_component>
      <object_component id="oc-4f1">
         <name>.text</name>
         <load_address>0x4c88</load_address>
         <run_address>0x4c88</run_address>
         <size>0x68</size>
         <input_file_ref idref="fl-fa"/>
      </object_component>
      <object_component id="oc-16d">
         <name>.text:Interrupt_enableInterrupt</name>
         <load_address>0x4cf0</load_address>
         <run_address>0x4cf0</run_address>
         <size>0x64</size>
         <input_file_ref idref="fl-15"/>
      </object_component>
      <object_component id="oc-14f">
         <name>.text:RTC_C_getCalendarTime</name>
         <load_address>0x4d54</load_address>
         <run_address>0x4d54</run_address>
         <size>0x64</size>
         <input_file_ref idref="fl-16"/>
      </object_component>
      <object_component id="oc-455">
         <name>.text</name>
         <load_address>0x4db8</load_address>
         <run_address>0x4db8</run_address>
         <size>0x64</size>
         <input_file_ref idref="fl-ff"/>
      </object_component>
      <object_component id="oc-360">
         <name>.text</name>
         <load_address>0x4e1c</load_address>
         <run_address>0x4e1c</run_address>
         <size>0x64</size>
         <input_file_ref idref="fl-f2"/>
      </object_component>
      <object_component id="oc-c4">
         <name>.text</name>
         <load_address>0x4e80</load_address>
         <run_address>0x4e80</run_address>
         <size>0x60</size>
         <input_file_ref idref="fl-e0"/>
      </object_component>
      <object_component id="oc-149">
         <name>.text:RTC_C_initCalendar</name>
         <load_address>0x4ee0</load_address>
         <run_address>0x4ee0</run_address>
         <size>0x5c</size>
         <input_file_ref idref="fl-16"/>
      </object_component>
      <object_component id="oc-35a">
         <name>.text</name>
         <load_address>0x4f3c</load_address>
         <run_address>0x4f3c</run_address>
         <size>0x56</size>
         <input_file_ref idref="fl-ef"/>
      </object_component>
      <object_component id="oc-26">
         <name>.text</name>
         <load_address>0x4f94</load_address>
         <run_address>0x4f94</run_address>
         <size>0x54</size>
         <input_file_ref idref="fl-cf"/>
      </object_component>
      <object_component id="oc-70">
         <name>.text</name>
         <load_address>0x4fe8</load_address>
         <run_address>0x4fe8</run_address>
         <size>0x54</size>
         <input_file_ref idref="fl-d3"/>
      </object_component>
      <object_component id="oc-161">
         <name>.text:RTC_C_clearInterruptFlag</name>
         <load_address>0x503c</load_address>
         <run_address>0x503c</run_address>
         <size>0x50</size>
         <input_file_ref idref="fl-16"/>
      </object_component>
      <object_component id="oc-378">
         <name>.text</name>
         <load_address>0x508c</load_address>
         <run_address>0x508c</run_address>
         <size>0x4c</size>
         <input_file_ref idref="fl-e6"/>
      </object_component>
      <object_component id="oc-ea">
         <name>.text</name>
         <load_address>0x50d8</load_address>
         <run_address>0x50d8</run_address>
         <size>0x4c</size>
         <input_file_ref idref="fl-e8"/>
      </object_component>
      <object_component id="oc-13d">
         <name>.text:GPIO_setAsPeripheralModuleFunctionInputPin</name>
         <load_address>0x5124</load_address>
         <run_address>0x5124</run_address>
         <size>0x48</size>
         <input_file_ref idref="fl-14"/>
      </object_component>
      <object_component id="oc-18b">
         <name>.text:RTC_C_getEnabledInterruptStatus</name>
         <load_address>0x516c</load_address>
         <run_address>0x516c</run_address>
         <size>0x48</size>
         <input_file_ref idref="fl-16"/>
      </object_component>
      <object_component id="oc-355">
         <name>.text</name>
         <load_address>0x51b4</load_address>
         <run_address>0x51b4</run_address>
         <size>0x48</size>
         <input_file_ref idref="fl-eb"/>
      </object_component>
      <object_component id="oc-1e8">
         <name>.text</name>
         <load_address>0x51fc</load_address>
         <run_address>0x51fc</run_address>
         <size>0x44</size>
         <input_file_ref idref="fl-d8"/>
      </object_component>
      <object_component id="oc-167">
         <name>.text:RTC_C_enableInterrupt</name>
         <load_address>0x5240</load_address>
         <run_address>0x5240</run_address>
         <size>0x40</size>
         <input_file_ref idref="fl-16"/>
      </object_component>
      <object_component id="oc-7a">
         <name>.text</name>
         <load_address>0x5280</load_address>
         <run_address>0x5280</run_address>
         <size>0x34</size>
         <input_file_ref idref="fl-3"/>
      </object_component>
      <object_component id="oc-12c">
         <name>.text:GPIO_setAsInputPinWithPullDownResistor</name>
         <load_address>0x52b4</load_address>
         <run_address>0x52b4</run_address>
         <size>0x30</size>
         <input_file_ref idref="fl-14"/>
      </object_component>
      <object_component id="oc-2dd">
         <name>.text:is_A_Module</name>
         <load_address>0x52e4</load_address>
         <run_address>0x52e4</run_address>
         <size>0x30</size>
         <input_file_ref idref="fl-17"/>
      </object_component>
      <object_component id="oc-46e">
         <name>.text</name>
         <load_address>0x5314</load_address>
         <run_address>0x5314</run_address>
         <size>0x30</size>
         <input_file_ref idref="fl-f8"/>
      </object_component>
      <object_component id="oc-1be">
         <name>.text</name>
         <load_address>0x5344</load_address>
         <run_address>0x5344</run_address>
         <size>0x2e</size>
         <input_file_ref idref="fl-d9"/>
      </object_component>
      <object_component id="oc-15b">
         <name>.text:RTC_C_getInterruptStatus</name>
         <load_address>0x5374</load_address>
         <run_address>0x5374</run_address>
         <size>0x2c</size>
         <input_file_ref idref="fl-16"/>
      </object_component>
      <object_component id="oc-117">
         <name>.text:CS_setDCOCenteredFrequency</name>
         <load_address>0x53a0</load_address>
         <run_address>0x53a0</run_address>
         <size>0x24</size>
         <input_file_ref idref="fl-13"/>
      </object_component>
      <object_component id="oc-1b5">
         <name>.text:GPIO_setAsOutputPin</name>
         <load_address>0x53c4</load_address>
         <run_address>0x53c4</run_address>
         <size>0x24</size>
         <input_file_ref idref="fl-14"/>
      </object_component>
      <object_component id="oc-155">
         <name>.text:RTC_C_setCalendarAlarm</name>
         <load_address>0x53e8</load_address>
         <run_address>0x53e8</run_address>
         <size>0x24</size>
         <input_file_ref idref="fl-16"/>
      </object_component>
      <object_component id="oc-179">
         <name>.text:RTC_C_startClock</name>
         <load_address>0x540c</load_address>
         <run_address>0x540c</run_address>
         <size>0x24</size>
         <input_file_ref idref="fl-16"/>
      </object_component>
      <object_component id="oc-1f6">
         <name>.text:GPIO_interruptEdgeSelect</name>
         <load_address>0x5430</load_address>
         <run_address>0x5430</run_address>
         <size>0x20</size>
         <input_file_ref idref="fl-14"/>
      </object_component>
      <object_component id="oc-1a3">
         <name>.text:SPI_transmitData</name>
         <load_address>0x5450</load_address>
         <run_address>0x5450</run_address>
         <size>0x20</size>
         <input_file_ref idref="fl-17"/>
      </object_component>
      <object_component id="oc-3a5">
         <name>.text</name>
         <load_address>0x5470</load_address>
         <run_address>0x5470</run_address>
         <size>0x20</size>
         <input_file_ref idref="fl-f1"/>
      </object_component>
      <object_component id="oc-1c8">
         <name>.text</name>
         <load_address>0x5490</load_address>
         <run_address>0x5490</run_address>
         <size>0x20</size>
         <input_file_ref idref="fl-e2"/>
      </object_component>
      <object_component id="oc-372">
         <name>.text</name>
         <load_address>0x54b0</load_address>
         <run_address>0x54b0</run_address>
         <size>0x1c</size>
         <input_file_ref idref="fl-f0"/>
      </object_component>
      <object_component id="oc-31f">
         <name>.text:SPI_enableModule</name>
         <load_address>0x54cc</load_address>
         <run_address>0x54cc</run_address>
         <size>0x1a</size>
         <input_file_ref idref="fl-17"/>
      </object_component>
      <object_component id="oc-1af">
         <name>.text:SPI_receiveData</name>
         <load_address>0x54e6</load_address>
         <run_address>0x54e6</run_address>
         <size>0x1a</size>
         <input_file_ref idref="fl-17"/>
      </object_component>
      <object_component id="oc-132">
         <name>.text:GPIO_getInputPinValue</name>
         <load_address>0x5500</load_address>
         <run_address>0x5500</run_address>
         <size>0x18</size>
         <input_file_ref idref="fl-14"/>
      </object_component>
      <object_component id="oc-19d">
         <name>.text:GPIO_setOutputLowOnPin</name>
         <load_address>0x5518</load_address>
         <run_address>0x5518</run_address>
         <size>0x18</size>
         <input_file_ref idref="fl-14"/>
      </object_component>
      <object_component id="oc-6a">
         <name>.text</name>
         <load_address>0x5530</load_address>
         <run_address>0x5530</run_address>
         <size>0x18</size>
         <input_file_ref idref="fl-e5"/>
      </object_component>
      <object_component id="oc-468">
         <name>.text</name>
         <load_address>0x5548</load_address>
         <run_address>0x5548</run_address>
         <size>0x18</size>
         <input_file_ref idref="fl-f6"/>
      </object_component>
      <object_component id="oc-36c">
         <name>.text</name>
         <load_address>0x5560</load_address>
         <run_address>0x5560</run_address>
         <size>0x16</size>
         <input_file_ref idref="fl-f5"/>
      </object_component>
      <object_component id="oc-17f">
         <name>.text:CS_setExternalClockSourceFrequency</name>
         <load_address>0x5578</load_address>
         <run_address>0x5578</run_address>
         <size>0x14</size>
         <input_file_ref idref="fl-13"/>
      </object_component>
      <object_component id="oc-1a9">
         <name>.text:GPIO_setOutputHighOnPin</name>
         <load_address>0x558c</load_address>
         <run_address>0x558c</run_address>
         <size>0x14</size>
         <input_file_ref idref="fl-14"/>
      </object_component>
      <object_component id="oc-10c">
         <name>.text:GPIO_toggleOutputOnPin</name>
         <load_address>0x55a0</load_address>
         <run_address>0x55a0</run_address>
         <size>0x14</size>
         <input_file_ref idref="fl-14"/>
      </object_component>
      <object_component id="oc-278">
         <name>.text</name>
         <load_address>0x55b4</load_address>
         <run_address>0x55b4</run_address>
         <size>0x14</size>
         <input_file_ref idref="fl-e3"/>
      </object_component>
      <object_component id="oc-43a">
         <name>.text</name>
         <load_address>0x55c8</load_address>
         <run_address>0x55c8</run_address>
         <size>0x14</size>
         <input_file_ref idref="fl-100"/>
      </object_component>
      <object_component id="oc-4f7">
         <name>.text</name>
         <load_address>0x55dc</load_address>
         <run_address>0x55dc</run_address>
         <size>0x14</size>
         <input_file_ref idref="fl-102"/>
      </object_component>
      <object_component id="oc-34a">
         <name>.text</name>
         <load_address>0x55f0</load_address>
         <run_address>0x55f0</run_address>
         <size>0x14</size>
         <input_file_ref idref="fl-f7"/>
      </object_component>
      <object_component id="oc-173">
         <name>.text:Interrupt_enableMaster</name>
         <load_address>0x5604</load_address>
         <run_address>0x5604</run_address>
         <size>0x10</size>
         <input_file_ref idref="fl-15"/>
      </object_component>
      <object_component id="oc-3da">
         <name>.text:SysCtl_disableNMISource</name>
         <load_address>0x5614</load_address>
         <run_address>0x5614</run_address>
         <size>0x10</size>
         <input_file_ref idref="fl-18"/>
      </object_component>
      <object_component id="oc-3e0">
         <name>.text:SysCtl_enableNMISource</name>
         <load_address>0x5624</load_address>
         <run_address>0x5624</run_address>
         <size>0x10</size>
         <input_file_ref idref="fl-18"/>
      </object_component>
      <object_component id="oc-14">
         <name>.text:decompress:none</name>
         <load_address>0x5634</load_address>
         <run_address>0x5634</run_address>
         <size>0xe</size>
         <input_file_ref idref="fl-d0"/>
      </object_component>
      <object_component id="oc-2c5">
         <name>.text:CPU_cpsie</name>
         <load_address>0x5642</load_address>
         <run_address>0x5642</run_address>
         <size>0xc</size>
         <input_file_ref idref="fl-19"/>
      </object_component>
      <object_component id="oc-40c">
         <name>.text:EUSCI_A_SPI_enable</name>
         <load_address>0x564e</load_address>
         <run_address>0x564e</run_address>
         <size>0xc</size>
         <input_file_ref idref="fl-17"/>
      </object_component>
      <object_component id="oc-406">
         <name>.text:EUSCI_B_SPI_enable</name>
         <load_address>0x565a</load_address>
         <run_address>0x565a</run_address>
         <size>0xc</size>
         <input_file_ref idref="fl-17"/>
      </object_component>
      <object_component id="oc-3d4">
         <name>.text:SysCtl_getNMISourceStatus</name>
         <load_address>0x5668</load_address>
         <run_address>0x5668</run_address>
         <size>0xc</size>
         <input_file_ref idref="fl-18"/>
      </object_component>
      <object_component id="oc-185">
         <name>.text:CS_startHFXT</name>
         <load_address>0x5674</load_address>
         <run_address>0x5674</run_address>
         <size>0x6</size>
         <input_file_ref idref="fl-13"/>
      </object_component>
      <object_component id="oc-143">
         <name>.text:CS_startLFXT</name>
         <load_address>0x567a</load_address>
         <run_address>0x567a</run_address>
         <size>0x6</size>
         <input_file_ref idref="fl-13"/>
      </object_component>
      <object_component id="oc-2f2">
         <name>.text:EUSCI_A_SPI_receiveData</name>
         <load_address>0x5680</load_address>
         <run_address>0x5680</run_address>
         <size>0x6</size>
         <input_file_ref idref="fl-17"/>
      </object_component>
      <object_component id="oc-2f8">
         <name>.text:EUSCI_B_SPI_receiveData</name>
         <load_address>0x5686</load_address>
         <run_address>0x5686</run_address>
         <size>0x6</size>
         <input_file_ref idref="fl-17"/>
      </object_component>
      <object_component id="oc-1a">
         <name>.text:decompress:rle24</name>
         <load_address>0x568c</load_address>
         <run_address>0x568c</run_address>
         <size>0x6</size>
         <input_file_ref idref="fl-d1"/>
      </object_component>
      <object_component id="oc-2e9">
         <name>.text:EUSCI_A_SPI_transmitData</name>
         <load_address>0x5692</load_address>
         <run_address>0x5692</run_address>
         <size>0x4</size>
         <input_file_ref idref="fl-17"/>
      </object_component>
      <object_component id="oc-2e3">
         <name>.text:EUSCI_B_SPI_transmitData</name>
         <load_address>0x5696</load_address>
         <run_address>0x5696</run_address>
         <size>0x4</size>
         <input_file_ref idref="fl-17"/>
      </object_component>
      <object_component id="oc-449">
         <name>.const:.string:_ctypes_</name>
         <load_address>0x569c</load_address>
         <run_address>0x569c</run_address>
         <size>0x101</size>
         <input_file_ref idref="fl-e9"/>
      </object_component>
      <object_component id="oc-2c0">
         <name>.const</name>
         <load_address>0x57a0</load_address>
         <run_address>0x57a0</run_address>
         <size>0x40</size>
         <input_file_ref idref="fl-15"/>
      </object_component>
      <object_component id="oc-11d">
         <name>.const:uartConfig</name>
         <load_address>0x57e0</load_address>
         <run_address>0x57e0</run_address>
         <size>0x24</size>
         <input_file_ref idref="fl-a"/>
      </object_component>
      <object_component id="oc-325">
         <name>.const:spiMasterConfig</name>
         <load_address>0x5804</load_address>
         <run_address>0x5804</run_address>
         <size>0x1c</size>
         <input_file_ref idref="fl-9"/>
      </object_component>
      <object_component id="oc-548">
         <name>.cinit..data.load</name>
         <load_address>0x5820</load_address>
         <run_address>0x5820</run_address>
         <size>0xb4</size>
      </object_component>
      <object_component id="oc-549">
         <name>.cinit..bss.load</name>
         <load_address>0x58d8</load_address>
         <run_address>0x58d8</run_address>
         <size>0xb</size>
      </object_component>
      <object_component id="oc-546">
         <name>__TI_handler_table</name>
         <load_address>0x58e4</load_address>
         <run_address>0x58e4</run_address>
         <size>0x8</size>
      </object_component>
      <object_component id="oc-547">
         <name>__TI_cinit_table</name>
         <load_address>0x58ec</load_address>
         <run_address>0x58ec</run_address>
         <size>0x10</size>
      </object_component>
      <object_component id="oc-523">
         <name>.binit</name>
         <load_address>0x0</load_address>
         <run_address>0x0</run_address>
         <size>0x0</size>
      </object_component>
      <object_component id="oc-d7">
         <name>.data</name>
         <load_address>0x20000eed</load_address>
         <run_address>0x20000eed</run_address>
         <size>0x1</size>
         <input_file_ref idref="fl-2"/>
      </object_component>
      <object_component id="oc-284">
         <name>.data</name>
         <load_address>0x20000ee4</load_address>
         <run_address>0x20000ee4</run_address>
         <size>0x4</size>
         <input_file_ref idref="fl-4"/>
      </object_component>
      <object_component id="oc-41d">
         <name>.data</name>
         <load_address>0x20000ee8</load_address>
         <run_address>0x20000ee8</run_address>
         <size>0x3</size>
         <input_file_ref idref="fl-5"/>
      </object_component>
      <object_component id="oc-112">
         <name>.data</name>
         <load_address>0x20000ec0</load_address>
         <run_address>0x20000ec0</run_address>
         <size>0xc</size>
         <input_file_ref idref="fl-7"/>
      </object_component>
      <object_component id="oc-123">
         <name>.data</name>
         <load_address>0x20000ed4</load_address>
         <run_address>0x20000ed4</run_address>
         <size>0x4</size>
         <input_file_ref idref="fl-a"/>
      </object_component>
      <object_component id="oc-224">
         <name>.data</name>
         <load_address>0x20000eeb</load_address>
         <run_address>0x20000eeb</run_address>
         <size>0x2</size>
         <input_file_ref idref="fl-b"/>
      </object_component>
      <object_component id="oc-194">
         <name>.data</name>
         <load_address>0x20000eee</load_address>
         <run_address>0x20000eee</run_address>
         <size>0x1</size>
         <input_file_ref idref="fl-d"/>
      </object_component>
      <object_component id="oc-288">
         <name>.data:GPIO_PORT_TO_BASE</name>
         <load_address>0x20000e68</load_address>
         <run_address>0x20000e68</run_address>
         <size>0x30</size>
         <input_file_ref idref="fl-14"/>
      </object_component>
      <object_component id="oc-fa">
         <name>.data:$O1$$</name>
         <load_address>0x20000ea8</load_address>
         <run_address>0x20000ea8</run_address>
         <size>0xc</size>
         <input_file_ref idref="fl-d3"/>
      </object_component>
      <object_component id="oc-76">
         <name>.data</name>
         <load_address>0x20000ee0</load_address>
         <run_address>0x20000ee0</run_address>
         <size>0x4</size>
         <input_file_ref idref="fl-e1"/>
      </object_component>
      <object_component id="oc-fd">
         <name>.data:$O1$$</name>
         <load_address>0x20000ecc</load_address>
         <run_address>0x20000ecc</run_address>
         <size>0x8</size>
         <input_file_ref idref="fl-e3"/>
      </object_component>
      <object_component id="oc-249">
         <name>.data:_ftable</name>
         <load_address>0x20000ca8</load_address>
         <run_address>0x20000ca8</run_address>
         <size>0xf0</size>
         <input_file_ref idref="fl-ea"/>
      </object_component>
      <object_component id="oc-463">
         <name>.data</name>
         <load_address>0x20000e98</load_address>
         <run_address>0x20000e98</run_address>
         <size>0x10</size>
         <input_file_ref idref="fl-ea"/>
      </object_component>
      <object_component id="oc-474">
         <name>.data:$O1$$</name>
         <load_address>0x20000d98</load_address>
         <run_address>0x20000d98</run_address>
         <size>0xd0</size>
         <input_file_ref idref="fl-ee"/>
      </object_component>
      <object_component id="oc-440">
         <name>.data</name>
         <load_address>0x20000ed8</load_address>
         <run_address>0x20000ed8</run_address>
         <size>0x4</size>
         <input_file_ref idref="fl-fd"/>
      </object_component>
      <object_component id="oc-4e8">
         <name>.data</name>
         <load_address>0x20000edc</load_address>
         <run_address>0x20000edc</run_address>
         <size>0x4</size>
         <input_file_ref idref="fl-103"/>
      </object_component>
      <object_component id="oc-4de">
         <name>.data:$O1$$</name>
         <load_address>0x20000eb4</load_address>
         <run_address>0x20000eb4</run_address>
         <size>0xc</size>
         <input_file_ref idref="fl-104"/>
      </object_component>
      <object_component id="oc-420">
         <name>.bss:radioEvents</name>
         <uninitialized>true</uninitialized>
         <run_address>0x20000c08</run_address>
         <size>0x1c</size>
         <input_file_ref idref="fl-5"/>
      </object_component>
      <object_component id="oc-417">
         <name>.bss</name>
         <uninitialized>true</uninitialized>
         <run_address>0x20000c80</run_address>
         <size>0x5</size>
         <input_file_ref idref="fl-5"/>
      </object_component>
      <object_component id="oc-33a">
         <name>.bss</name>
         <uninitialized>true</uninitialized>
         <run_address>0x20000c8c</run_address>
         <size>0x4</size>
         <input_file_ref idref="fl-6"/>
      </object_component>
      <object_component id="oc-33d">
         <name>.bss:macEvents</name>
         <uninitialized>true</uninitialized>
         <run_address>0x20000c4e</run_address>
         <size>0x14</size>
         <input_file_ref idref="fl-6"/>
      </object_component>
      <object_component id="oc-1fc">
         <name>.bss</name>
         <uninitialized>true</uninitialized>
         <run_address>0x20000c88</run_address>
         <size>0x4</size>
         <input_file_ref idref="fl-8"/>
      </object_component>
      <object_component id="oc-1ed">
         <name>.bss:RxTxBuffer</name>
         <uninitialized>true</uninitialized>
         <run_address>0x20000920</run_address>
         <size>0x100</size>
         <input_file_ref idref="fl-8"/>
      </object_component>
      <object_component id="oc-1bb">
         <name>.bss:settings</name>
         <uninitialized>true</uninitialized>
         <run_address>0x20000bc0</run_address>
         <size>0x2c</size>
         <input_file_ref idref="fl-8"/>
      </object_component>
      <object_component id="oc-227">
         <name>.bss:nwkEvents</name>
         <uninitialized>true</uninitialized>
         <run_address>0x20000c62</run_address>
         <size>0x14</size>
         <input_file_ref idref="fl-b"/>
      </object_component>
      <object_component id="oc-191">
         <name>.bss:calendarTime</name>
         <uninitialized>true</uninitialized>
         <run_address>0x20000bec</run_address>
         <size>0x1c</size>
         <input_file_ref idref="fl-d"/>
      </object_component>
      <object_component id="oc-4fd">
         <name>.bss:parmbuf</name>
         <uninitialized>true</uninitialized>
         <run_address>0x20000c76</run_address>
         <size>0x8</size>
         <input_file_ref idref="fl-f9"/>
      </object_component>
      <object_component id="oc-50e">
         <name>.bss:_CIOBUF_</name>
         <uninitialized>true</uninitialized>
         <run_address>0x20000800</run_address>
         <size>0x120</size>
         <input_file_ref idref="fl-fa"/>
      </object_component>
      <object_component id="oc-138">
         <name>.common:lastMagnetic</name>
         <uninitialized>true</uninitialized>
         <run_address>0x20000c86</run_address>
         <size>0x2</size>
      </object_component>
      <object_component id="oc-13b">
         <name>.common:lastLight</name>
         <uninitialized>true</uninitialized>
         <run_address>0x20000c7e</run_address>
         <size>0x2</size>
      </object_component>
      <object_component id="oc-126">
         <name>.common:UARTrx</name>
         <uninitialized>true</uninitialized>
         <run_address>0x20000c94</run_address>
         <size>0x4</size>
      </object_component>
      <object_component id="oc-d0">
         <name>.common:PktReceived</name>
         <uninitialized>true</uninitialized>
         <run_address>0x20000c90</run_address>
         <size>0x4</size>
      </object_component>
      <object_component id="oc-41a">
         <name>.common:pktID</name>
         <uninitialized>true</uninitialized>
         <run_address>0x20000ca0</run_address>
         <size>0x2</size>
      </object_component>
      <object_component id="oc-423">
         <name>.common:rxPkt</name>
         <uninitialized>true</uninitialized>
         <run_address>0x20000c24</run_address>
         <size>0x15</size>
      </object_component>
      <object_component id="oc-425">
         <name>.common:rxRssi</name>
         <uninitialized>true</uninitialized>
         <run_address>0x20000ca2</run_address>
         <size>0x2</size>
      </object_component>
      <object_component id="oc-426">
         <name>.common:rxSnr</name>
         <uninitialized>true</uninitialized>
         <run_address>0x20000c85</run_address>
         <size>0x1</size>
      </object_component>
      <object_component id="oc-424">
         <name>.common:rxSize</name>
         <uninitialized>true</uninitialized>
         <run_address>0x20000ca4</run_address>
         <size>0x2</size>
      </object_component>
      <object_component id="oc-41b">
         <name>.common:txPkt</name>
         <uninitialized>true</uninitialized>
         <run_address>0x20000c39</run_address>
         <size>0x15</size>
      </object_component>
      <object_component id="oc-41c">
         <name>.common:txSize</name>
         <uninitialized>true</uninitialized>
         <run_address>0x20000ca6</run_address>
         <size>0x2</size>
      </object_component>
      <object_component id="oc-120">
         <name>.common:UARTBuffer</name>
         <uninitialized>true</uninitialized>
         <run_address>0x20000a20</run_address>
         <size>0x100</size>
      </object_component>
      <object_component id="oc-2ce">
         <name>.common:hfxtFreq</name>
         <uninitialized>true</uninitialized>
         <run_address>0x20000c98</run_address>
         <size>0x4</size>
      </object_component>
      <object_component id="oc-2cd">
         <name>.common:lfxtFreq</name>
         <uninitialized>true</uninitialized>
         <run_address>0x20000c9c</run_address>
         <size>0x4</size>
      </object_component>
      <object_component id="oc-509">
         <name>.common:__TI_tmpnams</name>
         <uninitialized>true</uninitialized>
         <run_address>0x20000b20</run_address>
         <size>0xa0</size>
      </object_component>
      <object_component id="oc-30">
         <name>.sysmem</name>
         <uninitialized>true</uninitialized>
         <run_address>0x20000000</run_address>
         <size>0x8</size>
         <input_file_ref idref="fl-104"/>
      </object_component>
      <object_component id="oc-54b">
         <name>.sysmem</name>
         <uninitialized>true</uninitialized>
         <run_address>0x20000000</run_address>
         <size>0x0</size>
      </object_component>
      <object_component id="oc-2f">
         <name>.stack</name>
         <uninitialized>true</uninitialized>
         <run_address>0x2000fe00</run_address>
         <size>0x0</size>
         <input_file_ref idref="fl-cf"/>
      </object_component>
      <object_component id="oc-54a">
         <name>.stack</name>
         <uninitialized>true</uninitialized>
         <run_address>0x2000fe00</run_address>
         <size>0x0</size>
      </object_component>
      <object_component id="oc-d1">
         <name>.debug_info</name>
         <load_address>0x0</load_address>
         <run_address>0x0</run_address>
         <size>0x824</size>
         <input_file_ref idref="fl-2"/>
      </object_component>
      <object_component id="oc-d8">
         <name>.debug_info</name>
         <load_address>0x824</load_address>
         <run_address>0x824</run_address>
         <size>0xfb</size>
         <input_file_ref idref="fl-2"/>
      </object_component>
      <object_component id="oc-5f">
         <name>.debug_info</name>
         <load_address>0x91f</load_address>
         <run_address>0x91f</run_address>
         <size>0x2b0</size>
         <input_file_ref idref="fl-2"/>
      </object_component>
      <object_component id="oc-25b">
         <name>.debug_info</name>
         <load_address>0xbcf</load_address>
         <run_address>0xbcf</run_address>
         <size>0x100</size>
         <input_file_ref idref="fl-2"/>
      </object_component>
      <object_component id="oc-201">
         <name>.debug_info</name>
         <load_address>0xccf</load_address>
         <run_address>0xccf</run_address>
         <size>0x2f2</size>
         <input_file_ref idref="fl-2"/>
      </object_component>
      <object_component id="oc-22b">
         <name>.debug_info</name>
         <load_address>0xfc1</load_address>
         <run_address>0xfc1</run_address>
         <size>0x35c</size>
         <input_file_ref idref="fl-2"/>
      </object_component>
      <object_component id="oc-329">
         <name>.debug_info</name>
         <load_address>0x131d</load_address>
         <run_address>0x131d</run_address>
         <size>0x48</size>
         <input_file_ref idref="fl-2"/>
      </object_component>
      <object_component id="oc-e5">
         <name>.debug_info</name>
         <load_address>0x1365</load_address>
         <run_address>0x1365</run_address>
         <size>0x89</size>
         <input_file_ref idref="fl-2"/>
      </object_component>
      <object_component id="oc-20d">
         <name>.debug_info</name>
         <load_address>0x13ee</load_address>
         <run_address>0x13ee</run_address>
         <size>0x103e</size>
         <input_file_ref idref="fl-2"/>
      </object_component>
      <object_component id="oc-208">
         <name>.debug_info</name>
         <load_address>0x242c</load_address>
         <run_address>0x242c</run_address>
         <size>0x37a3</size>
         <input_file_ref idref="fl-2"/>
      </object_component>
      <object_component id="oc-3cf">
         <name>.debug_info</name>
         <load_address>0x5bcf</load_address>
         <run_address>0x5bcf</run_address>
         <size>0x1b5</size>
         <input_file_ref idref="fl-2"/>
      </object_component>
      <object_component id="oc-252">
         <name>.debug_info</name>
         <load_address>0x5d84</load_address>
         <run_address>0x5d84</run_address>
         <size>0x140</size>
         <input_file_ref idref="fl-2"/>
      </object_component>
      <object_component id="oc-198">
         <name>.debug_info</name>
         <load_address>0x5ec4</load_address>
         <run_address>0x5ec4</run_address>
         <size>0xc6</size>
         <input_file_ref idref="fl-2"/>
      </object_component>
      <object_component id="oc-db">
         <name>.debug_info</name>
         <load_address>0x5f8a</load_address>
         <run_address>0x5f8a</run_address>
         <size>0x8b</size>
         <input_file_ref idref="fl-2"/>
      </object_component>
      <object_component id="oc-e0">
         <name>.debug_info</name>
         <load_address>0x6015</load_address>
         <run_address>0x6015</run_address>
         <size>0x18b</size>
         <input_file_ref idref="fl-2"/>
      </object_component>
      <object_component id="oc-238">
         <name>.debug_info</name>
         <load_address>0x61a0</load_address>
         <run_address>0x61a0</run_address>
         <size>0x4e</size>
         <input_file_ref idref="fl-2"/>
      </object_component>
      <object_component id="oc-3fa">
         <name>.debug_info</name>
         <load_address>0x61ee</load_address>
         <run_address>0x61ee</run_address>
         <size>0x131</size>
         <input_file_ref idref="fl-2"/>
      </object_component>
      <object_component id="oc-298">
         <name>.debug_info</name>
         <load_address>0x631f</load_address>
         <run_address>0x631f</run_address>
         <size>0xee</size>
         <input_file_ref idref="fl-2"/>
      </object_component>
      <object_component id="oc-a0">
         <name>.debug_info</name>
         <load_address>0x640d</load_address>
         <run_address>0x640d</run_address>
         <size>0x4cd</size>
         <input_file_ref idref="fl-3"/>
      </object_component>
      <object_component id="oc-2d">
         <name>.debug_info</name>
         <load_address>0x68da</load_address>
         <run_address>0x68da</run_address>
         <size>0x10b</size>
         <input_file_ref idref="fl-3"/>
      </object_component>
      <object_component id="oc-7d">
         <name>.debug_info</name>
         <load_address>0x69e5</load_address>
         <run_address>0x69e5</run_address>
         <size>0x296</size>
         <input_file_ref idref="fl-3"/>
      </object_component>
      <object_component id="oc-ad">
         <name>.debug_info</name>
         <load_address>0x6c7b</load_address>
         <run_address>0x6c7b</run_address>
         <size>0x84</size>
         <input_file_ref idref="fl-3"/>
      </object_component>
      <object_component id="oc-285">
         <name>.debug_info</name>
         <load_address>0x6cff</load_address>
         <run_address>0x6cff</run_address>
         <size>0x104</size>
         <input_file_ref idref="fl-4"/>
      </object_component>
      <object_component id="oc-107">
         <name>.debug_info</name>
         <load_address>0x6e03</load_address>
         <run_address>0x6e03</run_address>
         <size>0x270</size>
         <input_file_ref idref="fl-4"/>
      </object_component>
      <object_component id="oc-127">
         <name>.debug_info</name>
         <load_address>0x7073</load_address>
         <run_address>0x7073</run_address>
         <size>0x972</size>
         <input_file_ref idref="fl-5"/>
      </object_component>
      <object_component id="oc-421">
         <name>.debug_info</name>
         <load_address>0x79e5</load_address>
         <run_address>0x79e5</run_address>
         <size>0x105</size>
         <input_file_ref idref="fl-5"/>
      </object_component>
      <object_component id="oc-418">
         <name>.debug_info</name>
         <load_address>0x7aea</load_address>
         <run_address>0x7aea</run_address>
         <size>0x129</size>
         <input_file_ref idref="fl-5"/>
      </object_component>
      <object_component id="oc-41e">
         <name>.debug_info</name>
         <load_address>0x7c13</load_address>
         <run_address>0x7c13</run_address>
         <size>0x167</size>
         <input_file_ref idref="fl-5"/>
      </object_component>
      <object_component id="oc-335">
         <name>.debug_info</name>
         <load_address>0x7d7a</load_address>
         <run_address>0x7d7a</run_address>
         <size>0x959</size>
         <input_file_ref idref="fl-5"/>
      </object_component>
      <object_component id="oc-2a1">
         <name>.debug_info</name>
         <load_address>0x86d3</load_address>
         <run_address>0x86d3</run_address>
         <size>0x48</size>
         <input_file_ref idref="fl-5"/>
      </object_component>
      <object_component id="oc-2a6">
         <name>.debug_info</name>
         <load_address>0x871b</load_address>
         <run_address>0x871b</run_address>
         <size>0x37a3</size>
         <input_file_ref idref="fl-5"/>
      </object_component>
      <object_component id="oc-129">
         <name>.debug_info</name>
         <load_address>0xbebe</load_address>
         <run_address>0xbebe</run_address>
         <size>0x77f</size>
         <input_file_ref idref="fl-6"/>
      </object_component>
      <object_component id="oc-33b">
         <name>.debug_info</name>
         <load_address>0xc63d</load_address>
         <run_address>0xc63d</run_address>
         <size>0x101</size>
         <input_file_ref idref="fl-6"/>
      </object_component>
      <object_component id="oc-33e">
         <name>.debug_info</name>
         <load_address>0xc73e</load_address>
         <run_address>0xc73e</run_address>
         <size>0x101</size>
         <input_file_ref idref="fl-6"/>
      </object_component>
      <object_component id="oc-21f">
         <name>.debug_info</name>
         <load_address>0xc83f</load_address>
         <run_address>0xc83f</run_address>
         <size>0x691</size>
         <input_file_ref idref="fl-6"/>
      </object_component>
      <object_component id="oc-116">
         <name>.debug_info</name>
         <load_address>0xced0</load_address>
         <run_address>0xced0</run_address>
         <size>0x3f7</size>
         <input_file_ref idref="fl-7"/>
      </object_component>
      <object_component id="oc-113">
         <name>.debug_info</name>
         <load_address>0xd2c7</load_address>
         <run_address>0xd2c7</run_address>
         <size>0x16e</size>
         <input_file_ref idref="fl-7"/>
      </object_component>
      <object_component id="oc-81">
         <name>.debug_info</name>
         <load_address>0xd435</load_address>
         <run_address>0xd435</run_address>
         <size>0x31d</size>
         <input_file_ref idref="fl-7"/>
      </object_component>
      <object_component id="oc-200">
         <name>.debug_info</name>
         <load_address>0xd752</load_address>
         <run_address>0xd752</run_address>
         <size>0x8d8</size>
         <input_file_ref idref="fl-8"/>
      </object_component>
      <object_component id="oc-1fd">
         <name>.debug_info</name>
         <load_address>0xe02a</load_address>
         <run_address>0xe02a</run_address>
         <size>0xfc</size>
         <input_file_ref idref="fl-8"/>
      </object_component>
      <object_component id="oc-1ee">
         <name>.debug_info</name>
         <load_address>0xe126</load_address>
         <run_address>0xe126</run_address>
         <size>0xfa</size>
         <input_file_ref idref="fl-8"/>
      </object_component>
      <object_component id="oc-1bc">
         <name>.debug_info</name>
         <load_address>0xe220</load_address>
         <run_address>0xe220</run_address>
         <size>0xf6</size>
         <input_file_ref idref="fl-8"/>
      </object_component>
      <object_component id="oc-99">
         <name>.debug_info</name>
         <load_address>0xe316</load_address>
         <run_address>0xe316</run_address>
         <size>0x1dfa</size>
         <input_file_ref idref="fl-8"/>
      </object_component>
      <object_component id="oc-302">
         <name>.debug_info</name>
         <load_address>0x10110</load_address>
         <run_address>0x10110</run_address>
         <size>0x20e</size>
         <input_file_ref idref="fl-8"/>
      </object_component>
      <object_component id="oc-32e">
         <name>.debug_info</name>
         <load_address>0x1031e</load_address>
         <run_address>0x1031e</run_address>
         <size>0x5c5</size>
         <input_file_ref idref="fl-9"/>
      </object_component>
      <object_component id="oc-326">
         <name>.debug_info</name>
         <load_address>0x108e3</load_address>
         <run_address>0x108e3</run_address>
         <size>0x10e</size>
         <input_file_ref idref="fl-9"/>
      </object_component>
      <object_component id="oc-1f2">
         <name>.debug_info</name>
         <load_address>0x109f1</load_address>
         <run_address>0x109f1</run_address>
         <size>0x463</size>
         <input_file_ref idref="fl-9"/>
      </object_component>
      <object_component id="oc-121">
         <name>.debug_info</name>
         <load_address>0x10e54</load_address>
         <run_address>0x10e54</run_address>
         <size>0x498</size>
         <input_file_ref idref="fl-a"/>
      </object_component>
      <object_component id="oc-124">
         <name>.debug_info</name>
         <load_address>0x112ec</load_address>
         <run_address>0x112ec</run_address>
         <size>0x107</size>
         <input_file_ref idref="fl-a"/>
      </object_component>
      <object_component id="oc-11e">
         <name>.debug_info</name>
         <load_address>0x113f3</load_address>
         <run_address>0x113f3</run_address>
         <size>0x105</size>
         <input_file_ref idref="fl-a"/>
      </object_component>
      <object_component id="oc-87">
         <name>.debug_info</name>
         <load_address>0x114f8</load_address>
         <run_address>0x114f8</run_address>
         <size>0x449</size>
         <input_file_ref idref="fl-a"/>
      </object_component>
      <object_component id="oc-d3">
         <name>.debug_info</name>
         <load_address>0x11941</load_address>
         <run_address>0x11941</run_address>
         <size>0x8c2</size>
         <input_file_ref idref="fl-b"/>
      </object_component>
      <object_component id="oc-228">
         <name>.debug_info</name>
         <load_address>0x12203</load_address>
         <run_address>0x12203</run_address>
         <size>0x109</size>
         <input_file_ref idref="fl-b"/>
      </object_component>
      <object_component id="oc-225">
         <name>.debug_info</name>
         <load_address>0x1230c</load_address>
         <run_address>0x1230c</run_address>
         <size>0x12d</size>
         <input_file_ref idref="fl-b"/>
      </object_component>
      <object_component id="oc-c1">
         <name>.debug_info</name>
         <load_address>0x12439</load_address>
         <run_address>0x12439</run_address>
         <size>0x823</size>
         <input_file_ref idref="fl-b"/>
      </object_component>
      <object_component id="oc-139">
         <name>.debug_info</name>
         <load_address>0x12c5c</load_address>
         <run_address>0x12c5c</run_address>
         <size>0x4cd</size>
         <input_file_ref idref="fl-c"/>
      </object_component>
      <object_component id="oc-8d">
         <name>.debug_info</name>
         <load_address>0x13129</load_address>
         <run_address>0x13129</run_address>
         <size>0x608</size>
         <input_file_ref idref="fl-c"/>
      </object_component>
      <object_component id="oc-d5">
         <name>.debug_info</name>
         <load_address>0x13731</load_address>
         <run_address>0x13731</run_address>
         <size>0xbc9</size>
         <input_file_ref idref="fl-d"/>
      </object_component>
      <object_component id="oc-192">
         <name>.debug_info</name>
         <load_address>0x142fa</load_address>
         <run_address>0x142fa</run_address>
         <size>0x10a</size>
         <input_file_ref idref="fl-d"/>
      </object_component>
      <object_component id="oc-195">
         <name>.debug_info</name>
         <load_address>0x14404</load_address>
         <run_address>0x14404</run_address>
         <size>0xfd</size>
         <input_file_ref idref="fl-d"/>
      </object_component>
      <object_component id="oc-94">
         <name>.debug_info</name>
         <load_address>0x14501</load_address>
         <run_address>0x14501</run_address>
         <size>0x885</size>
         <input_file_ref idref="fl-d"/>
      </object_component>
      <object_component id="oc-292">
         <name>.debug_info</name>
         <load_address>0x14d86</load_address>
         <run_address>0x14d86</run_address>
         <size>0x5ef</size>
         <input_file_ref idref="fl-13"/>
      </object_component>
      <object_component id="oc-2b5">
         <name>.debug_info</name>
         <load_address>0x15375</load_address>
         <run_address>0x15375</run_address>
         <size>0x21a</size>
         <input_file_ref idref="fl-13"/>
      </object_component>
      <object_component id="oc-147">
         <name>.debug_info</name>
         <load_address>0x1558f</load_address>
         <run_address>0x1558f</run_address>
         <size>0x11c</size>
         <input_file_ref idref="fl-13"/>
      </object_component>
      <object_component id="oc-3f2">
         <name>.debug_info</name>
         <load_address>0x156ab</load_address>
         <run_address>0x156ab</run_address>
         <size>0xfc</size>
         <input_file_ref idref="fl-13"/>
      </object_component>
      <object_component id="oc-2d4">
         <name>.debug_info</name>
         <load_address>0x157a7</load_address>
         <run_address>0x157a7</run_address>
         <size>0x23c</size>
         <input_file_ref idref="fl-13"/>
      </object_component>
      <object_component id="oc-189">
         <name>.debug_info</name>
         <load_address>0x159e3</load_address>
         <run_address>0x159e3</run_address>
         <size>0x122</size>
         <input_file_ref idref="fl-13"/>
      </object_component>
      <object_component id="oc-183">
         <name>.debug_info</name>
         <load_address>0x15b05</load_address>
         <run_address>0x15b05</run_address>
         <size>0x1dd</size>
         <input_file_ref idref="fl-13"/>
      </object_component>
      <object_component id="oc-11b">
         <name>.debug_info</name>
         <load_address>0x15ce2</load_address>
         <run_address>0x15ce2</run_address>
         <size>0x132</size>
         <input_file_ref idref="fl-13"/>
      </object_component>
      <object_component id="oc-3c8">
         <name>.debug_info</name>
         <load_address>0x15e14</load_address>
         <run_address>0x15e14</run_address>
         <size>0x103e</size>
         <input_file_ref idref="fl-13"/>
      </object_component>
      <object_component id="oc-28c">
         <name>.debug_info</name>
         <load_address>0x16e52</load_address>
         <run_address>0x16e52</run_address>
         <size>0x4a4</size>
         <input_file_ref idref="fl-14"/>
      </object_component>
      <object_component id="oc-289">
         <name>.debug_info</name>
         <load_address>0x172f6</load_address>
         <run_address>0x172f6</run_address>
         <size>0xd0</size>
         <input_file_ref idref="fl-14"/>
      </object_component>
      <object_component id="oc-10d">
         <name>.debug_info</name>
         <load_address>0x173c6</load_address>
         <run_address>0x173c6</run_address>
         <size>0x183</size>
         <input_file_ref idref="fl-14"/>
      </object_component>
      <object_component id="oc-19e">
         <name>.debug_info</name>
         <load_address>0x17549</load_address>
         <run_address>0x17549</run_address>
         <size>0x183</size>
         <input_file_ref idref="fl-14"/>
      </object_component>
      <object_component id="oc-1aa">
         <name>.debug_info</name>
         <load_address>0x176cc</load_address>
         <run_address>0x176cc</run_address>
         <size>0x185</size>
         <input_file_ref idref="fl-14"/>
      </object_component>
      <object_component id="oc-13e">
         <name>.debug_info</name>
         <load_address>0x17851</load_address>
         <run_address>0x17851</run_address>
         <size>0x1db</size>
         <input_file_ref idref="fl-14"/>
      </object_component>
      <object_component id="oc-1b6">
         <name>.debug_info</name>
         <load_address>0x17a2c</load_address>
         <run_address>0x17a2c</run_address>
         <size>0x19c</size>
         <input_file_ref idref="fl-14"/>
      </object_component>
      <object_component id="oc-12d">
         <name>.debug_info</name>
         <load_address>0x17bc8</load_address>
         <run_address>0x17bc8</run_address>
         <size>0x1c2</size>
         <input_file_ref idref="fl-14"/>
      </object_component>
      <object_component id="oc-1f7">
         <name>.debug_info</name>
         <load_address>0x17d8a</load_address>
         <run_address>0x17d8a</run_address>
         <size>0x1e3</size>
         <input_file_ref idref="fl-14"/>
      </object_component>
      <object_component id="oc-133">
         <name>.debug_info</name>
         <load_address>0x17f6d</load_address>
         <run_address>0x17f6d</run_address>
         <size>0x185</size>
         <input_file_ref idref="fl-14"/>
      </object_component>
      <object_component id="oc-2c4">
         <name>.debug_info</name>
         <load_address>0x180f2</load_address>
         <run_address>0x180f2</run_address>
         <size>0x432</size>
         <input_file_ref idref="fl-15"/>
      </object_component>
      <object_component id="oc-2c1">
         <name>.debug_info</name>
         <load_address>0x18524</load_address>
         <run_address>0x18524</run_address>
         <size>0x173</size>
         <input_file_ref idref="fl-15"/>
      </object_component>
      <object_component id="oc-174">
         <name>.debug_info</name>
         <load_address>0x18697</load_address>
         <run_address>0x18697</run_address>
         <size>0x122</size>
         <input_file_ref idref="fl-15"/>
      </object_component>
      <object_component id="oc-16e">
         <name>.debug_info</name>
         <load_address>0x187b9</load_address>
         <run_address>0x187b9</run_address>
         <size>0x16b</size>
         <input_file_ref idref="fl-15"/>
      </object_component>
      <object_component id="oc-2ba">
         <name>.debug_info</name>
         <load_address>0x18924</load_address>
         <run_address>0x18924</run_address>
         <size>0x4a3</size>
         <input_file_ref idref="fl-16"/>
      </object_component>
      <object_component id="oc-17a">
         <name>.debug_info</name>
         <load_address>0x18dc7</load_address>
         <run_address>0x18dc7</run_address>
         <size>0xf6</size>
         <input_file_ref idref="fl-16"/>
[...]
      </symbol>
      <symbol id="sm-566">
         <name>SysCtl_enableNMISource</name>
         <value>0x5625</value>
         <object_component_ref idref="oc-3e0"/>
      </symbol>
      <symbol id="sm-567">
         <name>SysCtl_disableNMISource</name>
         <value>0x5615</value>
         <object_component_ref idref="oc-3da"/>
      </symbol>
      <symbol id="sm-571">
         <name>CPU_cpsie</name>
         <value>0x5643</value>
         <object_component_ref idref="oc-2c5"/>
      </symbol>
      <symbol id="sm-582">
         <name>_c_int00</name>
         <value>0x4f95</value>
         <object_component_ref idref="oc-26"/>
      </symbol>
      <symbol id="sm-583">
         <name>__stack</name>
         <value>0x2000fe00</value>
         <object_component_ref idref="oc-2f"/>
      </symbol>
      <symbol id="sm-59a">
         <name>__TI_decompress_none</name>
         <value>0x5635</value>
         <object_component_ref idref="oc-14"/>
      </symbol>
      <symbol id="sm-5c2">
         <name>__TI_decompress_rle24</name>
         <value>0x568d</value>
         <object_component_ref idref="oc-1a"/>
      </symbol>
      <symbol id="sm-5e4">
         <name>C$$EXIT</name>
         <value>0x4fe9</value>
         <object_component_ref idref="oc-70"/>
      </symbol>
      <symbol id="sm-5e5">
         <name>abort</name>
         <value>0x4fed</value>
         <object_component_ref idref="oc-70"/>
      </symbol>
      <symbol id="sm-5e6">
         <name>exit</name>
         <value>0x4ff5</value>
         <object_component_ref idref="oc-70"/>
      </symbol>
      <symbol id="sm-5e7">
         <name>__TI_dtors_ptr</name>
         <value>0x20000eac</value>
         <object_component_ref idref="oc-fa"/>
      </symbol>
      <symbol id="sm-5e8">
         <name>__TI_cleanup_ptr</name>
         <value>0x20000ea8</value>
         <object_component_ref idref="oc-fa"/>
      </symbol>
      <symbol id="sm-5e9">
         <name>__TI_enable_exit_profile_output</name>
         <value>0x20000eb0</value>
         <object_component_ref idref="oc-fa"/>
      </symbol>
      <symbol id="sm-600">
         <name>__aeabi_dsub</name>
         <value>0x3691</value>
         <object_component_ref idref="oc-1cd"/>
      </symbol>
      <symbol id="sm-601">
         <name>__aeabi_dadd</name>
         <value>0x369b</value>
         <object_component_ref idref="oc-1cd"/>
      </symbol>
      <symbol id="sm-623">
         <name>__aeabi_cdcmpeq</name>
         <value>0x4945</value>
         <object_component_ref idref="oc-350"/>
      </symbol>
      <symbol id="sm-624">
         <name>__aeabi_cdcmple</name>
         <value>0x4945</value>
         <object_component_ref idref="oc-350"/>
      </symbol>
      <symbol id="sm-625">
         <name>__aeabi_cdrcmple</name>
         <value>0x49cb</value>
         <object_component_ref idref="oc-1dd"/>
      </symbol>
      <symbol id="sm-639">
         <name>__aeabi_ddiv</name>
         <value>0x3b29</value>
         <object_component_ref idref="oc-1c3"/>
      </symbol>
      <symbol id="sm-644">
         <name>__aeabi_dmul</name>
         <value>0x3d95</value>
         <object_component_ref idref="oc-1d2"/>
      </symbol>
      <symbol id="sm-64e">
         <name>__aeabi_d2uiz</name>
         <value>0x51fd</value>
         <object_component_ref idref="oc-1e8"/>
      </symbol>
      <symbol id="sm-658">
         <name>__aeabi_i2d</name>
         <value>0x5345</value>
         <object_component_ref idref="oc-1be"/>
      </symbol>
      <symbol id="sm-673">
         <name>memcpy</name>
         <value>0x46f1</value>
         <object_component_ref idref="oc-33"/>
      </symbol>
      <symbol id="sm-674">
         <name>__aeabi_memcpy</name>
         <value>0x46f1</value>
         <object_component_ref idref="oc-33"/>
      </symbol>
      <symbol id="sm-675">
         <name>__aeabi_memcpy8</name>
         <value>0x46f1</value>
         <object_component_ref idref="oc-33"/>
      </symbol>
      <symbol id="sm-676">
         <name>__aeabi_memcpy4</name>
         <value>0x46f1</value>
         <object_component_ref idref="oc-33"/>
      </symbol>
      <symbol id="sm-685">
         <name>__aeabi_memset</name>
         <value>0x4a53</value>
         <object_component_ref idref="oc-4c"/>
      </symbol>
      <symbol id="sm-686">
         <name>memset</name>
         <value>0x4a59</value>
         <object_component_ref idref="oc-4c"/>
      </symbol>
      <symbol id="sm-687">
         <name>__aeabi_memset8</name>
         <value>0x4a53</value>
         <object_component_ref idref="oc-4c"/>
      </symbol>
      <symbol id="sm-688">
         <name>__aeabi_memset4</name>
         <value>0x4a53</value>
         <object_component_ref idref="oc-4c"/>
      </symbol>
      <symbol id="sm-689">
         <name>__aeabi_memclr8</name>
         <value>0x4a51</value>
         <object_component_ref idref="oc-4c"/>
      </symbol>
      <symbol id="sm-68a">
         <name>__aeabi_memclr4</name>
         <value>0x4a51</value>
         <object_component_ref idref="oc-4c"/>
      </symbol>
      <symbol id="sm-68b">
         <name>__aeabi_memclr</name>
         <value>0x4a51</value>
         <object_component_ref idref="oc-4c"/>
      </symbol>
      <symbol id="sm-695">
         <name>__mpu_init</name>
         <value>0x3847</value>
         <object_component_ref idref="oc-58"/>
      </symbol>
      <symbol id="sm-6b3">
         <name>printf</name>
         <value>0x4bb5</value>
         <object_component_ref idref="oc-ca"/>
      </symbol>
      <symbol id="sm-6d5">
         <name>ceil</name>
         <value>0x3f8d</value>
         <object_component_ref idref="oc-1d7"/>
      </symbol>
      <symbol id="sm-6d6">
         <name>ceill</name>
         <value>0x3f8d</value>
         <object_component_ref idref="oc-1d7"/>
      </symbol>
      <symbol id="sm-6f3">
         <name>floorl</name>
         <value>0x4085</value>
         <object_component_ref idref="oc-1e2"/>
      </symbol>
      <symbol id="sm-6f4">
         <name>floor</name>
         <value>0x4085</value>
         <object_component_ref idref="oc-1e2"/>
      </symbol>
      <symbol id="sm-70d">
         <name>sprintf</name>
         <value>0x4e81</value>
         <object_component_ref idref="oc-c4"/>
      </symbol>
      <symbol id="sm-715">
         <name>main_func_sp</name>
         <value>0x20000ee0</value>
         <object_component_ref idref="oc-76"/>
      </symbol>
      <symbol id="sm-71f">
         <name>__aeabi_ui2d</name>
         <value>0x5491</value>
         <object_component_ref idref="oc-1c8"/>
      </symbol>
      <symbol id="sm-738">
         <name>_nop</name>
         <value>0x55c3</value>
         <object_component_ref idref="oc-278"/>
      </symbol>
      <symbol id="sm-739">
         <name>_lock</name>
         <value>0x20000ecc</value>
         <object_component_ref idref="oc-fd"/>
      </symbol>
      <symbol id="sm-73a">
         <name>_unlock</name>
         <value>0x20000ed0</value>
         <object_component_ref idref="oc-fd"/>
      </symbol>
      <symbol id="sm-73b">
         <name>_register_lock</name>
         <value>0x55bb</value>
         <object_component_ref idref="oc-278"/>
      </symbol>
      <symbol id="sm-73c">
         <name>_register_unlock</name>
         <value>0x55b5</value>
         <object_component_ref idref="oc-278"/>
      </symbol>
      <symbol id="sm-843">
         <name>__TI_printfi</name>
         <value>0xf4b</value>
         <object_component_ref idref="oc-230"/>
      </symbol>
      <symbol id="sm-857">
         <name>_args_main</name>
         <value>0x5531</value>
         <object_component_ref idref="oc-6a"/>
      </symbol>
      <symbol id="sm-86d">
         <name>atoi</name>
         <value>0x508d</value>
         <object_component_ref idref="oc-378"/>
      </symbol>
      <symbol id="sm-892">
         <name>__TI_auto_init</name>
         <value>0x4b3d</value>
         <object_component_ref idref="oc-64"/>
      </symbol>
      <symbol id="sm-8ac">
         <name>copy_in</name>
         <value>0x50d9</value>
         <object_component_ref idref="oc-ea"/>
      </symbol>
      <symbol id="sm-8b7">
         <name>_ctypes_</name>
         <value>0x569c</value>
         <object_component_ref idref="oc-449"/>
      </symbol>
      <symbol id="sm-8cc">
         <name>__TI_tmpnams</name>
         <value>0x20000b20</value>
      </symbol>
      <symbol id="sm-8cd">
         <name>__aeabi_stdout</name>
         <value>0x20000ea0</value>
         <object_component_ref idref="oc-463"/>
      </symbol>
      <symbol id="sm-8ce">
         <name>__aeabi_stderr</name>
         <value>0x20000ea4</value>
         <object_component_ref idref="oc-463"/>
      </symbol>
      <symbol id="sm-8cf">
         <name>__aeabi_stdin</name>
         <value>0x20000e9c</value>
         <object_component_ref idref="oc-463"/>
      </symbol>
      <symbol id="sm-8d0">
         <name>_ftable</name>
         <value>0x20000ca8</value>
         <object_component_ref idref="oc-249"/>
      </symbol>
      <symbol id="sm-8d1">
         <name>__TI_ft_end</name>
         <value>0x20000e98</value>
         <object_component_ref idref="oc-463"/>
      </symbol>
      <symbol id="sm-8db">
         <name>__aeabi_d2iz</name>
         <value>0x51b5</value>
         <object_component_ref idref="oc-355"/>
      </symbol>
      <symbol id="sm-8f2">
         <name>putc</name>
         <value>0x4825</value>
         <object_component_ref idref="oc-23d"/>
      </symbol>
      <symbol id="sm-8f3">
         <name>fputc</name>
         <value>0x4825</value>
         <object_component_ref idref="oc-23d"/>
      </symbol>
      <symbol id="sm-8f4">
         <name>putchar</name>
         <value>0x48a9</value>
         <object_component_ref idref="oc-23d"/>
      </symbol>
      <symbol id="sm-916">
         <name>puts</name>
         <value>0x3d6d</value>
         <object_component_ref idref="oc-243"/>
      </symbol>
      <symbol id="sm-917">
         <name>fputs</name>
         <value>0x3c61</value>
         <object_component_ref idref="oc-243"/>
      </symbol>
      <symbol id="sm-965">
         <name>open</name>
         <value>0x2b8b</value>
         <object_component_ref idref="oc-39d"/>
      </symbol>
      <symbol id="sm-966">
         <name>add_device</name>
         <value>0x2cad</value>
         <object_component_ref idref="oc-39d"/>
      </symbol>
      <symbol id="sm-967">
         <name>remove_device</name>
         <value>0x2b3f</value>
         <object_component_ref idref="oc-39d"/>
      </symbol>
      <symbol id="sm-968">
         <name>lseek</name>
         <value>0x2c39</value>
         <object_component_ref idref="oc-39d"/>
      </symbol>
      <symbol id="sm-969">
         <name>read</name>
         <value>0x2b67</value>
         <object_component_ref idref="oc-39d"/>
      </symbol>
      <symbol id="sm-96a">
         <name>rename</name>
         <value>0x2b01</value>
         <object_component_ref idref="oc-39d"/>
      </symbol>
      <symbol id="sm-96b">
         <name>write</name>
         <value>0x2a4d</value>
         <object_component_ref idref="oc-39d"/>
      </symbol>
      <symbol id="sm-96c">
         <name>close</name>
         <value>0x2c5d</value>
         <object_component_ref idref="oc-39d"/>
      </symbol>
      <symbol id="sm-96d">
         <name>unlink</name>
         <value>0x2add</value>
         <object_component_ref idref="oc-39d"/>
      </symbol>
      <symbol id="sm-97c">
         <name>ltoa</name>
         <value>0x4f3d</value>
         <object_component_ref idref="oc-35a"/>
      </symbol>
      <symbol id="sm-98c">
         <name>memccpy</name>
         <value>0x54b1</value>
         <object_component_ref idref="oc-372"/>
      </symbol>
      <symbol id="sm-99c">
         <name>memchr</name>
         <value>0x5471</value>
         <object_component_ref idref="oc-3a5"/>
      </symbol>
      <symbol id="sm-9b7">
         <name>frexpl</name>
         <value>0x4e1d</value>
         <object_component_ref idref="oc-360"/>
      </symbol>
      <symbol id="sm-9b8">
         <name>frexp</name>
         <value>0x4e1d</value>
         <object_component_ref idref="oc-360"/>
      </symbol>
      <symbol id="sm-9d5">
         <name>scalbn</name>
         <value>0x3e91</value>
         <object_component_ref idref="oc-366"/>
      </symbol>
      <symbol id="sm-9d6">
         <name>scalbnl</name>
         <value>0x3e91</value>
         <object_component_ref idref="oc-366"/>
      </symbol>
      <symbol id="sm-9d7">
         <name>ldexpl</name>
         <value>0x3e91</value>
         <object_component_ref idref="oc-366"/>
      </symbol>
      <symbol id="sm-9d8">
         <name>ldexp</name>
         <value>0x3e91</value>
         <object_component_ref idref="oc-366"/>
      </symbol>
      <symbol id="sm-9e2">
         <name>_system_post_cinit</name>
         <value>0x3c5f</value>
         <object_component_ref idref="oc-f0"/>
      </symbol>
      <symbol id="sm-9f2">
         <name>strchr</name>
         <value>0x5561</value>
         <object_component_ref idref="oc-36c"/>
      </symbol>
      <symbol id="sm-a01">
         <name>strcmp</name>
         <value>0x5549</value>
         <object_component_ref idref="oc-468"/>
      </symbol>
      <symbol id="sm-a0f">
         <name>strlen</name>
         <value>0x55f1</value>
         <object_component_ref idref="oc-34a"/>
      </symbol>
      <symbol id="sm-a1f">
         <name>strncpy</name>
         <value>0x5315</value>
         <object_component_ref idref="oc-46e"/>
      </symbol>
      <symbol id="sm-a47">
         <name>HOSTgetenv</name>
         <value>0x266d</value>
         <object_component_ref idref="oc-4c7"/>
      </symbol>
      <symbol id="sm-a48">
         <name>HOSTrename</name>
         <value>0x2515</value>
         <object_component_ref idref="oc-4c7"/>
      </symbol>
      <symbol id="sm-a49">
         <name>HOSTclose</name>
         <value>0x26ab</value>
         <object_component_ref idref="oc-4c7"/>
      </symbol>
      <symbol id="sm-a4a">
         <name>HOSTtime64</name>
         <value>0x2491</value>
         <object_component_ref idref="oc-4c7"/>
      </symbol>
      <symbol id="sm-a4b">
         <name>HOSTunlink</name>
         <value>0x2459</value>
         <object_component_ref idref="oc-4c7"/>
      </symbol>
      <symbol id="sm-a4c">
         <name>HOSTlseek</name>
         <value>0x2611</value>
         <object_component_ref idref="oc-4c7"/>
      </symbol>
      <symbol id="sm-a4d">
         <name>HOSTopen</name>
         <value>0x25bf</value>
         <object_component_ref idref="oc-4c7"/>
      </symbol>
      <symbol id="sm-a4e">
         <name>HOSTclock</name>
         <value>0x26e3</value>
         <object_component_ref idref="oc-4c7"/>
      </symbol>
      <symbol id="sm-a4f">
         <name>HOSTwrite</name>
         <value>0x240d</value>
         <object_component_ref idref="oc-4c7"/>
      </symbol>
      <symbol id="sm-a50">
         <name>HOSTread</name>
         <value>0x2573</value>
         <object_component_ref idref="oc-4c7"/>
      </symbol>
      <symbol id="sm-a51">
         <name>HOSTtime</name>
         <value>0x24db</value>
         <object_component_ref idref="oc-4c7"/>
      </symbol>
      <symbol id="sm-a6c">
         <name>__TI_readmsg</name>
         <value>0x4cbb</value>
         <object_component_ref idref="oc-4f1"/>
      </symbol>
      <symbol id="sm-a6d">
         <name>C$$IO$$</name>
         <value>0x4cb7</value>
         <object_component_ref idref="oc-4f1"/>
      </symbol>
      <symbol id="sm-a6e">
         <name>__CIOBUF_</name>
         <value>0x20000800</value>
         <object_component_ref idref="oc-50e"/>
      </symbol>
      <symbol id="sm-a6f">
         <name>__TI_writemsg</name>
         <value>0x4c89</value>
         <object_component_ref idref="oc-4f1"/>
      </symbol>
      <symbol id="sm-a8b">
         <name>__aeabi_uldivmod</name>
         <value>0x2d59</value>
         <object_component_ref idref="oc-345"/>
      </symbol>
      <symbol id="sm-aa9">
         <name>__TI_wrt_ok</name>
         <value>0x43cd</value>
         <object_component_ref idref="oc-391"/>
      </symbol>
      <symbol id="sm-aaa">
         <name>__TI_rd_ok</name>
         <value>0x442f</value>
         <object_component_ref idref="oc-391"/>
      </symbol>
      <symbol id="sm-ab2">
         <name>errno</name>
         <value>0x20000ed8</value>
         <object_component_ref idref="oc-440"/>
      </symbol>
      <symbol id="sm-acc">
         <name>__TI_doflush</name>
         <value>0x4259</value>
         <object_component_ref idref="oc-397"/>
      </symbol>
      <symbol id="sm-acd">
         <name>fflush</name>
         <value>0x42a5</value>
         <object_component_ref idref="oc-397"/>
      </symbol>
      <symbol id="sm-adf">
         <name>fseek</name>
         <value>0x4db9</value>
         <object_component_ref idref="oc-455"/>
      </symbol>
      <symbol id="sm-ae9">
         <name>copysign</name>
         <value>0x55c9</value>
         <object_component_ref idref="oc-43a"/>
      </symbol>
      <symbol id="sm-aea">
         <name>copysignl</name>
         <value>0x55c9</value>
         <object_component_ref idref="oc-43a"/>
      </symbol>
      <symbol id="sm-b06">
         <name>setvbuf</name>
         <value>0x417d</value>
         <object_component_ref idref="oc-45b"/>
      </symbol>
      <symbol id="sm-b14">
         <name>strcpy</name>
         <value>0x55dd</value>
         <object_component_ref idref="oc-4f7"/>
      </symbol>
      <symbol id="sm-b4b">
         <name>__TI_cleanup</name>
         <value>0x33d5</value>
         <object_component_ref idref="oc-4b0"/>
      </symbol>
      <symbol id="sm-b4c">
         <name>freopen</name>
         <value>0x3401</value>
         <object_component_ref idref="oc-4b0"/>
      </symbol>
      <symbol id="sm-b4d">
         <name>fopen</name>
         <value>0x342b</value>
         <object_component_ref idref="oc-4b0"/>
      </symbol>
      <symbol id="sm-bbc">
         <name>_sys_memory</name>
         <value>0x20000000</value>
         <object_component_ref idref="oc-30"/>
      </symbol>
      <symbol id="sm-bbd">
         <name>free</name>
         <value>0x2127</value>
         <object_component_ref idref="oc-4aa"/>
      </symbol>
      <symbol id="sm-bbe">
         <name>realloc</name>
         <value>0x21e9</value>
         <object_component_ref idref="oc-4aa"/>
      </symbol>
      <symbol id="sm-bbf">
         <name>memalign</name>
         <value>0x22f5</value>
         <object_component_ref idref="oc-4aa"/>
      </symbol>
      <symbol id="sm-bc0">
         <name>calloc</name>
         <value>0x23d9</value>
         <object_component_ref idref="oc-4aa"/>
      </symbol>
      <symbol id="sm-bc1">
         <name>malloc</name>
         <value>0x20bf</value>
         <object_component_ref idref="oc-4aa"/>
      </symbol>
      <symbol id="sm-bc2">
         <name>minit</name>
         <value>0x2031</value>
         <object_component_ref idref="oc-4aa"/>
      </symbol>
      <symbol id="sm-bd8">
         <name>__TI_closefile</name>
         <value>0x478d</value>
         <object_component_ref idref="oc-4e2"/>
      </symbol>
      <symbol id="sm-bd9">
         <name>fclose</name>
         <value>0x47f3</value>
         <object_component_ref idref="oc-4e2"/>
      </symbol>
      <symbol id="sm-bdb">
         <name>__TI_static_base__</name>
         <value>0x0</value>
      </symbol>
      <symbol id="sm-bde">
         <name>SHT$$INIT_ARRAY$$Limit</name>
         <value>0x0</value>
      </symbol>
      <symbol id="sm-bdf">
         <name>SHT$$INIT_ARRAY$$Base</name>
         <value>0x0</value>
      </symbol>
      <symbol id="sm-be0">
         <name>remove</name>
         <value>0x2add</value>
      </symbol>
   </symbol_table>
   <title>Link successful</title>
</link_info>
